0 1 has taken a fork
0 1 has taken a fork
0 1 is eating
0 3 has taken a fork
0 3 has taken a fork
0 3 is eating
0 5 has taken a fork
0 5 has taken a fork
0 5 is eating
0 7 has taken a fork
0 7 has taken a fork
0 7 is eating
0 9 has taken a fork
0 9 has taken a fork
0 9 is eating
0 11 has taken a fork
0 11 has taken a fork
0 11 is eating
0 13 has taken a fork
0 13 has taken a fork
0 13 is eating
1 15 has taken a fork
1 15 has taken a fork
1 15 is eating
1 17 has taken a fork
1 17 has taken a fork
1 17 is eating
1 19 has taken a fork
1 19 has taken a fork
1 19 is eating
1 21 has taken a fork
1 21 has taken a fork
1 21 is eating
1 23 has taken a fork
1 23 has taken a fork
1 23 is eating
1 25 has taken a fork
1 25 has taken a fork
1 25 is eating
1 27 has taken a fork
1 27 has taken a fork
1 27 is eating
1 29 has taken a fork
1 29 has taken a fork
1 29 is eating
1 31 has taken a fork
1 31 has taken a fork
1 31 is eating
1 33 has taken a fork
1 33 has taken a fork
1 33 is eating
1 35 has taken a fork
1 35 has taken a fork
1 35 is eating
1 37 has taken a fork
1 37 has taken a fork
1 37 is eating
1 39 has taken a fork
1 39 has taken a fork
1 39 is eating
1 41 has taken a fork
1 41 has taken a fork
1 41 is eating
1 43 has taken a fork
1 43 has taken a fork
1 43 is eating
1 45 has taken a fork
1 45 has taken a fork
1 45 is eating
1 47 has taken a fork
1 47 has taken a fork
1 47 is eating
1 49 has taken a fork
1 49 has taken a fork
1 49 is eating
1 51 has taken a fork
1 51 has taken a fork
1 51 is eating
1 53 has taken a fork
1 53 has taken a fork
1 53 is eating
1 55 has taken a fork
1 55 has taken a fork
1 55 is eating
1 57 has taken a fork
1 57 has taken a fork
1 57 is eating
1 59 has taken a fork
1 59 has taken a fork
1 59 is eating
1 61 has taken a fork
1 61 has taken a fork
1 61 is eating
1 63 has taken a fork
1 63 has taken a fork
1 63 is eating
1 65 has taken a fork
1 65 has taken a fork
1 65 is eating
1 67 has taken a fork
1 67 has taken a fork
1 67 is eating
1 69 has taken a fork
1 69 has taken a fork
1 69 is eating
1 71 has taken a fork
1 71 has taken a fork
1 71 is eating
1 73 has taken a fork
1 73 has taken a fork
1 73 is eating
1 75 has taken a fork
1 75 has taken a fork
1 75 is eating
1 77 has taken a fork
1 77 has taken a fork
1 77 is eating
1 79 has taken a fork
1 79 has taken a fork
1 79 is eating
1 81 has taken a fork
1 81 has taken a fork
1 81 is eating
1 83 has taken a fork
1 83 has taken a fork
1 83 is eating
1 85 has taken a fork
1 85 has taken a fork
1 85 is eating
1 87 has taken a fork
1 87 has taken a fork
1 87 is eating
2 89 has taken a fork
2 89 has taken a fork
2 89 is eating
2 91 has taken a fork
2 91 has taken a fork
2 91 is eating
2 93 has taken a fork
2 93 has taken a fork
2 93 is eating
2 95 has taken a fork
2 95 has taken a fork
2 95 is eating
2 97 has taken a fork
2 97 has taken a fork
2 97 is eating
2 99 has taken a fork
2 99 has taken a fork
2 99 is eating
2 101 has taken a fork
2 101 has taken a fork
2 101 is eating
2 103 has taken a fork
2 103 has taken a fork
2 103 is eating
2 105 has taken a fork
2 105 has taken a fork
2 105 is eating
2 107 has taken a fork
2 107 has taken a fork
2 107 is eating
2 109 has taken a fork
2 109 has taken a fork
2 109 is eating
2 111 has taken a fork
2 111 has taken a fork
2 111 is eating
2 113 has taken a fork
2 113 has taken a fork
2 113 is eating
2 115 has taken a fork
2 115 has taken a fork
2 115 is eating
2 117 has taken a fork
2 117 has taken a fork
2 117 is eating
2 119 has taken a fork
2 119 has taken a fork
2 119 is eating
2 121 has taken a fork
2 121 has taken a fork
2 121 is eating
2 123 has taken a fork
2 123 has taken a fork
2 123 is eating
2 125 has taken a fork
2 125 has taken a fork
2 125 is eating
2 127 has taken a fork
2 127 has taken a fork
2 127 is eating
2 129 has taken a fork
2 129 has taken a fork
2 129 is eating
2 131 has taken a fork
2 131 has taken a fork
2 131 is eating
2 133 has taken a fork
2 133 has taken a fork
2 133 is eating
2 135 has taken a fork
2 135 has taken a fork
2 135 is eating
2 137 has taken a fork
2 137 has taken a fork
2 137 is eating
2 139 has taken a fork
2 139 has taken a fork
2 139 is eating
2 141 has taken a fork
2 141 has taken a fork
2 141 is eating
2 143 has taken a fork
2 143 has taken a fork
2 143 is eating
2 145 has taken a fork
2 145 has taken a fork
2 145 is eating
2 147 has taken a fork
2 147 has taken a fork
2 147 is eating
2 149 has taken a fork
2 149 has taken a fork
2 149 is eating
2 151 has taken a fork
2 151 has taken a fork
2 151 is eating
2 153 has taken a fork
2 153 has taken a fork
2 153 is eating
3 155 has taken a fork
3 155 has taken a fork
3 155 is eating
3 157 has taken a fork
3 157 has taken a fork
3 157 is eating
3 159 has taken a fork
3 159 has taken a fork
3 159 is eating
3 161 has taken a fork
3 161 has taken a fork
3 161 is eating
3 163 has taken a fork
3 163 has taken a fork
3 163 is eating
3 165 has taken a fork
3 165 has taken a fork
3 165 is eating
3 167 has taken a fork
3 167 has taken a fork
3 167 is eating
3 169 has taken a fork
3 169 has taken a fork
3 169 is eating
3 171 has taken a fork
3 171 has taken a fork
3 171 is eating
3 173 has taken a fork
3 173 has taken a fork
3 173 is eating
3 175 has taken a fork
3 175 has taken a fork
3 175 is eating
3 177 has taken a fork
3 177 has taken a fork
3 177 is eating
3 179 has taken a fork
3 179 has taken a fork
3 179 is eating
3 181 has taken a fork
3 181 has taken a fork
3 181 is eating
3 183 has taken a fork
3 183 has taken a fork
3 183 is eating
3 185 has taken a fork
3 185 has taken a fork
3 185 is eating
3 187 has taken a fork
3 187 has taken a fork
3 187 is eating
3 189 has taken a fork
3 189 has taken a fork
3 189 is eating
3 191 has taken a fork
3 191 has taken a fork
3 191 is eating
3 193 has taken a fork
3 193 has taken a fork
3 193 is eating
3 195 has taken a fork
3 195 has taken a fork
3 195 is eating
3 197 has taken a fork
3 197 has taken a fork
3 197 is eating
3 199 has taken a fork
200 9 is sleeping
200 13 is sleeping
200 8 has taken a fork
200 11 is sleeping
200 199 has taken a fork
200 10 has taken a fork
200 10 has taken a fork
200 10 is eating
200 12 has taken a fork
200 199 is eating
200 12 has taken a fork
200 12 is eating
200 7 is sleeping
200 3 is sleeping
200 6 has taken a fork
200 2 has taken a fork
200 2 has taken a fork
200 2 is eating
200 8 has taken a fork
200 8 is eating
200 1 is sleeping
200 5 is sleeping
200 4 has taken a fork
200 4 has taken a fork
200 4 is eating
200 6 has taken a fork
200 6 is eating
201 63 is sleeping
201 69 is sleeping
201 62 has taken a fork
201 83 is sleeping
201 68 has taken a fork
201 68 has taken a fork
201 68 is eating
201 40 has taken a fork
201 82 has taken a fork
201 41 is sleeping
201 66 has taken a fork
201 67 is sleeping
201 43 is sleeping
201 47 is sleeping
201 21 is sleeping
201 15 is sleeping
201 59 is sleeping
201 37 is sleeping
201 61 is sleeping
201 46 has taken a fork
201 85 is sleeping
201 71 is sleeping
201 27 is sleeping
201 65 is sleeping
201 49 is sleeping
201 77 is sleeping
201 58 has taken a fork
201 17 is sleeping
201 73 is sleeping
201 62 has taken a fork
201 75 is sleeping
201 87 is sleeping
201 39 is sleeping
201 66 has taken a fork
201 42 has taken a fork
201 42 has taken a fork
201 36 has taken a fork
201 42 is eating
201 23 is sleeping
201 14 has taken a fork
201 14 has taken a fork
201 66 is eating
201 36 has taken a fork
201 36 is eating
201 28 has taken a fork
201 14 is eating
201 81 is sleeping
201 51 is sleeping
201 78 has taken a fork
201 57 is sleeping
201 54 has taken a fork
201 76 has taken a fork
201 35 is sleeping
201 72 has taken a fork
201 24 has taken a fork
201 24 has taken a fork
201 70 has taken a fork
201 24 is eating
201 20 has taken a fork
201 62 is eating
201 76 has taken a fork
201 72 has taken a fork
201 20 has taken a fork
201 19 is sleeping
201 38 has taken a fork
201 74 has taken a fork
201 72 is eating
201 58 has taken a fork
201 38 has taken a fork
201 44 has taken a fork
201 46 has taken a fork
201 46 is eating
201 60 has taken a fork
201 84 has taken a fork
201 74 has taken a fork
201 48 has taken a fork
201 38 is eating
201 22 has taken a fork
201 22 has taken a fork
201 22 is eating
201 16 has taken a fork
201 16 has taken a fork
201 16 is eating
201 32 has taken a fork
201 32 has taken a fork
201 32 is eating
201 33 is sleeping
201 48 has taken a fork
201 48 is eating
201 64 has taken a fork
201 64 has taken a fork
201 64 is eating
201 60 has taken a fork
201 60 is eating
201 31 is sleeping
201 50 has taken a fork
201 50 has taken a fork
201 50 is eating
201 74 is eating
201 55 is sleeping
201 44 has taken a fork
201 44 is eating
201 78 has taken a fork
201 78 is eating
201 34 has taken a fork
201 34 has taken a fork
201 34 is eating
201 26 has taken a fork
201 26 has taken a fork
201 26 is eating
201 29 is sleeping
201 70 has taken a fork
201 70 is eating
201 25 is sleeping
201 53 is sleeping
201 58 is eating
201 79 is sleeping
201 45 is sleeping
201 80 has taken a fork
201 80 has taken a fork
201 80 is eating
201 76 is eating
201 82 has taken a fork
201 82 is eating
201 40 has taken a fork
201 40 is eating
201 86 has taken a fork
201 86 has taken a fork
201 86 is eating
201 56 has taken a fork
201 56 has taken a fork
201 56 is eating
201 20 is eating
201 84 has taken a fork
201 84 is eating
201 18 has taken a fork
201 18 has taken a fork
201 18 is eating
201 30 has taken a fork
201 30 has taken a fork
201 30 is eating
201 52 has taken a fork
201 52 has taken a fork
201 52 is eating
201 54 has taken a fork
201 54 is eating
201 28 has taken a fork
201 28 is eating
202 107 is sleeping
202 95 is sleeping
202 153 is sleeping
202 139 is sleeping
202 151 is sleeping
202 121 is sleeping
202 120 has taken a fork
202 143 is sleeping
202 105 is sleeping
202 101 is sleeping
202 106 has taken a fork
202 129 is sleeping
202 135 is sleeping
202 141 is sleeping
202 145 is sleeping
202 110 has taken a fork
202 138 has taken a fork
202 152 has taken a fork
202 152 has taken a fork
202 152 is eating
202 94 has taken a fork
202 94 has taken a fork
202 128 has taken a fork
202 131 is sleeping
202 147 is sleeping
202 134 has taken a fork
202 122 has taken a fork
202 122 has taken a fork
202 92 has taken a fork
202 122 is eating
202 150 has taken a fork
202 149 is sleeping
202 94 is eating
202 144 has taken a fork
202 111 is sleeping
202 119 is sleeping
202 99 is sleeping
202 123 is sleeping
202 106 has taken a fork
202 146 has taken a fork
202 140 has taken a fork
202 120 has taken a fork
202 140 has taken a fork
202 106 is eating
202 120 is eating
202 93 is sleeping
202 150 has taken a fork
202 150 is eating
202 144 has taken a fork
202 140 is eating
202 89 is sleeping
202 144 is eating
202 146 has taken a fork
202 148 has taken a fork
202 88 has taken a fork
202 96 has taken a fork
202 88 has taken a fork
202 98 has taken a fork
202 96 has taken a fork
202 130 has taken a fork
202 142 has taken a fork
202 98 has taken a fork
202 130 has taken a fork
202 146 is eating
202 96 is eating
202 142 has taken a fork
202 148 has taken a fork
202 113 is sleeping
202 114 has taken a fork
202 118 has taken a fork
202 114 has taken a fork
202 115 is sleeping
202 142 is eating
202 114 is eating
202 125 is sleeping
202 117 is sleeping
202 88 is eating
202 100 has taken a fork
202 100 has taken a fork
202 112 has taken a fork
202 133 is sleeping
202 116 has taken a fork
202 127 is sleeping
202 112 has taken a fork
202 148 is eating
202 134 has taken a fork
202 116 has taken a fork
202 136 has taken a fork
202 91 is sleeping
202 124 has taken a fork
202 104 has taken a fork
202 134 is eating
202 136 has taken a fork
202 124 has taken a fork
202 136 is eating
202 126 has taken a fork
202 108 has taken a fork
202 116 is eating
202 98 is eating
202 90 has taken a fork
202 124 is eating
202 90 has taken a fork
202 109 is sleeping
202 108 has taken a fork
202 138 has taken a fork
202 110 has taken a fork
202 110 is eating
202 90 is eating
202 132 has taken a fork
202 97 is sleeping
202 132 has taken a fork
202 137 is sleeping
202 92 has taken a fork
202 102 has taken a fork
202 132 is eating
202 104 has taken a fork
202 103 is sleeping
202 126 has taken a fork
202 126 is eating
202 92 is eating
202 108 is eating
202 104 is eating
202 100 is eating
202 138 is eating
202 112 is eating
202 130 is eating
202 118 has taken a fork
202 118 is eating
202 128 has taken a fork
202 128 is eating
202 102 has taken a fork
202 102 is eating
203 181 is sleeping
203 180 has taken a fork
203 195 is sleeping
203 161 is sleeping
203 175 is sleeping
203 165 is sleeping
203 187 is sleeping
203 177 is sleeping
203 185 is sleeping
203 171 is sleeping
203 155 is sleeping
203 157 is sleeping
203 183 is sleeping
203 169 is sleeping
203 159 is sleeping
203 186 has taken a fork
203 186 has taken a fork
203 186 is eating
203 154 has taken a fork
203 197 is sleeping
203 158 has taken a fork
203 154 has taken a fork
203 193 is sleeping
203 173 is sleeping
203 158 has taken a fork
203 191 is sleeping
203 158 is eating
203 170 has taken a fork
203 190 has taken a fork
203 190 has taken a fork
203 190 is eating
203 194 has taken a fork
203 179 is sleeping
203 166 has taken a fork
203 166 has taken a fork
203 162 has taken a fork
203 194 has taken a fork
203 170 has taken a fork
203 192 has taken a fork
203 156 has taken a fork
203 162 has taken a fork
203 164 has taken a fork
203 188 has taken a fork
203 156 has taken a fork
203 162 is eating
203 164 has taken a fork
203 192 has taken a fork
203 166 is eating
203 194 is eating
203 189 is sleeping
203 184 has taken a fork
203 192 is eating
203 167 is sleeping
203 174 has taken a fork
203 168 has taken a fork
203 156 is eating
203 168 has taken a fork
203 163 is sleeping
203 174 has taken a fork
203 174 is eating
203 180 has taken a fork
203 180 is eating
203 168 is eating
203 160 has taken a fork
203 196 has taken a fork
203 188 has taken a fork
203 160 has taken a fork
203 188 is eating
203 196 has taken a fork
203 176 has taken a fork
203 164 is eating
203 176 has taken a fork
203 154 is eating
203 184 has taken a fork
203 184 is eating
203 182 has taken a fork
203 196 is eating
203 178 has taken a fork
203 170 is eating
203 176 is eating
203 160 is eating
203 172 has taken a fork
203 172 has taken a fork
203 172 is eating
203 178 has taken a fork
203 178 is eating
203 182 has taken a fork
203 182 is eating
400 2 is sleeping
400 7 is thinking
400 13 is thinking
400 11 is thinking
400 9 is thinking
400 5 is thinking
400 6 is sleeping
400 3 is thinking
400 3 has taken a fork
400 10 is sleeping
400 9 has taken a fork
400 9 has taken a fork
400 9 is eating
400 8 is sleeping
400 12 is sleeping
400 7 has taken a fork
400 3 has taken a fork
400 3 is eating
400 7 has taken a fork
400 7 is eating
400 5 has taken a fork
400 5 has taken a fork
400 5 is eating
400 11 has taken a fork
400 11 has taken a fork
400 4 is sleeping
400 11 is eating
400 199 is sleeping
400 1 is thinking
400 1 has taken a fork
400 1 has taken a fork
400 198 has taken a fork
400 13 has taken a fork
400 198 has taken a fork
400 198 is eating
400 1 is eating
401 36 is sleeping
401 56 is sleeping
401 68 is sleeping
401 16 is sleeping
401 80 is sleeping
401 45 is thinking
401 20 is sleeping
401 57 is thinking
401 57 has taken a fork
401 53 is thinking
401 47 is thinking
401 18 is sleeping
401 87 is thinking
401 85 is thinking
401 51 is thinking
401 14 is sleeping
401 17 is thinking
401 15 is thinking
401 55 is thinking
401 82 is sleeping
401 15 has taken a fork
401 28 is sleeping
401 13 has taken a fork
401 13 is eating
401 37 is thinking
401 78 is sleeping
401 48 is sleeping
401 22 is sleeping
401 29 is thinking
401 42 is sleeping
401 37 has taken a fork
401 31 is thinking
401 86 is sleeping
401 33 is thinking
401 29 has taken a fork
401 17 has taken a fork
401 17 has taken a fork
401 17 is eating
401 43 is thinking
401 43 has taken a fork
401 24 is sleeping
401 59 is thinking
401 81 is thinking
401 87 has taken a fork
401 15 has taken a fork
401 72 is sleeping
401 21 is thinking
401 81 has taken a fork
401 81 has taken a fork
401 15 is eating
401 21 has taken a fork
401 21 has taken a fork
401 21 is eating
401 81 is eating
401 77 is thinking
401 39 is thinking
401 34 is sleeping
401 61 is thinking
401 84 is sleeping
401 63 is thinking
401 38 is sleeping
401 41 is thinking
401 41 has taken a fork
401 41 has taken a fork
401 41 is eating
401 69 is thinking
401 69 has taken a fork
401 69 has taken a fork
401 69 is eating
401 76 is sleeping
401 62 is sleeping
401 39 has taken a fork
401 39 has taken a fork
401 39 is eating
401 63 has taken a fork
401 63 has taken a fork
401 73 is thinking
401 63 is eating
401 73 has taken a fork
401 70 is sleeping
401 65 is thinking
401 85 has taken a fork
401 65 has taken a fork
401 65 has taken a fork
401 60 is sleeping
401 30 is sleeping
401 65 is eating
401 50 is sleeping
401 51 has taken a fork
401 32 is sleeping
401 71 is thinking
401 51 has taken a fork
401 71 has taken a fork
401 71 has taken a fork
401 71 is eating
401 19 is thinking
401 35 is thinking
401 79 is thinking
401 35 has taken a fork
401 83 is thinking
401 27 is thinking
401 83 has taken a fork
401 52 is sleeping
401 27 has taken a fork
401 27 has taken a fork
401 27 is eating
401 46 is sleeping
401 77 has taken a fork
401 77 has taken a fork
401 77 is eating
401 53 has taken a fork
401 26 is sleeping
401 53 has taken a fork
401 53 is eating
401 23 is thinking
401 23 has taken a fork
401 23 has taken a fork
401 43 has taken a fork
401 47 has taken a fork
401 44 is sleeping
401 58 is sleeping
401 55 has taken a fork
401 59 has taken a fork
401 55 has taken a fork
401 55 is eating
401 59 has taken a fork
401 31 has taken a fork
401 66 is sleeping
401 29 has taken a fork
401 57 has taken a fork
401 37 has taken a fork
401 57 is eating
401 73 has taken a fork
401 74 is sleeping
401 73 is eating
401 25 is thinking
401 25 has taken a fork
401 25 has taken a fork
401 25 is eating
401 19 has taken a fork
401 19 has taken a fork
401 19 is eating
401 67 is thinking
401 83 has taken a fork
401 83 is eating
401 75 is thinking
401 75 has taken a fork
401 75 has taken a fork
401 75 is eating
401 61 has taken a fork
401 40 is sleeping
401 61 has taken a fork
401 61 is eating
401 54 is sleeping
401 23 is eating
401 47 has taken a fork
401 45 has taken a fork
401 47 is eating
401 45 has taken a fork
401 45 is eating
401 33 has taken a fork
401 59 is eating
401 33 has taken a fork
401 33 is eating
401 31 has taken a fork
401 49 is thinking
401 29 is eating
401 49 has taken a fork
401 49 has taken a fork
401 49 is eating
401 37 is eating
401 85 has taken a fork
401 51 is eating
401 85 is eating
401 35 has taken a fork
401 79 has taken a fork
401 35 is eating
401 67 has taken a fork
401 43 is eating
401 67 has taken a fork
401 31 is eating
401 64 is sleeping
401 79 has taken a fork
401 79 is eating
401 67 is eating
402 122 is sleeping
402 149 is thinking
402 120 is sleeping
402 145 is thinking
402 133 is thinking
402 131 is thinking
402 131 has taken a fork
402 130 is sleeping
402 90 is sleeping
402 140 is sleeping
402 91 is thinking
402 91 has taken a fork
402 126 is sleeping
402 115 is thinking
402 141 is thinking
402 136 is sleeping
402 88 is sleeping
402 103 is thinking
402 141 has taken a fork
402 107 is thinking
402 102 is sleeping
402 125 is thinking
402 143 is thinking
402 131 has taken a fork
402 135 is thinking
402 132 is sleeping
402 118 is sleeping
402 139 is thinking
402 139 has taken a fork
402 139 has taken a fork
402 139 is eating
402 144 is sleeping
402 98 is sleeping
402 148 is sleeping
402 131 is eating
402 125 has taken a fork
402 125 has taken a fork
402 125 is eating
402 135 has taken a fork
402 142 is sleeping
402 111 is thinking
402 111 has taken a fork
402 111 has taken a fork
402 111 is eating
402 129 is thinking
402 129 has taken a fork
402 95 is thinking
402 134 is sleeping
402 145 has taken a fork
402 112 is sleeping
402 101 is thinking
402 101 has taken a fork
402 149 has taken a fork
402 101 has taken a fork
402 101 is eating
402 146 is sleeping
402 149 has taken a fork
402 127 is thinking
402 149 is eating
402 127 has taken a fork
402 123 is thinking
402 127 has taken a fork
402 89 is thinking
402 114 is sleeping
402 127 is eating
402 89 has taken a fork
402 89 has taken a fork
402 128 is sleeping
402 89 is eating
402 91 has taken a fork
402 91 is eating
402 110 is sleeping
402 152 is sleeping
402 115 has taken a fork
402 115 has taken a fork
402 115 is eating
402 137 is thinking
402 137 has taken a fork
402 137 has taken a fork
402 137 is eating
402 116 is sleeping
402 99 is thinking
402 99 has taken a fork
402 99 has taken a fork
402 99 is eating
402 107 has taken a fork
402 107 has taken a fork
402 107 is eating
402 87 has taken a fork
402 87 is eating
402 96 is sleeping
402 113 is thinking
402 113 has taken a fork
402 113 has taken a fork
402 113 is eating
402 153 is thinking
402 153 has taken a fork
402 100 is sleeping
402 141 has taken a fork
402 141 is eating
402 119 is thinking
402 119 has taken a fork
402 119 has taken a fork
402 119 is eating
402 150 is sleeping
402 105 is thinking
402 105 has taken a fork
402 105 has taken a fork
402 105 is eating
402 94 is sleeping
402 97 is thinking
402 97 has taken a fork
402 97 has taken a fork
402 97 is eating
402 109 is thinking
402 109 has taken a fork
402 109 has taken a fork
402 109 is eating
402 138 is sleeping
402 133 has taken a fork
402 133 has taken a fork
402 133 is eating
402 147 is thinking
402 147 has taken a fork
402 147 has taken a fork
402 147 is eating
402 108 is sleeping
402 135 has taken a fork
402 135 is eating
402 151 is thinking
402 151 has taken a fork
402 151 has taken a fork
402 151 is eating
402 129 has taken a fork
402 129 is eating
402 95 has taken a fork
402 95 has taken a fork
402 95 is eating
402 145 has taken a fork
402 145 is eating
402 104 is sleeping
402 123 has taken a fork
402 123 has taken a fork
402 123 is eating
402 121 is thinking
402 121 has taken a fork
402 121 has taken a fork
402 121 is eating
402 103 has taken a fork
402 103 has taken a fork
402 103 is eating
402 92 is sleeping
402 143 has taken a fork
402 143 has taken a fork
402 143 is eating
402 93 is thinking
402 93 has taken a fork
402 93 has taken a fork
402 93 is eating
402 117 is thinking
402 117 has taken a fork
402 117 has taken a fork
402 117 is eating
402 124 is sleeping
402 106 is sleeping
403 176 is sleeping
403 172 is sleeping
403 175 is thinking
403 188 is sleeping
403 186 is sleeping
403 196 is sleeping
403 192 is sleeping
403 178 is sleeping
403 191 is thinking
403 156 is sleeping
403 166 is sleeping
403 171 is thinking
403 168 is sleeping
403 169 is thinking
403 159 is thinking
403 197 is thinking
403 173 is thinking
403 159 has taken a fork
403 161 is thinking
403 187 is thinking
403 173 has taken a fork
403 181 is thinking
403 161 has taken a fork
403 159 has taken a fork
403 173 has taken a fork
403 173 is eating
403 181 has taken a fork
403 175 has taken a fork
403 159 is eating
403 191 has taken a fork
403 185 is thinking
403 180 is sleeping
403 185 has taken a fork
403 179 is thinking
403 197 has taken a fork
403 185 has taken a fork
403 179 has taken a fork
403 167 is thinking
403 170 is sleeping
403 163 is thinking
403 162 is sleeping
403 185 is eating
403 158 is sleeping
403 167 has taken a fork
403 163 has taken a fork
403 184 is sleeping
403 153 has taken a fork
403 165 is thinking
403 167 has taken a fork
403 153 is eating
403 177 is thinking
403 161 has taken a fork
403 177 has taken a fork
403 174 is sleeping
403 155 is thinking
403 164 is sleeping
403 155 has taken a fork
403 175 has taken a fork
403 161 is eating
403 160 is sleeping
403 179 has taken a fork
403 175 is eating
403 179 is eating
403 193 is thinking
403 177 has taken a fork
403 187 has taken a fork
403 191 has taken a fork
403 183 is thinking
403 165 has taken a fork
403 191 is eating
403 177 is eating
403 194 is sleeping
403 183 has taken a fork
403 183 has taken a fork
403 155 has taken a fork
403 190 is sleeping
403 157 is thinking
403 167 is eating
403 157 has taken a fork
403 182 is sleeping
403 163 has taken a fork
403 157 has taken a fork
403 171 has taken a fork
403 157 is eating
403 183 is eating
403 171 has taken a fork
403 187 has taken a fork
403 155 is eating
403 181 has taken a fork
403 169 has taken a fork
403 195 is thinking
403 187 is eating
403 169 has taken a fork
403 169 is eating
403 171 is eating
403 195 has taken a fork
403 195 has taken a fork
403 195 is eating
403 189 is thinking
403 189 has taken a fork
403 189 has taken a fork
403 189 is eating
403 154 is sleeping
403 193 has taken a fork
403 193 has taken a fork
403 193 is eating
403 163 is eating
403 165 has taken a fork
403 165 is eating
403 181 is eating
600 9 is sleeping
600 5 is sleeping
600 6 is thinking
600 12 is thinking
600 10 is thinking
600 1 is sleeping
600 4 is thinking
600 4 has taken a fork
600 2 is thinking
600 11 is sleeping
600 10 has taken a fork
600 10 has taken a fork
600 10 is eating
600 7 is sleeping
600 3 is sleeping
600 8 is thinking
600 8 has taken a fork
600 8 has taken a fork
600 8 is eating
600 2 has taken a fork
600 2 has taken a fork
600 4 has taken a fork
600 2 is eating
600 199 is thinking
600 198 is sleeping
600 197 has taken a fork
600 4 is eating
600 199 has taken a fork
600 199 has taken a fork
600 199 is eating
600 197 is eating
600 6 has taken a fork
600 6 has taken a fork
600 6 is eating
601 18 is thinking
601 41 is sleeping
601 68 is thinking
601 62 is thinking
601 55 is sleeping
601 23 is sleeping
601 40 is thinking
601 40 has taken a fork
601 29 is sleeping
601 20 is thinking
601 31 is sleeping
601 42 is thinking
601 70 is thinking
601 78 is thinking
601 50 is thinking
601 38 is thinking
601 19 is sleeping
601 21 is sleeping
601 33 is sleeping
601 18 has taken a fork
601 35 is sleeping
601 46 is thinking
601 59 is sleeping
601 22 is thinking
601 49 is sleeping
601 24 is thinking
601 67 is sleeping
601 36 is thinking
601 75 is sleeping
601 57 is sleeping
601 17 is sleeping
601 14 is thinking
601 54 is thinking
601 54 has taken a fork
601 54 has taken a fork
601 51 is sleeping
601 43 is sleeping
601 64 is thinking
601 63 is sleeping
601 53 is sleeping
601 77 is sleeping
601 45 is sleeping
601 81 is sleeping
601 73 is sleeping
601 13 is sleeping
601 71 is sleeping
601 34 is thinking
601 85 is sleeping
601 27 is sleeping
601 26 is thinking
601 58 is thinking
601 22 has taken a fork
601 12 has taken a fork
601 28 is thinking
601 28 has taken a fork
601 28 has taken a fork
601 26 has taken a fork
601 22 has taken a fork
601 32 is thinking
601 44 is thinking
601 74 is thinking
601 22 is eating
601 76 is thinking
601 32 has taken a fork
601 44 has taken a fork
601 74 has taken a fork
601 44 has taken a fork
601 80 is thinking
601 42 has taken a fork
601 44 is eating
601 74 has taken a fork
601 76 has taken a fork
601 32 has taken a fork
601 79 is sleeping
601 60 is thinking
601 74 is eating
601 32 is eating
601 16 is thinking
601 16 has taken a fork
601 78 has taken a fork
601 34 has taken a fork
601 78 has taken a fork
601 28 is eating
601 52 is thinking
601 80 has taken a fork
601 47 is sleeping
601 20 has taken a fork
601 80 has taken a fork
601 80 is eating
601 42 has taken a fork
601 50 has taken a fork
601 50 has taken a fork
601 42 is eating
601 12 has taken a fork
601 20 has taken a fork
601 58 has taken a fork
601 15 is sleeping
601 12 is eating
601 64 has taken a fork
601 58 has taken a fork
601 66 is thinking
601 68 has taken a fork
601 30 is thinking
601 69 is sleeping
601 68 has taken a fork
601 64 has taken a fork
601 56 is thinking
601 58 is eating
601 24 has taken a fork
601 46 has taken a fork
601 50 is eating
601 64 is eating
601 56 has taken a fork
601 26 has taken a fork
601 48 is thinking
601 26 is eating
601 83 is sleeping
601 16 has taken a fork
601 40 has taken a fork
601 72 is thinking
601 40 is eating
601 18 has taken a fork
601 37 is sleeping
601 34 has taken a fork
601 46 has taken a fork
601 68 is eating
601 34 is eating
601 84 is thinking
601 54 is eating
601 46 is eating
601 48 has taken a fork
601 48 has taken a fork
601 48 is eating
601 30 has taken a fork
601 18 is eating
601 86 is thinking
601 84 has taken a fork
601 14 has taken a fork
601 72 has taken a fork
601 70 has taken a fork
601 70 has taken a fork
601 70 is eating
601 14 has taken a fork
601 84 has taken a fork
601 14 is eating
601 38 has taken a fork
601 61 is sleeping
601 72 has taken a fork
601 30 has taken a fork
601 30 is eating
601 82 is thinking
601 82 has taken a fork
601 82 has taken a fork
601 82 is eating
601 84 is eating
601 62 has taken a fork
601 62 has taken a fork
601 62 is eating
601 52 has taken a fork
601 52 has taken a fork
601 52 is eating
601 16 is eating
601 60 has taken a fork
601 60 has taken a fork
601 60 is eating
601 38 has taken a fork
601 38 is eating
601 72 is eating
601 78 is eating
601 25 is sleeping
601 65 is sleeping
601 36 has taken a fork
601 36 has taken a fork
601 36 is eating
601 66 has taken a fork
601 66 has taken a fork
601 66 is eating
601 39 is sleeping
601 76 has taken a fork
601 76 is eating
601 24 has taken a fork
601 24 is eating
601 20 is eating
601 56 has taken a fork
601 56 is eating
602 103 is sleeping
602 91 is sleeping
602 99 is sleeping
602 143 is sleeping
602 106 is thinking
602 112 is thinking
602 94 is thinking
602 134 is thinking
602 94 has taken a fork
602 134 has taken a fork
602 105 is sleeping
602 118 is thinking
602 92 is thinking
602 118 has taken a fork
602 102 is thinking
602 135 is sleeping
602 147 is sleeping
602 95 is sleeping
602 116 is thinking
602 107 is sleeping
602 145 is sleeping
602 90 is thinking
602 90 has taken a fork
602 106 has taken a fork
602 106 has taken a fork
602 87 is sleeping
602 114 is thinking
602 119 is sleeping
602 102 has taken a fork
602 88 is thinking
602 106 is eating
602 86 has taken a fork
602 86 has taken a fork
602 86 is eating
602 150 is thinking
602 138 is thinking
602 121 is sleeping
602 142 is thinking
602 142 has taken a fork
602 124 is thinking
602 127 is sleeping
602 109 is sleeping
602 151 is sleeping
602 152 is thinking
602 137 is sleeping
602 133 is sleeping
602 110 is thinking
602 97 is sleeping
602 150 has taken a fork
602 93 is sleeping
602 104 is thinking
602 111 is sleeping
602 104 has taken a fork
602 104 has taken a fork
602 110 has taken a fork
602 94 has taken a fork
602 98 is thinking
602 113 is sleeping
602 118 has taken a fork
602 92 has taken a fork
602 98 has taken a fork
602 110 has taken a fork
602 118 is eating
602 92 has taken a fork
602 100 is thinking
602 110 is eating
602 123 is sleeping
602 125 is sleeping
602 139 is sleeping
602 148 is thinking
602 96 is thinking
602 131 is sleeping
602 126 is thinking
602 104 is eating
602 115 is sleeping
602 140 is thinking
602 134 has taken a fork
602 120 is thinking
602 132 is thinking
602 108 is thinking
602 134 is eating
602 129 is sleeping
602 120 has taken a fork
602 94 is eating
602 116 has taken a fork
602 89 is sleeping
602 132 has taken a fork
602 117 is sleeping
602 149 is sleeping
602 141 is sleeping
602 116 has taken a fork
602 116 is eating
602 88 has taken a fork
602 96 has taken a fork
602 120 has taken a fork
602 96 has taken a fork
602 108 has taken a fork
602 138 has taken a fork
602 100 has taken a fork
602 146 is thinking
602 108 has taken a fork
602 101 is sleeping
602 100 has taken a fork
602 148 has taken a fork
602 122 is thinking
602 100 is eating
602 142 has taken a fork
602 102 has taken a fork
602 126 has taken a fork
602 126 has taken a fork
602 96 is eating
602 130 is thinking
602 90 has taken a fork
602 112 has taken a fork
602 146 has taken a fork
602 130 has taken a fork
602 92 is eating
602 148 has taken a fork
602 112 has taken a fork
602 122 has taken a fork
602 142 is eating
602 128 is thinking
602 102 is eating
602 108 is eating
602 128 has taken a fork
602 88 has taken a fork
602 144 is thinking
602 122 has taken a fork
602 132 has taken a fork
602 146 has taken a fork
602 130 has taken a fork
602 126 is eating
602 90 is eating
602 130 is eating
602 140 has taken a fork
602 120 is eating
602 88 is eating
602 144 has taken a fork
602 128 has taken a fork
602 146 is eating
602 128 is eating
602 114 has taken a fork
602 140 has taken a fork
602 112 is eating
602 140 is eating
602 114 has taken a fork
602 136 is thinking
602 114 is eating
602 136 has taken a fork
602 144 has taken a fork
602 150 has taken a fork
602 122 is eating
602 144 is eating
602 150 is eating
602 124 has taken a fork
602 132 is eating
602 124 has taken a fork
602 124 is eating
602 98 has taken a fork
602 98 is eating
602 148 is eating
602 138 has taken a fork
602 138 is eating
602 136 has taken a fork
602 136 is eating
603 166 is thinking
603 155 is sleeping
603 160 is thinking
603 184 is thinking
603 182 is thinking
603 192 is thinking
603 153 is sleeping
603 152 has taken a fork
603 173 is sleeping
603 180 is thinking
603 161 is sleeping
603 191 is sleeping
603 168 is thinking
603 188 is thinking
603 162 is thinking
603 188 has taken a fork
603 168 has taken a fork
603 166 has taken a fork
603 168 has taken a fork
603 196 is thinking
603 166 has taken a fork
603 167 is sleeping
603 193 is sleeping
603 192 has taken a fork
603 166 is eating
603 192 has taken a fork
603 192 is eating
603 156 is thinking
603 159 is sleeping
603 180 has taken a fork
603 181 is sleeping
603 195 is sleeping
603 177 is sleeping
603 187 is sleeping
603 188 has taken a fork
603 169 is sleeping
603 188 is eating
603 163 is sleeping
603 162 has taken a fork
603 189 is sleeping
603 162 has taken a fork
603 162 is eating
603 160 has taken a fork
603 165 is sleeping
603 152 has taken a fork
603 152 is eating
603 154 is thinking
603 156 has taken a fork
603 154 has taken a fork
603 156 has taken a fork
603 168 is eating
603 160 has taken a fork
603 160 is eating
603 179 is sleeping
603 178 is thinking
603 164 is thinking
603 178 has taken a fork
603 178 has taken a fork
603 180 has taken a fork
603 183 is sleeping
603 176 is thinking
603 178 is eating
603 154 has taken a fork
603 176 has taken a fork
603 154 is eating
603 164 has taken a fork
603 157 is sleeping
603 164 has taken a fork
603 164 is eating
603 182 has taken a fork
603 174 is thinking
603 182 has taken a fork
603 186 is thinking
603 156 is eating
603 170 is thinking
603 180 is eating
603 182 is eating
603 186 has taken a fork
603 175 is sleeping
603 174 has taken a fork
603 174 has taken a fork
603 174 is eating
603 176 has taken a fork
603 176 is eating
603 190 is thinking
603 190 has taken a fork
603 190 has taken a fork
603 190 is eating
603 172 is thinking
603 158 is thinking
603 171 is sleeping
603 185 is sleeping
603 170 has taken a fork
603 170 has taken a fork
603 170 is eating
603 158 has taken a fork
603 184 has taken a fork
603 172 has taken a fork
603 194 is thinking
603 158 has taken a fork
603 158 is eating
603 184 has taken a fork
603 172 has taken a fork
603 184 is eating
603 172 is eating
603 194 has taken a fork
603 186 has taken a fork
603 186 is eating
603 194 has taken a fork
603 194 is eating
800 2 is sleeping
800 198 is thinking
800 8 is sleeping
800 1 is thinking
800 5 is thinking
800 197 is sleeping
800 196 has taken a fork
800 196 has taken a fork
800 196 is eating
800 6 is sleeping
800 7 is thinking
800 4 is sleeping
800 1 has taken a fork
800 1 has taken a fork
800 1 is eating
800 5 has taken a fork
800 5 has taken a fork
800 5 is eating
800 11 is thinking
800 7 has taken a fork
800 7 has taken a fork
800 7 is eating
800 3 is thinking
800 3 has taken a fork
800 3 has taken a fork
800 3 is eating
800 198 has taken a fork
800 198 has taken a fork
800 198 is eating
800 11 has taken a fork
800 199 is sleeping
800 9 is thinking
800 9 has taken a fork
800 9 has taken a fork
800 9 is eating
800 10 is sleeping
801 33 is thinking
801 17 is thinking
801 81 is thinking
801 36 is sleeping
801 51 is thinking
801 62 is sleeping
801 35 is thinking
801 19 is thinking
801 20 is sleeping
801 34 is sleeping
801 53 is thinking
801 73 is thinking
801 58 is sleeping
801 14 is sleeping
801 47 is thinking
801 35 has taken a fork
801 35 has taken a fork
801 56 is sleeping
801 83 is thinking
801 42 is sleeping
801 48 is sleeping
801 79 is thinking
801 35 is eating
801 60 is sleeping
801 52 is sleeping
801 43 is thinking
801 53 has taken a fork
801 68 is sleeping
801 55 is thinking
801 12 is sleeping
801 80 is sleeping
801 24 is sleeping
801 11 has taken a fork
801 30 is sleeping
801 81 has taken a fork
801 11 is eating
801 41 is thinking
801 43 has taken a fork
801 39 is thinking
801 74 is sleeping
801 47 has taken a fork
801 47 has taken a fork
801 18 is sleeping
801 47 is eating
801 19 has taken a fork
801 19 has taken a fork
801 19 is eating
801 33 has taken a fork
801 46 is sleeping
801 22 is sleeping
801 39 has taken a fork
801 25 is thinking
801 72 is sleeping
801 25 has taken a fork
801 25 has taken a fork
801 25 is eating
801 45 is thinking
801 31 is thinking
801 50 is sleeping
801 17 has taken a fork
801 17 has taken a fork
801 31 has taken a fork
801 63 is thinking
801 40 is sleeping
801 39 has taken a fork
801 41 has taken a fork
801 79 has taken a fork
801 45 has taken a fork
801 70 is sleeping
801 45 has taken a fork
801 59 is thinking
801 45 is eating
801 79 has taken a fork
801 79 is eating
801 59 has taken a fork
801 44 is sleeping
801 27 is thinking
801 59 has taken a fork
801 17 is eating
801 55 has taken a fork
801 64 is sleeping
801 71 is thinking
801 67 is thinking
801 55 has taken a fork
801 67 has taken a fork
801 71 has taken a fork
801 75 is thinking
801 71 has taken a fork
801 67 has taken a fork
801 84 is sleeping
801 71 is eating
801 67 is eating
801 32 is sleeping
801 23 is thinking
801 38 is sleeping
801 57 is thinking
801 29 is thinking
801 57 has taken a fork
801 28 is sleeping
801 57 has taken a fork
801 57 is eating
801 29 has taken a fork
801 43 has taken a fork
801 15 is thinking
801 31 has taken a fork
801 15 has taken a fork
801 63 has taken a fork
801 31 is eating
801 53 has taken a fork
801 53 is eating
801 69 is thinking
801 77 is thinking
801 85 is thinking
801 21 is thinking
801 54 is sleeping
801 21 has taken a fork
801 21 has taken a fork
801 21 is eating
801 82 is sleeping
801 83 has taken a fork
801 81 has taken a fork
801 77 has taken a fork
801 77 has taken a fork
801 77 is eating
801 81 is eating
801 27 has taken a fork
801 37 is thinking
801 59 is eating
801 78 is sleeping
801 13 is thinking
801 75 has taken a fork
801 13 has taken a fork
801 13 has taken a fork
801 13 is eating
801 49 is thinking
801 55 is eating
801 75 has taken a fork
801 49 has taken a fork
801 76 is sleeping
801 49 has taken a fork
801 75 is eating
801 16 is sleeping
801 73 has taken a fork
801 49 is eating
801 26 is sleeping
801 73 has taken a fork
801 73 is eating
801 63 has taken a fork
801 39 is eating
801 69 has taken a fork
801 29 has taken a fork
801 33 has taken a fork
801 29 is eating
801 85 has taken a fork
801 33 is eating
801 15 has taken a fork
801 37 has taken a fork
801 15 is eating
801 37 has taken a fork
801 37 is eating
801 51 has taken a fork
801 43 is eating
801 51 has taken a fork
801 51 is eating
801 63 is eating
801 83 has taken a fork
801 66 is sleeping
801 27 has taken a fork
801 61 is thinking
801 27 is eating
801 69 has taken a fork
801 23 has taken a fork
801 69 is eating
801 23 has taken a fork
801 41 has taken a fork
801 61 has taken a fork
801 23 is eating
801 61 has taken a fork
801 65 is thinking
801 83 is eating
801 65 has taken a fork
801 65 has taken a fork
801 65 is eating
801 61 is eating
801 41 is eating
802 141 is thinking
802 143 is thinking
802 128 is sleeping
802 147 is thinking
802 95 is thinking
802 119 is thinking
802 97 is thinking
802 89 is thinking
802 112 is sleeping
802 92 is sleeping
802 106 is sleeping
802 148 is sleeping
802 105 is thinking
802 99 is thinking
802 99 has taken a fork
802 139 is thinking
802 120 is sleeping
802 122 is sleeping
802 145 is thinking
802 123 is thinking
802 110 is sleeping
802 130 is sleeping
802 126 is sleeping
802 114 is sleeping
802 123 has taken a fork
802 125 is thinking
802 115 is thinking
802 115 has taken a fork
802 115 has taken a fork
802 109 is thinking
802 115 is eating
802 133 is thinking
802 101 is thinking
802 87 is thinking
802 136 is sleeping
802 111 is thinking
802 140 is sleeping
802 134 is sleeping
802 151 is thinking
802 111 has taken a fork
802 111 has taken a fork
802 111 is eating
802 137 is thinking
802 137 has taken a fork
802 113 is thinking
802 90 is sleeping
802 104 is sleeping
802 108 is sleeping
802 131 is thinking
802 116 is sleeping
802 93 is thinking
802 105 has taken a fork
802 105 has taken a fork
802 105 is eating
802 99 has taken a fork
802 99 is eating
802 89 has taken a fork
802 89 has taken a fork
802 89 is eating
802 88 is sleeping
802 131 has taken a fork
802 131 has taken a fork
802 131 is eating
802 91 is thinking
802 91 has taken a fork
802 91 has taken a fork
802 91 is eating
802 117 is thinking
802 117 has taken a fork
802 117 has taken a fork
802 117 is eating
802 129 is thinking
802 129 has taken a fork
802 129 has taken a fork
802 129 is eating
802 94 is sleeping
802 93 has taken a fork
802 93 has taken a fork
802 93 is eating
802 127 is thinking
802 127 has taken a fork
802 127 has taken a fork
802 127 is eating
802 145 has taken a fork
802 145 has taken a fork
802 145 is eating
802 118 is sleeping
802 150 is sleeping
802 139 has taken a fork
802 139 has taken a fork
802 139 is eating
802 135 is thinking
802 135 has taken a fork
802 135 has taken a fork
802 135 is eating
802 132 is sleeping
802 103 is thinking
802 103 has taken a fork
802 103 has taken a fork
802 103 is eating
802 142 is sleeping
802 109 has taken a fork
802 109 has taken a fork
802 109 is eating
802 151 has taken a fork
802 119 has taken a fork
802 119 has taken a fork
802 119 is eating
802 144 is sleeping
802 107 is thinking
802 107 has taken a fork
802 107 has taken a fork
802 107 is eating
802 100 is sleeping
802 146 is sleeping
802 141 has taken a fork
802 141 has taken a fork
802 141 is eating
802 149 is thinking
802 149 has taken a fork
802 149 has taken a fork
802 149 is eating
802 147 has taken a fork
802 147 has taken a fork
802 147 is eating
802 121 is thinking
802 121 has taken a fork
802 121 has taken a fork
802 121 is eating
802 102 is sleeping
802 137 has taken a fork
802 137 is eating
802 124 is sleeping
802 138 is sleeping
802 101 has taken a fork
802 101 has taken a fork
802 101 is eating
802 98 is sleeping
802 125 has taken a fork
802 125 has taken a fork
802 125 is eating
802 96 is sleeping
802 133 has taken a fork
802 133 has taken a fork
802 133 is eating
802 143 has taken a fork
802 143 has taken a fork
802 143 is eating
802 87 has taken a fork
802 87 has taken a fork
802 87 is eating
802 97 has taken a fork
802 97 has taken a fork
802 97 is eating
802 95 has taken a fork
802 95 has taken a fork
802 95 is eating
802 85 has taken a fork
802 85 is eating
802 123 has taken a fork
802 123 is eating
802 86 is sleeping
802 113 has taken a fork
802 113 has taken a fork
802 113 is eating
803 176 is sleeping
803 189 is thinking
803 157 is thinking
803 169 is thinking
803 163 is thinking
803 164 is sleeping
803 190 is sleeping
803 161 is thinking
803 181 is thinking
803 159 is thinking
803 154 is sleeping
803 178 is sleeping
803 152 is sleeping
803 188 is sleeping
803 173 is thinking
803 189 has taken a fork
803 160 is sleeping
803 191 is thinking
803 189 has taken a fork
803 159 has taken a fork
803 155 is thinking
803 162 is sleeping
803 192 is sleeping
803 183 is thinking
803 171 is thinking
803 187 is thinking
803 161 has taken a fork
803 186 is sleeping
803 180 is sleeping
803 175 is thinking
803 153 is thinking
803 159 has taken a fork
803 156 is sleeping
803 189 is eating
803 159 is eating
803 163 has taken a fork
803 155 has taken a fork
803 170 is sleeping
803 166 is sleeping
803 155 has taken a fork
803 158 is sleeping
803 195 is thinking
803 174 is sleeping
803 155 is eating
803 153 has taken a fork
803 193 is thinking
803 187 has taken a fork
803 171 has taken a fork
803 173 has taken a fork
803 193 has taken a fork
803 171 has taken a fork
803 184 is sleeping
803 193 has taken a fork
803 175 has taken a fork
803 193 is eating
803 187 has taken a fork
803 181 has taken a fork
803 169 has taken a fork
803 175 has taken a fork
803 191 has taken a fork
803 168 is sleeping
803 177 is thinking
803 177 has taken a fork
803 177 has taken a fork
803 161 has taken a fork
803 183 has taken a fork
803 179 is thinking
803 153 has taken a fork
803 177 is eating
803 183 has taken a fork
803 153 is eating
803 161 is eating
803 167 is thinking
803 183 is eating
803 167 has taken a fork
803 171 is eating
803 185 is thinking
803 167 has taken a fork
803 167 is eating
803 187 is eating
803 172 is sleeping
803 194 is sleeping
803 175 is eating
803 185 has taken a fork
803 185 has taken a fork
803 185 is eating
803 169 has taken a fork
803 169 is eating
803 173 has taken a fork
803 173 is eating
803 182 is sleeping
803 157 has taken a fork
803 157 has taken a fork
803 157 is eating
803 179 has taken a fork
803 179 has taken a fork
803 179 is eating
803 181 has taken a fork
803 181 is eating
803 163 has taken a fork
803 163 is eating
803 151 has taken a fork
803 151 is eating
803 165 is thinking
803 165 has taken a fork
803 165 has taken a fork
803 165 is eating
803 191 has taken a fork
803 191 is eating
803 195 has taken a fork
1000 197 is thinking
1000 3 is sleeping
1000 4 is thinking
1000 6 is thinking
1000 10 is thinking
1000 7 is sleeping
1000 195 has taken a fork
1000 197 has taken a fork
1000 2 is thinking
1000 2 has taken a fork
1000 196 is sleeping
1000 6 has taken a fork
1000 9 is sleeping
1000 195 is eating
1000 198 is sleeping
1000 197 has taken a fork
1000 197 is eating
1000 5 is sleeping
1000 6 has taken a fork
1000 6 is eating
1000 1 is sleeping
1000 4 has taken a fork
1000 2 has taken a fork
1000 2 is eating
1000 8 is thinking
1000 8 has taken a fork
1000 8 has taken a fork
1000 8 is eating
1000 4 has taken a fork
1000 4 is eating
1000 199 is thinking
1000 199 has taken a fork
1000 199 has taken a fork
1000 199 is eating
1001 61 is sleeping
1001 63 is sleeping
1001 70 is thinking
1001 78 is thinking
1001 59 is sleeping
1001 31 is sleeping
1001 72 is thinking
1001 22 is thinking
1001 18 is thinking
1001 56 is thinking
1001 17 is sleeping
1001 76 is thinking
1001 27 is sleeping
1001 36 is thinking
1001 45 is sleeping
1001 47 is sleeping
1001 11 is sleeping
1001 48 is thinking
1001 30 is thinking
1001 10 has taken a fork
1001 30 has taken a fork
1001 54 is thinking
1001 46 is thinking
1001 46 has taken a fork
1001 46 has taken a fork
1001 28 is thinking
1001 74 is thinking
1001 20 is thinking
1001 42 is thinking
1001 10 has taken a fork
1001 46 is eating
1001 10 is eating
1001 25 is sleeping
1001 32 is thinking
1001 66 is thinking
1001 35 is sleeping
1001 53 is sleeping
1001 69 is sleeping
1001 52 is thinking
1001 52 has taken a fork
1001 52 has taken a fork
1001 52 is eating
1001 80 is thinking
1001 57 is sleeping
1001 37 is sleeping
1001 73 is sleeping
1001 56 has taken a fork
1001 26 is thinking
1001 15 is sleeping
1001 50 is thinking
1001 68 is thinking
1001 68 has taken a fork
1001 65 is sleeping
1001 50 has taken a fork
1001 33 is sleeping
1001 16 is thinking
1001 39 is sleeping
1001 81 is sleeping
1001 16 has taken a fork
1001 16 has taken a fork
1001 16 is eating
1001 13 is sleeping
1001 80 has taken a fork
1001 40 is thinking
1001 26 has taken a fork
1001 26 has taken a fork
1001 26 is eating
1001 74 has taken a fork
1001 83 is sleeping
1001 21 is sleeping
1001 12 is thinking
1001 23 is sleeping
1001 75 is sleeping
1001 54 has taken a fork
1001 56 has taken a fork
1001 12 has taken a fork
1001 56 is eating
1001 54 has taken a fork
1001 12 has taken a fork
1001 54 is eating
1001 66 has taken a fork
1001 44 is thinking
1001 66 has taken a fork
1001 22 has taken a fork
1001 14 is thinking
1001 62 is thinking
1001 82 is thinking
1001 38 is thinking
1001 74 has taken a fork
1001 82 has taken a fork
1001 38 has taken a fork
1001 38 has taken a fork
1001 62 has taken a fork
1001 42 has taken a fork
1001 82 has taken a fork
1001 74 is eating
1001 62 has taken a fork
1001 22 has taken a fork
1001 62 is eating
1001 77 is sleeping
1001 58 is thinking
1001 36 has taken a fork
1001 71 is sleeping
1001 43 is sleeping
1001 51 is sleeping
1001 70 has taken a fork
1001 36 has taken a fork
1001 20 has taken a fork
1001 20 has taken a fork
1001 20 is eating
1001 58 has taken a fork
1001 76 has taken a fork
1001 67 is sleeping
1001 36 is eating
1001 41 is sleeping
1001 72 has taken a fork
1001 19 is sleeping
1001 80 has taken a fork
1001 84 is thinking
1001 80 is eating
1001 42 has taken a fork
1001 38 is eating
1001 29 is sleeping
1001 32 has taken a fork
1001 32 has taken a fork
1001 32 is eating
1001 64 is thinking
1001 64 has taken a fork
1001 64 has taken a fork
1001 64 is eating
1001 66 is eating
1001 60 is thinking
1001 60 has taken a fork
1001 60 has taken a fork
1001 60 is eating
1001 68 has taken a fork
1001 68 is eating
1001 22 is eating
1001 82 is eating
1001 76 has taken a fork
1001 76 is eating
1001 28 has taken a fork
1001 28 has taken a fork
1001 28 is eating
1001 58 has taken a fork
1001 58 is eating
1001 18 has taken a fork
1001 18 has taken a fork
1001 18 is eating
1001 49 is sleeping
1001 70 has taken a fork
1001 70 is eating
1001 24 is thinking
1001 24 has taken a fork
1001 24 has taken a fork
1001 24 is eating
1001 40 has taken a fork
1001 40 has taken a fork
1001 40 is eating
1001 34 is thinking
1001 34 has taken a fork
1001 34 has taken a fork
1001 34 is eating
1001 48 has taken a fork
1001 48 has taken a fork
1001 48 is eating
1001 42 is eating
1001 50 has taken a fork
1001 50 is eating
1001 72 has taken a fork
1001 72 is eating
1001 30 has taken a fork
1001 30 is eating
1001 14 has taken a fork
1001 14 has taken a fork
1001 14 is eating
1001 12 is eating
1001 78 has taken a fork
1001 78 has taken a fork
1001 78 is eating
1001 44 has taken a fork
1001 44 has taken a fork
1001 44 is eating
1001 55 is sleeping
1001 79 is sleeping
1002 98 is thinking
1002 109 is sleeping
1002 139 is sleeping
1002 148 is thinking
1002 128 is thinking
1002 125 is sleeping
1002 136 is thinking
1002 133 is sleeping
1002 131 is sleeping
1002 142 is thinking
1002 140 is thinking
1002 114 is thinking
1002 120 is thinking
1002 105 is sleeping
1002 91 is sleeping
1002 103 is sleeping
1002 93 is sleeping
1002 92 is thinking
1002 92 has taken a fork
1002 119 is sleeping
1002 92 has taken a fork
1002 92 is eating
1002 96 is thinking
1002 137 is sleeping
1002 136 has taken a fork
1002 122 is thinking
1002 118 is thinking
1002 118 has taken a fork
1002 111 is sleeping
1002 130 is thinking
1002 130 has taken a fork
1002 89 is sleeping
1002 134 is thinking
1002 97 is sleeping
1002 104 is thinking
1002 104 has taken a fork
1002 104 has taken a fork
1002 104 is eating
1002 149 is sleeping
1002 123 is sleeping
1002 94 is thinking
1002 141 is sleeping
1002 101 is sleeping
1002 126 is thinking
1002 127 is sleeping
1002 113 is sleeping
1002 143 is sleeping
1002 96 has taken a fork
1002 138 is thinking
1002 138 has taken a fork
1002 138 has taken a fork
1002 99 is sleeping
1002 144 is thinking
1002 142 has taken a fork
1002 147 is sleeping
1002 138 is eating
1002 108 is thinking
1002 94 has taken a fork
1002 126 has taken a fork
1002 107 is sleeping
1002 148 has taken a fork
1002 94 has taken a fork
1002 140 has taken a fork
1002 94 is eating
1002 108 has taken a fork
1002 108 has taken a fork
1002 90 is thinking
1002 112 is thinking
1002 96 has taken a fork
1002 95 is sleeping
1002 126 has taken a fork
1002 90 has taken a fork
1002 112 has taken a fork
1002 118 has taken a fork
1002 84 has taken a fork
1002 84 has taken a fork
1002 126 is eating
1002 98 has taken a fork
1002 102 is thinking
1002 142 has taken a fork
1002 114 has taken a fork
1002 84 is eating
1002 117 is sleeping
1002 96 is eating
1002 87 is sleeping
1002 86 is thinking
1002 148 has taken a fork
1002 135 is sleeping
1002 140 has taken a fork
1002 86 has taken a fork
1002 110 is thinking
1002 136 has taken a fork
1002 110 has taken a fork
1002 106 is thinking
1002 110 has taken a fork
1002 86 has taken a fork
1002 110 is eating
1002 98 has taken a fork
1002 142 is eating
1002 122 has taken a fork
1002 88 is thinking
1002 98 is eating
1002 132 is thinking
1002 145 is sleeping
1002 108 is eating
1002 86 is eating
1002 115 is sleeping
1002 85 is sleeping
1002 118 is eating
1002 106 has taken a fork
1002 132 has taken a fork
1002 112 has taken a fork
1002 140 is eating
1002 114 has taken a fork
1002 148 is eating
1002 132 has taken a fork
1002 116 is thinking
1002 114 is eating
1002 116 has taken a fork
1002 116 has taken a fork
1002 116 is eating
1002 122 has taken a fork
1002 132 is eating
1002 112 is eating
1002 122 is eating
1002 102 has taken a fork
1002 102 has taken a fork
1002 102 is eating
1002 134 has taken a fork
1002 134 has taken a fork
1002 134 is eating
1002 88 has taken a fork
1002 88 has taken a fork
1002 88 is eating
1002 136 is eating
1002 90 has taken a fork
1002 90 is eating
1002 121 is sleeping
1002 120 has taken a fork
1002 120 has taken a fork
1002 120 is eating
1002 106 has taken a fork
1002 106 is eating
1002 144 has taken a fork
1002 144 has taken a fork
1002 144 is eating
1002 146 is thinking
1002 146 has taken a fork
1002 146 has taken a fork
1002 146 is eating
1002 100 is thinking
1002 100 has taken a fork
1002 100 has taken a fork
1002 100 is eating
1002 150 is thinking
1002 129 is sleeping
1002 128 has taken a fork
1002 130 has taken a fork
1002 130 is eating
1002 128 has taken a fork
1002 128 is eating
1002 124 is thinking
1002 124 has taken a fork
1002 124 has taken a fork
1002 124 is eating
1003 192 is thinking
1003 154 is thinking
1003 156 is thinking
1003 175 is sleeping
1003 181 is sleeping
1003 162 is thinking
1003 164 is thinking
1003 166 is thinking
1003 158 is thinking
1003 194 is thinking
1003 158 has taken a fork
1003 187 is sleeping
1003 152 is thinking
1003 179 is sleeping
1003 160 is thinking
1003 152 has taken a fork
1003 161 is sleeping
1003 176 is thinking
1003 150 has taken a fork
1003 152 has taken a fork
1003 188 is thinking
1003 152 is eating
1003 188 has taken a fork
1003 188 has taken a fork
1003 188 is eating
1003 166 has taken a fork
1003 173 is sleeping
1003 182 is thinking
1003 182 has taken a fork
1003 182 has taken a fork
1003 182 is eating
1003 177 is sleeping
1003 160 has taken a fork
1003 150 has taken a fork
1003 163 is sleeping
1003 160 has taken a fork
1003 150 is eating
1003 160 is eating
1003 191 is sleeping
1003 190 is thinking
1003 190 has taken a fork
1003 190 has taken a fork
1003 190 is eating
1003 170 is thinking
1003 168 is thinking
1003 172 is thinking
1003 170 has taken a fork
1003 170 has taken a fork
1003 170 is eating
1003 172 has taken a fork
1003 167 is sleeping
1003 153 is sleeping
1003 165 is sleeping
1003 184 is thinking
1003 184 has taken a fork
1003 184 has taken a fork
1003 184 is eating
1003 193 is sleeping
1003 183 is sleeping
1003 155 is sleeping
1003 154 has taken a fork
1003 154 has taken a fork
1003 154 is eating
1003 157 is sleeping
1003 164 has taken a fork
1003 164 has taken a fork
1003 164 is eating
1003 159 is sleeping
1003 178 is thinking
1003 178 has taken a fork
1003 178 has taken a fork
1003 178 is eating
1003 186 is thinking
1003 186 has taken a fork
1003 186 has taken a fork
1003 186 is eating
1003 158 has taken a fork
1003 158 is eating
1003 169 is sleeping
1003 166 has taken a fork
1003 166 is eating
1003 189 is sleeping
1003 176 has taken a fork
1003 176 has taken a fork
1003 176 is eating
1003 192 has taken a fork
1003 192 has taken a fork
1003 192 is eating
1003 171 is sleeping
1003 162 has taken a fork
1003 162 has taken a fork
1003 162 is eating
1003 185 is sleeping
1003 168 has taken a fork
1003 168 has taken a fork
1003 168 is eating
1003 172 has taken a fork
1003 172 is eating
1003 180 is thinking
1003 180 has taken a fork
1003 180 has taken a fork
1003 180 is eating
1003 156 has taken a fork
1003 156 has taken a fork
1003 156 is eating
1003 151 is sleeping
1003 174 is thinking
1003 174 has taken a fork
1003 174 has taken a fork
1003 174 is eating
1200 5 is thinking
1200 7 is thinking
1200 6 is sleeping
1200 7 has taken a fork
1200 199 is sleeping
1200 3 is thinking
1200 197 is sleeping
1200 195 is sleeping
1200 194 has taken a fork
1200 194 has taken a fork
1200 194 is eating
1200 1 is thinking
1200 1 has taken a fork
1200 9 is thinking
1200 198 is thinking
1200 198 has taken a fork
1200 198 has taken a fork
1200 198 is eating
1200 8 is sleeping
1200 2 is sleeping
1200 4 is sleeping
1200 9 has taken a fork
1200 1 has taken a fork
1200 1 is eating
1200 3 has taken a fork
1200 3 has taken a fork
1200 3 is eating
1200 7 has taken a fork
1200 7 is eating
1200 196 is thinking
1200 5 has taken a fork
1200 5 has taken a fork
1200 5 is eating
1200 196 has taken a fork
1200 196 has taken a fork
1200 196 is eating
1201 38 is sleeping
1201 41 is thinking
1201 34 is sleeping
1201 29 is thinking
1201 39 is thinking
1201 39 has taken a fork
1201 54 is sleeping
1201 74 is sleeping
1201 15 is thinking
1201 45 is thinking
1201 72 is sleeping
1201 78 is sleeping
1201 69 is thinking
1201 14 is sleeping
1201 12 is sleeping
1201 49 is thinking
1201 50 is sleeping
1201 11 is thinking
1201 64 is sleeping
1201 17 is thinking
1201 81 is thinking
1201 65 is thinking
1201 60 is sleeping
1201 66 is sleeping
1201 39 has taken a fork
1201 46 is sleeping
1201 73 is thinking
1201 39 is eating
1201 63 is thinking
1201 75 is thinking
1201 26 is sleeping
1201 73 has taken a fork
1201 33 is thinking
1201 75 has taken a fork
1201 71 is thinking
1201 44 is sleeping
1201 61 is thinking
1201 31 is thinking
1201 49 has taken a fork
1201 68 is sleeping
1201 71 has taken a fork
1201 31 has taken a fork
1201 49 has taken a fork
1201 40 is sleeping
1201 71 has taken a fork
1201 47 is thinking
1201 83 is thinking
1201 30 is sleeping
1201 69 has taken a fork
1201 58 is sleeping
1201 47 has taken a fork
1201 42 is sleeping
1201 16 is sleeping
1201 47 has taken a fork
1201 11 has taken a fork
1201 65 has taken a fork
1201 76 is sleeping
1201 53 is thinking
1201 19 is thinking
1201 62 is sleeping
1201 10 is sleeping
1201 61 has taken a fork
1201 19 has taken a fork
1201 53 has taken a fork
1201 63 has taken a fork
1201 61 has taken a fork
1201 43 is thinking
1201 61 is eating
1201 73 has taken a fork
1201 9 has taken a fork
1201 71 is eating
1201 52 is sleeping
1201 9 is eating
1201 47 is eating
1201 27 is thinking
1201 13 is thinking
1201 65 has taken a fork
1201 41 has taken a fork
1201 49 is eating
1201 56 is sleeping
1201 35 is thinking
1201 48 is sleeping
1201 23 is thinking
1201 15 has taken a fork
1201 35 has taken a fork
1201 41 has taken a fork
1201 35 has taken a fork
1201 35 is eating
1201 41 is eating
1201 69 has taken a fork
1201 82 is sleeping
1201 79 is thinking
1201 53 has taken a fork
1201 79 has taken a fork
1201 53 is eating
1201 28 is sleeping
1201 24 is sleeping
1201 43 has taken a fork
1201 21 is thinking
1201 45 has taken a fork
1201 75 has taken a fork
1201 18 is sleeping
1201 25 is thinking
1201 43 has taken a fork
1201 73 is eating
1201 51 is thinking
1201 17 has taken a fork
1201 25 has taken a fork
1201 29 has taken a fork
1201 22 is sleeping
1201 15 has taken a fork
1201 27 has taken a fork
1201 17 has taken a fork
1201 25 has taken a fork
1201 25 is eating
1201 55 is thinking
1201 15 is eating
1201 57 is thinking
1201 83 has taken a fork
1201 13 has taken a fork
1201 70 is sleeping
1201 63 has taken a fork
1201 77 is thinking
1201 69 is eating
1201 75 is eating
1201 65 is eating
1201 63 is eating
1201 29 has taken a fork
1201 20 is sleeping
1201 27 has taken a fork
1201 27 is eating
1201 21 has taken a fork
1201 80 is sleeping
1201 57 has taken a fork
1201 21 has taken a fork
1201 21 is eating
1201 36 is sleeping
1201 57 has taken a fork
1201 43 is eating
1201 67 is thinking
1201 45 has taken a fork
1201 79 has taken a fork
1201 77 has taken a fork
1201 45 is eating
1201 17 is eating
1201 51 has taken a fork
1201 51 has taken a fork
1201 51 is eating
1201 19 has taken a fork
1201 81 has taken a fork
1201 19 is eating
1201 81 has taken a fork
1201 81 is eating
1201 67 has taken a fork
1201 31 has taken a fork
1201 11 has taken a fork
1201 31 is eating
1201 79 is eating
1201 55 has taken a fork
1201 29 is eating
1201 55 has taken a fork
1201 55 is eating
1201 59 is thinking
1201 77 has taken a fork
1201 59 has taken a fork
1201 13 has taken a fork
1201 77 is eating
1201 59 has taken a fork
1201 59 is eating
1201 13 is eating
1201 67 has taken a fork
1201 57 is eating
1201 32 is sleeping
1201 33 has taken a fork
1201 67 is eating
1201 33 has taken a fork
1201 11 is eating
1201 33 is eating
1201 23 has taken a fork
1201 37 is thinking
1201 37 has taken a fork
1201 37 has taken a fork
1201 37 is eating
1201 23 has taken a fork
1201 23 is eating
1202 95 is thinking
1202 88 is sleeping
1202 126 is sleeping
1202 92 is sleeping
1202 104 is sleeping
1202 123 is thinking
1202 115 is thinking
1202 135 is thinking
1202 125 is thinking
1202 132 is sleeping
1202 122 is sleeping
1202 107 is thinking
1202 107 has taken a fork
1202 139 is thinking
1202 142 is sleeping
1202 146 is sleeping
1202 111 is thinking
1202 94 is sleeping
1202 131 is thinking
1202 95 has taken a fork
1202 119 is thinking
1202 127 is thinking
1202 123 has taken a fork
1202 127 has taken a fork
1202 98 is sleeping
1202 84 is sleeping
1202 106 is sleeping
1202 145 is thinking
1202 120 is sleeping
1202 83 has taken a fork
1202 83 is eating
1202 114 is sleeping
1202 143 is thinking
1202 144 is sleeping
1202 97 is thinking
1202 128 is sleeping
1202 85 is thinking
1202 85 has taken a fork
1202 149 is thinking
1202 100 is sleeping
1202 103 is thinking
1202 108 is sleeping
1202 90 is sleeping
1202 138 is sleeping
1202 116 is sleeping
1202 140 is sleeping
1202 115 has taken a fork
1202 115 has taken a fork
1202 115 is eating
1202 148 is sleeping
1202 112 is sleeping
1202 147 is thinking
1202 118 is sleeping
1202 89 is thinking
1202 147 has taken a fork
1202 147 has taken a fork
1202 101 is thinking
1202 139 has taken a fork
1202 143 has taken a fork
1202 123 has taken a fork
1202 99 is thinking
1202 143 has taken a fork
1202 143 is eating
1202 87 is thinking
1202 99 has taken a fork
1202 113 is thinking
1202 110 is sleeping
1202 130 is sleeping
1202 119 has taken a fork
1202 145 has taken a fork
1202 125 has taken a fork
1202 119 has taken a fork
1202 147 is eating
1202 139 has taken a fork
1202 125 has taken a fork
1202 141 is thinking
1202 89 has taken a fork
1202 105 is thinking
1202 129 is thinking
1202 125 is eating
1202 99 has taken a fork
1202 89 has taken a fork
1202 137 is thinking
1202 149 has taken a fork
1202 111 has taken a fork
1202 137 has taken a fork
1202 137 has taken a fork
1202 121 is thinking
1202 127 has taken a fork
1202 111 has taken a fork
1202 111 is eating
1202 97 has taken a fork
1202 137 is eating
1202 123 is eating
1202 99 is eating
1202 96 is sleeping
1202 97 has taken a fork
1202 127 is eating
1202 102 is sleeping
1202 124 is sleeping
1202 134 is sleeping
1202 93 is thinking
1202 139 is eating
1202 95 has taken a fork
1202 119 is eating
1202 141 has taken a fork
1202 103 has taken a fork
1202 91 is thinking
1202 135 has taken a fork
1202 141 has taken a fork
1202 86 is sleeping
1202 117 is thinking
1202 141 is eating
1202 109 is thinking
1202 135 has taken a fork
1202 131 has taken a fork
1202 109 has taken a fork
1202 133 is thinking
1202 145 has taken a fork
1202 136 is sleeping
1202 109 has taken a fork
1202 85 has taken a fork
1202 145 is eating
1202 135 is eating
1202 131 has taken a fork
1202 117 has taken a fork
1202 91 has taken a fork
1202 101 has taken a fork
1202 131 is eating
1202 129 has taken a fork
1202 121 has taken a fork
1202 133 has taken a fork
1202 109 is eating
1202 117 has taken a fork
1202 107 has taken a fork
1202 95 is eating
1202 107 is eating
1202 93 has taken a fork
1202 121 has taken a fork
1202 121 is eating
1202 85 is eating
1202 91 has taken a fork
1202 89 is eating
1202 97 is eating
1202 101 has taken a fork
1202 117 is eating
1202 129 has taken a fork
1202 87 has taken a fork
1202 103 has taken a fork
1202 87 has taken a fork
1202 129 is eating
1202 87 is eating
1202 103 is eating
1202 91 is eating
1202 101 is eating
1202 93 has taken a fork
1202 93 is eating
1202 105 has taken a fork
1202 105 has taken a fork
1202 105 is eating
1202 113 has taken a fork
1202 113 has taken a fork
1202 113 is eating
1202 133 has taken a fork
1202 133 is eating
1203 191 is thinking
1203 156 is sleeping
1203 186 is sleeping
1203 175 is thinking
1203 162 is sleeping
1203 179 is thinking
1203 191 has taken a fork
1203 155 is thinking
1203 181 is thinking
1203 155 has taken a fork
1203 190 is sleeping
1203 166 is sleeping
1203 181 has taken a fork
1203 189 is thinking
1203 154 is sleeping
1203 189 has taken a fork
1203 153 is thinking
1203 180 is sleeping
1203 184 is sleeping
1203 165 is thinking
1203 165 has taken a fork
1203 165 has taken a fork
1203 165 is eating
1203 193 is thinking
1203 193 has taken a fork
1203 182 is sleeping
1203 169 is thinking
1203 170 is sleeping
1203 181 has taken a fork
1203 181 is eating
1203 183 is thinking
1203 183 has taken a fork
1203 183 has taken a fork
1203 183 is eating
1203 150 is sleeping
1203 157 is thinking
1203 188 is sleeping
1203 175 has taken a fork
1203 168 is sleeping
1203 158 is sleeping
1203 164 is sleeping
1203 152 is sleeping
1203 169 has taken a fork
1203 151 is thinking
1203 169 has taken a fork
1203 161 is thinking
1203 159 is thinking
1203 169 is eating
1203 178 is sleeping
1203 192 is sleeping
1203 153 has taken a fork
1203 173 is thinking
1203 153 has taken a fork
1203 171 is thinking
1203 153 is eating
1203 163 is thinking
1203 172 is sleeping
1203 163 has taken a fork
1203 155 has taken a fork
1203 155 is eating
1203 191 has taken a fork
1203 187 is thinking
1203 191 is eating
1203 157 has taken a fork
1203 187 has taken a fork
1203 160 is sleeping
1203 161 has taken a fork
1203 161 has taken a fork
1203 161 is eating
1203 177 is thinking
1203 151 has taken a fork
1203 177 has taken a fork
1203 177 has taken a fork
1203 151 has taken a fork
1203 177 is eating
1203 159 has taken a fork
1203 185 is thinking
1203 159 has taken a fork
1203 159 is eating
1203 167 is thinking
1203 173 has taken a fork
1203 171 has taken a fork
1203 173 has taken a fork
1203 163 has taken a fork
1203 171 has taken a fork
1203 173 is eating
1203 163 is eating
1203 171 is eating
1203 176 is sleeping
1203 149 has taken a fork
1203 189 has taken a fork
1203 185 has taken a fork
1203 151 is eating
1203 185 has taken a fork
1203 149 is eating
1203 175 has taken a fork
1203 157 has taken a fork
1203 175 is eating
1203 157 is eating
1203 174 is sleeping
1203 167 has taken a fork
1203 189 is eating
1203 185 is eating
1203 167 has taken a fork
1203 167 is eating
1203 187 has taken a fork
1203 187 is eating
1203 179 has taken a fork
1203 179 has taken a fork
1203 179 is eating
1400 1 is sleeping
1400 8 is thinking
1400 7 is sleeping
1400 4 is thinking
1400 196 is sleeping
1400 197 is thinking
1400 6 is thinking
1400 2 is thinking
1400 6 has taken a fork
1400 194 is sleeping
1400 3 is sleeping
1400 197 has taken a fork
1400 2 has taken a fork
1400 193 has taken a fork
1400 193 is eating
1400 2 has taken a fork
1400 2 is eating
1400 199 is thinking
1400 197 has taken a fork
1400 197 is eating
1400 198 is sleeping
1400 5 is sleeping
1400 4 has taken a fork
1400 6 has taken a fork
1400 6 is eating
1400 4 has taken a fork
1400 4 is eating
1400 195 is thinking
1400 195 has taken a fork
1400 195 has taken a fork
1400 195 is eating
1400 199 has taken a fork
1400 199 has taken a fork
1400 199 is eating
1401 55 is sleeping
1401 43 is sleeping
1401 29 is sleeping
1401 40 is thinking
1401 64 is thinking
1401 73 is sleeping
1401 80 is thinking
1401 14 is thinking
1401 44 is thinking
1401 62 is thinking
1401 78 is thinking
1401 21 is sleeping
1401 17 is sleeping
1401 9 is sleeping
1401 13 is sleeping
1401 37 is sleeping
1401 8 has taken a fork
1401 8 has taken a fork
1401 8 is eating
1401 46 is thinking
1401 65 is sleeping
1401 61 is sleeping
1401 60 is thinking
1401 60 has taken a fork
1401 70 is thinking
1401 72 is thinking
1401 24 is thinking
1401 68 is thinking
1401 50 is thinking
1401 31 is sleeping
1401 72 has taken a fork
1401 77 is sleeping
1401 64 has taken a fork
1401 67 is sleeping
1401 10 is thinking
1401 27 is sleeping
1401 38 is thinking
1401 76 is thinking
1401 19 is sleeping
1401 49 is sleeping
1401 11 is sleeping
1401 34 is thinking
1401 10 has taken a fork
1401 75 is sleeping
1401 15 is sleeping
1401 10 has taken a fork
1401 47 is sleeping
1401 10 is eating
1401 79 is sleeping
1401 66 is thinking
1401 42 is thinking
1401 45 is sleeping
1401 56 is thinking
1401 59 is sleeping
1401 14 has taken a fork
1401 52 is thinking
1401 14 has taken a fork
1401 35 is sleeping
1401 53 is sleeping
1401 66 has taken a fork
1401 56 has taken a fork
1401 48 is thinking
1401 57 is sleeping
1401 46 has taken a fork
1401 46 has taken a fork
1401 46 is eating
1401 44 has taken a fork
1401 44 has taken a fork
1401 44 is eating
1401 52 has taken a fork
1401 52 has taken a fork
1401 52 is eating
1401 22 is thinking
1401 22 has taken a fork
1401 22 has taken a fork
1401 22 is eating
1401 56 has taken a fork
1401 56 is eating
1401 60 has taken a fork
1401 60 is eating
1401 39 is sleeping
1401 66 has taken a fork
1401 66 is eating
1401 76 has taken a fork
1401 76 has taken a fork
1401 76 is eating
1401 20 is thinking
1401 20 has taken a fork
1401 20 has taken a fork
1401 20 is eating
1401 38 has taken a fork
1401 38 has taken a fork
1401 38 is eating
1401 41 is sleeping
1401 14 is eating
1401 58 is thinking
1401 58 has taken a fork
1401 58 has taken a fork
1401 58 is eating
1401 54 is thinking
1401 54 has taken a fork
1401 54 has taken a fork
1401 54 is eating
1401 18 is thinking
1401 18 has taken a fork
1401 18 has taken a fork
1401 18 is eating
1401 23 is sleeping
1401 25 is sleeping
1401 63 is sleeping
1401 16 is thinking
1401 16 has taken a fork
1401 16 has taken a fork
1401 16 is eating
1401 36 is thinking
1401 36 has taken a fork
1401 36 has taken a fork
1401 36 is eating
1401 30 is thinking
1401 30 has taken a fork
1401 30 has taken a fork
1401 30 is eating
1401 26 is thinking
1401 26 has taken a fork
1401 26 has taken a fork
1401 26 is eating
1401 24 has taken a fork
1401 24 has taken a fork
1401 24 is eating
1401 64 has taken a fork
1401 64 is eating
1401 32 is thinking
1401 32 has taken a fork
1401 32 has taken a fork
1401 32 is eating
1401 40 has taken a fork
1401 40 has taken a fork
1401 40 is eating
1401 34 has taken a fork
1401 34 has taken a fork
1401 34 is eating
1401 33 is sleeping
1401 69 is sleeping
1401 42 has taken a fork
1401 42 has taken a fork
1401 42 is eating
1401 48 has taken a fork
1401 48 has taken a fork
1401 48 is eating
1401 81 is sleeping
1401 28 is thinking
1401 28 has taken a fork
1401 28 has taken a fork
1401 28 is eating
1401 12 is thinking
1401 12 has taken a fork
1401 12 has taken a fork
1401 12 is eating
1401 71 is sleeping
1401 70 has taken a fork
1401 70 has taken a fork
1401 70 is eating
1401 62 has taken a fork
1401 62 has taken a fork
1401 62 is eating
1401 82 is thinking
1401 72 has taken a fork
1401 72 is eating
1401 68 has taken a fork
1401 68 has taken a fork
1401 68 is eating
1401 74 is thinking
1401 74 has taken a fork
1401 74 has taken a fork
1401 74 is eating
1401 51 is sleeping
1401 80 has taken a fork
1401 80 has taken a fork
1401 80 is eating
1401 50 has taken a fork
1401 50 has taken a fork
1401 50 is eating
1401 78 has taken a fork
1401 78 has taken a fork
1401 78 is eating
1402 129 is sleeping
1402 139 is sleeping
1402 97 is sleeping
1402 128 is thinking
1402 128 has taken a fork
1402 132 is thinking
1402 146 is thinking
1402 144 is thinking
1402 110 is thinking
1402 94 is thinking
1402 108 is thinking
1402 102 is thinking
1402 142 is thinking
1402 140 is thinking
1402 136 is thinking
1402 121 is sleeping
1402 99 is sleeping
1402 134 is thinking
1402 134 has taken a fork
1402 114 is thinking
1402 124 is thinking
1402 111 is sleeping
1402 118 is thinking
1402 92 is thinking
1402 112 is thinking
1402 135 is sleeping
1402 120 is thinking
1402 120 has taken a fork
1402 110 has taken a fork
1402 105 is sleeping
1402 100 is thinking
1402 133 is sleeping
1402 132 has taken a fork
1402 134 has taken a fork
1402 134 is eating
1402 89 is sleeping
1402 94 has taken a fork
1402 101 is sleeping
1402 84 is thinking
1402 122 is thinking
1402 91 is sleeping
1402 116 is thinking
1402 87 is sleeping
1402 147 is sleeping
1402 131 is sleeping
1402 113 is sleeping
1402 100 has taken a fork
1402 94 has taken a fork
1402 103 is sleeping
1402 93 is sleeping
1402 124 has taken a fork
1402 137 is sleeping
1402 100 has taken a fork
1402 110 has taken a fork
1402 114 has taken a fork
1402 100 is eating
1402 112 has taken a fork
1402 92 has taken a fork
1402 96 is thinking
1402 92 has taken a fork
1402 132 has taken a fork
1402 136 has taken a fork
1402 112 has taken a fork
1402 136 has taken a fork
1402 138 is thinking
1402 136 is eating
1402 138 has taken a fork
1402 138 has taken a fork
1402 138 is eating
1402 96 has taken a fork
1402 120 has taken a fork
1402 141 is sleeping
1402 120 is eating
1402 95 is sleeping
1402 140 has taken a fork
1402 109 is sleeping
1402 132 is eating
1402 86 is thinking
1402 86 has taken a fork
1402 112 is eating
1402 123 is sleeping
1402 108 has taken a fork
1402 117 is sleeping
1402 108 has taken a fork
1402 108 is eating
1402 92 is eating
1402 102 has taken a fork
1402 102 has taken a fork
1402 102 is eating
1402 130 is thinking
1402 130 has taken a fork
1402 130 has taken a fork
1402 130 is eating
1402 118 has taken a fork
1402 125 is sleeping
1402 118 has taken a fork
1402 148 is thinking
1402 107 is sleeping
1402 106 is thinking
1402 118 is eating
1402 126 is thinking
1402 146 has taken a fork
1402 144 has taken a fork
1402 126 has taken a fork
1402 143 is sleeping
1402 144 has taken a fork
1402 144 is eating
1402 126 has taken a fork
1402 124 has taken a fork
1402 126 is eating
1402 94 is eating
1402 124 is eating
1402 85 is sleeping
1402 142 has taken a fork
1402 146 has taken a fork
1402 146 is eating
1402 142 has taken a fork
1402 128 has taken a fork
1402 83 is sleeping
1402 114 has taken a fork
1402 128 is eating
1402 114 is eating
1402 116 has taken a fork
1402 84 has taken a fork
1402 115 is sleeping
1402 116 has taken a fork
1402 84 has taken a fork
1402 116 is eating
1402 84 is eating
1402 82 has taken a fork
1402 140 has taken a fork
1402 82 has taken a fork
1402 86 has taken a fork
1402 82 is eating
1402 106 has taken a fork
1402 145 is sleeping
1402 106 has taken a fork
1402 106 is eating
1402 127 is sleeping
1402 110 is eating
1402 142 is eating
1402 90 is thinking
1402 88 is thinking
1402 90 has taken a fork
1402 96 has taken a fork
1402 88 has taken a fork
1402 90 has taken a fork
1402 88 has taken a fork
1402 96 is eating
1402 119 is sleeping
1402 86 is eating
1402 140 is eating
1402 88 is eating
1402 104 is thinking
1402 90 is eating
1402 98 is thinking
1402 98 has taken a fork
1402 98 has taken a fork
1402 98 is eating
1402 122 has taken a fork
1402 122 has taken a fork
1402 122 is eating
1402 104 has taken a fork
1402 104 has taken a fork
1402 104 is eating
1403 186 is thinking
1403 189 is sleeping
1403 170 is thinking
1403 161 is sleeping
1403 159 is sleeping
1403 180 is thinking
1403 154 is thinking
1403 174 is thinking
1403 177 is sleeping
1403 151 is sleeping
1403 153 is sleeping
1403 158 is thinking
1403 158 has taken a fork
1403 160 is thinking
1403 160 has taken a fork
1403 160 has taken a fork
1403 164 is thinking
1403 187 is sleeping
1403 166 is thinking
1403 155 is sleeping
1403 163 is sleeping
1403 160 is eating
1403 180 has taken a fork
1403 152 is thinking
1403 154 has taken a fork
1403 164 has taken a fork
1403 174 has taken a fork
1403 165 is sleeping
1403 180 has taken a fork
1403 154 has taken a fork
1403 154 is eating
1403 149 is sleeping
1403 188 is thinking
1403 182 is thinking
1403 150 is thinking
1403 157 is sleeping
1403 178 is thinking
1403 178 has taken a fork
1403 158 has taken a fork
1403 178 has taken a fork
1403 178 is eating
1403 174 has taken a fork
1403 158 is eating
1403 156 is thinking
1403 164 has taken a fork
1403 156 has taken a fork
1403 156 has taken a fork
1403 152 has taken a fork
1403 181 is sleeping
1403 152 has taken a fork
1403 172 is thinking
1403 152 is eating
1403 173 is sleeping
1403 190 is thinking
1403 179 is sleeping
1403 192 is thinking
1403 169 is sleeping
1403 188 has taken a fork
1403 186 has taken a fork
1403 168 is thinking
1403 186 has taken a fork
1403 180 is eating
1403 150 has taken a fork
1403 186 is eating
1403 150 has taken a fork
1403 188 has taken a fork
1403 191 is sleeping
1403 184 is thinking
1403 156 is eating
1403 184 has taken a fork
1403 175 is sleeping
1403 172 has taken a fork
1403 164 is eating
1403 168 has taken a fork
1403 185 is sleeping
1403 188 is eating
1403 174 is eating
1403 148 has taken a fork
1403 148 has taken a fork
1403 148 is eating
1403 150 is eating
1403 190 has taken a fork
1403 190 has taken a fork
1403 190 is eating
1403 162 is thinking
1403 162 has taken a fork
1403 162 has taken a fork
1403 162 is eating
1403 176 is thinking
1403 176 has taken a fork
1403 176 has taken a fork
1403 176 is eating
1403 171 is sleeping
1403 167 is sleeping
1403 183 is sleeping
1403 170 has taken a fork
1403 170 has taken a fork
1403 170 is eating
1403 182 has taken a fork
1403 182 has taken a fork
1403 182 is eating
1403 166 has taken a fork
1403 166 has taken a fork
1403 166 is eating
1403 172 has taken a fork
1403 172 is eating
1403 184 has taken a fork
1403 184 is eating
1403 168 has taken a fork
1403 168 is eating
1600 3 is thinking
1600 4 is sleeping
1600 199 is sleeping
1600 6 is sleeping
1600 1 is thinking
1600 195 is sleeping
1600 197 is sleeping
1600 7 is thinking
1600 196 is thinking
1600 196 has taken a fork
1600 7 has taken a fork
1600 198 is thinking
1600 198 has taken a fork
1600 198 has taken a fork
1600 198 is eating
1600 1 has taken a fork
1600 194 is thinking
1600 194 has taken a fork
1600 194 has taken a fork
1600 5 is thinking
1600 196 has taken a fork
1600 196 is eating
1600 192 has taken a fork
1600 194 is eating
1600 2 is sleeping
1600 192 has taken a fork
1600 3 has taken a fork
1600 193 is sleeping
1600 5 has taken a fork
1600 5 has taken a fork
1600 5 is eating
1600 3 has taken a fork
1600 1 has taken a fork
1600 1 is eating
1600 192 is eating
1600 3 is eating
1601 80 is sleeping
1601 81 is thinking
1601 81 has taken a fork
1601 67 is thinking
1601 62 is sleeping
1601 57 is thinking
1601 53 is thinking
1601 75 is thinking
1601 47 is thinking
1601 18 is sleeping
1601 70 is sleeping
1601 64 is sleeping
1601 19 is thinking
1601 14 is sleeping
1601 42 is sleeping
1601 22 is sleeping
1601 28 is sleeping
1601 38 is sleeping
1601 32 is sleeping
1601 40 is sleeping
1601 13 is thinking
1601 78 is sleeping
1601 16 is sleeping
1601 21 is thinking
1601 55 is thinking
1601 52 is sleeping
1601 37 is thinking
1601 33 is thinking
1601 39 is thinking
1601 59 is thinking
1601 30 is sleeping
1601 77 is thinking
1601 8 is sleeping
1601 12 is sleeping
1601 43 is thinking
1601 73 is thinking
1601 73 has taken a fork
1601 19 has taken a fork
1601 11 is thinking
1601 17 is thinking
1601 39 has taken a fork
1601 44 is sleeping
1601 51 is thinking
1601 72 is sleeping
1601 46 is sleeping
1601 43 has taken a fork
1601 43 has taken a fork
1601 43 is eating
1601 25 is thinking
1601 76 is sleeping
1601 45 is thinking
1601 45 has taken a fork
1601 45 has taken a fork
1601 35 is thinking
1601 50 is sleeping
1601 36 is sleeping
1601 15 is thinking
1601 75 has taken a fork
1601 74 is sleeping
1601 15 has taken a fork
1601 51 has taken a fork
1601 75 has taken a fork
1601 68 is sleeping
1601 37 has taken a fork
1601 73 has taken a fork
1601 75 is eating
1601 73 is eating
1601 37 has taken a fork
1601 49 is thinking
1601 11 has taken a fork
1601 48 is sleeping
1601 56 is sleeping
1601 55 has taken a fork
1601 11 has taken a fork
1601 24 is sleeping
1601 63 is thinking
1601 47 has taken a fork
1601 37 is eating
1601 63 has taken a fork
1601 23 is thinking
1601 61 is thinking
1601 10 is sleeping
1601 65 is thinking
1601 23 has taken a fork
1601 55 has taken a fork
1601 23 has taken a fork
1601 23 is eating
1601 55 is eating
1601 7 has taken a fork
1601 65 has taken a fork
1601 11 is eating
1601 35 has taken a fork
1601 35 has taken a fork
1601 34 is sleeping
1601 65 has taken a fork
1601 35 is eating
1601 59 has taken a fork
1601 33 has taken a fork
1601 26 is sleeping
1601 65 is eating
1601 33 has taken a fork
1601 33 is eating
1601 39 has taken a fork
1601 31 is thinking
1601 21 has taken a fork
1601 57 has taken a fork
1601 39 is eating
1601 25 has taken a fork
1601 31 has taken a fork
1601 60 is sleeping
1601 49 has taken a fork
1601 51 has taken a fork
1601 53 has taken a fork
1601 15 has taken a fork
1601 21 has taken a fork
1601 25 has taken a fork
1601 29 is thinking
1601 53 has taken a fork
1601 53 is eating
1601 47 has taken a fork
1601 61 has taken a fork
1601 25 is eating
1601 29 has taken a fork
1601 29 has taken a fork
1601 29 is eating
1601 13 has taken a fork
1601 13 has taken a fork
1601 13 is eating
1601 47 is eating
1601 63 has taken a fork
1601 63 is eating
1601 45 is eating
1601 19 has taken a fork
1601 19 is eating
1601 71 is thinking
1601 71 has taken a fork
1601 71 has taken a fork
1601 71 is eating
1601 77 has taken a fork
1601 77 has taken a fork
1601 77 is eating
1601 27 is thinking
1601 27 has taken a fork
1601 27 has taken a fork
1601 27 is eating
1601 41 is thinking
1601 41 has taken a fork
1601 41 has taken a fork
1601 41 is eating
1601 79 is thinking
1601 79 has taken a fork
1601 79 has taken a fork
1601 79 is eating
1601 21 is eating
1601 59 has taken a fork
1601 59 is eating
1601 66 is sleeping
1601 54 is sleeping
1601 15 is eating
1601 61 has taken a fork
1601 61 is eating
1601 49 has taken a fork
1601 49 is eating
1601 7 is eating
1601 69 is thinking
1601 69 has taken a fork
1601 69 has taken a fork
1601 69 is eating
1601 17 has taken a fork
1601 17 has taken a fork
1601 17 is eating
1601 51 is eating
1601 67 has taken a fork
1601 67 has taken a fork
1601 67 is eating
1601 9 is thinking
1601 9 has taken a fork
1601 9 has taken a fork
1601 9 is eating
1601 57 has taken a fork
1601 57 is eating
1601 31 has taken a fork
1601 31 is eating
1601 58 is sleeping
1601 20 is sleeping
1602 103 is thinking
1602 140 is sleeping
1602 85 is thinking
1602 104 is sleeping
1602 113 is thinking
1602 121 is thinking
1602 144 is sleeping
1602 95 is thinking
1602 96 is sleeping
1602 143 is thinking
1602 112 is sleeping
1602 84 is sleeping
1602 107 is thinking
1602 145 is thinking
1602 111 is thinking
1602 85 has taken a fork
1602 133 is thinking
1602 123 is thinking
1602 119 is thinking
1602 145 has taken a fork
1602 89 is thinking
1602 113 has taken a fork
1602 117 is thinking
1602 98 is sleeping
1602 90 is sleeping
1602 115 is thinking
1602 115 has taken a fork
1602 116 is sleeping
1602 115 has taken a fork
1602 146 is sleeping
1602 147 is thinking
1602 115 is eating
1602 117 has taken a fork
1602 102 is sleeping
1602 83 is thinking
1602 147 has taken a fork
1602 130 is sleeping
1602 88 is sleeping
1602 110 is sleeping
1602 99 is thinking
1602 137 is thinking
1602 139 is thinking
1602 86 is sleeping
1602 118 is sleeping
1602 128 is sleeping
1602 141 is thinking
1602 139 has taken a fork
1602 91 is thinking
1602 95 has taken a fork
1602 141 has taken a fork
1602 129 is thinking
1602 129 has taken a fork
1602 95 has taken a fork
1602 127 is thinking
1602 95 is eating
1602 91 has taken a fork
1602 82 is sleeping
1602 91 has taken a fork
1602 106 is sleeping
1602 134 is sleeping
1602 135 is thinking
1602 122 is sleeping
1602 135 has taken a fork
1602 109 is thinking
1602 111 has taken a fork
1602 99 has taken a fork
1602 133 has taken a fork
1602 133 has taken a fork
1602 133 is eating
1602 92 is sleeping
1602 91 is eating
1602 101 is thinking
1602 94 is sleeping
1602 131 is thinking
1602 120 is sleeping
1602 83 has taken a fork
1602 83 has taken a fork
1602 105 is thinking
1602 117 has taken a fork
1602 126 is sleeping
1602 129 has taken a fork
1602 142 is sleeping
1602 111 has taken a fork
1602 83 is eating
1602 113 has taken a fork
1602 103 has taken a fork
1602 100 is sleeping
1602 127 has taken a fork
1602 108 is sleeping
1602 124 is sleeping
1602 141 has taken a fork
1602 103 has taken a fork
1602 117 is eating
1602 127 has taken a fork
1602 129 is eating
1602 103 is eating
1602 138 is sleeping
1602 141 is eating
1602 132 is sleeping
1602 89 has taken a fork
1602 114 is sleeping
1602 145 has taken a fork
1602 111 is eating
1602 127 is eating
1602 89 has taken a fork
1602 109 has taken a fork
1602 89 is eating
1602 135 has taken a fork
1602 125 is thinking
1602 87 is thinking
1602 93 is thinking
1602 107 has taken a fork
1602 107 has taken a fork
1602 123 has taken a fork
1602 125 has taken a fork
1602 93 has taken a fork
1602 97 is thinking
1602 125 has taken a fork
1602 121 has taken a fork
1602 93 has taken a fork
1602 145 is eating
1602 93 is eating
1602 125 is eating
1602 101 has taken a fork
1602 105 has taken a fork
1602 105 has taken a fork
1602 105 is eating
1602 109 has taken a fork
1602 109 is eating
1602 99 has taken a fork
1602 99 is eating
1602 113 is eating
1602 123 has taken a fork
1602 123 is eating
1602 87 has taken a fork
1602 87 has taken a fork
1602 87 is eating
1602 97 has taken a fork
1602 97 has taken a fork
1602 97 is eating
1602 121 has taken a fork
1602 121 is eating
1602 119 has taken a fork
1602 119 has taken a fork
1602 119 is eating
1602 131 has taken a fork
1602 131 has taken a fork
1602 131 is eating
1602 143 has taken a fork
1602 143 has taken a fork
1602 143 is eating
1602 137 has taken a fork
1602 137 has taken a fork
1602 137 is eating
1602 81 has taken a fork
1602 81 is eating
1602 136 is sleeping
1602 135 is eating
1602 139 has taken a fork
1602 139 is eating
1602 101 has taken a fork
1602 101 is eating
1602 85 has taken a fork
1602 85 is eating
1602 107 is eating
1603 156 is sleeping
1603 151 is thinking
1603 188 is sleeping
1603 190 is sleeping
1603 150 is sleeping
1603 185 is thinking
1603 191 is thinking
1603 189 is thinking
1603 151 has taken a fork
1603 189 has taken a fork
1603 191 has taken a fork
1603 173 is thinking
1603 159 is thinking
1603 165 is thinking
1603 185 has taken a fork
1603 169 is thinking
1603 183 is thinking
1603 164 is sleeping
1603 180 is sleeping
1603 163 is thinking
1603 152 is sleeping
1603 158 is sleeping
1603 148 is sleeping
1603 187 is thinking
1603 165 has taken a fork
1603 157 is thinking
1603 177 is thinking
1603 147 has taken a fork
1603 147 is eating
1603 161 is thinking
1603 153 is thinking
1603 157 has taken a fork
1603 165 has taken a fork
1603 166 is sleeping
1603 189 has taken a fork
1603 159 has taken a fork
1603 153 has taken a fork
1603 162 is sleeping
1603 189 is eating
1603 182 is sleeping
1603 157 has taken a fork
1603 157 is eating
1603 154 is sleeping
1603 183 has taken a fork
1603 155 is thinking
1603 178 is sleeping
1603 169 has taken a fork
1603 185 has taken a fork
1603 185 is eating
1603 181 is thinking
1603 151 has taken a fork
1603 168 is sleeping
1603 151 is eating
1603 183 has taken a fork
1603 153 has taken a fork
1603 186 is sleeping
1603 153 is eating
1603 183 is eating
1603 165 is eating
1603 184 is sleeping
1603 175 is thinking
1603 163 has taken a fork
1603 155 has taken a fork
1603 163 has taken a fork
1603 163 is eating
1603 155 has taken a fork
1603 155 is eating
1603 187 has taken a fork
1603 187 has taken a fork
1603 187 is eating
1603 179 is thinking
1603 181 has taken a fork
1603 181 has taken a fork
1603 181 is eating
1603 179 has taken a fork
1603 179 has taken a fork
1603 179 is eating
1603 167 is thinking
1603 167 has taken a fork
1603 167 has taken a fork
1603 167 is eating
1603 160 is sleeping
1603 171 is thinking
1603 172 is sleeping
1603 149 is thinking
1603 159 has taken a fork
1603 170 is sleeping
1603 177 has taken a fork
1603 159 is eating
1603 174 is sleeping
1603 171 has taken a fork
1603 173 has taken a fork
1603 149 has taken a fork
1603 171 has taken a fork
1603 149 has taken a fork
1603 176 is sleeping
1603 161 has taken a fork
1603 169 has taken a fork
1603 171 is eating
1603 161 has taken a fork
1603 161 is eating
1603 149 is eating
1603 173 has taken a fork
1603 169 is eating
1603 177 has taken a fork
1603 177 is eating
1603 175 has taken a fork
1603 175 has taken a fork
1603 175 is eating
1603 173 is eating
1800 5 is sleeping
1800 193 is thinking
1800 3 is sleeping
1800 195 is thinking
1800 198 is sleeping
1800 196 is sleeping
1800 194 is sleeping
1800 6 is thinking
1800 2 is thinking
1800 2 has taken a fork
1800 2 has taken a fork
1800 2 is eating
1800 199 is thinking
1800 199 has taken a fork
1800 199 has taken a fork
1800 199 is eating
1800 1 is sleeping
1800 197 is thinking
1800 197 has taken a fork
1800 197 has taken a fork
1800 197 is eating
1800 192 is sleeping
1800 193 has taken a fork
1800 191 has taken a fork
1800 191 is eating
1800 193 has taken a fork
1800 193 is eating
1800 4 is thinking
1800 195 has taken a fork
1800 4 has taken a fork
1800 195 has taken a fork
1800 195 is eating
1800 4 has taken a fork
1800 4 is eating
1801 23 is sleeping
1801 68 is thinking
1801 42 is thinking
1801 31 is sleeping
1801 49 is sleeping
1801 10 is thinking
1801 61 is sleeping
1801 63 is sleeping
1801 76 is thinking
1801 10 has taken a fork
1801 44 is thinking
1801 37 is sleeping
1801 80 is thinking
1801 55 is sleeping
1801 8 is thinking
1801 10 has taken a fork
1801 17 is sleeping
1801 74 is thinking
1801 8 has taken a fork
1801 52 is thinking
1801 39 is sleeping
1801 8 has taken a fork
1801 60 is thinking
1801 71 is sleeping
1801 12 is thinking
1801 20 is thinking
1801 60 has taken a fork
1801 50 is thinking
1801 53 is sleeping
1801 57 is sleeping
1801 33 is sleeping
1801 21 is sleeping
1801 6 has taken a fork
1801 24 is thinking
1801 24 has taken a fork
1801 24 has taken a fork
1801 54 is thinking
1801 30 is thinking
1801 65 is sleeping
1801 14 is thinking
1801 19 is sleeping
1801 46 is thinking
1801 27 is sleeping
1801 30 has taken a fork
1801 60 has taken a fork
1801 7 is sleeping
1801 60 is eating
1801 70 is thinking
1801 18 is thinking
1801 18 has taken a fork
1801 18 has taken a fork
1801 69 is sleeping
1801 32 is thinking
1801 32 has taken a fork
1801 43 is sleeping
1801 11 is sleeping
1801 66 is thinking
1801 56 is thinking
1801 77 is sleeping
1801 56 has taken a fork
1801 38 is thinking
1801 13 is sleeping
1801 78 is thinking
1801 78 has taken a fork
1801 54 has taken a fork
1801 38 has taken a fork
1801 48 is thinking
1801 64 is thinking
1801 48 has taken a fork
1801 45 is sleeping
1801 16 is thinking
1801 51 is sleeping
1801 48 has taken a fork
1801 22 is thinking
1801 41 is sleeping
1801 16 has taken a fork
1801 15 is sleeping
1801 54 has taken a fork
1801 20 has taken a fork
1801 48 is eating
1801 34 is thinking
1801 76 has taken a fork
1801 73 is sleeping
1801 46 has taken a fork
1801 32 has taken a fork
1801 79 is sleeping
1801 32 is eating
1801 42 has taken a fork
1801 66 has taken a fork
1801 38 has taken a fork
1801 67 is sleeping
1801 40 is thinking
1801 44 has taken a fork
1801 20 has taken a fork
1801 40 has taken a fork
1801 36 is thinking
1801 78 has taken a fork
1801 54 is eating
1801 40 has taken a fork
1801 44 has taken a fork
1801 30 has taken a fork
1801 9 is sleeping
1801 68 has taken a fork
1801 59 is sleeping
1801 38 is eating
1801 28 is thinking
1801 52 has taken a fork
1801 68 has taken a fork
1801 22 has taken a fork
1801 6 has taken a fork
1801 22 has taken a fork
1801 50 has taken a fork
1801 29 is sleeping
1801 26 is thinking
1801 28 has taken a fork
1801 78 is eating
1801 64 has taken a fork
1801 26 has taken a fork
1801 30 is eating
1801 20 is eating
1801 56 has taken a fork
1801 64 has taken a fork
1801 26 has taken a fork
1801 68 is eating
1801 56 is eating
1801 26 is eating
1801 6 is eating
1801 47 is sleeping
1801 44 is eating
1801 14 has taken a fork
1801 74 has taken a fork
1801 74 has taken a fork
1801 74 is eating
1801 72 is thinking
1801 70 has taken a fork
1801 14 has taken a fork
1801 16 has taken a fork
1801 70 has taken a fork
1801 14 is eating
1801 10 is eating
1801 70 is eating
1801 58 is thinking
1801 40 is eating
1801 58 has taken a fork
1801 58 has taken a fork
1801 16 is eating
1801 42 has taken a fork
1801 64 is eating
1801 76 has taken a fork
1801 18 is eating
1801 42 is eating
1801 24 is eating
1801 76 is eating
1801 72 has taken a fork
1801 12 has taken a fork
1801 22 is eating
1801 46 has taken a fork
1801 58 is eating
1801 46 is eating
1801 8 is eating
1801 36 has taken a fork
1801 12 has taken a fork
1801 36 has taken a fork
1801 36 is eating
1801 52 has taken a fork
1801 62 is thinking
1801 52 is eating
1801 62 has taken a fork
1801 62 has taken a fork
1801 62 is eating
1801 34 has taken a fork
1801 34 has taken a fork
1801 50 has taken a fork
1801 50 is eating
1801 28 has taken a fork
1801 12 is eating
1801 66 has taken a fork
1801 25 is sleeping
1801 72 has taken a fork
1801 35 is sleeping
1801 28 is eating
1801 75 is sleeping
1801 66 is eating
1801 72 is eating
1801 34 is eating
1802 134 is thinking
1802 86 is thinking
1802 94 is thinking
1802 105 is sleeping
1802 94 has taken a fork
1802 94 has taken a fork
1802 94 is eating
1802 133 is sleeping
1802 90 is thinking
1802 108 is thinking
1802 108 has taken a fork
1802 90 has taken a fork
1802 90 has taken a fork
1802 90 is eating
1802 138 is thinking
1802 119 is sleeping
1802 138 has taken a fork
1802 125 is sleeping
1802 142 is thinking
1802 92 is thinking
1802 128 is thinking
1802 100 is thinking
1802 95 is sleeping
1802 128 has taken a fork
1802 141 is sleeping
1802 111 is sleeping
1802 81 is sleeping
1802 99 is sleeping
1802 106 is thinking
1802 126 is thinking
1802 120 is thinking
1802 126 has taken a fork
1802 126 has taken a fork
1802 126 is eating
1802 88 is thinking
1802 143 is sleeping
1802 101 is sleeping
1802 83 is sleeping
1802 82 is thinking
1802 117 is sleeping
1802 130 is thinking
1802 107 is sleeping
1802 124 is thinking
1802 106 has taken a fork
1802 124 has taken a fork
1802 134 has taken a fork
1802 124 has taken a fork
1802 124 is eating
1802 106 has taken a fork
1802 89 is sleeping
1802 106 is eating
1802 97 is sleeping
1802 87 is sleeping
1802 98 is thinking
1802 98 has taken a fork
1802 98 has taken a fork
1802 86 has taken a fork
1802 86 has taken a fork
1802 86 is eating
1802 122 is thinking
1802 123 is sleeping
1802 122 has taken a fork
1802 122 has taken a fork
1802 122 is eating
1802 131 is sleeping
1802 145 is sleeping
1802 137 is sleeping
1802 109 is sleeping
1802 113 is sleeping
1802 84 is thinking
1802 84 has taken a fork
1802 84 has taken a fork
1802 84 is eating
1802 136 is thinking
1802 136 has taken a fork
1802 136 has taken a fork
1802 136 is eating
1802 114 is thinking
1802 114 has taken a fork
1802 114 has taken a fork
1802 114 is eating
1802 96 is thinking
1802 96 has taken a fork
1802 96 has taken a fork
1802 96 is eating
1802 139 is sleeping
1802 140 is thinking
1802 140 has taken a fork
1802 140 has taken a fork
1802 140 is eating
1802 132 is thinking
1802 132 has taken a fork
1802 132 has taken a fork
1802 132 is eating
1802 110 is thinking
1802 110 has taken a fork
1802 110 has taken a fork
1802 110 is eating
1802 138 has taken a fork
1802 138 is eating
1802 92 has taken a fork
1802 92 has taken a fork
1802 92 is eating
1802 142 has taken a fork
1802 142 has taken a fork
1802 142 is eating
1802 144 is thinking
1802 144 has taken a fork
1802 144 has taken a fork
1802 144 is eating
1802 85 is sleeping
1802 100 has taken a fork
1802 100 has taken a fork
1802 100 is eating
1802 104 is thinking
1802 104 has taken a fork
1802 104 has taken a fork
1802 104 is eating
1802 128 has taken a fork
1802 128 is eating
1802 80 has taken a fork
1802 80 has taken a fork
1802 80 is eating
1802 115 is sleeping
1802 120 has taken a fork
1802 120 has taken a fork
1802 120 is eating
1802 103 is sleeping
1802 91 is sleeping
1802 88 has taken a fork
1802 88 has taken a fork
1802 88 is eating
1802 135 is sleeping
1802 82 has taken a fork
1802 82 has taken a fork
1802 82 is eating
1802 130 has taken a fork
1802 130 has taken a fork
1802 130 is eating
1802 146 is thinking
1802 108 has taken a fork
1802 108 is eating
1802 102 is thinking
1802 102 has taken a fork
1802 102 has taken a fork
1802 102 is eating
1802 134 has taken a fork
1802 134 is eating
1802 121 is sleeping
1802 112 is thinking
1802 112 has taken a fork
1802 112 has taken a fork
1802 112 is eating
1802 129 is sleeping
1802 93 is sleeping
1802 127 is sleeping
1802 98 is eating
1802 118 is thinking
1802 118 has taken a fork
1802 118 has taken a fork
1802 118 is eating
1802 116 is thinking
1802 116 has taken a fork
1802 116 has taken a fork
1802 116 is eating
1803 160 is thinking
1803 157 is sleeping
1803 162 is thinking
1803 149 is sleeping
1803 167 is sleeping
1803 156 is thinking
1803 177 is sleeping
1803 189 is sleeping
1803 173 is sleeping
1803 156 has taken a fork
1803 171 is sleeping
1803 172 is thinking
1803 172 has taken a fork
1803 180 is thinking
1803 180 has taken a fork
1803 172 has taken a fork
1803 172 is eating
1803 166 is thinking
1803 166 has taken a fork
1803 181 is sleeping
1803 151 is sleeping
1803 184 is thinking
1803 161 is sleeping
1803 184 has taken a fork
1803 164 is thinking
1803 160 has taken a fork
1803 160 has taken a fork
1803 164 has taken a fork
1803 160 is eating
1803 164 has taken a fork
1803 164 is eating
1803 182 is thinking
1803 168 is thinking
1803 182 has taken a fork
1803 182 has taken a fork
1803 182 is eating
1803 183 is sleeping
1803 154 is thinking
1803 174 is thinking
1803 148 is thinking
1803 153 is sleeping
1803 148 has taken a fork
1803 148 has taken a fork
1803 148 is eating
1803 178 is thinking
1803 186 is thinking
1803 178 has taken a fork
1803 178 has taken a fork
1803 186 has taken a fork
1803 178 is eating
1803 186 has taken a fork
1803 147 is sleeping
1803 169 is sleeping
1803 152 is thinking
1803 185 is sleeping
1803 152 has taken a fork
1803 152 has taken a fork
1803 176 is thinking
1803 152 is eating
1803 155 is sleeping
1803 176 has taken a fork
1803 176 has taken a fork
1803 176 is eating
1803 180 has taken a fork
1803 163 is sleeping
1803 180 is eating
1803 190 is thinking
1803 158 is thinking
1803 158 has taken a fork
1803 175 is sleeping
1803 159 is sleeping
1803 184 has taken a fork
1803 187 is sleeping
1803 184 is eating
1803 165 is sleeping
1803 188 is thinking
1803 168 has taken a fork
1803 188 has taken a fork
1803 168 has taken a fork
1803 188 has taken a fork
1803 168 is eating
1803 170 is thinking
1803 150 is thinking
1803 170 has taken a fork
1803 170 has taken a fork
1803 170 is eating
1803 150 has taken a fork
1803 150 has taken a fork
1803 150 is eating
1803 186 is eating
1803 146 has taken a fork
1803 146 has taken a fork
1803 146 is eating
1803 156 has taken a fork
1803 158 has taken a fork
1803 156 is eating
1803 158 is eating
1803 162 has taken a fork
1803 162 has taken a fork
1803 154 has taken a fork
1803 162 is eating
1803 154 has taken a fork
1803 154 is eating
1803 166 has taken a fork
1803 174 has taken a fork
1803 174 has taken a fork
1803 179 is sleeping
1803 188 is eating
1803 166 is eating
1803 174 is eating
2000 191 is sleeping
2000 190 has taken a fork
2000 190 has taken a fork
2000 5 is thinking
2000 3 is thinking
2000 190 is eating
2000 197 is sleeping
2000 4 is sleeping
2000 5 has taken a fork
2000 195 is sleeping
2000 196 is thinking
2000 196 has taken a fork
2000 196 has taken a fork
2000 196 is eating
2000 192 is thinking
2000 199 is sleeping
2000 194 is thinking
2000 3 has taken a fork
2000 1 is thinking
2000 1 has taken a fork
2000 1 has taken a fork
2000 3 has taken a fork
2000 3 is eating
2000 194 has taken a fork
2000 1 is eating
2000 198 is thinking
2000 193 is sleeping
2000 194 has taken a fork
2000 198 has taken a fork
2000 198 has taken a fork
2000 194 is eating
2000 2 is sleeping
2000 198 is eating
2000 192 has taken a fork
2000 192 has taken a fork
2000 192 is eating
2001 60 is sleeping
2001 64 is sleeping
2001 8 is sleeping
2001 50 is sleeping
2001 23 is thinking
2001 31 is thinking
2001 15 is thinking
2001 28 is sleeping
2001 54 is sleeping
2001 75 is thinking
2001 48 is sleeping
2001 14 is sleeping
2001 38 is sleeping
2001 36 is sleeping
2001 49 is thinking
2001 79 is thinking
2001 30 is sleeping
2001 67 is thinking
2001 55 is thinking
2001 49 has taken a fork
2001 55 has taken a fork
2001 35 is thinking
2001 62 is sleeping
2001 34 is sleeping
2001 39 is thinking
2001 49 has taken a fork
2001 49 is eating
2001 78 is sleeping
2001 10 is sleeping
2001 16 is sleeping
2001 31 has taken a fork
2001 46 is sleeping
2001 29 is thinking
2001 29 has taken a fork
2001 69 is thinking
2001 35 has taken a fork
2001 15 has taken a fork
2001 73 is thinking
2001 32 is sleeping
2001 35 has taken a fork
2001 35 is eating
2001 71 is thinking
2001 12 is sleeping
2001 17 is thinking
2001 17 has taken a fork
2001 71 has taken a fork
2001 70 is sleeping
2001 15 has taken a fork
2001 15 is eating
2001 39 has taken a fork
2001 39 has taken a fork
2001 20 is sleeping
2001 19 is thinking
2001 66 is sleeping
2001 33 is thinking
2001 41 is thinking
2001 40 is sleeping
2001 6 is sleeping
2001 41 has taken a fork
2001 47 is thinking
2001 25 is thinking
2001 53 is thinking
2001 72 is sleeping
2001 53 has taken a fork
2001 53 has taken a fork
2001 53 is eating
2001 71 has taken a fork
2001 71 is eating
2001 26 is sleeping
2001 42 is sleeping
2001 63 is thinking
2001 61 is thinking
2001 61 has taken a fork
2001 61 has taken a fork
2001 61 is eating
2001 11 is thinking
2001 25 has taken a fork
2001 11 has taken a fork
2001 11 has taken a fork
2001 41 has taken a fork
2001 41 is eating
2001 11 is eating
2001 25 has taken a fork
2001 74 is sleeping
2001 37 is thinking
2001 7 is thinking
2001 45 is thinking
2001 7 has taken a fork
2001 7 has taken a fork
2001 68 is sleeping
2001 7 is eating
2001 21 is thinking
2001 21 has taken a fork
2001 21 has taken a fork
2001 22 is sleeping
2001 58 is sleeping
2001 44 is sleeping
2001 17 has taken a fork
2001 17 is eating
2001 75 has taken a fork
2001 75 has taken a fork
2001 75 is eating
2001 43 is thinking
2001 43 has taken a fork
2001 51 is thinking
2001 47 has taken a fork
2001 59 is thinking
2001 47 has taken a fork
2001 13 is thinking
2001 59 has taken a fork
2001 59 has taken a fork
2001 19 has taken a fork
2001 19 has taken a fork
2001 59 is eating
2001 69 has taken a fork
2001 31 has taken a fork
2001 67 has taken a fork
2001 69 has taken a fork
2001 33 has taken a fork
2001 67 has taken a fork
2001 69 is eating
2001 23 has taken a fork
2001 67 is eating
2001 56 is sleeping
2001 55 has taken a fork
2001 23 has taken a fork
2001 23 is eating
2001 76 is sleeping
2001 73 has taken a fork
2001 57 is thinking
2001 65 is thinking
2001 57 has taken a fork
2001 57 has taken a fork
2001 57 is eating
2001 25 is eating
2001 37 has taken a fork
2001 37 has taken a fork
2001 27 is thinking
2001 27 has taken a fork
2001 27 has taken a fork
2001 27 is eating
2001 37 is eating
2001 39 is eating
2001 5 has taken a fork
2001 52 is sleeping
2001 45 has taken a fork
2001 51 has taken a fork
2001 45 has taken a fork
2001 77 is thinking
2001 45 is eating
2001 19 is eating
2001 77 has taken a fork
2001 77 has taken a fork
2001 18 is sleeping
2001 29 has taken a fork
2001 33 has taken a fork
2001 21 is eating
2001 13 has taken a fork
2001 31 is eating
2001 79 has taken a fork
2001 13 has taken a fork
2001 13 is eating
2001 24 is sleeping
2001 65 has taken a fork
2001 51 has taken a fork
2001 65 has taken a fork
2001 65 is eating
2001 51 is eating
2001 47 is eating
2001 77 is eating
2001 63 has taken a fork
2001 33 is eating
2001 43 has taken a fork
2001 43 is eating
2001 5 is eating
2001 55 is eating
2001 9 is thinking
2001 9 has taken a fork
2001 9 has taken a fork
2001 9 is eating
2001 63 has taken a fork
2001 29 is eating
2001 73 has taken a fork
2001 73 is eating
2001 63 is eating
2002 125 is thinking
2002 87 is thinking
2002 114 is sleeping
2002 92 is sleeping
2002 122 is sleeping
2002 88 is sleeping
2002 81 is thinking
2002 112 is sleeping
2002 124 is sleeping
2002 96 is sleeping
2002 125 has taken a fork
2002 128 is sleeping
2002 104 is sleeping
2002 133 is thinking
2002 103 is thinking
2002 140 is sleeping
2002 134 is sleeping
2002 120 is sleeping
2002 117 is thinking
2002 119 is thinking
2002 135 is thinking
2002 84 is sleeping
2002 101 is thinking
2002 135 has taken a fork
2002 126 is sleeping
2002 90 is sleeping
2002 86 is sleeping
2002 118 is sleeping
2002 98 is sleeping
2002 93 is thinking
2002 131 is thinking
2002 137 is thinking
2002 93 has taken a fork
2002 83 is thinking
2002 132 is sleeping
2002 127 is thinking
2002 93 has taken a fork
2002 109 is thinking
2002 115 is thinking
2002 127 has taken a fork
2002 143 is thinking
2002 110 is sleeping
2002 99 is thinking
2002 109 has taken a fork
2002 127 has taken a fork
2002 123 is thinking
2002 95 is thinking
2002 109 has taken a fork
2002 102 is sleeping
2002 144 is sleeping
2002 100 is sleeping
2002 95 has taken a fork
2002 143 has taken a fork
2002 97 is thinking
2002 111 is thinking
2002 87 has taken a fork
2002 143 has taken a fork
2002 97 has taken a fork
2002 130 is sleeping
2002 87 has taken a fork
2002 141 is thinking
2002 143 is eating
2002 131 has taken a fork
2002 97 has taken a fork
2002 97 is eating
2002 115 has taken a fork
2002 115 has taken a fork
2002 115 is eating
2002 135 has taken a fork
2002 135 is eating
2002 133 has taken a fork
2002 133 has taken a fork
2002 133 is eating
2002 131 has taken a fork
2002 131 is eating
2002 87 is eating
2002 125 has taken a fork
2002 125 is eating
2002 82 is sleeping
2002 80 is sleeping
2002 141 has taken a fork
2002 141 has taken a fork
2002 141 is eating
2002 145 is thinking
2002 145 has taken a fork
2002 95 has taken a fork
2002 95 is eating
2002 136 is sleeping
2002 108 is sleeping
2002 137 has taken a fork
2002 137 has taken a fork
2002 137 is eating
2002 93 is eating
2002 83 has taken a fork
2002 83 has taken a fork
2002 83 is eating
2002 119 has taken a fork
2002 119 has taken a fork
2002 119 is eating
2002 121 is thinking
2002 121 has taken a fork
2002 121 has taken a fork
2002 121 is eating
2002 106 is sleeping
2002 94 is sleeping
2002 113 is thinking
2002 113 has taken a fork
2002 113 has taken a fork
2002 113 is eating
2002 123 has taken a fork
2002 123 has taken a fork
2002 123 is eating
2002 111 has taken a fork
2002 111 has taken a fork
2002 111 is eating
2002 101 has taken a fork
2002 101 has taken a fork
2002 101 is eating
2002 85 is thinking
2002 85 has taken a fork
2002 85 has taken a fork
2002 85 is eating
2002 89 is thinking
2002 89 has taken a fork
2002 89 has taken a fork
2002 89 is eating
2002 79 has taken a fork
2002 79 is eating
2002 91 is thinking
2002 91 has taken a fork
2002 91 has taken a fork
2002 91 is eating
2002 139 is thinking
2002 139 has taken a fork
2002 139 has taken a fork
2002 139 is eating
2002 105 is thinking
2002 105 has taken a fork
2002 105 has taken a fork
2002 105 is eating
2002 99 has taken a fork
2002 99 has taken a fork
2002 99 is eating
2002 103 has taken a fork
2002 103 has taken a fork
2002 103 is eating
2002 142 is sleeping
2002 127 is eating
2002 138 is sleeping
2002 129 is thinking
2002 129 has taken a fork
2002 129 has taken a fork
2002 129 is eating
2002 107 is thinking
2002 107 has taken a fork
2002 107 has taken a fork
2002 107 is eating
2002 116 is sleeping
2002 81 has taken a fork
2002 81 has taken a fork
2002 81 is eating
2002 109 is eating
2002 117 has taken a fork
2002 117 has taken a fork
2002 117 is eating
2003 158 is sleeping
2003 188 is sleeping
2003 179 is thinking
2003 164 is sleeping
2003 171 is thinking
2003 176 is sleeping
2003 167 is thinking
2003 179 has taken a fork
2003 171 has taken a fork
2003 163 is thinking
2003 173 is thinking
2003 182 is sleeping
2003 168 is sleeping
2003 181 is thinking
2003 155 is thinking
2003 183 is thinking
2003 184 is sleeping
2003 147 is thinking
2003 181 has taken a fork
2003 180 is sleeping
2003 183 has taken a fork
2003 170 is sleeping
2003 162 is sleeping
2003 181 has taken a fork
2003 169 is thinking
2003 172 is sleeping
2003 147 has taken a fork
2003 181 is eating
2003 175 is thinking
2003 177 is thinking
2003 187 is thinking
2003 178 is sleeping
2003 153 is thinking
2003 174 is sleeping
2003 177 has taken a fork
2003 166 is sleeping
2003 150 is sleeping
2003 148 is sleeping
2003 177 has taken a fork
2003 177 is eating
2003 147 has taken a fork
2003 145 has taken a fork
2003 173 has taken a fork
2003 152 is sleeping
2003 173 has taken a fork
2003 173 is eating
2003 145 is eating
2003 171 has taken a fork
2003 165 is thinking
2003 154 is sleeping
2003 157 is thinking
2003 156 is sleeping
2003 157 has taken a fork
2003 159 is thinking
2003 157 has taken a fork
2003 186 is sleeping
2003 159 has taken a fork
2003 179 has taken a fork
2003 169 has taken a fork
2003 146 is sleeping
2003 153 has taken a fork
2003 169 has taken a fork
2003 153 has taken a fork
2003 160 is sleeping
2003 153 is eating
2003 147 is eating
2003 189 is thinking
2003 151 is thinking
2003 189 has taken a fork
2003 187 has taken a fork
2003 151 has taken a fork
2003 167 has taken a fork
2003 183 has taken a fork
2003 155 has taken a fork
2003 167 has taken a fork
2003 155 has taken a fork
2003 157 is eating
2003 185 is thinking
2003 171 is eating
2003 179 is eating
2003 183 is eating
2003 155 is eating
2003 167 is eating
2003 159 has taken a fork
2003 159 is eating
2003 185 has taken a fork
2003 185 has taken a fork
2003 185 is eating
2003 163 has taken a fork
2003 163 has taken a fork
2003 163 is eating
2003 165 has taken a fork
2003 165 has taken a fork
2003 165 is eating
2003 149 is thinking
2003 149 has taken a fork
2003 149 has taken a fork
2003 149 is eating
2003 161 is thinking
2003 161 has taken a fork
2003 161 has taken a fork
2003 161 is eating
2003 175 has taken a fork
2003 175 has taken a fork
2003 175 is eating
2003 151 has taken a fork
2003 151 is eating
2003 187 has taken a fork
2003 187 is eating
2003 169 is eating
2200 190 is sleeping
2200 189 has taken a fork
2200 189 is eating
2200 194 is sleeping
2200 1 is sleeping
2200 192 is sleeping
2200 2 is thinking
2200 196 is sleeping
2200 193 is thinking
2200 193 has taken a fork
2200 193 has taken a fork
2200 193 is eating
2200 199 is thinking
2200 197 is thinking
2200 197 has taken a fork
2200 197 has taken a fork
2200 197 is eating
2200 4 is thinking
2200 198 is sleeping
2200 199 has taken a fork
2200 199 has taken a fork
2200 199 is eating
2200 3 is sleeping
2200 195 is thinking
2200 191 is thinking
2200 191 has taken a fork
2200 195 has taken a fork
2200 2 has taken a fork
2200 2 has taken a fork
2200 2 is eating
2200 195 has taken a fork
2200 195 is eating
2200 191 has taken a fork
2200 191 is eating
2201 56 is thinking
2201 43 is sleeping
2201 9 is sleeping
2201 69 is sleeping
2201 27 is sleeping
2201 23 is sleeping
2201 53 is sleeping
2201 64 is thinking
2201 66 is thinking
2201 34 is thinking
2201 47 is sleeping
2201 36 is thinking
2201 59 is sleeping
2201 72 is thinking
2201 32 is thinking
2201 29 is sleeping
2201 72 has taken a fork
2201 72 has taken a fork
2201 67 is sleeping
2201 60 is thinking
2201 66 has taken a fork
2201 68 is thinking
2201 11 is sleeping
2201 60 has taken a fork
2201 60 has taken a fork
2201 68 has taken a fork
2201 61 is sleeping
2201 39 is sleeping
2201 19 is sleeping
2201 35 is sleeping
2201 38 is thinking
2201 51 is sleeping
2201 7 is sleeping
2201 34 has taken a fork
2201 21 is sleeping
2201 10 is thinking
2201 33 is sleeping
2201 15 is sleeping
2201 34 has taken a fork
2201 34 is eating
2201 37 is sleeping
2201 4 has taken a fork
2201 32 has taken a fork
2201 32 has taken a fork
2201 32 is eating
2201 18 is thinking
2201 56 has taken a fork
2201 76 is thinking
2201 71 is sleeping
2201 55 is sleeping
2201 18 has taken a fork
2201 45 is sleeping
2201 56 has taken a fork
2201 18 has taken a fork
2201 52 is thinking
2201 4 has taken a fork
2201 73 is sleeping
2201 8 is thinking
2201 4 is eating
2201 74 is thinking
2201 75 is sleeping
2201 77 is sleeping
2201 8 has taken a fork
2201 74 has taken a fork
2201 26 is thinking
2201 8 has taken a fork
2201 18 is eating
2201 54 is thinking
2201 74 has taken a fork
2201 26 has taken a fork
2201 13 is sleeping
2201 26 has taken a fork
2201 20 is thinking
2201 72 is eating
2201 70 is thinking
2201 20 has taken a fork
2201 63 is sleeping
2201 70 has taken a fork
2201 57 is sleeping
2201 17 is sleeping
2201 60 is eating
2201 70 has taken a fork
2201 49 is sleeping
2201 6 is thinking
2201 48 is thinking
2201 10 has taken a fork
2201 44 is thinking
2201 6 has taken a fork
2201 48 has taken a fork
2201 10 has taken a fork
2201 44 has taken a fork
2201 48 has taken a fork
2201 22 is thinking
2201 44 has taken a fork
2201 76 has taken a fork
2201 48 is eating
2201 78 is thinking
2201 65 is sleeping
2201 24 is thinking
2201 40 is thinking
2201 28 is thinking
2201 24 has taken a fork
2201 62 is thinking
2201 8 is eating
2201 24 has taken a fork
2201 62 has taken a fork
2201 14 is thinking
2201 62 has taken a fork
2201 62 is eating
2201 58 is thinking
2201 41 is sleeping
2201 58 has taken a fork
2201 58 has taken a fork
2201 50 is thinking
2201 68 has taken a fork
2201 50 has taken a fork
2201 66 has taken a fork
2201 50 has taken a fork
2201 68 is eating
2201 50 is eating
2201 70 is eating
2201 66 is eating
2201 38 has taken a fork
2201 6 has taken a fork
2201 30 is thinking
2201 30 has taken a fork
2201 30 has taken a fork
2201 30 is eating
2201 22 has taken a fork
2201 22 has taken a fork
2201 22 is eating
2201 44 is eating
2201 12 is thinking
2201 12 has taken a fork
2201 12 has taken a fork
2201 12 is eating
2201 16 is thinking
2201 16 has taken a fork
2201 16 has taken a fork
2201 16 is eating
2201 40 has taken a fork
2201 40 has taken a fork
2201 40 is eating
2201 56 is eating
2201 28 has taken a fork
2201 28 has taken a fork
2201 28 is eating
2201 10 is eating
2201 54 has taken a fork
2201 54 has taken a fork
2201 54 is eating
2201 24 is eating
2201 74 is eating
2201 14 has taken a fork
2201 14 has taken a fork
2201 14 is eating
2201 64 has taken a fork
2201 64 has taken a fork
2201 64 is eating
2201 20 has taken a fork
2201 20 is eating
2201 58 is eating
2201 26 is eating
2201 5 is sleeping
2201 38 has taken a fork
2201 38 is eating
2201 46 is thinking
2201 46 has taken a fork
2201 46 has taken a fork
2201 46 is eating
2201 6 is eating
2201 25 is sleeping
2201 36 has taken a fork
2201 36 has taken a fork
2201 36 is eating
2201 42 is thinking
2201 42 has taken a fork
2201 42 has taken a fork
2201 42 is eating
2201 31 is sleeping
2201 52 has taken a fork
2201 52 has taken a fork
2201 52 is eating
2201 76 has taken a fork
2201 76 is eating
2202 123 is sleeping
2202 88 is thinking
2202 98 is thinking
2202 130 is thinking
2202 92 is thinking
2202 108 is thinking
2202 83 is sleeping
2202 100 is thinking
2202 119 is sleeping
2202 90 is thinking
2202 105 is sleeping
2202 86 is thinking
2202 137 is sleeping
2202 113 is sleeping
2202 106 is thinking
2202 92 has taken a fork
2202 81 is sleeping
2202 106 has taken a fork
2202 142 is thinking
2202 91 is sleeping
2202 78 has taken a fork
2202 142 has taken a fork
2202 121 is sleeping
2202 134 is thinking
2202 78 has taken a fork
2202 78 is eating
2202 130 has taken a fork
2202 134 has taken a fork
2202 134 has taken a fork
2202 134 is eating
2202 130 has taken a fork
2202 130 is eating
2202 116 is thinking
2202 144 is thinking
2202 118 is thinking
2202 89 is sleeping
2202 118 has taken a fork
2202 118 has taken a fork
2202 110 is thinking
2202 118 is eating
2202 110 has taken a fork
2202 110 has taken a fork
2202 80 is thinking
2202 85 is sleeping
2202 110 is eating
2202 80 has taken a fork
2202 80 has taken a fork
2202 80 is eating
2202 111 is sleeping
2202 102 is thinking
2202 101 is sleeping
2202 115 is sleeping
2202 79 is sleeping
2202 99 is sleeping
2202 138 is thinking
2202 138 has taken a fork
2202 138 has taken a fork
2202 138 is eating
2202 109 is sleeping
2202 107 is sleeping
2202 135 is sleeping
2202 139 is sleeping
2202 141 is sleeping
2202 96 is thinking
2202 96 has taken a fork
2202 96 has taken a fork
2202 96 is eating
2202 86 has taken a fork
2202 86 has taken a fork
2202 86 is eating
2202 90 has taken a fork
2202 90 has taken a fork
2202 90 is eating
2202 84 is thinking
2202 84 has taken a fork
2202 84 has taken a fork
2202 84 is eating
2202 127 is sleeping
2202 93 is sleeping
2202 88 has taken a fork
2202 88 has taken a fork
2202 88 is eating
2202 103 is sleeping
2202 95 is sleeping
2202 98 has taken a fork
2202 98 has taken a fork
2202 98 is eating
2202 124 is thinking
2202 124 has taken a fork
2202 124 has taken a fork
2202 124 is eating
2202 136 is thinking
2202 136 has taken a fork
2202 136 has taken a fork
2202 136 is eating
2202 114 is thinking
2202 114 has taken a fork
2202 114 has taken a fork
2202 114 is eating
2202 108 has taken a fork
2202 108 has taken a fork
2202 108 is eating
2202 100 has taken a fork
2202 100 has taken a fork
2202 100 is eating
2202 92 has taken a fork
2202 92 is eating
2202 106 has taken a fork
2202 106 is eating
2202 126 is thinking
2202 126 has taken a fork
2202 126 has taken a fork
2202 126 is eating
2202 131 is sleeping
2202 117 is sleeping
2202 129 is sleeping
2202 142 has taken a fork
2202 142 is eating
2202 143 is sleeping
2202 87 is sleeping
2202 122 is thinking
2202 122 has taken a fork
2202 122 has taken a fork
2202 122 is eating
2202 104 is thinking
2202 104 has taken a fork
2202 104 has taken a fork
2202 104 is eating
2202 120 is thinking
2202 120 has taken a fork
2202 120 has taken a fork
2202 120 is eating
2202 116 has taken a fork
2202 116 has taken a fork
2202 116 is eating
2202 125 is sleeping
2202 112 is thinking
2202 112 has taken a fork
2202 112 has taken a fork
2202 112 is eating
2202 128 is thinking
2202 128 has taken a fork
2202 128 has taken a fork
2202 128 is eating
2202 82 is thinking
2202 82 has taken a fork
2202 82 has taken a fork
2202 82 is eating
2202 140 is thinking
2202 140 has taken a fork
2202 140 has taken a fork
2202 140 is eating
2202 94 is thinking
2202 94 has taken a fork
2202 94 has taken a fork
2202 94 is eating
2202 102 has taken a fork
2202 102 has taken a fork
2202 102 is eating
2202 97 is sleeping
2202 133 is sleeping
2202 132 is thinking
2202 132 has taken a fork
2202 132 has taken a fork
2202 132 is eating
2203 148 is thinking
2203 184 is thinking
2203 187 is sleeping
2203 173 is sleeping
2203 181 is sleeping
2203 154 is thinking
2203 151 is sleeping
2203 154 has taken a fork
2203 174 is thinking
2203 171 is sleeping
2203 166 is thinking
2203 155 is sleeping
2203 179 is sleeping
2203 166 has taken a fork
2203 166 has taken a fork
2203 183 is sleeping
2203 166 is eating
2203 164 is thinking
2203 180 is thinking
2203 178 is thinking
2203 156 is thinking
2203 178 has taken a fork
2203 178 has taken a fork
2203 178 is eating
2203 168 is thinking
2203 176 is thinking
2203 160 is thinking
2203 170 is thinking
2203 177 is sleeping
2203 170 has taken a fork
2203 145 is sleeping
2203 185 is sleeping
2203 162 is thinking
2203 161 is sleeping
2203 157 is sleeping
2203 175 is sleeping
2203 159 is sleeping
2203 188 is thinking
2203 144 has taken a fork
2203 146 is thinking
2203 146 has taken a fork
2203 146 has taken a fork
2203 146 is eating
2203 184 has taken a fork
2203 174 has taken a fork
2203 184 has taken a fork
2203 184 is eating
2203 174 has taken a fork
2203 174 is eating
2203 147 is sleeping
2203 186 is thinking
2203 158 is thinking
2203 186 has taken a fork
2203 186 has taken a fork
2203 186 is eating
2203 158 has taken a fork
2203 158 has taken a fork
2203 158 is eating
2203 163 is sleeping
2203 164 has taken a fork
2203 149 is sleeping
2203 164 has taken a fork
2203 164 is eating
2203 148 has taken a fork
2203 148 has taken a fork
2203 153 is sleeping
2203 180 has taken a fork
2203 148 is eating
2203 152 is thinking
2203 180 has taken a fork
2203 176 has taken a fork
2203 172 is thinking
2203 180 is eating
2203 176 has taken a fork
2203 176 is eating
2203 144 has taken a fork
2203 172 has taken a fork
2203 167 is sleeping
2203 182 is thinking
2203 182 has taken a fork
2203 182 has taken a fork
2203 182 is eating
2203 169 is sleeping
2203 160 has taken a fork
2203 162 has taken a fork
2203 160 has taken a fork
2203 160 is eating
2203 154 has taken a fork
2203 170 has taken a fork
2203 150 is thinking
2203 170 is eating
2203 150 has taken a fork
2203 150 has taken a fork
2203 150 is eating
2203 168 has taken a fork
2203 168 has taken a fork
2203 152 has taken a fork
2203 172 has taken a fork
2203 152 has taken a fork
2203 162 has taken a fork
2203 152 is eating
2203 162 is eating
2203 154 is eating
2203 144 is eating
2203 168 is eating
2203 172 is eating
2203 165 is sleeping
2203 156 has taken a fork
2203 156 has taken a fork
2203 156 is eating
2400 192 is thinking
2400 189 is sleeping
2400 198 is thinking
2400 2 is sleeping
2400 188 has taken a fork
2400 188 has taken a fork
2400 188 is eating
2400 3 is thinking
2400 3 has taken a fork
2400 197 is sleeping
2400 195 is sleeping
2400 194 is thinking
2400 191 is sleeping
2400 193 is sleeping
2400 190 is thinking
2400 190 has taken a fork
2400 190 has taken a fork
2400 190 is eating
2400 192 has taken a fork
2400 192 has taken a fork
2400 192 is eating
2400 194 has taken a fork
2400 196 is thinking
2400 196 has taken a fork
2400 196 has taken a fork
2400 194 has taken a fork
2400 196 is eating
2400 194 is eating
2400 1 is thinking
2400 199 is sleeping
2400 198 has taken a fork
2400 198 has taken a fork
2400 198 is eating
2400 1 has taken a fork
2400 1 has taken a fork
2400 1 is eating
2401 68 is sleeping
2401 43 is thinking
2401 16 is sleeping
2401 44 is sleeping
2401 58 is sleeping
2401 64 is sleeping
2401 72 is sleeping
2401 24 is sleeping
2401 75 is thinking
2401 46 is sleeping
2401 22 is sleeping
2401 6 is sleeping
2401 75 has taken a fork
2401 70 is sleeping
2401 37 is thinking
2401 41 is thinking
2401 51 is thinking
2401 31 is thinking
2401 9 is thinking
2401 41 has taken a fork
2401 47 is thinking
2401 10 is sleeping
2401 45 is thinking
2401 26 is sleeping
2401 54 is sleeping
2401 47 has taken a fork
2401 45 has taken a fork
2401 57 is thinking
2401 27 is thinking
2401 71 is thinking
2401 45 has taken a fork
2401 27 has taken a fork
2401 71 has taken a fork
2401 71 has taken a fork
2401 34 is sleeping
2401 40 is sleeping
2401 15 is thinking
2401 74 is sleeping
2401 35 is thinking
2401 59 is thinking
2401 21 is thinking
2401 28 is sleeping
2401 47 has taken a fork
2401 39 is thinking
2401 4 is sleeping
2401 8 is sleeping
2401 56 is sleeping
2401 76 is sleeping
2401 18 is sleeping
2401 7 is thinking
2401 11 is thinking
2401 50 is sleeping
2401 23 is thinking
2401 61 is thinking
2401 11 has taken a fork
2401 66 is sleeping
2401 20 is sleeping
2401 77 is thinking
2401 69 is thinking
2401 5 is thinking
2401 27 has taken a fork
2401 47 is eating
2401 51 has taken a fork
2401 5 has taken a fork
2401 42 is sleeping
2401 27 is eating
2401 62 is sleeping
2401 30 is sleeping
2401 5 has taken a fork
2401 55 is thinking
2401 13 is thinking
2401 53 is thinking
2401 5 is eating
2401 61 has taken a fork
2401 3 has taken a fork
2401 32 is sleeping
2401 33 is thinking
2401 60 is sleeping
2401 3 is eating
2401 33 has taken a fork
2401 63 is thinking
2401 57 has taken a fork
2401 33 has taken a fork
2401 33 is eating
2401 57 has taken a fork
2401 39 has taken a fork
2401 48 is sleeping
2401 41 has taken a fork
2401 39 has taken a fork
2401 9 has taken a fork
2401 35 has taken a fork
2401 38 is sleeping
2401 59 has taken a fork
2401 9 has taken a fork
2401 41 is eating
2401 67 is thinking
2401 71 is eating
2401 13 has taken a fork
2401 13 has taken a fork
2401 39 is eating
2401 61 has taken a fork
2401 31 has taken a fork
2401 11 has taken a fork
2401 23 has taken a fork
2401 19 is thinking
2401 31 has taken a fork
2401 69 has taken a fork
2401 19 has taken a fork
2401 35 has taken a fork
2401 52 is sleeping
2401 55 has taken a fork
2401 65 is thinking
2401 53 has taken a fork
2401 19 has taken a fork
2401 69 has taken a fork
2401 43 has taken a fork
2401 29 is thinking
2401 17 is thinking
2401 53 has taken a fork
2401 37 has taken a fork
2401 63 has taken a fork
2401 69 is eating
2401 17 has taken a fork
2401 53 is eating
2401 36 is sleeping
2401 31 is eating
2401 25 is thinking
2401 37 has taken a fork
2401 37 is eating
2401 17 has taken a fork
2401 45 is eating
2401 21 has taken a fork
2401 43 has taken a fork
2401 17 is eating
2401 25 has taken a fork
2401 65 has taken a fork
2401 19 is eating
2401 75 has taken a fork
2401 14 is sleeping
2401 7 has taken a fork
2401 13 is eating
2401 51 has taken a fork
2401 59 has taken a fork
2401 7 has taken a fork
2401 7 is eating
2401 51 is eating
2401 43 is eating
2401 35 is eating
2401 49 is thinking
2401 75 is eating
2401 77 has taken a fork
2401 21 has taken a fork
2401 11 is eating
2401 23 has taken a fork
2401 49 has taken a fork
2401 63 has taken a fork
2401 23 is eating
2401 25 has taken a fork
2401 49 has taken a fork
2401 49 is eating
2401 65 has taken a fork
2401 67 has taken a fork
2401 73 is thinking
2401 67 has taken a fork
2401 12 is sleeping
2401 67 is eating
2401 61 is eating
2401 29 has taken a fork
2401 29 has taken a fork
2401 29 is eating
2401 57 is eating
2401 73 has taken a fork
2401 73 has taken a fork
2401 9 is eating
2401 63 is eating
2401 65 is eating
2401 73 is eating
2401 55 has taken a fork
2401 55 is eating
2401 25 is eating
2401 59 is eating
2401 21 is eating
2401 15 has taken a fork
2401 15 has taken a fork
2401 15 is eating
2402 83 is thinking
2402 103 is thinking
2402 97 is thinking
2402 131 is thinking
2402 88 is sleeping
2402 90 is sleeping
2402 78 is sleeping
2402 123 is thinking
2402 85 is thinking
2402 112 is sleeping
2402 85 has taken a fork
2402 128 is sleeping
2402 94 is sleeping
2402 133 is thinking
2402 85 has taken a fork
2402 85 is eating
2402 77 has taken a fork
2402 129 is thinking
2402 137 is thinking
2402 142 is sleeping
2402 129 has taken a fork
2402 135 is thinking
2402 116 is sleeping
2402 104 is sleeping
2402 119 is thinking
2402 79 is thinking
2402 91 is thinking
2402 79 has taken a fork
2402 110 is sleeping
2402 95 is thinking
2402 106 is sleeping
2402 143 is thinking
2402 77 is eating
2402 143 has taken a fork
2402 80 is sleeping
2402 98 is sleeping
2402 84 is sleeping
2402 86 is sleeping
2402 95 has taken a fork
2402 117 is thinking
2402 117 has taken a fork
2402 91 has taken a fork
2402 120 is sleeping
2402 79 has taken a fork
2402 79 is eating
2402 141 is thinking
2402 89 is thinking
2402 113 is thinking
2402 105 is thinking
2402 113 has taken a fork
2402 111 is thinking
2402 105 has taken a fork
2402 105 has taken a fork
2402 105 is eating
2402 89 has taken a fork
2402 117 has taken a fork
2402 118 is sleeping
2402 130 is sleeping
2402 89 has taken a fork
2402 117 is eating
2402 108 is sleeping
2402 129 has taken a fork
2402 89 is eating
2402 107 is thinking
2402 103 has taken a fork
2402 129 is eating
2402 139 is thinking
2402 115 is thinking
2402 126 is sleeping
2402 133 has taken a fork
2402 119 has taken a fork
2402 102 is sleeping
2402 135 has taken a fork
2402 111 has taken a fork
2402 133 has taken a fork
2402 133 is eating
2402 111 has taken a fork
2402 119 has taken a fork
2402 139 has taken a fork
2402 131 has taken a fork
2402 97 has taken a fork
2402 99 is thinking
2402 101 is thinking
2402 123 has taken a fork
2402 109 is thinking
2402 132 is sleeping
2402 135 has taken a fork
2402 136 is sleeping
2402 135 is eating
2402 119 is eating
2402 140 is sleeping
2402 81 is thinking
2402 103 has taken a fork
2402 139 has taken a fork
2402 139 is eating
2402 91 has taken a fork
2402 82 is sleeping
2402 131 has taken a fork
2402 83 has taken a fork
2402 87 is thinking
2402 122 is sleeping
2402 127 is thinking
2402 125 is thinking
2402 83 has taken a fork
2402 83 is eating
2402 96 is sleeping
2402 125 has taken a fork
2402 141 has taken a fork
2402 141 has taken a fork
2402 127 has taken a fork
2402 93 is thinking
2402 141 is eating
2402 134 is sleeping
2402 100 is sleeping
2402 121 is thinking
2402 114 is sleeping
2402 109 has taken a fork
2402 121 has taken a fork
2402 124 is sleeping
2402 111 is eating
2402 103 is eating
2402 121 has taken a fork
2402 101 has taken a fork
2402 121 is eating
2402 101 has taken a fork
2402 101 is eating
2402 97 has taken a fork
2402 138 is sleeping
2402 92 is sleeping
2402 127 has taken a fork
2402 125 has taken a fork
2402 107 has taken a fork
2402 127 is eating
2402 125 is eating
2402 131 is eating
2402 107 has taken a fork
2402 93 has taken a fork
2402 87 has taken a fork
2402 99 has taken a fork
2402 107 is eating
2402 123 has taken a fork
2402 93 has taken a fork
2402 95 has taken a fork
2402 93 is eating
2402 95 is eating
2402 109 has taken a fork
2402 81 has taken a fork
2402 87 has taken a fork
2402 113 has taken a fork
2402 99 has taken a fork
2402 113 is eating
2402 123 is eating
2402 99 is eating
2402 115 has taken a fork
2402 81 has taken a fork
2402 115 has taken a fork
2402 81 is eating
2402 115 is eating
2402 137 has taken a fork
2402 87 is eating
2402 137 has taken a fork
2402 137 is eating
2402 91 is eating
2402 97 is eating
2402 109 is eating
2403 164 is sleeping
2403 156 is sleeping
2403 147 is thinking
2403 153 is thinking
2403 165 is thinking
2403 143 has taken a fork
2403 183 is thinking
2403 163 is thinking
2403 155 is thinking
2403 165 has taken a fork
2403 177 is thinking
2403 159 is thinking
2403 170 is sleeping
2403 165 has taken a fork
2403 158 is sleeping
2403 159 has taken a fork
2403 144 is sleeping
2403 186 is sleeping
2403 169 is thinking
2403 179 is thinking
2403 145 is thinking
2403 183 has taken a fork
2403 183 has taken a fork
2403 154 is sleeping
2403 183 is eating
2403 148 is sleeping
2403 155 has taken a fork
2403 173 is thinking
2403 155 has taken a fork
2403 151 is thinking
2403 162 is sleeping
2403 165 is eating
2403 169 has taken a fork
2403 159 has taken a fork
2403 159 is eating
2403 163 has taken a fork
2403 163 has taken a fork
2403 163 is eating
2403 184 is sleeping
2403 180 is sleeping
2403 161 is thinking
2403 161 has taken a fork
2403 161 has taken a fork
2403 161 is eating
2403 174 is sleeping
2403 172 is sleeping
2403 176 is sleeping
2403 178 is sleeping
2403 177 has taken a fork
2403 149 is thinking
2403 145 has taken a fork
2403 152 is sleeping
2403 145 has taken a fork
2403 187 is thinking
2403 171 is thinking
2403 187 has taken a fork
2403 171 has taken a fork
2403 167 is thinking
2403 171 has taken a fork
2403 167 has taken a fork
2403 167 has taken a fork
2403 146 is sleeping
2403 182 is sleeping
2403 151 has taken a fork
2403 168 is sleeping
2403 147 has taken a fork
2403 147 has taken a fork
2403 147 is eating
2403 160 is sleeping
2403 185 is thinking
2403 185 has taken a fork
2403 185 has taken a fork
2403 185 is eating
2403 157 is thinking
2403 157 has taken a fork
2403 177 has taken a fork
2403 157 has taken a fork
2403 177 is eating
2403 157 is eating
2403 149 has taken a fork
2403 179 has taken a fork
2403 179 has taken a fork
2403 179 is eating
2403 153 has taken a fork
2403 153 has taken a fork
2403 153 is eating
2403 171 is eating
2403 167 is eating
2403 145 is eating
2403 155 is eating
2403 173 has taken a fork
2403 173 has taken a fork
2403 173 is eating
2403 143 is eating
2403 181 is thinking
2403 151 has taken a fork
2403 181 has taken a fork
2403 151 is eating
2403 181 has taken a fork
2403 150 is sleeping
2403 149 has taken a fork
2403 149 is eating
2403 175 is thinking
2403 175 has taken a fork
2403 181 is eating
2403 175 has taken a fork
2403 175 is eating
2403 166 is sleeping
2403 169 has taken a fork
2403 169 is eating
2600 199 is thinking
2600 189 is thinking
2600 197 is thinking
2600 192 is sleeping
2600 198 is sleeping
2600 190 is sleeping
2600 1 is sleeping
2600 193 is thinking
2600 193 has taken a fork
2600 2 is thinking
2600 187 has taken a fork
2600 187 is eating
2600 196 is sleeping
2600 189 has taken a fork
2600 194 is sleeping
2600 189 has taken a fork
2600 189 is eating
2600 191 is thinking
2600 191 has taken a fork
2600 199 has taken a fork
2600 195 is thinking
2600 199 has taken a fork
2600 199 is eating
2600 197 has taken a fork
2600 197 has taken a fork
2600 197 is eating
2600 188 is sleeping
2600 193 has taken a fork
2600 193 is eating
2600 191 has taken a fork
2600 191 is eating
2600 195 has taken a fork
2600 195 has taken a fork
2600 195 is eating
2601 16 is thinking
2601 6 is thinking
2601 8 is thinking
2601 61 is sleeping
2601 15 is sleeping
2601 62 is thinking
2601 32 is thinking
2601 41 is sleeping
2601 76 is thinking
2601 46 is thinking
2601 58 is thinking
2601 60 is thinking
2601 32 has taken a fork
2601 60 has taken a fork
2601 52 is thinking
2601 25 is sleeping
2601 33 is sleeping
2601 70 is thinking
2601 29 is sleeping
2601 54 is thinking
2601 32 has taken a fork
2601 32 is eating
2601 18 is thinking
2601 63 is sleeping
2601 72 is thinking
2601 12 is thinking
2601 24 is thinking
2601 24 has taken a fork
2601 9 is sleeping
2601 47 is sleeping
2601 30 is thinking
2601 20 is thinking
2601 62 has taken a fork
2601 62 has taken a fork
2601 5 is sleeping
2601 12 has taken a fork
2601 19 is sleeping
2601 30 has taken a fork
2601 13 is sleeping
2601 37 is sleeping
2601 34 is thinking
2601 67 is sleeping
2601 74 is thinking
2601 23 is sleeping
2601 56 is thinking
2601 51 is sleeping
2601 50 is thinking
2601 46 has taken a fork
2601 42 is thinking
2601 36 is thinking
2601 48 is thinking
2601 50 has taken a fork
2601 36 has taken a fork
2601 24 has taken a fork
2601 24 is eating
2601 38 is thinking
2601 57 is sleeping
2601 69 is sleeping
2601 38 has taken a fork
2601 8 has taken a fork
2601 49 is sleeping
2601 75 is sleeping
2601 38 has taken a fork
2601 38 is eating
2601 62 is eating
2601 31 is sleeping
2601 28 is thinking
2601 28 has taken a fork
2601 28 has taken a fork
2601 28 is eating
2601 8 has taken a fork
2601 74 has taken a fork
2601 74 has taken a fork
2601 74 is eating
2601 7 is sleeping
2601 43 is sleeping
2601 17 is sleeping
2601 50 has taken a fork
2601 50 is eating
2601 48 has taken a fork
2601 48 has taken a fork
2601 48 is eating
2601 45 is sleeping
2601 71 is sleeping
2601 27 is sleeping
2601 44 is thinking
2601 44 has taken a fork
2601 44 has taken a fork
2601 44 is eating
2601 10 is thinking
2601 6 has taken a fork
2601 6 has taken a fork
2601 6 is eating
2601 56 has taken a fork
2601 56 has taken a fork
2601 56 is eating
2601 46 has taken a fork
2601 46 is eating
2601 14 is thinking
2601 18 has taken a fork
2601 14 has taken a fork
2601 18 has taken a fork
2601 22 is thinking
2601 18 is eating
2601 22 has taken a fork
2601 22 has taken a fork
2601 22 is eating
2601 11 is sleeping
2601 53 is sleeping
2601 70 has taken a fork
2601 60 has taken a fork
2601 3 is sleeping
2601 21 is sleeping
2601 52 has taken a fork
2601 30 has taken a fork
2601 30 is eating
2601 12 has taken a fork
2601 52 has taken a fork
2601 52 is eating
2601 35 is sleeping
2601 40 is thinking
2601 40 has taken a fork
2601 40 has taken a fork
2601 40 is eating
2601 34 has taken a fork
2601 36 has taken a fork
2601 34 has taken a fork
2601 34 is eating
2601 36 is eating
2601 73 is sleeping
2601 12 is eating
2601 55 is sleeping
2601 65 is sleeping
2601 64 is thinking
2601 68 is thinking
2601 64 has taken a fork
2601 64 has taken a fork
2601 64 is eating
2601 68 has taken a fork
2601 68 has taken a fork
2601 54 has taken a fork
2601 58 has taken a fork
2601 54 has taken a fork
2601 16 has taken a fork
2601 58 has taken a fork
2601 72 has taken a fork
2601 58 is eating
2601 10 has taken a fork
2601 4 is thinking
2601 14 has taken a fork
2601 70 has taken a fork
2601 14 is eating
2601 70 is eating
2601 26 is thinking
2601 42 has taken a fork
2601 20 has taken a fork
2601 68 is eating
2601 54 is eating
2601 72 has taken a fork
2601 8 is eating
2601 39 is sleeping
2601 60 is eating
2601 4 has taken a fork
2601 4 has taken a fork
2601 4 is eating
2601 2 has taken a fork
2601 59 is sleeping
2601 2 has taken a fork
2601 2 is eating
2601 42 has taken a fork
2601 66 is thinking
2601 20 has taken a fork
2601 66 has taken a fork
2601 10 has taken a fork
2601 66 has taken a fork
2601 72 is eating
2601 10 is eating
2601 26 has taken a fork
2601 42 is eating
2601 26 has taken a fork
2601 26 is eating
2601 16 has taken a fork
2601 20 is eating
2601 16 is eating
2601 66 is eating
2602 85 is sleeping
2602 104 is thinking
2602 108 is thinking
2602 119 is sleeping
2602 121 is sleeping
2602 123 is sleeping
2602 86 is thinking
2602 118 is thinking
2602 126 is thinking
2602 118 has taken a fork
2602 86 has taken a fork
2602 87 is sleeping
2602 89 is sleeping
2602 135 is sleeping
2602 86 has taken a fork
2602 78 is thinking
2602 102 is thinking
2602 90 is thinking
2602 86 is eating
2602 107 is sleeping
2602 140 is thinking
2602 82 is thinking
2602 83 is sleeping
2602 97 is sleeping
2602 100 is thinking
2602 82 has taken a fork
2602 138 is thinking
2602 113 is sleeping
2602 100 has taken a fork
2602 92 is thinking
2602 79 is sleeping
2602 127 is sleeping
2602 116 is thinking
2602 128 is thinking
2602 128 has taken a fork
2602 128 has taken a fork
2602 128 is eating
2602 94 is thinking
2602 91 is sleeping
2602 112 is thinking
2602 120 is thinking
2602 109 is sleeping
2602 77 is sleeping
2602 120 has taken a fork
2602 120 has taken a fork
2602 120 is eating
2602 108 has taken a fork
2602 112 has taken a fork
2602 126 has taken a fork
2602 124 is thinking
2602 134 is thinking
2602 110 is thinking
2602 114 is thinking
2602 124 has taken a fork
2602 114 has taken a fork
2602 101 is sleeping
2602 103 is sleeping
2602 126 has taken a fork
2602 98 is thinking
2602 114 has taken a fork
2602 99 is sleeping
2602 84 is thinking
2602 134 has taken a fork
2602 129 is sleeping
2602 115 is sleeping
2602 98 has taken a fork
2602 94 has taken a fork
2602 98 has taken a fork
2602 94 has taken a fork
2602 94 is eating
2602 98 is eating
2602 131 is sleeping
2602 122 is thinking
2602 114 is eating
2602 122 has taken a fork
2602 122 has taken a fork
2602 122 is eating
2602 108 has taken a fork
2602 126 is eating
2602 108 is eating
2602 96 is thinking
2602 96 has taken a fork
2602 96 has taken a fork
2602 96 is eating
2602 78 has taken a fork
2602 111 is sleeping
2602 78 has taken a fork
2602 78 is eating
2602 133 is sleeping
2602 134 has taken a fork
2602 76 has taken a fork
2602 134 is eating
2602 76 has taken a fork
2602 76 is eating
2602 140 has taken a fork
2602 141 is sleeping
2602 132 is thinking
2602 95 is sleeping
2602 132 has taken a fork
2602 132 has taken a fork
2602 132 is eating
2602 125 is sleeping
2602 106 is thinking
2602 106 has taken a fork
2602 106 has taken a fork
2602 100 has taken a fork
2602 100 is eating
2602 142 is thinking
2602 139 is sleeping
2602 90 has taken a fork
2602 110 has taken a fork
2602 110 has taken a fork
2602 110 is eating
2602 136 is thinking
2602 136 has taken a fork
2602 136 has taken a fork
2602 136 is eating
2602 118 has taken a fork
2602 118 is eating
2602 138 has taken a fork
2602 138 has taken a fork
2602 138 is eating
2602 105 is sleeping
2602 82 has taken a fork
2602 82 is eating
2602 137 is sleeping
2602 93 is sleeping
2602 104 has taken a fork
2602 104 has taken a fork
2602 104 is eating
2602 116 has taken a fork
2602 116 has taken a fork
2602 116 is eating
2602 130 is thinking
2602 130 has taken a fork
2602 130 has taken a fork
2602 130 is eating
2602 92 has taken a fork
2602 92 has taken a fork
2602 92 is eating
2602 102 has taken a fork
2602 102 has taken a fork
2602 102 is eating
2602 124 has taken a fork
2602 124 is eating
2602 80 is thinking
2602 80 has taken a fork
2602 80 has taken a fork
2602 80 is eating
2602 84 has taken a fork
2602 84 has taken a fork
2602 84 is eating
2602 117 is sleeping
2602 140 has taken a fork
2602 140 is eating
2602 112 has taken a fork
2602 112 is eating
2602 88 is thinking
2602 88 has taken a fork
2602 88 has taken a fork
2602 88 is eating
2602 106 is eating
2602 90 has taken a fork
2602 90 is eating
2602 81 is sleeping
2603 168 is thinking
2603 156 is thinking
2603 150 is thinking
2603 167 is sleeping
2603 151 is sleeping
2603 152 is thinking
2603 164 is thinking
2603 152 has taken a fork
2603 146 is thinking
2603 154 is thinking
2603 152 has taken a fork
2603 162 is thinking
2603 152 is eating
2603 157 is sleeping
2603 144 is thinking
2603 183 is sleeping
2603 156 has taken a fork
2603 154 has taken a fork
2603 158 is thinking
2603 156 has taken a fork
2603 156 is eating
2603 175 is sleeping
2603 154 has taken a fork
2603 145 is sleeping
2603 182 is thinking
2603 181 is sleeping
2603 185 is sleeping
2603 162 has taken a fork
2603 171 is sleeping
2603 143 is sleeping
2603 169 is sleeping
2603 162 has taken a fork
2603 153 is sleeping
2603 160 is thinking
2603 179 is sleeping
2603 168 has taken a fork
2603 160 has taken a fork
2603 148 is thinking
2603 176 is thinking
2603 174 is thinking
2603 165 is sleeping
2603 148 has taken a fork
2603 164 has taken a fork
2603 159 is sleeping
2603 174 has taken a fork
2603 174 has taken a fork
2603 173 is sleeping
2603 164 has taken a fork
2603 164 is eating
2603 149 is sleeping
2603 147 is sleeping
2603 161 is sleeping
2603 154 is eating
2603 150 has taken a fork
2603 163 is sleeping
2603 155 is sleeping
2603 182 has taken a fork
2603 144 has taken a fork
2603 160 has taken a fork
2603 144 has taken a fork
2603 180 is thinking
2603 160 is eating
2603 172 is thinking
2603 150 has taken a fork
2603 180 has taken a fork
2603 150 is eating
2603 180 has taken a fork
2603 172 has taken a fork
2603 180 is eating
2603 166 is thinking
2603 146 has taken a fork
2603 174 is eating
2603 148 has taken a fork
2603 172 has taken a fork
2603 170 is thinking
2603 148 is eating
2603 162 is eating
2603 144 is eating
2603 146 has taken a fork
2603 184 is thinking
2603 146 is eating
2603 168 has taken a fork
2603 166 has taken a fork
2603 166 has taken a fork
2603 166 is eating
2603 184 has taken a fork
2603 184 has taken a fork
2603 184 is eating
2603 176 has taken a fork
2603 176 has taken a fork
2603 176 is eating
2603 177 is sleeping
2603 142 has taken a fork
2603 142 has taken a fork
2603 142 is eating
2603 172 is eating
2603 170 has taken a fork
2603 170 has taken a fork
2603 170 is eating
2603 168 is eating
2603 182 has taken a fork
2603 182 is eating
2603 178 is thinking
2603 178 has taken a fork
2603 178 has taken a fork
2603 178 is eating
2603 158 has taken a fork
2603 158 has taken a fork
2603 158 is eating
2603 186 is thinking
2800 189 is sleeping
2800 195 is sleeping
2800 190 is thinking
2800 192 is thinking
2800 196 is thinking
2800 188 is thinking
2800 188 has taken a fork
2800 197 is sleeping
2800 198 is thinking
2800 198 has taken a fork
2800 199 is sleeping
2800 191 is sleeping
2800 190 has taken a fork
2800 190 has taken a fork
2800 190 is eating
2800 1 is thinking
2800 1 has taken a fork
2800 196 has taken a fork
2800 196 has taken a fork
2800 196 is eating
2800 198 has taken a fork
2800 194 is thinking
2800 193 is sleeping
2800 187 is sleeping
2800 198 is eating
2800 186 has taken a fork
2800 186 has taken a fork
2800 186 is eating
2800 192 has taken a fork
2800 192 has taken a fork
2800 192 is eating
2800 188 has taken a fork
2800 188 is eating
2800 194 has taken a fork
2800 194 has taken a fork
2800 194 is eating
2801 61 is thinking
2801 49 is thinking
2801 63 is thinking
2801 58 is sleeping
2801 63 has taken a fork
2801 52 is sleeping
2801 13 is thinking
2801 62 is sleeping
2801 74 is sleeping
2801 60 is sleeping
2801 71 is thinking
2801 14 is sleeping
2801 61 has taken a fork
2801 61 has taken a fork
2801 61 is eating
2801 12 is sleeping
2801 73 is thinking
2801 9 is thinking
2801 40 is sleeping
2801 13 has taken a fork
2801 3 is thinking
2801 13 has taken a fork
2801 75 is thinking
2801 10 is sleeping
2801 26 is sleeping
2801 43 is thinking
2801 43 has taken a fork
2801 67 is thinking
2801 64 is sleeping
2801 67 has taken a fork
2801 15 is thinking
2801 63 has taken a fork
2801 15 has taken a fork
2801 63 is eating
2801 13 is eating
2801 75 has taken a fork
2801 28 is sleeping
2801 5 is thinking
2801 30 is sleeping
2801 42 is sleeping
2801 57 is thinking
2801 66 is sleeping
2801 18 is sleeping
2801 8 is sleeping
2801 72 is sleeping
2801 47 is thinking
2801 48 is sleeping
2801 73 has taken a fork
2801 31 is thinking
2801 6 is sleeping
2801 51 is thinking
2801 54 is sleeping
2801 31 has taken a fork
2801 41 is thinking
2801 34 is sleeping
2801 21 is thinking
2801 17 is thinking
2801 73 has taken a fork
2801 49 has taken a fork
2801 17 has taken a fork
2801 17 has taken a fork
2801 1 has taken a fork
2801 45 is thinking
2801 55 is thinking
2801 17 is eating
2801 70 is sleeping
2801 35 is thinking
2801 55 has taken a fork
2801 29 is thinking
2801 23 is thinking
2801 19 is thinking
2801 71 has taken a fork
2801 27 is thinking
2801 46 is sleeping
2801 65 is thinking
2801 65 has taken a fork
2801 38 is sleeping
2801 41 has taken a fork
2801 5 has taken a fork
2801 73 is eating
2801 41 has taken a fork
2801 19 has taken a fork
2801 44 is sleeping
2801 5 has taken a fork
2801 9 has taken a fork
2801 11 is thinking
2801 29 has taken a fork
2801 39 is thinking
2801 3 has taken a fork
2801 3 has taken a fork
2801 3 is eating
2801 29 has taken a fork
2801 59 is thinking
2801 29 is eating
2801 4 is sleeping
2801 19 has taken a fork
2801 41 is eating
2801 53 is thinking
2801 53 has taken a fork
2801 56 is sleeping
2801 5 is eating
2801 36 is sleeping
2801 33 is thinking
2801 37 is thinking
2801 33 has taken a fork
2801 11 has taken a fork
2801 32 is sleeping
2801 31 has taken a fork
2801 7 is thinking
2801 1 is eating
2801 69 is thinking
2801 31 is eating
2801 47 has taken a fork
2801 2 is sleeping
2801 16 is sleeping
2801 24 is sleeping
2801 11 has taken a fork
2801 68 is sleeping
2801 37 has taken a fork
2801 22 is sleeping
2801 25 is thinking
2801 39 has taken a fork
2801 37 has taken a fork
2801 67 has taken a fork
2801 67 is eating
2801 11 is eating
2801 53 has taken a fork
2801 53 is eating
2801 35 has taken a fork
2801 35 has taken a fork
2801 35 is eating
2801 15 has taken a fork
2801 15 is eating
2801 19 is eating
2801 37 is eating
2801 20 is sleeping
2801 65 has taken a fork
2801 65 is eating
2801 25 has taken a fork
2801 25 has taken a fork
2801 25 is eating
2801 27 has taken a fork
2801 27 has taken a fork
2801 27 is eating
2801 49 has taken a fork
2801 49 is eating
2801 69 has taken a fork
2801 69 has taken a fork
2801 69 is eating
2801 43 has taken a fork
2801 43 is eating
2801 33 has taken a fork
2801 33 is eating
2801 39 has taken a fork
2801 39 is eating
2801 9 has taken a fork
2801 9 is eating
2801 23 has taken a fork
2801 23 has taken a fork
2801 23 is eating
2801 21 has taken a fork
2801 21 has taken a fork
2801 21 is eating
2801 47 has taken a fork
2801 47 is eating
2801 71 has taken a fork
2801 71 is eating
2801 51 has taken a fork
2801 51 has taken a fork
2801 51 is eating
2801 50 is sleeping
2801 55 has taken a fork
2801 55 is eating
2801 7 has taken a fork
2801 7 has taken a fork
2801 7 is eating
2801 45 has taken a fork
2801 45 has taken a fork
2801 45 is eating
2801 59 has taken a fork
2801 59 has taken a fork
2801 59 is eating
2801 57 has taken a fork
2801 57 has taken a fork
2801 57 is eating
2802 133 is thinking
2802 82 is sleeping
2802 116 is sleeping
2802 111 is thinking
2802 126 is sleeping
2802 91 is thinking
2802 97 is thinking
2802 107 is thinking
2802 113 is thinking
2802 125 is thinking
2802 125 has taken a fork
2802 121 is thinking
2802 108 is sleeping
2802 76 is sleeping
2802 135 is thinking
2802 139 is thinking
2802 115 is thinking
2802 75 has taken a fork
2802 93 is thinking
2802 122 is sleeping
2802 131 is thinking
2802 84 is sleeping
2802 77 is thinking
2802 96 is sleeping
2802 86 is sleeping
2802 79 is thinking
2802 141 is thinking
2802 77 has taken a fork
2802 98 is sleeping
2802 114 is sleeping
2802 75 is eating
2802 129 is thinking
2802 132 is sleeping
2802 85 is thinking
2802 91 has taken a fork
2802 95 is thinking
2802 99 is thinking
2802 97 has taken a fork
2802 115 has taken a fork
2802 124 is sleeping
2802 115 has taken a fork
2802 113 has taken a fork
2802 88 is sleeping
2802 115 is eating
2802 127 is thinking
2802 80 is sleeping
2802 141 has taken a fork
2802 89 is thinking
2802 119 is thinking
2802 97 has taken a fork
2802 97 is eating
2802 104 is sleeping
2802 89 has taken a fork
2802 125 has taken a fork
2802 127 has taken a fork
2802 89 has taken a fork
2802 112 is sleeping
2802 95 has taken a fork
2802 107 has taken a fork
2802 125 is eating
2802 133 has taken a fork
2802 90 is sleeping
2802 99 has taken a fork
2802 89 is eating
2802 140 is sleeping
2802 102 is sleeping
2802 85 has taken a fork
2802 106 is sleeping
2802 113 has taken a fork
2802 137 is thinking
2802 136 is sleeping
2802 113 is eating
2802 85 has taken a fork
2802 107 has taken a fork
2802 85 is eating
2802 107 is eating
2802 118 is sleeping
2802 101 is thinking
2802 119 has taken a fork
2802 110 is sleeping
2802 78 is sleeping
2802 117 is thinking
2802 128 is sleeping
2802 120 is sleeping
2802 111 has taken a fork
2802 77 has taken a fork
2802 119 has taken a fork
2802 77 is eating
2802 129 has taken a fork
2802 111 has taken a fork
2802 121 has taken a fork
2802 109 is thinking
2802 129 has taken a fork
2802 83 is thinking
2802 105 is thinking
2802 117 has taken a fork
2802 139 has taken a fork
2802 137 has taken a fork
2802 105 has taken a fork
2802 133 has taken a fork
2802 135 has taken a fork
2802 139 has taken a fork
2802 103 is thinking
2802 111 is eating
2802 135 has taken a fork
2802 81 is thinking
2802 99 has taken a fork
2802 103 has taken a fork
2802 130 is sleeping
2802 79 has taken a fork
2802 99 is eating
2802 119 is eating
2802 92 is sleeping
2802 135 is eating
2802 79 has taken a fork
2802 94 is sleeping
2802 133 is eating
2802 79 is eating
2802 131 has taken a fork
2802 95 has taken a fork
2802 117 has taken a fork
2802 139 is eating
2802 81 has taken a fork
2802 81 has taken a fork
2802 105 has taken a fork
2802 105 is eating
2802 83 has taken a fork
2802 83 has taken a fork
2802 83 is eating
2802 117 is eating
2802 95 is eating
2802 91 has taken a fork
2802 91 is eating
2802 129 is eating
2802 137 has taken a fork
2802 137 is eating
2802 131 has taken a fork
2802 131 is eating
2802 121 has taken a fork
2802 121 is eating
2802 100 is sleeping
2802 101 has taken a fork
2802 101 has taken a fork
2802 101 is eating
2802 134 is sleeping
2802 87 is thinking
2802 87 has taken a fork
2802 87 has taken a fork
2802 87 is eating
2802 138 is sleeping
2802 93 has taken a fork
2802 93 has taken a fork
2802 93 is eating
2802 123 is thinking
2802 123 has taken a fork
2802 123 has taken a fork
2802 123 is eating
2802 81 is eating
2802 109 has taken a fork
2802 109 has taken a fork
2802 109 is eating
2802 127 has taken a fork
2802 127 is eating
2802 103 has taken a fork
2802 103 is eating
2803 168 is sleeping
2803 171 is thinking
2803 164 is sleeping
2803 174 is sleeping
2803 166 is sleeping
2803 170 is sleeping
2803 185 is thinking
2803 171 has taken a fork
2803 143 is thinking
2803 181 is thinking
2803 147 is thinking
2803 151 is thinking
2803 162 is sleeping
2803 167 is thinking
2803 176 is sleeping
2803 155 is thinking
2803 175 is thinking
2803 156 is sleeping
2803 182 is sleeping
2803 184 is sleeping
2803 163 is thinking
2803 158 is sleeping
2803 179 is thinking
2803 159 is thinking
2803 161 is thinking
2803 163 has taken a fork
2803 160 is sleeping
2803 172 is sleeping
2803 163 has taken a fork
2803 180 is sleeping
2803 165 is thinking
2803 178 is sleeping
2803 173 is thinking
2803 165 has taken a fork
2803 183 is thinking
2803 177 is thinking
2803 165 has taken a fork
2803 167 has taken a fork
2803 185 has taken a fork
2803 177 has taken a fork
2803 142 is sleeping
2803 145 is thinking
2803 141 has taken a fork
2803 167 has taken a fork
2803 165 is eating
2803 159 has taken a fork
2803 171 has taken a fork
2803 167 is eating
2803 146 is sleeping
2803 169 is thinking
2803 177 has taken a fork
2803 143 has taken a fork
2803 173 has taken a fork
2803 147 has taken a fork
2803 177 is eating
2803 169 has taken a fork
2803 143 has taken a fork
2803 147 has taken a fork
2803 143 is eating
2803 159 has taken a fork
2803 147 is eating
2803 159 is eating
2803 169 has taken a fork
2803 155 has taken a fork
2803 153 is thinking
2803 157 is thinking
2803 175 has taken a fork
2803 171 is eating
2803 157 has taken a fork
2803 150 is sleeping
2803 175 has taken a fork
2803 141 is eating
2803 161 has taken a fork
2803 181 has taken a fork
2803 175 is eating
2803 161 has taken a fork
2803 181 has taken a fork
2803 183 has taken a fork
2803 161 is eating
2803 173 has taken a fork
2803 183 has taken a fork
2803 154 is sleeping
2803 183 is eating
2803 152 is sleeping
2803 149 is thinking
2803 148 is sleeping
2803 153 has taken a fork
2803 149 has taken a fork
2803 157 has taken a fork
2803 149 has taken a fork
2803 144 is sleeping
2803 157 is eating
2803 181 is eating
2803 169 is eating
2803 145 has taken a fork
2803 151 has taken a fork
2803 145 has taken a fork
2803 145 is eating
2803 151 has taken a fork
2803 151 is eating
2803 155 has taken a fork
2803 153 has taken a fork
2803 155 is eating
2803 149 is eating
2803 179 has taken a fork
2803 179 has taken a fork
2803 179 is eating
2803 173 is eating
2803 153 is eating
2803 163 is eating
3000 197 is thinking
3000 193 is thinking
3000 199 is thinking
3000 186 is sleeping
3000 196 is sleeping
3000 191 is thinking
3000 197 has taken a fork
3000 190 is sleeping
3000 191 has taken a fork
3000 195 is thinking
3000 189 is thinking
3000 185 has taken a fork
3000 185 is eating
3000 192 is sleeping
3000 198 is sleeping
3000 188 is sleeping
3000 199 has taken a fork
3000 189 has taken a fork
3000 189 has taken a fork
3000 189 is eating
3000 193 has taken a fork
3000 191 has taken a fork
3000 191 is eating
3000 194 is sleeping
3000 197 has taken a fork
3000 197 is eating
3000 193 has taken a fork
3000 193 is eating
3000 195 has taken a fork
3000 195 has taken a fork
3000 195 is eating
3000 187 is thinking
3000 187 has taken a fork
3000 187 has taken a fork
3000 187 is eating
3001 65 is sleeping
3001 38 is thinking
3001 19 is sleeping
3001 26 is thinking
3001 32 is thinking
3001 29 is sleeping
3001 11 is sleeping
3001 60 is thinking
3001 50 is thinking
3001 54 is thinking
3001 67 is sleeping
3001 18 is thinking
3001 18 has taken a fork
3001 18 has taken a fork
3001 18 is eating
3001 7 is sleeping
3001 58 is thinking
3001 58 has taken a fork
3001 59 is sleeping
3001 17 is sleeping
3001 53 is sleeping
3001 34 is thinking
3001 49 is sleeping
3001 36 is thinking
3001 41 is sleeping
3001 22 is thinking
3001 70 is thinking
3001 15 is sleeping
3001 24 is thinking
3001 56 is thinking
3001 23 is sleeping
3001 74 is thinking
3001 72 is thinking
3001 20 is thinking
3001 68 is thinking
3001 32 has taken a fork
3001 9 is sleeping
3001 66 is thinking
3001 66 has taken a fork
3001 38 has taken a fork
3001 51 is sleeping
3001 66 has taken a fork
3001 47 is sleeping
3001 40 is thinking
3001 61 is sleeping
3001 40 has taken a fork
3001 37 is sleeping
3001 66 is eating
3001 44 is thinking
3001 10 is thinking
3001 36 has taken a fork
3001 40 has taken a fork
3001 69 is sleeping
3001 10 has taken a fork
3001 10 has taken a fork
3001 10 is eating
3001 22 has taken a fork
3001 43 is sleeping
3001 52 is thinking
3001 40 is eating
3001 38 has taken a fork
3001 64 is thinking
3001 6 is thinking
3001 22 has taken a fork
3001 22 is eating
3001 2 is thinking
3001 62 is thinking
3001 64 has taken a fork
3001 57 is sleeping
3001 50 has taken a fork
3001 50 has taken a fork
3001 50 is eating
3001 2 has taken a fork
3001 33 is sleeping
3001 5 is sleeping
3001 2 has taken a fork
3001 72 has taken a fork
3001 28 is thinking
3001 68 has taken a fork
3001 14 is thinking
3001 52 has taken a fork
3001 20 has taken a fork
3001 68 has taken a fork
3001 1 is sleeping
3001 52 has taken a fork
3001 42 is thinking
3001 20 has taken a fork
3001 45 is sleeping
3001 48 is thinking
3001 52 is eating
3001 42 has taken a fork
3001 42 has taken a fork
3001 46 is thinking
3001 48 has taken a fork
3001 20 is eating
3001 14 has taken a fork
3001 16 is thinking
3001 4 is thinking
3001 21 is sleeping
3001 73 is sleeping
3001 35 is sleeping
3001 16 has taken a fork
3001 4 has taken a fork
3001 34 has taken a fork
3001 4 has taken a fork
3001 39 is sleeping
3001 44 has taken a fork
3001 24 has taken a fork
3001 44 has taken a fork
3001 34 has taken a fork
3001 199 has taken a fork
3001 44 is eating
3001 34 is eating
3001 54 has taken a fork
3001 71 is sleeping
3001 70 has taken a fork
3001 58 has taken a fork
3001 6 has taken a fork
3001 199 is eating
3001 62 has taken a fork
3001 38 is eating
3001 70 has taken a fork
3001 62 has taken a fork
3001 64 has taken a fork
3001 46 has taken a fork
3001 62 is eating
3001 28 has taken a fork
3001 3 is sleeping
3001 36 has taken a fork
3001 64 is eating
3001 72 has taken a fork
3001 60 has taken a fork
3001 42 is eating
3001 12 is thinking
3001 72 is eating
3001 12 has taken a fork
3001 14 has taken a fork
3001 31 is sleeping
3001 13 is sleeping
3001 2 is eating
3001 68 is eating
3001 26 has taken a fork
3001 32 has taken a fork
3001 12 has taken a fork
3001 25 is sleeping
3001 58 is eating
3001 26 has taken a fork
3001 46 has taken a fork
3001 46 is eating
3001 27 is sleeping
3001 24 has taken a fork
3001 54 has taken a fork
3001 32 is eating
3001 24 is eating
3001 26 is eating
3001 70 is eating
3001 36 is eating
3001 14 is eating
3001 6 has taken a fork
3001 63 is sleeping
3001 56 has taken a fork
3001 30 is thinking
3001 6 is eating
3001 56 has taken a fork
3001 8 is thinking
3001 56 is eating
3001 54 is eating
3001 30 has taken a fork
3001 30 has taken a fork
3001 8 has taken a fork
3001 8 has taken a fork
3001 8 is eating
3001 60 has taken a fork
3001 48 has taken a fork
3001 60 is eating
3001 48 is eating
3001 12 is eating
3001 4 is eating
3001 16 has taken a fork
3001 30 is eating
3001 16 is eating
3001 55 is sleeping
3001 28 has taken a fork
3001 28 is eating
3002 122 is thinking
3002 118 is thinking
3002 96 is thinking
3002 95 is sleeping
3002 115 is sleeping
3002 102 is thinking
3002 84 is thinking
3002 101 is sleeping
3002 83 is sleeping
3002 84 has taken a fork
3002 84 has taken a fork
3002 104 is thinking
3002 116 is thinking
3002 131 is sleeping
3002 90 is thinking
3002 94 is thinking
3002 81 is sleeping
3002 107 is sleeping
3002 90 has taken a fork
3002 128 is thinking
3002 94 has taken a fork
3002 132 is thinking
3002 136 is thinking
3002 79 is sleeping
3002 75 is sleeping
3002 138 is thinking
3002 111 is sleeping
3002 87 is sleeping
3002 117 is sleeping
3002 139 is sleeping
3002 80 is thinking
3002 129 is sleeping
3002 138 has taken a fork
3002 106 is thinking
3002 124 is thinking
3002 122 has taken a fork
3002 134 is thinking
3002 76 is thinking
3002 122 has taken a fork
3002 106 has taken a fork
3002 88 is thinking
3002 135 is sleeping
3002 89 is sleeping
3002 112 is thinking
3002 122 is eating
3002 106 has taken a fork
3002 88 has taken a fork
3002 100 is thinking
3002 112 has taken a fork
3002 106 is eating
3002 126 is thinking
3002 100 has taken a fork
3002 98 is thinking
3002 112 has taken a fork
3002 140 is thinking
3002 98 has taken a fork
3002 112 is eating
3002 109 is sleeping
3002 132 has taken a fork
3002 119 is sleeping
3002 94 has taken a fork
3002 98 has taken a fork
3002 132 has taken a fork
3002 132 is eating
3002 137 is sleeping
3002 94 is eating
3002 80 has taken a fork
3002 77 is sleeping
3002 82 is thinking
3002 114 is thinking
3002 100 has taken a fork
3002 74 has taken a fork
3002 76 has taken a fork
3002 123 is sleeping
3002 114 has taken a fork
3002 82 has taken a fork
3002 113 is sleeping
3002 97 is sleeping
3002 114 has taken a fork
3002 96 has taken a fork
3002 91 is sleeping
3002 114 is eating
3002 78 is thinking
3002 80 has taken a fork
3002 76 has taken a fork
3002 96 has taken a fork
3002 92 is thinking
3002 121 is sleeping
3002 76 is eating
3002 86 is thinking
3002 96 is eating
3002 120 is thinking
3002 138 has taken a fork
3002 105 is sleeping
3002 86 has taken a fork
3002 128 has taken a fork
3002 108 is thinking
3002 138 is eating
3002 134 has taken a fork
3002 84 is eating
3002 85 is sleeping
3002 104 has taken a fork
3002 134 has taken a fork
3002 98 is eating
3002 104 has taken a fork
3002 134 is eating
3002 118 has taken a fork
3002 110 is thinking
3002 92 has taken a fork
3002 100 is eating
3002 110 has taken a fork
3002 92 has taken a fork
3002 99 is sleeping
3002 93 is sleeping
3002 80 is eating
3002 130 is thinking
3002 124 has taken a fork
3002 92 is eating
3002 133 is sleeping
3002 74 has taken a fork
3002 124 has taken a fork
3002 108 has taken a fork
3002 74 is eating
3002 124 is eating
3002 104 is eating
3002 102 has taken a fork
3002 82 has taken a fork
3002 128 has taken a fork
3002 88 has taken a fork
3002 128 is eating
3002 82 is eating
3002 88 is eating
3002 125 is sleeping
3002 120 has taken a fork
3002 118 has taken a fork
3002 116 has taken a fork
3002 86 has taken a fork
3002 136 has taken a fork
3002 108 has taken a fork
3002 116 has taken a fork
3002 116 is eating
3002 108 is eating
3002 136 has taken a fork
3002 120 has taken a fork
3002 136 is eating
3002 120 is eating
3002 126 has taken a fork
3002 127 is sleeping
3002 103 is sleeping
3002 126 has taken a fork
3002 126 is eating
3002 102 has taken a fork
3002 130 has taken a fork
3002 110 has taken a fork
3002 130 has taken a fork
3002 78 has taken a fork
3002 110 is eating
3002 118 is eating
3002 86 is eating
3002 102 is eating
3002 90 has taken a fork
3002 90 is eating
3002 78 has taken a fork
3002 78 is eating
3002 130 is eating
3003 171 is sleeping
3003 161 is sleeping
3003 179 is sleeping
3003 145 is sleeping
3003 180 is thinking
3003 160 is thinking
3003 159 is sleeping
3003 163 is sleeping
3003 156 is thinking
3003 182 is thinking
3003 147 is sleeping
3003 156 has taken a fork
3003 169 is sleeping
3003 168 is thinking
3003 184 is thinking
3003 144 is thinking
3003 167 is sleeping
3003 158 is thinking
3003 168 has taken a fork
3003 144 has taken a fork
3003 164 is thinking
3003 175 is sleeping
3003 158 has taken a fork
3003 146 is thinking
3003 140 has taken a fork
3003 140 has taken a fork
3003 146 has taken a fork
3003 140 is eating
3003 152 is thinking
3003 168 has taken a fork
3003 152 has taken a fork
3003 152 has taken a fork
3003 152 is eating
3003 168 is eating
3003 170 is thinking
3003 170 has taken a fork
3003 170 has taken a fork
3003 170 is eating
3003 183 is sleeping
3003 149 is sleeping
3003 174 is thinking
3003 174 has taken a fork
3003 174 has taken a fork
3003 174 is eating
3003 182 has taken a fork
3003 158 has taken a fork
3003 158 is eating
3003 176 is thinking
3003 176 has taken a fork
3003 176 has taken a fork
3003 176 is eating
3003 144 has taken a fork
3003 144 is eating
3003 180 has taken a fork
3003 150 is thinking
3003 150 has taken a fork
3003 150 has taken a fork
3003 150 is eating
3003 177 is sleeping
3003 173 is sleeping
3003 151 is sleeping
3003 154 is thinking
3003 165 is sleeping
3003 181 is sleeping
3003 166 is thinking
3003 166 has taken a fork
3003 166 has taken a fork
3003 166 is eating
3003 155 is sleeping
3003 148 is thinking
3003 148 has taken a fork
3003 148 has taken a fork
3003 148 is eating
3003 178 is thinking
3003 178 has taken a fork
3003 178 has taken a fork
3003 178 is eating
3003 164 has taken a fork
3003 164 has taken a fork
3003 164 is eating
3003 153 is sleeping
3003 172 is thinking
3003 172 has taken a fork
3003 172 has taken a fork
3003 172 is eating
3003 156 has taken a fork
3003 156 is eating
3003 141 is sleeping
3003 146 has taken a fork
3003 146 is eating
3003 182 has taken a fork
3003 182 is eating
3003 162 is thinking
3003 162 has taken a fork
3003 162 has taken a fork
3003 162 is eating
3003 157 is sleeping
3003 180 has taken a fork
3003 180 is eating
3003 142 is thinking
3003 142 has taken a fork
3003 142 has taken a fork
3003 142 is eating
3003 160 has taken a fork
3003 160 has taken a fork
3003 160 is eating
3003 154 has taken a fork
3003 154 has taken a fork
3003 154 is eating
3003 143 is sleeping
3200 190 is thinking
3200 186 is thinking
3200 193 is sleeping
3200 198 is thinking
3200 195 is sleeping
3200 194 is thinking
3200 188 is thinking
3200 185 is sleeping
3200 187 is sleeping
3200 184 has taken a fork
3200 184 has taken a fork
3200 184 is eating
3200 192 is thinking
3200 186 has taken a fork
3200 186 has taken a fork
3200 192 has taken a fork
3200 186 is eating
3200 196 is thinking
3200 194 has taken a fork
3200 194 has taken a fork
3200 194 is eating
3200 188 has taken a fork
3200 188 has taken a fork
3200 188 is eating
3200 189 is sleeping
3200 197 is sleeping
3200 196 has taken a fork
3200 196 has taken a fork
3200 196 is eating
3200 191 is sleeping
3200 190 has taken a fork
3200 190 has taken a fork
3200 190 is eating
3200 192 has taken a fork
3200 192 is eating
3201 10 is sleeping
3201 4 is sleeping
3201 48 is sleeping
3201 49 is thinking
3201 54 is sleeping
3201 26 is sleeping
3201 70 is sleeping
3201 51 is thinking
3201 49 has taken a fork
3201 56 is sleeping
3201 11 is thinking
3201 7 is thinking
3201 21 is thinking
3201 39 is thinking
3201 39 has taken a fork
3201 11 has taken a fork
3201 38 is sleeping
3201 64 is sleeping
3201 44 is sleeping
3201 6 is sleeping
3201 7 has taken a fork
3201 29 is thinking
3201 2 is sleeping
3201 46 is sleeping
3201 13 is thinking
3201 31 is thinking
3201 47 is thinking
3201 72 is sleeping
3201 47 has taken a fork
3201 47 has taken a fork
3201 47 is eating
3201 5 is thinking
3201 22 is sleeping
3201 8 is sleeping
3201 52 is sleeping
3201 53 is thinking
3201 24 is sleeping
3201 36 is sleeping
3201 69 is thinking
3201 12 is sleeping
3201 18 is sleeping
3201 59 is thinking
3201 59 has taken a fork
3201 29 has taken a fork
3201 25 is thinking
3201 25 has taken a fork
3201 32 is sleeping
3201 50 is sleeping
3201 42 is sleeping
3201 16 is sleeping
3201 13 has taken a fork
3201 3 is thinking
3201 5 has taken a fork
3201 43 is thinking
3201 67 is thinking
3201 5 has taken a fork
3201 5 is eating
3201 29 has taken a fork
3201 3 has taken a fork
3201 3 has taken a fork
3201 45 is thinking
3201 65 is thinking
3201 17 is thinking
3201 45 has taken a fork
3201 45 has taken a fork
3201 45 is eating
3201 25 has taken a fork
3201 25 is eating
3201 7 has taken a fork
3201 7 is eating
3201 53 has taken a fork
3201 53 has taken a fork
3201 53 is eating
3201 20 is sleeping
3201 57 is thinking
3201 43 has taken a fork
3201 57 has taken a fork
3201 43 has taken a fork
3201 43 is eating
3201 57 has taken a fork
3201 59 has taken a fork
3201 57 is eating
3201 59 is eating
3201 40 is sleeping
3201 71 is thinking
3201 14 is sleeping
3201 31 has taken a fork
3201 31 has taken a fork
3201 21 has taken a fork
3201 68 is sleeping
3201 21 has taken a fork
3201 13 has taken a fork
3201 39 has taken a fork
3201 21 is eating
3201 58 is sleeping
3201 69 has taken a fork
3201 1 is thinking
3201 69 has taken a fork
3201 69 is eating
3201 39 is eating
3201 11 has taken a fork
3201 27 is thinking
3201 35 is thinking
3201 41 is thinking
3201 27 has taken a fork
3201 17 has taken a fork
3201 37 is thinking
3201 65 has taken a fork
3201 19 is thinking
3201 23 is thinking
3201 65 has taken a fork
3201 37 has taken a fork
3201 23 has taken a fork
3201 37 has taken a fork
3201 65 is eating
3201 23 has taken a fork
3201 23 is eating
3201 37 is eating
3201 198 has taken a fork
3201 33 is thinking
3201 198 has taken a fork
3201 198 is eating
3201 34 is sleeping
3201 199 is sleeping
3201 63 is thinking
3201 28 is sleeping
3201 3 is eating
3201 51 has taken a fork
3201 29 is eating
3201 71 has taken a fork
3201 51 has taken a fork
3201 51 is eating
3201 71 has taken a fork
3201 71 is eating
3201 31 is eating
3201 66 is sleeping
3201 55 is thinking
3201 13 is eating
3201 55 has taken a fork
3201 55 has taken a fork
3201 55 is eating
3201 35 has taken a fork
3201 35 has taken a fork
3201 17 has taken a fork
3201 35 is eating
3201 17 is eating
3201 9 is thinking
3201 9 has taken a fork
3201 9 has taken a fork
3201 9 is eating
3201 1 has taken a fork
3201 60 is sleeping
3201 1 has taken a fork
3201 1 is eating
3201 27 has taken a fork
3201 61 is thinking
3201 41 has taken a fork
3201 27 is eating
3201 61 has taken a fork
3201 62 is sleeping
3201 30 is sleeping
3201 33 has taken a fork
3201 49 has taken a fork
3201 15 is thinking
3201 63 has taken a fork
3201 67 has taken a fork
3201 67 has taken a fork
3201 67 is eating
3201 15 has taken a fork
3201 63 has taken a fork
3201 11 is eating
3201 73 is thinking
3201 63 is eating
3201 73 has taken a fork
3201 41 has taken a fork
3201 19 has taken a fork
3201 41 is eating
3201 19 has taken a fork
3201 15 has taken a fork
3201 19 is eating
3201 61 has taken a fork
3201 61 is eating
3201 15 is eating
3201 49 is eating
3201 33 has taken a fork
3201 33 is eating
3202 113 is thinking
3202 134 is sleeping
3202 82 is sleeping
3202 99 is thinking
3202 109 is thinking
3202 85 is thinking
3202 122 is sleeping
3202 115 is thinking
3202 97 is thinking
3202 93 is thinking
3202 88 is sleeping
3202 119 is thinking
3202 131 is thinking
3202 120 is sleeping
3202 124 is sleeping
3202 121 is thinking
3202 111 is thinking
3202 117 is thinking
3202 113 has taken a fork
3202 90 is sleeping
3202 80 is sleeping
3202 78 is sleeping
3202 89 is thinking
3202 139 is thinking
3202 104 is sleeping
3202 139 has taken a fork
3202 130 is sleeping
3202 86 is sleeping
3202 74 is sleeping
3202 136 is sleeping
3202 77 is thinking
3202 103 is thinking
3202 127 is thinking
3202 121 has taken a fork
3202 84 is sleeping
3202 121 has taken a fork
3202 121 is eating
3202 73 has taken a fork
3202 85 has taken a fork
3202 73 is eating
3202 118 is sleeping
3202 138 is sleeping
3202 89 has taken a fork
3202 89 has taken a fork
3202 89 is eating
3202 112 is sleeping
3202 131 has taken a fork
3202 85 has taken a fork
3202 85 is eating
3202 119 has taken a fork
3202 119 has taken a fork
3202 119 is eating
3202 100 is sleeping
3202 128 is sleeping
3202 106 is sleeping
3202 91 is thinking
3202 95 is thinking
3202 123 is thinking
3202 116 is sleeping
3202 102 is sleeping
3202 126 is sleeping
3202 125 is thinking
3202 79 is thinking
3202 79 has taken a fork
3202 79 has taken a fork
3202 135 is thinking
3202 125 has taken a fork
3202 131 has taken a fork
3202 125 has taken a fork
3202 125 is eating
3202 131 is eating
3202 137 is thinking
3202 76 is sleeping
3202 137 has taken a fork
3202 137 has taken a fork
3202 137 is eating
3202 94 is sleeping
3202 123 has taken a fork
3202 123 has taken a fork
3202 123 is eating
3202 79 is eating
3202 91 has taken a fork
3202 135 has taken a fork
3202 91 has taken a fork
3202 135 has taken a fork
3202 135 is eating
3202 91 is eating
3202 105 is thinking
3202 127 has taken a fork
3202 105 has taken a fork
3202 127 has taken a fork
3202 127 is eating
3202 105 has taken a fork
3202 75 is thinking
3202 113 has taken a fork
3202 92 is sleeping
3202 113 is eating
3202 98 is sleeping
3202 103 has taken a fork
3202 95 has taken a fork
3202 103 has taken a fork
3202 103 is eating
3202 115 has taken a fork
3202 95 has taken a fork
3202 95 is eating
3202 115 has taken a fork
3202 108 is sleeping
3202 81 is thinking
3202 117 has taken a fork
3202 81 has taken a fork
3202 81 has taken a fork
3202 117 has taken a fork
3202 96 is sleeping
3202 81 is eating
3202 87 is thinking
3202 87 has taken a fork
3202 110 is sleeping
3202 97 has taken a fork
3202 109 has taken a fork
3202 99 has taken a fork
3202 109 has taken a fork
3202 109 is eating
3202 93 has taken a fork
3202 83 is thinking
3202 111 has taken a fork
3202 83 has taken a fork
3202 83 has taken a fork
3202 77 has taken a fork
3202 111 has taken a fork
3202 114 is sleeping
3202 105 is eating
3202 111 is eating
3202 75 has taken a fork
3202 117 is eating
3202 101 is thinking
3202 129 is thinking
3202 101 has taken a fork
3202 101 has taken a fork
3202 107 is thinking
3202 129 has taken a fork
3202 107 has taken a fork
3202 129 has taken a fork
3202 99 has taken a fork
3202 129 is eating
3202 99 is eating
3202 133 is thinking
3202 132 is sleeping
3202 83 is eating
3202 87 has taken a fork
3202 97 has taken a fork
3202 87 is eating
3202 97 is eating
3202 93 has taken a fork
3202 115 is eating
3202 93 is eating
3202 133 has taken a fork
3202 107 has taken a fork
3202 101 is eating
3202 133 has taken a fork
3202 133 is eating
3202 75 has taken a fork
3202 77 has taken a fork
3202 75 is eating
3202 77 is eating
3202 107 is eating
3203 157 is thinking
3203 144 is sleeping
3203 177 is thinking
3203 142 is sleeping
3203 159 is thinking
3203 160 is sleeping
3203 181 is thinking
3203 161 is thinking
3203 167 is thinking
3203 143 is thinking
3203 143 has taken a fork
3203 143 has taken a fork
3203 143 is eating
3203 155 is thinking
3203 169 is thinking
3203 178 is sleeping
3203 180 is sleeping
3203 175 is thinking
3203 146 is sleeping
3203 182 is sleeping
3203 141 is thinking
3203 158 is sleeping
3203 170 is sleeping
3203 173 is thinking
3203 159 has taken a fork
3203 172 is sleeping
3203 161 has taken a fork
3203 155 has taken a fork
3203 163 is thinking
3203 154 is sleeping
3203 173 has taken a fork
3203 159 has taken a fork
3203 169 has taken a fork
3203 181 has taken a fork
3203 181 has taken a fork
3203 169 has taken a fork
3203 139 has taken a fork
3203 139 is eating
3203 159 is eating
3203 169 is eating
3203 140 is sleeping
3203 181 is eating
3203 164 is sleeping
3203 141 has taken a fork
3203 141 has taken a fork
3203 141 is eating
3203 168 is sleeping
3203 149 is thinking
3203 145 is thinking
3203 153 is thinking
3203 147 is thinking
3203 183 is thinking
3203 176 is sleeping
3203 145 has taken a fork
3203 149 has taken a fork
3203 145 has taken a fork
3203 151 is thinking
3203 165 is thinking
3203 167 has taken a fork
3203 166 is sleeping
3203 156 is sleeping
3203 152 is sleeping
3203 183 has taken a fork
3203 145 is eating
3203 179 is thinking
3203 162 is sleeping
3203 179 has taken a fork
3203 174 is sleeping
3203 155 has taken a fork
3203 161 has taken a fork
3203 179 has taken a fork
3203 148 is sleeping
3203 161 is eating
3203 179 is eating
3203 149 has taken a fork
3203 157 has taken a fork
3203 163 has taken a fork
3203 167 has taken a fork
3203 149 is eating
3203 171 is thinking
3203 155 is eating
3203 167 is eating
3203 163 has taken a fork
3203 163 is eating
3203 173 has taken a fork
3203 173 is eating
3203 177 has taken a fork
3203 177 has taken a fork
3203 177 is eating
3203 175 has taken a fork
3203 175 has taken a fork
3203 175 is eating
3203 165 has taken a fork
3203 165 has taken a fork
3203 165 is eating
3203 157 has taken a fork
3203 157 is eating
3203 151 has taken a fork
3203 151 has taken a fork
3203 151 is eating
3203 147 has taken a fork
3203 147 has taken a fork
3203 147 is eating
3203 150 is sleeping
3203 171 has taken a fork
3203 171 has taken a fork
3203 171 is eating
3203 153 has taken a fork
3203 153 has taken a fork
3203 153 is eating
3400 188 is sleeping
3400 186 is sleeping
3400 184 is sleeping
3400 183 has taken a fork
3400 183 is eating
3400 193 is thinking
3400 197 is thinking
3400 190 is sleeping
3400 191 is thinking
3400 189 is thinking
3400 195 is thinking
3400 191 has taken a fork
3400 195 has taken a fork
3400 195 has taken a fork
3400 195 is eating
3400 187 is thinking
3400 187 has taken a fork
3400 187 has taken a fork
3400 187 is eating
3400 189 has taken a fork
3400 197 has taken a fork
3400 194 is sleeping
3400 196 is sleeping
3400 185 is thinking
3400 189 has taken a fork
3400 185 has taken a fork
3400 189 is eating
3400 185 has taken a fork
3400 185 is eating
3400 192 is sleeping
3400 191 has taken a fork
3400 191 is eating
3400 193 has taken a fork
3400 193 has taken a fork
3400 193 is eating
3401 64 is thinking
3401 29 is sleeping
3401 47 is sleeping
3401 30 is thinking
3401 18 is thinking
3401 14 is thinking
3401 56 is thinking
3401 66 is thinking
3401 45 is sleeping
3401 25 is sleeping
3401 21 is sleeping
3401 54 is thinking
3401 22 is thinking
3401 65 is sleeping
3401 62 is thinking
3401 31 is sleeping
3401 36 is thinking
3401 71 is sleeping
3401 32 is thinking
3401 55 is sleeping
3401 53 is sleeping
3401 36 has taken a fork
3401 52 is thinking
3401 57 is sleeping
3401 44 is thinking
3401 44 has taken a fork
3401 15 is sleeping
3401 11 is sleeping
3401 5 is sleeping
3401 52 has taken a fork
3401 23 is sleeping
3401 64 has taken a fork
3401 13 is sleeping
3401 17 is sleeping
3401 68 is thinking
3401 37 is sleeping
3401 72 is thinking
3401 48 is thinking
3401 14 has taken a fork
3401 1 is sleeping
3401 43 is sleeping
3401 14 has taken a fork
3401 3 is sleeping
3401 35 is sleeping
3401 9 is sleeping
3401 44 has taken a fork
3401 44 is eating
3401 58 is thinking
3401 50 is thinking
3401 38 is thinking
3401 38 has taken a fork
3401 49 is sleeping
3401 59 is sleeping
3401 42 is thinking
3401 40 is thinking
3401 39 is sleeping
3401 26 is thinking
3401 63 is sleeping
3401 42 has taken a fork
3401 199 is thinking
3401 4 is thinking
3401 60 is thinking
3401 67 is sleeping
3401 199 has taken a fork
3401 199 has taken a fork
3401 70 is thinking
3401 50 has taken a fork
3401 4 has taken a fork
3401 60 has taken a fork
3401 61 is sleeping
3401 50 has taken a fork
3401 22 has taken a fork
3401 4 has taken a fork
3401 50 is eating
3401 64 has taken a fork
3401 22 has taken a fork
3401 66 has taken a fork
3401 54 has taken a fork
3401 32 has taken a fork
3401 199 is eating
3401 64 is eating
3401 24 is thinking
3401 33 is sleeping
3401 34 is thinking
3401 46 is thinking
3401 48 has taken a fork
3401 58 has taken a fork
3401 14 is eating
3401 30 has taken a fork
3401 16 is thinking
3401 34 has taken a fork
3401 198 is sleeping
3401 12 is thinking
3401 16 has taken a fork
3401 34 has taken a fork
3401 6 is thinking
3401 52 has taken a fork
3401 7 is sleeping
3401 38 has taken a fork
3401 6 has taken a fork
3401 56 has taken a fork
3401 10 is thinking
3401 52 is eating
3401 56 has taken a fork
3401 10 has taken a fork
3401 6 has taken a fork
3401 56 is eating
3401 22 is eating
3401 16 has taken a fork
3401 66 has taken a fork
3401 10 has taken a fork
3401 48 has taken a fork
3401 58 has taken a fork
3401 30 has taken a fork
3401 10 is eating
3401 27 is sleeping
3401 58 is eating
3401 42 has taken a fork
3401 62 has taken a fork
3401 30 is eating
3401 32 has taken a fork
3401 24 has taken a fork
3401 69 is sleeping
3401 26 has taken a fork
3401 26 has taken a fork
3401 26 is eating
3401 70 has taken a fork
3401 38 is eating
3401 70 has taken a fork
3401 70 is eating
3401 8 is thinking
3401 197 has taken a fork
3401 8 has taken a fork
3401 8 has taken a fork
3401 8 is eating
3401 197 is eating
3401 28 is thinking
3401 42 is eating
3401 28 has taken a fork
3401 28 has taken a fork
3401 28 is eating
3401 24 has taken a fork
3401 66 is eating
3401 24 is eating
3401 62 has taken a fork
3401 62 is eating
3401 19 is sleeping
3401 48 is eating
3401 46 has taken a fork
3401 46 has taken a fork
3401 46 is eating
3401 32 is eating
3401 2 is thinking
3401 2 has taken a fork
3401 2 has taken a fork
3401 2 is eating
3401 36 has taken a fork
3401 51 is sleeping
3401 36 is eating
3401 12 has taken a fork
3401 68 has taken a fork
3401 12 has taken a fork
3401 68 has taken a fork
3401 12 is eating
3401 68 is eating
3401 16 is eating
3401 41 is sleeping
3401 34 is eating
3401 18 has taken a fork
3401 18 has taken a fork
3401 18 is eating
3401 20 is thinking
3401 20 has taken a fork
3401 20 has taken a fork
3401 20 is eating
3401 60 has taken a fork
3401 60 is eating
3401 54 has taken a fork
3401 54 is eating
3401 4 is eating
3401 6 is eating
3401 40 has taken a fork
3401 40 has taken a fork
3401 40 is eating
3402 100 is thinking
3402 117 is sleeping
3402 97 is sleeping
3402 87 is sleeping
3402 79 is sleeping
3402 89 is sleeping
3402 95 is sleeping
3402 128 is thinking
3402 92 is thinking
3402 84 is thinking
3402 86 is thinking
3402 126 is thinking
3402 88 is thinking
3402 88 has taken a fork
3402 88 has taken a fork
3402 127 is sleeping
3402 82 is thinking
3402 126 has taken a fork
3402 129 is sleeping
3402 128 has taken a fork
3402 128 has taken a fork
3402 128 is eating
3402 88 is eating
3402 82 has taken a fork
3402 101 is sleeping
3402 86 has taken a fork
3402 103 is sleeping
3402 135 is sleeping
3402 83 is sleeping
3402 100 has taken a fork
3402 76 is thinking
3402 134 is thinking
3402 134 has taken a fork
3402 73 is sleeping
3402 111 is sleeping
3402 72 has taken a fork
3402 72 has taken a fork
3402 72 is eating
3402 96 is thinking
3402 94 is thinking
3402 94 has taken a fork
3402 106 is thinking
3402 137 is sleeping
3402 74 is thinking
3402 114 is thinking
3402 113 is sleeping
3402 131 is sleeping
3402 116 is thinking
3402 93 is sleeping
3402 118 is thinking
3402 107 is sleeping
3402 108 is thinking
3402 116 has taken a fork
3402 120 is thinking
3402 80 is thinking
3402 112 is thinking
3402 105 is sleeping
3402 96 has taken a fork
3402 110 is thinking
3402 130 is thinking
3402 98 is thinking
3402 90 is thinking
3402 78 is thinking
3402 130 has taken a fork
3402 75 is sleeping
3402 124 is thinking
3402 119 is sleeping
3402 94 has taken a fork
3402 78 has taken a fork
3402 78 has taken a fork
3402 78 is eating
3402 110 has taken a fork
3402 76 has taken a fork
3402 74 has taken a fork
3402 115 is sleeping
3402 84 has taken a fork
3402 104 is thinking
3402 84 has taken a fork
3402 99 is sleeping
3402 123 is sleeping
3402 130 has taken a fork
3402 118 has taken a fork
3402 96 has taken a fork
3402 98 has taken a fork
3402 130 is eating
3402 134 has taken a fork
3402 118 has taken a fork
3402 114 has taken a fork
3402 118 is eating
3402 106 has taken a fork
3402 114 has taken a fork
3402 102 is thinking
3402 125 is sleeping
3402 76 has taken a fork
3402 94 is eating
3402 80 has taken a fork
3402 91 is sleeping
3402 100 has taken a fork
3402 122 is thinking
3402 133 is sleeping
3402 100 is eating
3402 84 is eating
3402 102 has taken a fork
3402 134 is eating
3402 112 has taken a fork
3402 102 has taken a fork
3402 116 has taken a fork
3402 136 is thinking
3402 116 is eating
3402 114 is eating
3402 98 has taken a fork
3402 136 has taken a fork
3402 136 has taken a fork
3402 92 has taken a fork
3402 136 is eating
3402 126 has taken a fork
3402 92 has taken a fork
3402 92 is eating
3402 77 is sleeping
3402 96 is eating
3402 90 has taken a fork
3402 124 has taken a fork
3402 86 has taken a fork
3402 124 has taken a fork
3402 86 is eating
3402 124 is eating
3402 82 has taken a fork
3402 82 is eating
3402 112 has taken a fork
3402 112 is eating
3402 102 is eating
3402 74 has taken a fork
3402 74 is eating
3402 76 is eating
3402 80 has taken a fork
3402 80 is eating
3402 98 is eating
3402 110 has taken a fork
3402 110 is eating
3402 106 has taken a fork
3402 106 is eating
3402 126 is eating
3402 108 has taken a fork
3402 108 has taken a fork
3402 108 is eating
3402 81 is sleeping
3402 90 has taken a fork
3402 90 is eating
3402 138 is thinking
3402 104 has taken a fork
3402 104 has taken a fork
3402 104 is eating
3402 132 is thinking
3402 132 has taken a fork
3402 132 has taken a fork
3402 132 is eating
3402 121 is sleeping
3402 122 has taken a fork
3402 122 has taken a fork
3402 122 is eating
3402 85 is sleeping
3402 120 has taken a fork
3402 109 is sleeping
3402 120 has taken a fork
3402 120 is eating
3403 181 is sleeping
3403 140 is thinking
3403 160 is thinking
3403 176 is thinking
3403 165 is sleeping
3403 153 is sleeping
3403 162 is thinking
3403 168 is thinking
3403 167 is sleeping
3403 170 is thinking
3403 164 is thinking
3403 168 has taken a fork
3403 155 is sleeping
3403 171 is sleeping
3403 173 is sleeping
3403 141 is sleeping
3403 169 is sleeping
3403 172 is thinking
3403 157 is sleeping
3403 180 is thinking
3403 172 has taken a fork
3403 180 has taken a fork
3403 143 is sleeping
3403 139 is sleeping
3403 179 is sleeping
3403 177 is sleeping
3403 158 is thinking
3403 159 is sleeping
3403 175 is sleeping
3403 147 is sleeping
3403 182 is thinking
3403 138 has taken a fork
3403 142 is thinking
3403 146 is thinking
3403 145 is sleeping
3403 142 has taken a fork
3403 154 is thinking
3403 151 is sleeping
3403 168 has taken a fork
3403 161 is sleeping
3403 144 is thinking
3403 146 has taken a fork
3403 154 has taken a fork
3403 163 is sleeping
3403 172 has taken a fork
3403 152 is thinking
3403 158 has taken a fork
3403 152 has taken a fork
3403 168 is eating
3403 142 has taken a fork
3403 174 is thinking
3403 176 has taken a fork
3403 160 has taken a fork
3403 148 is thinking
3403 176 has taken a fork
3403 174 has taken a fork
3403 156 is thinking
3403 148 has taken a fork
3403 162 has taken a fork
3403 156 has taken a fork
3403 162 has taken a fork
3403 156 has taken a fork
3403 144 has taken a fork
3403 170 has taken a fork
3403 164 has taken a fork
3403 170 has taken a fork
3403 164 has taken a fork
3403 164 is eating
3403 149 is sleeping
3403 162 is eating
3403 150 is thinking
3403 154 has taken a fork
3403 152 has taken a fork
3403 142 is eating
3403 140 has taken a fork
3403 148 has taken a fork
3403 140 has taken a fork
3403 152 is eating
3403 146 has taken a fork
3403 148 is eating
3403 140 is eating
3403 170 is eating
3403 146 is eating
3403 154 is eating
3403 144 has taken a fork
3403 156 is eating
3403 150 has taken a fork
3403 144 is eating
3403 138 has taken a fork
3403 150 has taken a fork
3403 138 is eating
3403 176 is eating
3403 172 is eating
3403 150 is eating
3403 180 has taken a fork
3403 178 is thinking
3403 178 has taken a fork
3403 178 has taken a fork
3403 180 is eating
3403 166 is thinking
3403 166 has taken a fork
3403 174 has taken a fork
3403 166 has taken a fork
3403 160 has taken a fork
3403 166 is eating
3403 178 is eating
3403 158 has taken a fork
3403 158 is eating
3403 174 is eating
3403 160 is eating
3600 185 is sleeping
3600 184 is thinking
3600 184 has taken a fork
3600 188 is thinking
3600 196 is thinking
3600 190 is thinking
3600 183 is sleeping
3600 194 is thinking
3600 188 has taken a fork
3600 187 is sleeping
3600 195 is sleeping
3600 184 has taken a fork
3600 184 is eating
3600 186 is thinking
3600 191 is sleeping
3600 186 has taken a fork
3600 186 has taken a fork
3600 186 is eating
3600 188 has taken a fork
3600 188 is eating
3600 192 is thinking
3600 193 is sleeping
3600 192 has taken a fork
3600 192 has taken a fork
3600 192 is eating
3600 182 has taken a fork
3600 182 has taken a fork
3600 182 is eating
3600 189 is sleeping
3600 194 has taken a fork
3600 194 has taken a fork
3600 194 is eating
3600 190 has taken a fork
3600 190 has taken a fork
3600 190 is eating
3601 19 is thinking
3601 42 is sleeping
3601 37 is thinking
3601 35 is thinking
3601 1 is thinking
3601 16 is sleeping
3601 58 is sleeping
3601 30 is sleeping
3601 20 is sleeping
3601 43 is thinking
3601 13 is thinking
3601 41 is thinking
3601 8 is sleeping
3601 15 is thinking
3601 43 has taken a fork
3601 36 is sleeping
3601 60 is sleeping
3601 33 is thinking
3601 65 is thinking
3601 50 is sleeping
3601 33 has taken a fork
3601 53 is thinking
3601 38 is sleeping
3601 2 is sleeping
3601 45 is thinking
3601 21 is thinking
3601 55 is thinking
3601 66 is sleeping
3601 21 has taken a fork
3601 55 has taken a fork
3601 46 is sleeping
3601 21 has taken a fork
3601 21 is eating
3601 61 is thinking
3601 61 has taken a fork
3601 61 has taken a fork
3601 61 is eating
3601 70 is sleeping
3601 29 is thinking
3601 7 is thinking
3601 197 is sleeping
3601 44 is sleeping
3601 4 is sleeping
3601 12 is sleeping
3601 54 is sleeping
3601 57 is thinking
3601 24 is sleeping
3601 45 has taken a fork
3601 45 has taken a fork
3601 45 is eating
3601 34 is sleeping
3601 14 is sleeping
3601 9 is thinking
3601 9 has taken a fork
3601 199 is sleeping
3601 33 has taken a fork
3601 41 has taken a fork
3601 17 is thinking
3601 43 has taken a fork
3601 68 is sleeping
3601 41 has taken a fork
3601 196 has taken a fork
3601 15 has taken a fork
3601 7 has taken a fork
3601 43 is eating
3601 48 is sleeping
3601 7 has taken a fork
3601 22 is sleeping
3601 49 is thinking
3601 63 is thinking
3601 32 is sleeping
3601 59 is thinking
3601 5 is thinking
3601 65 has taken a fork
3601 65 has taken a fork
3601 59 has taken a fork
3601 63 has taken a fork
3601 67 is thinking
3601 41 is eating
3601 5 has taken a fork
3601 63 has taken a fork
3601 63 is eating
3601 198 is thinking
3601 31 is thinking
3601 64 is sleeping
3601 47 is thinking
3601 3 is thinking
3601 39 is thinking
3601 198 has taken a fork
3601 25 is thinking
3601 3 has taken a fork
3601 39 has taken a fork
3601 62 is sleeping
3601 198 has taken a fork
3601 55 has taken a fork
3601 39 has taken a fork
3601 18 is sleeping
3601 15 has taken a fork
3601 39 is eating
3601 1 has taken a fork
3601 15 is eating
3601 25 has taken a fork
3601 37 has taken a fork
3601 28 is sleeping
3601 71 is thinking
3601 5 has taken a fork
3601 25 has taken a fork
3601 67 has taken a fork
3601 5 is eating
3601 33 is eating
3601 9 has taken a fork
3601 31 has taken a fork
3601 13 has taken a fork
3601 35 has taken a fork
3601 10 is sleeping
3601 13 has taken a fork
3601 17 has taken a fork
3601 40 is sleeping
3601 11 is thinking
3601 31 has taken a fork
3601 13 is eating
3601 53 has taken a fork
3601 3 has taken a fork
3601 26 is sleeping
3601 55 is eating
3601 52 is sleeping
3601 3 is eating
3601 7 is eating
3601 1 has taken a fork
3601 71 has taken a fork
3601 57 has taken a fork
3601 19 has taken a fork
3601 47 has taken a fork
3601 69 is thinking
3601 1 is eating
3601 47 has taken a fork
3601 27 is thinking
3601 67 has taken a fork
3601 47 is eating
3601 17 has taken a fork
3601 67 is eating
3601 31 is eating
3601 27 has taken a fork
3601 56 is sleeping
3601 17 is eating
3601 53 has taken a fork
3601 51 is thinking
3601 29 has taken a fork
3601 37 has taken a fork
3601 198 is eating
3601 25 is eating
3601 37 is eating
3601 51 has taken a fork
3601 69 has taken a fork
3601 51 has taken a fork
3601 53 is eating
3601 49 has taken a fork
3601 51 is eating
3601 49 has taken a fork
3601 49 is eating
3601 65 is eating
3601 29 has taken a fork
3601 6 is sleeping
3601 23 is thinking
3601 35 has taken a fork
3601 35 is eating
3601 57 has taken a fork
3601 57 is eating
3601 11 has taken a fork
3601 23 has taken a fork
3601 69 has taken a fork
3601 11 has taken a fork
3601 11 is eating
3601 59 has taken a fork
3601 59 is eating
3601 9 is eating
3601 196 has taken a fork
3601 196 is eating
3601 19 has taken a fork
3601 69 is eating
3601 19 is eating
3601 27 has taken a fork
3601 27 is eating
3601 29 is eating
3601 23 has taken a fork
3601 23 is eating
3602 79 is thinking
3602 135 is thinking
3602 80 is sleeping
3602 104 is sleeping
3602 121 is thinking
3602 111 is thinking
3602 114 is sleeping
3602 134 is sleeping
3602 77 is thinking
3602 97 is thinking
3602 129 is thinking
3602 85 is thinking
3602 85 has taken a fork
3602 113 is thinking
3602 135 has taken a fork
3602 84 is sleeping
3602 132 is sleeping
3602 83 is thinking
3602 99 is thinking
3602 117 is thinking
3602 93 is thinking
3602 102 is sleeping
3602 103 is thinking
3602 137 is thinking
3602 87 is thinking
3602 76 is sleeping
3602 136 is sleeping
3602 95 is thinking
3602 126 is sleeping
3602 120 is sleeping
3602 135 has taken a fork
3602 88 is sleeping
3602 118 is sleeping
3602 125 is thinking
3602 135 is eating
3602 130 is sleeping
3602 115 is thinking
3602 112 is sleeping
3602 107 is thinking
3602 101 is thinking
3602 74 is sleeping
3602 113 has taken a fork
3602 107 has taken a fork
3602 82 is sleeping
3602 108 is sleeping
3602 73 is thinking
3602 113 has taken a fork
3602 107 has taken a fork
3602 100 is sleeping
3602 97 has taken a fork
3602 99 has taken a fork
3602 81 is thinking
3602 113 is eating
3602 119 is thinking
3602 107 is eating
3602 119 has taken a fork
3602 115 has taken a fork
3602 83 has taken a fork
3602 101 has taken a fork
3602 94 is sleeping
3602 93 has taken a fork
3602 122 is sleeping
3602 75 is thinking
3602 83 has taken a fork
3602 123 is thinking
3602 101 has taken a fork
3602 128 is sleeping
3602 98 is sleeping
3602 83 is eating
3602 123 has taken a fork
3602 101 is eating
3602 89 is thinking
3602 97 has taken a fork
3602 127 is thinking
3602 97 is eating
3602 129 has taken a fork
3602 109 is thinking
3602 72 is sleeping
3602 129 has taken a fork
3602 129 is eating
3602 109 has taken a fork
3602 73 has taken a fork
3602 109 has taken a fork
3602 96 is sleeping
3602 73 has taken a fork
3602 109 is eating
3602 92 is sleeping
3602 71 has taken a fork
3602 73 is eating
3602 119 has taken a fork
3602 125 has taken a fork
3602 137 has taken a fork
3602 95 has taken a fork
3602 103 has taken a fork
3602 91 is thinking
3602 103 has taken a fork
3602 103 is eating
3602 110 is sleeping
3602 86 is sleeping
3602 91 has taken a fork
3602 91 has taken a fork
3602 85 has taken a fork
3602 105 is thinking
3602 91 is eating
3602 115 has taken a fork
3602 124 is sleeping
3602 87 has taken a fork
3602 105 has taken a fork
3602 85 is eating
3602 115 is eating
3602 81 has taken a fork
3602 105 has taken a fork
3602 87 has taken a fork
3602 78 is sleeping
3602 123 has taken a fork
3602 87 is eating
3602 117 has taken a fork
3602 123 is eating
3602 90 is sleeping
3602 125 has taken a fork
3602 99 has taken a fork
3602 125 is eating
3602 93 has taken a fork
3602 95 has taken a fork
3602 121 has taken a fork
3602 106 is sleeping
3602 133 is thinking
3602 111 has taken a fork
3602 133 has taken a fork
3602 81 has taken a fork
3602 77 has taken a fork
3602 105 is eating
3602 75 has taken a fork
3602 77 has taken a fork
3602 117 has taken a fork
3602 71 is eating
3602 117 is eating
3602 77 is eating
3602 116 is sleeping
3602 99 is eating
3602 93 is eating
3602 121 has taken a fork
3602 127 has taken a fork
3602 131 is thinking
3602 127 has taken a fork
3602 127 is eating
3602 81 is eating
3602 119 is eating
3602 131 has taken a fork
3602 131 has taken a fork
3602 131 is eating
3602 121 is eating
3602 111 has taken a fork
3602 133 has taken a fork
3602 111 is eating
3602 133 is eating
3602 95 is eating
3602 75 has taken a fork
3602 89 has taken a fork
3602 89 has taken a fork
3602 79 has taken a fork
3602 75 is eating
3602 89 is eating
3602 79 has taken a fork
3602 79 is eating
3603 160 is sleeping
3603 161 is thinking
3603 172 is sleeping
3603 139 is thinking
3603 175 is thinking
3603 171 is thinking
3603 154 is sleeping
3603 146 is sleeping
3603 161 has taken a fork
3603 169 is thinking
3603 150 is sleeping
3603 153 is thinking
3603 161 has taken a fork
3603 166 is sleeping
3603 161 is eating
3603 153 has taken a fork
3603 144 is sleeping
3603 170 is sleeping
3603 147 is thinking
3603 147 has taken a fork
3603 159 is thinking
3603 174 is sleeping
3603 168 is sleeping
3603 147 has taken a fork
3603 147 is eating
3603 177 is thinking
3603 177 has taken a fork
3603 177 has taken a fork
3603 177 is eating
3603 151 is thinking
3603 151 has taken a fork
3603 151 has taken a fork
3603 151 is eating
3603 181 is thinking
3603 181 has taken a fork
3603 176 is sleeping
3603 180 is sleeping
3603 156 is sleeping
3603 167 is thinking
3603 167 has taken a fork
3603 142 is sleeping
3603 167 has taken a fork
3603 173 is thinking
3603 175 has taken a fork
3603 149 is thinking
3603 145 is thinking
3603 149 has taken a fork
3603 149 has taken a fork
3603 149 is eating
3603 145 has taken a fork
3603 145 has taken a fork
3603 145 is eating
3603 163 is thinking
3603 157 is thinking
3603 152 is sleeping
3603 162 is sleeping
3603 171 has taken a fork
3603 171 has taken a fork
3603 171 is eating
3603 178 is sleeping
3603 179 is thinking
3603 179 has taken a fork
3603 148 is sleeping
3603 140 is sleeping
3603 138 is sleeping
3603 158 is sleeping
3603 153 has taken a fork
3603 139 has taken a fork
3603 153 is eating
3603 141 is thinking
3603 139 has taken a fork
3603 141 has taken a fork
3603 141 has taken a fork
3603 141 is eating
3603 137 has taken a fork
3603 173 has taken a fork
3603 173 has taken a fork
3603 137 is eating
3603 159 has taken a fork
3603 159 has taken a fork
3603 159 is eating
3603 165 is thinking
3603 157 has taken a fork
3603 163 has taken a fork
3603 157 has taken a fork
3603 157 is eating
3603 163 has taken a fork
3603 163 is eating
3603 179 has taken a fork
3603 155 is thinking
3603 139 is eating
3603 179 is eating
3603 155 has taken a fork
3603 155 has taken a fork
3603 155 is eating
3603 167 is eating
3603 164 is sleeping
3603 165 has taken a fork
3603 165 has taken a fork
3603 165 is eating
3603 143 is thinking
3603 143 has taken a fork
3603 143 has taken a fork
3603 143 is eating
3603 169 has taken a fork
3603 169 has taken a fork
3603 169 is eating
3603 173 is eating
3603 175 has taken a fork
3603 175 is eating
3800 190 is sleeping
3800 187 is thinking
3800 192 is sleeping
3800 191 is thinking
3800 191 has taken a fork
3800 191 has taken a fork
3800 191 is eating
3800 188 is sleeping
3800 184 is sleeping
3800 183 is thinking
3800 194 is sleeping
3800 189 is thinking
3800 189 has taken a fork
3800 189 has taken a fork
3800 189 is eating
3800 185 is thinking
3800 185 has taken a fork
3800 193 is thinking
3800 186 is sleeping
3800 181 has taken a fork
3800 181 is eating
3800 183 has taken a fork
3800 185 has taken a fork
3800 183 has taken a fork
3800 185 is eating
3800 183 is eating
3800 193 has taken a fork
3800 193 has taken a fork
3800 193 is eating
3800 182 is sleeping
3800 187 has taken a fork
3800 187 has taken a fork
3800 187 is eating
3800 195 is thinking
3800 195 has taken a fork
3801 6 is thinking
3801 67 is sleeping
3801 53 is sleeping
3801 8 is thinking
3801 47 is sleeping
3801 57 is sleeping
3801 69 is sleeping
3801 198 is sleeping
3801 55 is sleeping
3801 51 is sleeping
3801 22 is thinking
3801 54 is thinking
3801 36 is thinking
3801 58 is thinking
3801 16 is thinking
3801 14 is thinking
3801 29 is sleeping
3801 21 is sleeping
3801 70 is thinking
3801 62 is thinking
3801 39 is sleeping
3801 68 is thinking
3801 68 has taken a fork
3801 68 has taken a fork
3801 68 is eating
3801 30 is thinking
3801 30 has taken a fork
3801 30 has taken a fork
3801 40 is thinking
3801 49 is sleeping
3801 35 is sleeping
3801 54 has taken a fork
3801 60 is thinking
3801 30 is eating
3801 11 is sleeping
3801 54 has taken a fork
3801 42 is thinking
3801 31 is sleeping
3801 25 is sleeping
3801 32 is thinking
3801 20 is thinking
3801 42 has taken a fork
3801 17 is sleeping
3801 19 is sleeping
3801 54 is eating
3801 38 is thinking
3801 43 is sleeping
3801 38 has taken a fork
3801 197 is thinking
3801 7 is sleeping
3801 18 is thinking
3801 45 is sleeping
3801 27 is sleeping
3801 1 is sleeping
3801 199 is thinking
3801 26 is thinking
3801 61 is sleeping
3801 196 is sleeping
3801 65 is sleeping
3801 37 is sleeping
3801 48 is thinking
3801 48 has taken a fork
3801 48 has taken a fork
3801 18 has taken a fork
3801 18 has taken a fork
3801 18 is eating
3801 16 has taken a fork
3801 16 has taken a fork
3801 16 is eating
3801 44 is thinking
3801 44 has taken a fork
3801 44 has taken a fork
3801 44 is eating
3801 48 is eating
3801 28 is thinking
3801 28 has taken a fork
3801 28 has taken a fork
3801 28 is eating
3801 12 is thinking
3801 12 has taken a fork
3801 12 has taken a fork
3801 12 is eating
3801 59 is sleeping
3801 23 is sleeping
3801 46 is thinking
3801 46 has taken a fork
3801 46 has taken a fork
3801 46 is eating
3801 60 has taken a fork
3801 60 has taken a fork
3801 60 is eating
3801 52 is thinking
3801 52 has taken a fork
3801 52 has taken a fork
3801 52 is eating
3801 56 is thinking
3801 56 has taken a fork
3801 56 has taken a fork
3801 56 is eating
3801 13 is sleeping
3801 3 is sleeping
3801 9 is sleeping
3801 24 is thinking
3801 24 has taken a fork
3801 24 has taken a fork
3801 24 is eating
3801 6 has taken a fork
3801 6 has taken a fork
3801 6 is eating
3801 33 is sleeping
3801 5 is sleeping
3801 195 has taken a fork
3801 195 is eating
3801 32 has taken a fork
3801 32 has taken a fork
3801 32 is eating
3801 66 is thinking
3801 66 has taken a fork
3801 66 has taken a fork
3801 66 is eating
3801 197 has taken a fork
3801 197 has taken a fork
3801 197 is eating
3801 8 has taken a fork
3801 8 has taken a fork
3801 8 is eating
3801 40 has taken a fork
3801 40 has taken a fork
3801 40 is eating
3801 34 is thinking
3801 34 has taken a fork
3801 34 has taken a fork
3801 34 is eating
3801 26 has taken a fork
3801 26 has taken a fork
3801 26 is eating
3801 4 is thinking
3801 4 has taken a fork
3801 4 has taken a fork
3801 4 is eating
3801 42 has taken a fork
3801 42 is eating
3801 22 has taken a fork
3801 22 has taken a fork
3801 22 is eating
3801 20 has taken a fork
3801 20 has taken a fork
3801 20 is eating
3801 58 has taken a fork
3801 58 has taken a fork
3801 58 is eating
3801 50 is thinking
3801 50 has taken a fork
3801 50 has taken a fork
3801 50 is eating
3801 62 has taken a fork
3801 62 has taken a fork
3801 62 is eating
3801 36 has taken a fork
3801 36 has taken a fork
3801 36 is eating
3801 41 is sleeping
3801 15 is sleeping
3801 199 has taken a fork
3801 199 has taken a fork
3801 199 is eating
3801 14 has taken a fork
3801 14 has taken a fork
3801 14 is eating
3801 64 is thinking
3801 64 has taken a fork
3801 64 has taken a fork
3801 64 is eating
3801 38 has taken a fork
3801 38 is eating
3801 2 is thinking
3801 2 has taken a fork
3801 2 has taken a fork
3801 2 is eating
3801 10 is thinking
3801 10 has taken a fork
3801 10 has taken a fork
3801 10 is eating
3801 63 is sleeping
3802 118 is thinking
3802 124 is thinking
3802 108 is thinking
3802 129 is sleeping
3802 107 is sleeping
3802 76 is thinking
3802 126 is thinking
3802 82 is thinking
3802 116 is thinking
3802 99 is sleeping
3802 81 is sleeping
3802 111 is sleeping
3802 110 is thinking
3802 80 is thinking
3802 80 has taken a fork
3802 110 has taken a fork
3802 94 is thinking
3802 113 is sleeping
3802 117 is sleeping
3802 82 has taken a fork
3802 82 has taken a fork
3802 82 is eating
3802 116 has taken a fork
3802 122 is thinking
3802 116 has taken a fork
3802 116 is eating
3802 127 is sleeping
3802 126 has taken a fork
3802 126 has taken a fork
3802 126 is eating
3802 89 is sleeping
3802 125 is sleeping
3802 104 is thinking
3802 135 is sleeping
3802 124 has taken a fork
3802 115 is sleeping
3802 83 is sleeping
3802 102 is thinking
3802 84 is thinking
3802 74 is thinking
3802 88 is thinking
3802 88 has taken a fork
3802 90 is thinking
3802 114 is thinking
3802 114 has taken a fork
3802 114 has taken a fork
3802 100 is thinking
3802 128 is thinking
3802 128 has taken a fork
3802 128 has taken a fork
3802 128 is eating
3802 72 is thinking
3802 85 is sleeping
3802 136 is thinking
3802 93 is sleeping
3802 101 is sleeping
3802 131 is sleeping
3802 114 is eating
3802 118 has taken a fork
3802 77 is sleeping
3802 103 is sleeping
3802 109 is sleeping
3802 76 has taken a fork
3802 120 is thinking
3802 118 has taken a fork
3802 97 is sleeping
3802 73 is sleeping
3802 102 has taken a fork
3802 102 has taken a fork
3802 102 is eating
3802 108 has taken a fork
3802 108 has taken a fork
3802 108 is eating
3802 96 is thinking
3802 96 has taken a fork
3802 96 has taken a fork
3802 96 is eating
3802 130 is thinking
3802 130 has taken a fork
3802 130 has taken a fork
3802 123 is sleeping
3802 87 is sleeping
3802 120 has taken a fork
3802 94 has taken a fork
3802 94 has taken a fork
3802 120 has taken a fork
3802 91 is sleeping
3802 110 has taken a fork
3802 120 is eating
3802 90 has taken a fork
3802 110 is eating
3802 88 has taken a fork
3802 84 has taken a fork
3802 88 is eating
3802 100 has taken a fork
3802 84 has taken a fork
3802 100 has taken a fork
3802 100 is eating
3802 124 has taken a fork
3802 79 is sleeping
3802 121 is sleeping
3802 72 has taken a fork
3802 124 is eating
3802 119 is sleeping
3802 72 has taken a fork
3802 118 is eating
3802 112 is thinking
3802 134 is thinking
3802 80 has taken a fork
3802 133 is sleeping
3802 80 is eating
3802 86 is thinking
3802 70 has taken a fork
3802 74 has taken a fork
3802 122 has taken a fork
3802 74 has taken a fork
3802 74 is eating
3802 122 has taken a fork
3802 122 is eating
3802 104 has taken a fork
3802 92 is thinking
3802 130 is eating
3802 105 is sleeping
3802 92 has taken a fork
3802 90 has taken a fork
3802 92 has taken a fork
3802 90 is eating
3802 98 is thinking
3802 92 is eating
3802 98 has taken a fork
3802 98 has taken a fork
3802 106 is thinking
3802 98 is eating
3802 72 is eating
3802 75 is sleeping
3802 134 has taken a fork
3802 132 is thinking
3802 86 has taken a fork
3802 132 has taken a fork
3802 132 has taken a fork
3802 86 has taken a fork
3802 70 has taken a fork
3802 104 has taken a fork
3802 94 is eating
3802 95 is sleeping
3802 104 is eating
3802 78 is thinking
3802 84 is eating
3802 112 has taken a fork
3802 78 has taken a fork
3802 106 has taken a fork
3802 134 has taken a fork
3802 106 has taken a fork
3802 106 is eating
3802 132 is eating
3802 86 is eating
3802 70 is eating
3802 134 is eating
3802 78 has taken a fork
3802 78 is eating
3802 71 is sleeping
3802 112 has taken a fork
3802 112 is eating
3802 76 has taken a fork
3802 76 is eating
3803 179 is sleeping
3803 175 is sleeping
3803 155 is sleeping
3803 154 is thinking
3803 154 has taken a fork
3803 171 is sleeping
3803 138 is thinking
3803 145 is sleeping
3803 138 has taken a fork
3803 170 is thinking
3803 176 is thinking
3803 163 is sleeping
3803 166 is thinking
3803 180 is thinking
3803 140 is thinking
3803 158 is thinking
3803 143 is sleeping
3803 177 is sleeping
3803 176 has taken a fork
3803 176 has taken a fork
3803 154 has taken a fork
3803 146 is thinking
3803 176 is eating
3803 141 is sleeping
3803 140 has taken a fork
3803 151 is sleeping
3803 174 is thinking
3803 140 has taken a fork
3803 139 is sleeping
3803 159 is sleeping
3803 178 is thinking
3803 174 has taken a fork
3803 158 has taken a fork
3803 174 has taken a fork
3803 173 is sleeping
3803 154 is eating
3803 174 is eating
3803 149 is sleeping
3803 170 has taken a fork
3803 148 is thinking
3803 148 has taken a fork
3803 140 is eating
3803 153 is sleeping
3803 178 has taken a fork
3803 178 has taken a fork
3803 178 is eating
3803 144 is thinking
3803 150 is thinking
3803 162 is thinking
3803 164 is thinking
3803 168 is thinking
3803 142 is thinking
3803 150 has taken a fork
3803 162 has taken a fork
3803 152 is thinking
3803 168 has taken a fork
3803 147 is sleeping
3803 152 has taken a fork
3803 142 has taken a fork
3803 162 has taken a fork
3803 160 is thinking
3803 164 has taken a fork
3803 148 has taken a fork
3803 138 has taken a fork
3803 165 is sleeping
3803 156 is thinking
3803 164 has taken a fork
3803 156 has taken a fork
3803 164 is eating
3803 156 has taken a fork
3803 158 has taken a fork
3803 156 is eating
3803 166 has taken a fork
3803 158 is eating
3803 142 has taken a fork
3803 166 has taken a fork
3803 136 has taken a fork
3803 167 is sleeping
3803 166 is eating
3803 136 has taken a fork
3803 172 is thinking
3803 148 is eating
3803 144 has taken a fork
3803 144 has taken a fork
3803 144 is eating
3803 162 is eating
3803 160 has taken a fork
3803 160 has taken a fork
3803 160 is eating
3803 142 is eating
3803 170 has taken a fork
3803 170 is eating
3803 157 is sleeping
3803 152 has taken a fork
3803 152 is eating
3803 136 is eating
3803 146 has taken a fork
3803 146 has taken a fork
3803 146 is eating
3803 172 has taken a fork
3803 172 has taken a fork
3803 172 is eating
3803 150 has taken a fork
3803 150 is eating
3803 168 has taken a fork
3803 168 is eating
3803 169 is sleeping
3803 161 is sleeping
3803 138 is eating
3803 137 is sleeping
4000 188 is thinking
4000 185 is sleeping
4000 184 is thinking
4000 184 has taken a fork
4000 189 is sleeping
4000 188 has taken a fork
4000 186 is thinking
4000 193 is sleeping
4000 183 is sleeping
4000 182 is thinking
4000 182 has taken a fork
4000 181 is sleeping
4000 187 is sleeping
4000 184 has taken a fork
4000 184 is eating
4000 191 is sleeping
4000 182 has taken a fork
4000 182 is eating
4000 188 has taken a fork
4000 188 is eating
4000 192 is thinking
4000 192 has taken a fork
4000 190 is thinking
4000 180 has taken a fork
4000 194 is thinking
4000 190 has taken a fork
4000 190 has taken a fork
4000 190 is eating
4000 192 has taken a fork
4000 186 has taken a fork
4000 180 has taken a fork
4000 180 is eating
4000 186 has taken a fork
4000 186 is eating
4000 192 is eating
4001 29 is thinking
4001 54 is sleeping
4001 55 is thinking
4001 55 has taken a fork
4001 67 is thinking
4001 8 is sleeping
4001 25 is thinking
4001 9 is thinking
4001 42 is sleeping
4001 41 is thinking
4001 4 is sleeping
4001 197 is sleeping
4001 7 is thinking
4001 52 is sleeping
4001 26 is sleeping
4001 31 is thinking
4001 9 has taken a fork
4001 36 is sleeping
4001 33 is thinking
4001 15 is thinking
4001 23 is thinking
4001 20 is sleeping
4001 65 is thinking
4001 62 is sleeping
4001 9 has taken a fork
4001 56 is sleeping
4001 30 is sleeping
4001 69 is thinking
4001 19 is thinking
4001 57 is thinking
4001 3 is thinking
4001 60 is sleeping
4001 19 has taken a fork
4001 53 is thinking
4001 17 is thinking
4001 15 has taken a fork
4001 53 has taken a fork
4001 6 is sleeping
4001 57 has taken a fork
4001 14 is sleeping
4001 11 is thinking
4001 16 is sleeping
4001 18 is sleeping
4001 33 has taken a fork
4001 46 is sleeping
4001 39 is thinking
4001 34 is sleeping
4001 24 is sleeping
4001 28 is sleeping
4001 198 is thinking
4001 50 is sleeping
4001 22 is sleeping
4001 11 has taken a fork
4001 33 has taken a fork
4001 33 is eating
4001 35 is thinking
4001 9 is eating
4001 45 is thinking
4001 57 has taken a fork
4001 19 has taken a fork
4001 35 has taken a fork
4001 195 is sleeping
4001 51 is thinking
4001 25 has taken a fork
4001 40 is sleeping
4001 48 is sleeping
4001 64 is sleeping
4001 59 is thinking
4001 25 has taken a fork
4001 67 has taken a fork
4001 38 is sleeping
4001 29 has taken a fork
4001 15 has taken a fork
4001 31 has taken a fork
4001 59 has taken a fork
4001 67 has taken a fork
4001 57 is eating
4001 29 has taken a fork
4001 29 is eating
4001 15 is eating
4001 39 has taken a fork
4001 59 has taken a fork
4001 196 is thinking
4001 67 is eating
4001 47 is thinking
4001 25 is eating
4001 1 is thinking
4001 2 is sleeping
4001 47 has taken a fork
4001 196 has taken a fork
4001 19 is eating
4001 1 has taken a fork
4001 51 has taken a fork
4001 41 has taken a fork
4001 61 is thinking
4001 53 has taken a fork
4001 41 has taken a fork
4001 1 has taken a fork
4001 31 has taken a fork
4001 55 has taken a fork
4001 53 is eating
4001 55 is eating
4001 45 has taken a fork
4001 31 is eating
4001 65 has taken a fork
4001 37 is thinking
4001 45 has taken a fork
4001 69 has taken a fork
4001 43 is thinking
4001 49 is thinking
4001 10 is sleeping
4001 66 is sleeping
4001 43 has taken a fork
4001 23 has taken a fork
4001 35 has taken a fork
4001 47 has taken a fork
4001 41 is eating
4001 35 is eating
4001 198 has taken a fork
4001 21 is thinking
4001 44 is sleeping
4001 21 has taken a fork
4001 39 has taken a fork
4001 21 has taken a fork
4001 39 is eating
4001 58 is sleeping
4001 43 has taken a fork
4001 43 is eating
4001 23 has taken a fork
4001 23 is eating
4001 17 has taken a fork
4001 17 has taken a fork
4001 17 is eating
4001 194 has taken a fork
4001 194 has taken a fork
4001 194 is eating
4001 47 is eating
4001 63 is thinking
4001 63 has taken a fork
4001 63 has taken a fork
4001 63 is eating
4001 59 is eating
4001 13 is thinking
4001 13 has taken a fork
4001 13 has taken a fork
4001 13 is eating
4001 65 has taken a fork
4001 51 has taken a fork
4001 51 is eating
4001 198 has taken a fork
4001 198 is eating
4001 68 is sleeping
4001 37 has taken a fork
4001 37 has taken a fork
4001 37 is eating
4001 5 is thinking
4001 5 has taken a fork
4001 5 has taken a fork
4001 5 is eating
4001 196 has taken a fork
4001 196 is eating
4001 45 is eating
4001 3 has taken a fork
4001 3 has taken a fork
4001 3 is eating
4001 21 is eating
4001 61 has taken a fork
4001 61 has taken a fork
4001 61 is eating
4001 199 is sleeping
4001 49 has taken a fork
4001 49 has taken a fork
4001 49 is eating
4001 7 has taken a fork
4001 7 has taken a fork
4001 7 is eating
4001 27 is thinking
4001 27 has taken a fork
4001 27 has taken a fork
4001 27 is eating
4001 1 is eating
4001 12 is sleeping
4001 32 is sleeping
4001 11 has taken a fork
4001 11 is eating
4001 65 is eating
4002 88 is sleeping
4002 80 is sleeping
4002 112 is sleeping
4002 95 is thinking
4002 117 is thinking
4002 129 is thinking
4002 109 is thinking
4002 83 is thinking
4002 131 is thinking
4002 93 is thinking
4002 108 is sleeping
4002 120 is sleeping
4002 125 is thinking
4002 122 is sleeping
4002 134 is sleeping
4002 107 is thinking
4002 135 is thinking
4002 113 is thinking
4002 130 is sleeping
4002 102 is sleeping
4002 123 is thinking
4002 113 has taken a fork
4002 97 is thinking
4002 115 is thinking
4002 113 has taken a fork
4002 123 has taken a fork
4002 133 is thinking
4002 75 is thinking
4002 79 is thinking
4002 73 is thinking
4002 85 is thinking
4002 106 is sleeping
4002 101 is thinking
4002 114 is sleeping
4002 73 has taken a fork
4002 105 is thinking
4002 101 has taken a fork
4002 105 has taken a fork
4002 90 is sleeping
4002 91 is thinking
4002 101 has taken a fork
4002 105 has taken a fork
4002 101 is eating
4002 103 is thinking
4002 78 is sleeping
4002 74 is sleeping
4002 105 is eating
4002 70 is sleeping
4002 94 is sleeping
4002 124 is sleeping
4002 118 is sleeping
4002 109 has taken a fork
4002 93 has taken a fork
4002 93 has taken a fork
4002 100 is sleeping
4002 110 is sleeping
4002 87 is thinking
4002 135 has taken a fork
4002 109 has taken a fork
4002 89 is thinking
4002 86 is sleeping
4002 87 has taken a fork
4002 107 has taken a fork
4002 71 is thinking
4002 83 has taken a fork
4002 107 has taken a fork
4002 87 has taken a fork
4002 89 has taken a fork
4002 75 has taken a fork
4002 71 has taken a fork
4002 121 is thinking
4002 113 is eating
4002 104 is sleeping
4002 125 has taken a fork
4002 121 has taken a fork
4002 85 has taken a fork
4002 131 has taken a fork
4002 72 is sleeping
4002 121 has taken a fork
4002 131 has taken a fork
4002 126 is sleeping
4002 93 is eating
4002 84 is sleeping
4002 82 is sleeping
4002 131 is eating
4002 121 is eating
4002 81 is thinking
4002 77 is thinking
4002 81 has taken a fork
4002 89 has taken a fork
4002 128 is sleeping
4002 69 has taken a fork
4002 97 has taken a fork
4002 81 has taken a fork
4002 89 is eating
4002 81 is eating
4002 119 is thinking
4002 69 is eating
4002 125 has taken a fork
4002 83 has taken a fork
4002 103 has taken a fork
4002 103 has taken a fork
4002 73 has taken a fork
4002 79 has taken a fork
4002 115 has taken a fork
4002 103 is eating
4002 99 is thinking
4002 97 has taken a fork
4002 79 has taken a fork
4002 133 has taken a fork
4002 79 is eating
4002 76 is sleeping
4002 127 is thinking
4002 133 has taken a fork
4002 85 has taken a fork
4002 132 is sleeping
4002 133 is eating
4002 107 is eating
4002 123 has taken a fork
4002 109 is eating
4002 71 has taken a fork
4002 85 is eating
4002 71 is eating
4002 77 has taken a fork
4002 117 has taken a fork
4002 129 has taken a fork
4002 129 has taken a fork
4002 129 is eating
4002 123 is eating
4002 75 has taken a fork
4002 75 is eating
4002 91 has taken a fork
4002 91 has taken a fork
4002 91 is eating
4002 125 is eating
4002 77 has taken a fork
4002 77 is eating
4002 98 is sleeping
4002 127 has taken a fork
4002 127 has taken a fork
4002 127 is eating
4002 96 is sleeping
4002 99 has taken a fork
4002 99 has taken a fork
4002 99 is eating
4002 92 is sleeping
4002 111 is thinking
4002 111 has taken a fork
4002 111 has taken a fork
4002 111 is eating
4002 115 has taken a fork
4002 115 is eating
4002 95 has taken a fork
4002 95 has taken a fork
4002 95 is eating
4002 87 is eating
4002 83 is eating
4002 97 is eating
4002 116 is sleeping
4002 119 has taken a fork
4002 119 has taken a fork
4002 119 is eating
4002 117 has taken a fork
4002 117 is eating
4002 73 is eating
4003 154 is sleeping
4003 152 is sleeping
4003 168 is sleeping
4003 144 is sleeping
4003 167 is thinking
4003 176 is sleeping
4003 143 is thinking
4003 146 is sleeping
4003 159 is thinking
4003 170 is sleeping
4003 167 has taken a fork
4003 167 has taken a fork
4003 167 is eating
4003 135 has taken a fork
4003 135 is eating
4003 166 is sleeping
4003 136 is sleeping
4003 147 is thinking
4003 147 has taken a fork
4003 163 is thinking
4003 164 is sleeping
4003 178 is sleeping
4003 141 is thinking
4003 153 is thinking
4003 137 is thinking
4003 175 is thinking
4003 142 is sleeping
4003 139 is thinking
4003 165 is thinking
4003 143 has taken a fork
4003 139 has taken a fork
4003 177 is thinking
4003 143 has taken a fork
4003 147 has taken a fork
4003 172 is sleeping
4003 159 has taken a fork
4003 139 has taken a fork
4003 174 is sleeping
4003 171 is thinking
4003 149 is thinking
4003 160 is sleeping
4003 150 is sleeping
4003 155 is thinking
4003 148 is sleeping
4003 179 is thinking
4003 162 is sleeping
4003 141 has taken a fork
4003 138 is sleeping
4003 179 has taken a fork
4003 163 has taken a fork
4003 153 has taken a fork
4003 143 is eating
4003 169 is thinking
4003 171 has taken a fork
4003 173 is thinking
4003 169 has taken a fork
4003 137 has taken a fork
4003 140 is sleeping
4003 147 is eating
4003 161 is thinking
4003 157 is thinking
4003 171 has taken a fork
4003 177 has taken a fork
4003 141 has taken a fork
4003 171 is eating
4003 155 has taken a fork
4003 141 is eating
4003 155 has taken a fork
4003 151 is thinking
4003 155 is eating
4003 159 has taken a fork
4003 175 has taken a fork
4003 169 has taken a fork
4003 159 is eating
4003 139 is eating
4003 173 has taken a fork
4003 175 has taken a fork
4003 149 has taken a fork
4003 156 is sleeping
4003 149 has taken a fork
4003 157 has taken a fork
4003 149 is eating
4003 157 has taken a fork
4003 163 has taken a fork
4003 157 is eating
4003 151 has taken a fork
4003 163 is eating
4003 153 has taken a fork
4003 158 is sleeping
4003 151 has taken a fork
4003 137 has taken a fork
4003 151 is eating
4003 175 is eating
4003 161 has taken a fork
4003 145 is thinking
4003 165 has taken a fork
4003 169 is eating
4003 173 has taken a fork
4003 153 is eating
4003 165 has taken a fork
4003 137 is eating
4003 145 has taken a fork
4003 145 has taken a fork
4003 165 is eating
4003 161 has taken a fork
4003 161 is eating
4003 173 is eating
4003 177 has taken a fork
4003 145 is eating
4003 177 is eating
4200 191 is thinking
4200 184 is sleeping
4200 188 is sleeping
4200 187 is thinking
4200 185 is thinking
4200 185 has taken a fork
4200 185 has taken a fork
4200 192 is sleeping
4200 186 is sleeping
4200 189 is thinking
4200 189 has taken a fork
4200 193 is thinking
4200 193 has taken a fork
4200 187 has taken a fork
4200 187 has taken a fork
4200 187 is eating
4200 185 is eating
4200 181 is thinking
4200 183 is thinking
4200 180 is sleeping
4200 190 is sleeping
4200 181 has taken a fork
4200 181 has taken a fork
4200 181 is eating
4200 189 has taken a fork
4200 189 is eating
4200 182 is sleeping
4200 183 has taken a fork
4200 183 has taken a fork
4200 191 has taken a fork
4200 191 has taken a fork
4200 179 has taken a fork
4200 183 is eating
4200 191 is eating
4200 179 is eating
4201 66 is thinking
4201 41 is sleeping
4201 9 is sleeping
4201 37 is sleeping
4201 59 is sleeping
4201 25 is sleeping
4201 68 is thinking
4201 20 is thinking
4201 36 is thinking
4201 30 is thinking
4201 36 has taken a fork
4201 30 has taken a fork
4201 32 is thinking
4201 18 is thinking
4201 56 is thinking
4201 197 is thinking
4201 31 is sleeping
4201 16 is thinking
4201 27 is sleeping
4201 22 is thinking
4201 7 is sleeping
4201 2 is thinking
4201 1 is sleeping
4201 45 is sleeping
4201 52 is thinking
4201 199 is thinking
4201 12 is thinking
4201 195 is thinking
4201 6 is thinking
4201 55 is sleeping
4201 53 is sleeping
4201 34 is thinking
4201 6 has taken a fork
4201 46 is thinking
4201 67 is sleeping
4201 63 is sleeping
4201 21 is sleeping
4201 43 is sleeping
4201 39 is sleeping
4201 60 is thinking
4201 15 is sleeping
4201 47 is sleeping
4201 17 is sleeping
4201 33 is sleeping
4201 24 is thinking
4201 20 has taken a fork
4201 20 has taken a fork
4201 4 is thinking
4201 198 is sleeping
4201 32 has taken a fork
4201 44 is thinking
4201 64 is thinking
4201 20 is eating
4201 44 has taken a fork
4201 199 has taken a fork
4201 44 has taken a fork
4201 44 is eating
4201 199 has taken a fork
4201 199 is eating
4201 42 is thinking
4201 48 is thinking
4201 61 is sleeping
4201 46 has taken a fork
4201 35 is sleeping
4201 65 is sleeping
4201 42 has taken a fork
4201 46 has taken a fork
4201 8 is thinking
4201 8 has taken a fork
4201 8 has taken a fork
4201 10 is thinking
4201 28 is thinking
4201 19 is sleeping
4201 46 is eating
4201 195 has taken a fork
4201 66 has taken a fork
4201 62 is thinking
4201 28 has taken a fork
4201 66 has taken a fork
4201 42 has taken a fork
4201 52 has taken a fork
4201 42 is eating
4201 57 is sleeping
4201 64 has taken a fork
4201 10 has taken a fork
4201 40 is thinking
4201 64 has taken a fork
4201 5 is sleeping
4201 40 has taken a fork
4201 196 is sleeping
4201 58 is thinking
4201 66 is eating
4201 26 is thinking
4201 40 has taken a fork
4201 34 has taken a fork
4201 34 has taken a fork
4201 6 has taken a fork
4201 62 has taken a fork
4201 6 is eating
4201 26 has taken a fork
4201 14 is thinking
4201 54 is thinking
4201 60 has taken a fork
4201 54 has taken a fork
4201 18 has taken a fork
4201 50 is thinking
4201 197 has taken a fork
4201 38 is thinking
4201 18 has taken a fork
4201 3 is sleeping
4201 34 is eating
4201 197 has taken a fork
4201 56 has taken a fork
4201 195 has taken a fork
4201 56 has taken a fork
4201 56 is eating
4201 197 is eating
4201 60 has taken a fork
4201 30 has taken a fork
4201 193 has taken a fork
4201 2 has taken a fork
4201 2 has taken a fork
4201 49 is sleeping
4201 24 has taken a fork
4201 2 is eating
4201 38 has taken a fork
4201 18 is eating
4201 58 has taken a fork
4201 195 is eating
4201 38 has taken a fork
4201 36 has taken a fork
4201 36 is eating
4201 30 is eating
4201 10 has taken a fork
4201 16 has taken a fork
4201 10 is eating
4201 64 is eating
4201 32 has taken a fork
4201 16 has taken a fork
4201 62 has taken a fork
4201 38 is eating
4201 12 has taken a fork
4201 60 is eating
4201 26 has taken a fork
4201 23 is sleeping
4201 40 is eating
4201 12 has taken a fork
4201 11 is sleeping
4201 22 has taken a fork
4201 24 has taken a fork
4201 24 is eating
4201 26 is eating
4201 14 has taken a fork
4201 193 is eating
4201 194 is sleeping
4201 14 has taken a fork
4201 51 is sleeping
4201 48 has taken a fork
4201 16 is eating
4201 50 has taken a fork
4201 32 is eating
4201 48 has taken a fork
4201 22 has taken a fork
4201 50 has taken a fork
4201 29 is sleeping
4201 52 has taken a fork
4201 4 has taken a fork
4201 52 is eating
4201 48 is eating
4201 12 is eating
4201 62 is eating
4201 58 has taken a fork
4201 50 is eating
4201 58 is eating
4201 13 is sleeping
4201 4 has taken a fork
4201 4 is eating
4201 14 is eating
4201 28 has taken a fork
4201 22 is eating
4201 28 is eating
4201 54 has taken a fork
4201 54 is eating
4201 8 is eating
4202 70 is thinking
4202 110 is thinking
4202 117 is sleeping
4202 73 is sleeping
4202 118 is thinking
4202 122 is thinking
4202 129 is sleeping
4202 120 is thinking
4202 80 is thinking
4202 133 is sleeping
4202 80 has taken a fork
4202 105 is sleeping
4202 88 is thinking
4202 85 is sleeping
4202 83 is sleeping
4202 106 is thinking
4202 71 is sleeping
4202 103 is sleeping
4202 100 is thinking
4202 100 has taken a fork
4202 109 is sleeping
4202 98 is thinking
4202 100 has taken a fork
4202 70 has taken a fork
4202 122 has taken a fork
4202 91 is sleeping
4202 72 is thinking
4202 100 is eating
4202 132 is thinking
4202 72 has taken a fork
4202 74 is thinking
4202 106 has taken a fork
4202 112 is thinking
4202 72 has taken a fork
4202 72 is eating
4202 112 has taken a fork
4202 132 has taken a fork
4202 104 is thinking
4202 127 is sleeping
4202 99 is sleeping
4202 80 has taken a fork
4202 132 has taken a fork
4202 102 is thinking
4202 107 is sleeping
4202 80 is eating
4202 119 is sleeping
4202 134 is thinking
4202 96 is thinking
4202 90 is thinking
4202 126 is thinking
4202 126 has taken a fork
4202 90 has taken a fork
4202 114 is thinking
4202 116 is thinking
4202 74 has taken a fork
4202 92 is thinking
4202 95 is sleeping
4202 82 is thinking
4202 111 is sleeping
4202 96 has taken a fork
4202 78 is thinking
4202 96 has taken a fork
4202 96 is eating
4202 75 is sleeping
4202 132 is eating
4202 87 is sleeping
4202 98 has taken a fork
4202 81 is sleeping
4202 106 has taken a fork
4202 118 has taken a fork
4202 124 is thinking
4202 84 is thinking
4202 69 is sleeping
4202 125 is sleeping
4202 124 has taken a fork
4202 130 is thinking
4202 131 is sleeping
4202 116 has taken a fork
4202 94 is thinking
4202 130 has taken a fork
4202 116 has taken a fork
4202 116 is eating
4202 130 has taken a fork
4202 104 has taken a fork
4202 76 is thinking
4202 130 is eating
4202 78 has taken a fork
4202 123 is sleeping
4202 104 has taken a fork
4202 76 has taken a fork
4202 76 has taken a fork
4202 78 has taken a fork
4202 104 is eating
4202 76 is eating
4202 86 is thinking
4202 89 is sleeping
4202 113 is sleeping
4202 74 has taken a fork
4202 106 is eating
4202 101 is sleeping
4202 74 is eating
4202 128 is thinking
4202 115 is sleeping
4202 124 has taken a fork
4202 128 has taken a fork
4202 98 has taken a fork
4202 102 has taken a fork
4202 98 is eating
4202 82 has taken a fork
4202 70 has taken a fork
4202 121 is sleeping
4202 90 has taken a fork
4202 90 is eating
4202 70 is eating
4202 84 has taken a fork
4202 102 has taken a fork
4202 114 has taken a fork
4202 92 has taken a fork
4202 114 has taken a fork
4202 92 has taken a fork
4202 114 is eating
4202 92 is eating
4202 128 has taken a fork
4202 124 is eating
4202 128 is eating
4202 77 is sleeping
4202 78 is eating
4202 112 has taken a fork
4202 94 has taken a fork
4202 112 is eating
4202 88 has taken a fork
4202 82 has taken a fork
4202 93 is sleeping
4202 68 has taken a fork
4202 82 is eating
4202 68 has taken a fork
4202 102 is eating
4202 108 is thinking
4202 108 has taken a fork
4202 108 has taken a fork
4202 108 is eating
4202 122 has taken a fork
4202 97 is sleeping
4202 118 has taken a fork
4202 126 has taken a fork
4202 118 is eating
4202 126 is eating
4202 94 has taken a fork
4202 120 has taken a fork
4202 94 is eating
4202 88 has taken a fork
4202 110 has taken a fork
4202 88 is eating
4202 110 has taken a fork
4202 110 is eating
4202 84 has taken a fork
4202 79 is sleeping
4202 84 is eating
4202 120 has taken a fork
4202 68 is eating
4202 122 is eating
4202 86 has taken a fork
4202 86 has taken a fork
4202 86 is eating
4202 120 is eating
4203 170 is thinking
4203 146 is thinking
4203 152 is thinking
4203 136 is thinking
4203 151 is sleeping
4203 171 is sleeping
4203 169 is sleeping
4203 170 has taken a fork
4203 170 has taken a fork
4203 170 is eating
4203 175 is sleeping
4203 145 is sleeping
4203 157 is sleeping
4203 162 is thinking
4203 167 is sleeping
4203 135 is sleeping
4203 134 has taken a fork
4203 134 has taken a fork
4203 134 is eating
4203 148 is thinking
4203 158 is thinking
4203 165 is sleeping
4203 149 is sleeping
4203 139 is sleeping
4203 176 is thinking
4203 176 has taken a fork
4203 176 has taken a fork
4203 176 is eating
4203 159 is sleeping
4203 142 is thinking
4203 142 has taken a fork
4203 142 has taken a fork
4203 142 is eating
4203 173 is sleeping
4203 143 is sleeping
4203 172 is thinking
4203 172 has taken a fork
4203 172 has taken a fork
4203 172 is eating
4203 144 is thinking
4203 144 has taken a fork
4203 144 has taken a fork
4203 144 is eating
4203 156 is thinking
4203 156 has taken a fork
4203 156 has taken a fork
4203 156 is eating
4203 164 is thinking
4203 164 has taken a fork
4203 164 has taken a fork
4203 163 is sleeping
4203 164 is eating
4203 162 has taken a fork
4203 162 has taken a fork
4203 162 is eating
4203 141 is sleeping
4203 147 is sleeping
4203 154 is thinking
4203 154 has taken a fork
4203 154 has taken a fork
4203 154 is eating
4203 140 is thinking
4203 140 has taken a fork
4203 140 has taken a fork
4203 140 is eating
4203 161 is sleeping
4203 158 has taken a fork
4203 158 has taken a fork
4203 158 is eating
4203 150 is thinking
4203 138 is thinking
4203 150 has taken a fork
4203 178 is thinking
4203 166 is thinking
4203 160 is thinking
4203 152 has taken a fork
4203 177 is sleeping
4203 152 has taken a fork
4203 152 is eating
4203 168 is thinking
4203 137 is sleeping
4203 168 has taken a fork
4203 168 has taken a fork
4203 168 is eating
4203 136 has taken a fork
4203 174 is thinking
4203 136 has taken a fork
4203 136 is eating
4203 174 has taken a fork
4203 174 has taken a fork
4203 148 has taken a fork
4203 138 has taken a fork
4203 150 has taken a fork
4203 138 has taken a fork
4203 138 is eating
4203 166 has taken a fork
4203 160 has taken a fork
4203 146 has taken a fork
4203 160 has taken a fork
4203 160 is eating
4203 146 has taken a fork
4203 146 is eating
4203 150 is eating
4203 153 is sleeping
4203 155 is sleeping
4203 174 is eating
4203 148 has taken a fork
4203 148 is eating
4203 166 has taken a fork
4203 166 is eating
4400 182 is thinking
4400 186 is thinking
4400 184 is thinking
4400 190 is thinking
4400 183 is sleeping
4400 182 has taken a fork
4400 187 is sleeping
4400 186 has taken a fork
4400 191 is sleeping
4400 190 has taken a fork
4400 179 is sleeping
4400 178 has taken a fork
4400 178 has taken a fork
4400 178 is eating
4400 192 is thinking
4400 188 is thinking
4400 181 is sleeping
4400 180 is thinking
4400 180 has taken a fork
4400 180 has taken a fork
4400 180 is eating
4400 185 is sleeping
4400 189 is sleeping
4400 186 has taken a fork
4400 188 has taken a fork
4400 186 is eating
4400 184 has taken a fork
4400 190 has taken a fork
4400 182 has taken a fork
4400 184 has taken a fork
4400 184 is eating
4400 182 is eating
4400 188 has taken a fork
4400 188 is eating
4400 190 is eating
4401 33 is thinking
4401 26 is sleeping
4401 19 is thinking
4401 40 is sleeping
4401 15 is thinking
4401 58 is sleeping
4401 31 is thinking
4401 45 is thinking
4401 35 is thinking
4401 31 has taken a fork
4401 23 is thinking
4401 10 is sleeping
4401 67 is thinking
4401 9 is thinking
4401 2 is sleeping
4401 28 is sleeping
4401 46 is sleeping
4401 193 is sleeping
4401 16 is sleeping
4401 192 has taken a fork
4401 192 has taken a fork
4401 192 is eating
4401 55 is thinking
4401 48 is sleeping
4401 11 is thinking
4401 11 has taken a fork
4401 6 is sleeping
4401 30 is sleeping
4401 194 is thinking
4401 61 is thinking
4401 194 has taken a fork
4401 194 has taken a fork
4401 194 is eating
4401 38 is sleeping
4401 195 is sleeping
4401 60 is sleeping
4401 65 is thinking
4401 53 is thinking
4401 61 has taken a fork
4401 29 is thinking
4401 29 has taken a fork
4401 29 has taken a fork
4401 41 is thinking
4401 41 has taken a fork
4401 27 is thinking
4401 39 is thinking
4401 43 is thinking
4401 39 has taken a fork
4401 39 has taken a fork
4401 27 has taken a fork
4401 27 has taken a fork
4401 63 is thinking
4401 49 is thinking
4401 25 is thinking
4401 59 is thinking
4401 198 is thinking
4401 59 has taken a fork
4401 196 is thinking
4401 57 is thinking
4401 13 is thinking
4401 57 has taken a fork
4401 50 is sleeping
4401 12 is sleeping
4401 57 has taken a fork
4401 45 has taken a fork
4401 45 has taken a fork
4401 52 is sleeping
4401 57 is eating
4401 53 has taken a fork
4401 37 is thinking
4401 53 has taken a fork
4401 53 is eating
4401 63 has taken a fork
4401 37 has taken a fork
4401 63 has taken a fork
4401 18 is sleeping
4401 37 has taken a fork
4401 63 is eating
4401 55 has taken a fork
4401 19 has taken a fork
4401 42 is sleeping
4401 55 has taken a fork
4401 55 is eating
4401 19 has taken a fork
4401 37 is eating
4401 17 is thinking
4401 19 is eating
4401 21 is thinking
4401 24 is sleeping
4401 17 has taken a fork
4401 36 is sleeping
4401 25 has taken a fork
4401 4 is sleeping
4401 25 has taken a fork
4401 56 is sleeping
4401 25 is eating
4401 7 is thinking
4401 34 is sleeping
4401 49 has taken a fork
4401 31 has taken a fork
4401 54 is sleeping
4401 49 has taken a fork
4401 31 is eating
4401 41 has taken a fork
4401 49 is eating
4401 33 has taken a fork
4401 197 is sleeping
4401 47 is thinking
4401 64 is sleeping
4401 41 is eating
4401 66 is sleeping
4401 33 has taken a fork
4401 15 has taken a fork
4401 199 is sleeping
4401 33 is eating
4401 5 is thinking
4401 35 has taken a fork
4401 35 has taken a fork
4401 35 is eating
4401 5 has taken a fork
4401 5 has taken a fork
4401 8 is sleeping
4401 15 has taken a fork
4401 5 is eating
4401 45 is eating
4401 61 has taken a fork
4401 22 is sleeping
4401 67 has taken a fork
4401 27 is eating
4401 59 has taken a fork
4401 61 is eating
4401 9 has taken a fork
4401 59 is eating
4401 23 has taken a fork
4401 51 is thinking
4401 20 is sleeping
4401 44 is sleeping
4401 3 is thinking
4401 17 has taken a fork
4401 43 has taken a fork
4401 39 is eating
4401 29 is eating
4401 7 has taken a fork
4401 62 is sleeping
4401 15 is eating
4401 43 has taken a fork
4401 198 has taken a fork
4401 9 has taken a fork
4401 198 has taken a fork
4401 11 has taken a fork
4401 9 is eating
4401 198 is eating
4401 11 is eating
4401 23 has taken a fork
4401 21 has taken a fork
4401 23 is eating
4401 65 has taken a fork
4401 21 has taken a fork
4401 14 is sleeping
4401 7 has taken a fork
4401 13 has taken a fork
4401 7 is eating
4401 13 has taken a fork
4401 32 is sleeping
4401 13 is eating
4401 196 has taken a fork
4401 3 has taken a fork
4401 196 has taken a fork
4401 1 is thinking
4401 3 has taken a fork
4401 1 has taken a fork
4401 1 has taken a fork
4401 3 is eating
4401 43 is eating
4401 1 is eating
4401 65 has taken a fork
4401 17 is eating
4401 65 is eating
4401 47 has taken a fork
4401 21 is eating
4401 51 has taken a fork
4401 51 has taken a fork
4401 51 is eating
4401 47 has taken a fork
4401 47 is eating
4401 196 is eating
4402 104 is sleeping
4402 133 is thinking
4402 109 is thinking
4402 76 is sleeping
4402 111 is thinking
4402 100 is sleeping
4402 95 is thinking
4402 86 is sleeping
4402 70 is sleeping
4402 97 is thinking
4402 90 is sleeping
4402 89 is thinking
4402 87 is thinking
4402 87 has taken a fork
4402 106 is sleeping
4402 94 is sleeping
4402 98 is sleeping
4402 95 has taken a fork
4402 113 is thinking
4402 82 is sleeping
4402 103 is thinking
4402 108 is sleeping
4402 88 is sleeping
4402 109 has taken a fork
4402 110 is sleeping
4402 87 has taken a fork
4402 89 has taken a fork
4402 87 is eating
4402 89 has taken a fork
4402 89 is eating
4402 71 is thinking
4402 69 is thinking
4402 71 has taken a fork
4402 109 has taken a fork
4402 109 is eating
4402 111 has taken a fork
4402 105 is thinking
4402 105 has taken a fork
4402 105 has taken a fork
4402 105 is eating
4402 128 is sleeping
4402 115 is thinking
4402 77 is thinking
4402 101 is thinking
4402 99 is thinking
4402 99 has taken a fork
4402 130 is sleeping
4402 101 has taken a fork
4402 79 is thinking
4402 84 is sleeping
4402 117 is thinking
4402 96 is sleeping
4402 68 is sleeping
4402 81 is thinking
4402 93 is thinking
4402 121 is thinking
4402 73 is thinking
4402 99 has taken a fork
4402 102 is sleeping
4402 118 is sleeping
4402 116 is sleeping
4402 95 has taken a fork
4402 122 is sleeping
4402 112 is sleeping
4402 67 has taken a fork
4402 99 is eating
4402 67 is eating
4402 95 is eating
4402 103 has taken a fork
4402 71 has taken a fork
4402 71 is eating
4402 103 has taken a fork
4402 81 has taken a fork
4402 77 has taken a fork
4402 132 is sleeping
4402 83 is thinking
4402 113 has taken a fork
4402 69 has taken a fork
4402 113 has taken a fork
4402 113 is eating
4402 69 has taken a fork
4402 129 is thinking
4402 75 is thinking
4402 69 is eating
4402 124 is sleeping
4402 75 has taken a fork
4402 75 has taken a fork
4402 85 is thinking
4402 117 has taken a fork
4402 127 is thinking
4402 78 is sleeping
4402 117 has taken a fork
4402 117 is eating
4402 80 is sleeping
4402 79 has taken a fork
4402 114 is sleeping
4402 79 has taken a fork
4402 79 is eating
4402 133 has taken a fork
4402 125 is thinking
4402 125 has taken a fork
4402 125 has taken a fork
4402 125 is eating
4402 93 has taken a fork
4402 115 has taken a fork
4402 115 has taken a fork
4402 115 is eating
4402 111 has taken a fork
4402 111 is eating
4402 120 is sleeping
4402 72 is sleeping
4402 121 has taken a fork
4402 121 has taken a fork
4402 121 is eating
4402 73 has taken a fork
4402 126 is sleeping
4402 119 is thinking
4402 119 has taken a fork
4402 119 has taken a fork
4402 119 is eating
4402 91 is thinking
4402 91 has taken a fork
4402 91 has taken a fork
4402 91 is eating
4402 81 has taken a fork
4402 81 is eating
4402 74 is sleeping
4402 97 has taken a fork
4402 97 has taken a fork
4402 97 is eating
4402 77 has taken a fork
4402 77 is eating
4402 83 has taken a fork
4402 83 has taken a fork
4402 83 is eating
4402 129 has taken a fork
4402 129 has taken a fork
4402 129 is eating
4402 107 is thinking
4402 107 has taken a fork
4402 107 has taken a fork
4402 107 is eating
4402 75 is eating
4402 101 has taken a fork
4402 101 is eating
4402 131 is thinking
4402 131 has taken a fork
4402 131 has taken a fork
4402 131 is eating
4402 85 has taken a fork
4402 85 has taken a fork
4402 85 is eating
4402 127 has taken a fork
4402 127 has taken a fork
4402 127 is eating
4402 92 is sleeping
4402 123 is thinking
4402 123 has taken a fork
4402 123 has taken a fork
4402 123 is eating
4402 93 has taken a fork
4402 93 is eating
4402 73 has taken a fork
4402 73 is eating
4402 103 is eating
4403 156 is sleeping
4403 174 is sleeping
4403 175 is thinking
4403 144 is sleeping
4403 155 is thinking
4403 139 is thinking
4403 152 is sleeping
4403 148 is sleeping
4403 138 is sleeping
4403 162 is sleeping
4403 165 is thinking
4403 140 is sleeping
4403 141 is thinking
4403 172 is sleeping
4403 134 is sleeping
4403 141 has taken a fork
4403 158 is sleeping
4403 163 is thinking
4403 163 has taken a fork
4403 147 is thinking
4403 135 is thinking
4403 147 has taken a fork
4403 146 is sleeping
4403 150 is sleeping
4403 160 is sleeping
4403 170 is sleeping
4403 163 has taken a fork
4403 169 is thinking
4403 166 is sleeping
4403 133 has taken a fork
4403 171 is thinking
4403 137 is thinking
4403 153 is thinking
4403 171 has taken a fork
4403 145 is thinking
4403 161 is thinking
4403 165 has taken a fork
4403 143 is thinking
4403 153 has taken a fork
4403 141 has taken a fork
4403 161 has taken a fork
4403 165 has taken a fork
4403 143 has taken a fork
4403 176 is sleeping
4403 143 has taken a fork
4403 164 is sleeping
4403 157 is thinking
4403 139 has taken a fork
4403 157 has taken a fork
4403 165 is eating
4403 149 is thinking
4403 157 has taken a fork
4403 157 is eating
4403 161 has taken a fork
4403 133 is eating
4403 154 is sleeping
4403 159 is thinking
4403 173 is thinking
4403 171 has taken a fork
4403 171 is eating
4403 151 is thinking
4403 135 has taken a fork
4403 147 has taken a fork
4403 153 has taken a fork
4403 177 is thinking
4403 167 is thinking
4403 161 is eating
4403 177 has taken a fork
4403 167 has taken a fork
4403 168 is sleeping
4403 173 has taken a fork
4403 163 is eating
4403 173 has taken a fork
4403 173 is eating
4403 139 has taken a fork
4403 142 is sleeping
4403 139 is eating
4403 143 is eating
4403 175 has taken a fork
4403 147 is eating
4403 167 has taken a fork
4403 149 has taken a fork
4403 153 is eating
4403 159 has taken a fork
4403 159 has taken a fork
4403 159 is eating
4403 175 has taken a fork
4403 175 is eating
4403 167 is eating
4403 149 has taken a fork
4403 149 is eating
4403 136 is sleeping
4403 151 has taken a fork
4403 151 has taken a fork
4403 151 is eating
4403 145 has taken a fork
4403 145 has taken a fork
4403 145 is eating
4403 155 has taken a fork
4403 155 has taken a fork
4403 155 is eating
4403 137 has taken a fork
4403 137 has taken a fork
4403 137 is eating
4403 141 is eating
4403 135 has taken a fork
4403 135 is eating
4403 169 has taken a fork
4403 169 has taken a fork
4403 169 is eating
4600 190 is sleeping
4600 187 is thinking
4600 179 is thinking
4600 188 is sleeping
4600 183 is thinking
4600 189 is thinking
4600 189 has taken a fork
4600 189 has taken a fork
4600 189 is eating
4600 191 is thinking
4600 191 has taken a fork
4600 180 is sleeping
4600 182 is sleeping
4600 181 is thinking
4600 181 has taken a fork
4600 181 has taken a fork
4600 181 is eating
4600 183 has taken a fork
4600 183 has taken a fork
4600 185 is thinking
4600 179 has taken a fork
4600 177 has taken a fork
4600 184 is sleeping
4600 177 is eating
4600 179 has taken a fork
4600 178 is sleeping
4600 185 has taken a fork
4600 185 has taken a fork
4600 185 is eating
4600 187 has taken a fork
4600 187 has taken a fork
4600 187 is eating
4600 179 is eating
4600 183 is eating
4600 186 is sleeping
4601 22 is thinking
4601 196 is sleeping
4601 5 is sleeping
4601 16 is thinking
4601 60 is thinking
4601 28 is thinking
4601 63 is sleeping
4601 42 is thinking
4601 52 is thinking
4601 25 is sleeping
4601 197 is thinking
4601 40 is thinking
4601 197 has taken a fork
4601 37 is sleeping
4601 66 is thinking
4601 40 has taken a fork
4601 58 is thinking
4601 199 is thinking
4601 42 has taken a fork
4601 4 is thinking
4601 192 is sleeping
4601 57 is sleeping
4601 193 is thinking
4601 34 is thinking
4601 20 is thinking
4601 193 has taken a fork
4601 47 is sleeping
4601 36 is thinking
4601 52 has taken a fork
4601 30 is thinking
4601 41 is sleeping
4601 44 is thinking
4601 2 is thinking
4601 43 is sleeping
4601 42 has taken a fork
4601 12 is thinking
4601 62 is thinking
4601 42 is eating
4601 64 is thinking
4601 29 is sleeping
4601 64 has taken a fork
4601 38 is thinking
4601 53 is sleeping
4601 27 is sleeping
4601 45 is sleeping
4601 31 is sleeping
4601 18 is thinking
4601 36 has taken a fork
4601 191 has taken a fork
4601 36 has taken a fork
4601 32 is thinking
4601 191 is eating
4601 194 is sleeping
4601 36 is eating
4601 10 is thinking
4601 48 is thinking
4601 198 is sleeping
4601 56 is thinking
4601 59 is sleeping
4601 33 is sleeping
4601 56 has taken a fork
4601 52 has taken a fork
4601 3 is sleeping
4601 62 has taken a fork
4601 4 has taken a fork
4601 23 is sleeping
4601 54 is thinking
4601 24 is thinking
4601 4 has taken a fork
4601 34 has taken a fork
4601 1 is sleeping
4601 11 is sleeping
4601 24 has taken a fork
4601 58 has taken a fork
4601 197 has taken a fork
4601 24 has taken a fork
4601 28 has taken a fork
4601 64 has taken a fork
4601 195 is thinking
4601 39 is sleeping
4601 64 is eating
4601 195 has taken a fork
4601 61 is sleeping
4601 199 has taken a fork
4601 195 has taken a fork
4601 65 is sleeping
4601 7 is sleeping
4601 199 has taken a fork
4601 199 is eating
4601 49 is sleeping
4601 32 has taken a fork
4601 17 is sleeping
4601 8 is thinking
4601 21 is sleeping
4601 4 is eating
4601 32 has taken a fork
4601 26 is thinking
4601 58 has taken a fork
4601 48 has taken a fork
4601 48 has taken a fork
4601 9 is sleeping
4601 52 is eating
4601 195 is eating
4601 48 is eating
4601 2 has taken a fork
4601 8 has taken a fork
4601 30 has taken a fork
4601 2 has taken a fork
4601 30 has taken a fork
4601 2 is eating
4601 30 is eating
4601 32 is eating
4601 22 has taken a fork
4601 22 has taken a fork
4601 13 is sleeping
4601 56 has taken a fork
4601 50 is thinking
4601 56 is eating
4601 26 has taken a fork
4601 38 has taken a fork
4601 50 has taken a fork
4601 58 is eating
4601 38 has taken a fork
4601 50 has taken a fork
4601 18 has taken a fork
4601 38 is eating
4601 14 is thinking
4601 14 has taken a fork
4601 14 has taken a fork
4601 14 is eating
4601 34 has taken a fork
4601 34 is eating
4601 8 has taken a fork
4601 8 is eating
4601 60 has taken a fork
4601 60 has taken a fork
4601 60 is eating
4601 55 is sleeping
4601 62 has taken a fork
4601 62 is eating
4601 54 has taken a fork
4601 54 has taken a fork
4601 54 is eating
4601 22 is eating
4601 35 is sleeping
4601 46 is thinking
4601 46 has taken a fork
4601 46 has taken a fork
4601 46 is eating
4601 12 has taken a fork
4601 12 has taken a fork
4601 12 is eating
4601 44 has taken a fork
4601 44 has taken a fork
4601 44 is eating
4601 26 has taken a fork
4601 26 is eating
4601 6 is thinking
4601 6 has taken a fork
4601 6 has taken a fork
4601 6 is eating
4601 40 has taken a fork
4601 40 is eating
4601 15 is sleeping
4601 20 has taken a fork
4601 20 has taken a fork
4601 20 is eating
4601 50 is eating
4601 51 is sleeping
4601 197 is eating
4601 193 has taken a fork
4601 193 is eating
4601 28 has taken a fork
4601 28 is eating
4601 18 has taken a fork
4601 18 is eating
4601 19 is sleeping
4601 16 has taken a fork
4601 16 has taken a fork
4601 16 is eating
4601 10 has taken a fork
4601 10 has taken a fork
4601 10 is eating
4601 24 is eating
4602 79 is sleeping
4602 132 is thinking
4602 131 is sleeping
4602 78 is thinking
4602 78 has taken a fork
4602 115 is sleeping
4602 97 is sleeping
4602 100 is thinking
4602 96 is thinking
4602 96 has taken a fork
4602 130 is thinking
4602 130 has taken a fork
4602 109 is sleeping
4602 83 is sleeping
4602 82 is thinking
4602 118 is thinking
4602 86 is thinking
4602 75 is sleeping
4602 82 has taken a fork
4602 70 is thinking
4602 128 is thinking
4602 77 is sleeping
4602 67 is sleeping
4602 90 is thinking
4602 82 has taken a fork
4602 82 is eating
4602 111 is sleeping
4602 99 is sleeping
4602 90 has taken a fork
4602 91 is sleeping
4602 126 is thinking
4602 66 has taken a fork
4602 85 is sleeping
4602 84 is thinking
4602 120 is thinking
4602 66 has taken a fork
4602 110 is thinking
4602 84 has taken a fork
4602 66 is eating
4602 106 is thinking
4602 110 has taken a fork
4602 110 has taken a fork
4602 88 is thinking
4602 84 has taken a fork
4602 94 is thinking
4602 68 is thinking
4602 88 has taken a fork
4602 129 is sleeping
4602 116 is thinking
4602 103 is sleeping
4602 74 is thinking
4602 73 is sleeping
4602 87 is sleeping
4602 70 has taken a fork
4602 116 has taken a fork
4602 124 is thinking
4602 70 has taken a fork
4602 88 has taken a fork
4602 88 is eating
4602 76 is thinking
4602 116 has taken a fork
4602 70 is eating
4602 110 is eating
4602 116 is eating
4602 102 is thinking
4602 69 is sleeping
4602 123 is sleeping
4602 89 is sleeping
4602 95 is sleeping
4602 101 is sleeping
4602 71 is sleeping
4602 105 is sleeping
4602 114 is thinking
4602 106 has taken a fork
4602 106 has taken a fork
4602 107 is sleeping
4602 90 has taken a fork
4602 90 is eating
4602 114 has taken a fork
4602 106 is eating
4602 112 is thinking
4602 96 has taken a fork
4602 121 is sleeping
4602 72 is thinking
4602 108 is thinking
4602 93 is sleeping
4602 96 is eating
4602 74 has taken a fork
4602 114 has taken a fork
4602 68 has taken a fork
4602 94 has taken a fork
4602 127 is sleeping
4602 125 is sleeping
4602 104 is thinking
4602 102 has taken a fork
4602 94 has taken a fork
4602 102 has taken a fork
4602 130 has taken a fork
4602 112 has taken a fork
4602 81 is sleeping
4602 94 is eating
4602 122 is thinking
4602 120 has taken a fork
4602 108 has taken a fork
4602 80 is thinking
4602 122 has taken a fork
4602 122 has taken a fork
4602 122 is eating
4602 112 has taken a fork
4602 74 has taken a fork
4602 98 is thinking
4602 108 has taken a fork
4602 98 has taken a fork
4602 117 is sleeping
4602 98 has taken a fork
4602 72 has taken a fork
4602 92 is thinking
4602 119 is sleeping
4602 104 has taken a fork
4602 102 is eating
4602 72 has taken a fork
4602 104 has taken a fork
4602 80 has taken a fork
4602 104 is eating
4602 98 is eating
4602 128 has taken a fork
4602 76 has taken a fork
4602 80 has taken a fork
4602 80 is eating
4602 74 is eating
4602 126 has taken a fork
4602 126 has taken a fork
4602 126 is eating
4602 72 is eating
4602 76 has taken a fork
4602 76 is eating
4602 128 has taken a fork
4602 128 is eating
4602 68 has taken a fork
4602 68 is eating
4602 113 is sleeping
4602 86 has taken a fork
4602 86 has taken a fork
4602 86 is eating
4602 112 is eating
4602 100 has taken a fork
4602 100 has taken a fork
4602 100 is eating
4602 92 has taken a fork
4602 92 has taken a fork
4602 92 is eating
4602 130 is eating
4602 84 is eating
4602 124 has taken a fork
4602 124 has taken a fork
4602 124 is eating
4602 108 is eating
4602 78 has taken a fork
4602 78 is eating
4602 118 has taken a fork
4602 118 has taken a fork
4602 118 is eating
4602 120 has taken a fork
4602 120 is eating
4602 114 is eating
4603 140 is thinking
4603 136 is thinking
4603 156 is thinking
4603 158 is thinking
4603 149 is sleeping
4603 147 is sleeping
4603 136 has taken a fork
4603 176 is thinking
4603 171 is sleeping
4603 169 is sleeping
4603 148 is thinking
4603 148 has taken a fork
4603 148 has taken a fork
4603 172 is thinking
4603 146 is thinking
4603 142 is thinking
4603 138 is thinking
4603 148 is eating
4603 146 has taken a fork
4603 145 is sleeping
4603 161 is sleeping
4603 144 is thinking
4603 146 has taken a fork
4603 158 has taken a fork
4603 137 is sleeping
4603 162 is thinking
4603 139 is sleeping
4603 158 has taken a fork
4603 144 has taken a fork
4603 167 is sleeping
4603 158 is eating
4603 173 is sleeping
4603 156 has taken a fork
4603 142 has taken a fork
4603 143 is sleeping
4603 175 is sleeping
4603 159 is sleeping
4603 136 has taken a fork
4603 164 is thinking
4603 172 has taken a fork
4603 150 is thinking
4603 172 has taken a fork
4603 150 has taken a fork
4603 138 has taken a fork
4603 134 is thinking
4603 151 is sleeping
4603 140 has taken a fork
4603 134 has taken a fork
4603 152 is thinking
4603 134 has taken a fork
4603 168 is thinking
4603 134 is eating
4603 140 has taken a fork
4603 170 is thinking
4603 152 has taken a fork
4603 133 is sleeping
4603 170 has taken a fork
4603 140 is eating
4603 170 has taken a fork
4603 152 has taken a fork
4603 168 has taken a fork
4603 146 is eating
4603 162 has taken a fork
4603 163 is sleeping
4603 144 has taken a fork
4603 162 has taken a fork
4603 154 is thinking
4603 144 is eating
4603 162 is eating
4603 168 has taken a fork
4603 152 is eating
4603 168 is eating
4603 150 has taken a fork
4603 135 is sleeping
4603 150 is eating
4603 141 is sleeping
4603 142 has taken a fork
4603 172 is eating
4603 153 is sleeping
4603 136 is eating
4603 132 has taken a fork
4603 132 has taken a fork
4603 170 is eating
4603 166 is thinking
4603 155 is sleeping
4603 160 is thinking
4603 160 has taken a fork
4603 160 has taken a fork
4603 166 has taken a fork
4603 160 is eating
4603 174 is thinking
4603 174 has taken a fork
4603 174 has taken a fork
4603 174 is eating
4603 132 is eating
4603 154 has taken a fork
4603 156 has taken a fork
4603 157 is sleeping
4603 138 has taken a fork
4603 165 is sleeping
4603 138 is eating
4603 156 is eating
4603 166 has taken a fork
4603 164 has taken a fork
4603 154 has taken a fork
4603 166 is eating
4603 154 is eating
4603 164 has taken a fork
4603 164 is eating
4603 142 is eating
4800 185 is sleeping
4800 187 is sleeping
4800 188 is thinking
4800 184 is thinking
4800 178 is thinking
4800 184 has taken a fork
4800 180 is thinking
4800 190 is thinking
4800 183 is sleeping
4800 186 is thinking
4800 186 has taken a fork
4800 186 has taken a fork
4800 186 is eating
4800 189 is sleeping
4800 184 has taken a fork
4800 184 is eating
4800 181 is sleeping
4800 188 has taken a fork
4800 188 has taken a fork
4800 188 is eating
4800 182 is thinking
4800 182 has taken a fork
4800 182 has taken a fork
4800 182 is eating
4800 177 is sleeping
4800 180 has taken a fork
4800 176 has taken a fork
4800 176 has taken a fork
4800 176 is eating
4800 179 is sleeping
4800 180 has taken a fork
4800 180 is eating
4800 178 has taken a fork
4800 178 has taken a fork
4800 178 is eating
4801 34 is sleeping
4801 50 is sleeping
4801 59 is thinking
4801 35 is thinking
4801 35 has taken a fork
4801 60 is sleeping
4801 46 is sleeping
4801 192 is thinking
4801 42 is sleeping
4801 44 is sleeping
4801 12 is sleeping
4801 45 is thinking
4801 45 has taken a fork
4801 45 has taken a fork
4801 45 is eating
4801 23 is thinking
4801 53 is thinking
4801 2 is sleeping
4801 63 is thinking
4801 51 is thinking
4801 51 has taken a fork
4801 193 is sleeping
4801 199 is sleeping
4801 58 is sleeping
4801 55 is thinking
4801 20 is sleeping
4801 30 is sleeping
4801 62 is sleeping
4801 33 is thinking
4801 52 is sleeping
4801 64 is sleeping
4801 15 is thinking
4801 29 is thinking
4801 41 is thinking
4801 65 is thinking
4801 65 has taken a fork
4801 49 is thinking
4801 5 is thinking
4801 22 is sleeping
4801 57 is thinking
4801 27 is thinking
4801 197 is sleeping
4801 9 is thinking
4801 47 is thinking
4801 32 is sleeping
4801 59 has taken a fork
4801 192 has taken a fork
4801 13 is thinking
4801 47 has taken a fork
4801 16 is sleeping
4801 10 is sleeping
4801 38 is sleeping
4801 53 has taken a fork
4801 24 is sleeping
4801 11 is thinking
4801 198 is thinking
4801 36 is sleeping
4801 198 has taken a fork
4801 198 has taken a fork
4801 11 has taken a fork
4801 195 is sleeping
4801 4 is sleeping
4801 25 is thinking
4801 11 has taken a fork
4801 11 is eating
4801 196 is thinking
4801 196 has taken a fork
4801 196 has taken a fork
4801 21 is thinking
4801 26 is sleeping
4801 18 is sleeping
4801 194 is thinking
4801 194 has taken a fork
4801 194 has taken a fork
4801 198 is eating
4801 21 has taken a fork
4801 17 is thinking
4801 43 is thinking
4801 43 has taken a fork
4801 196 is eating
4801 54 is sleeping
4801 43 has taken a fork
4801 17 has taken a fork
4801 40 is sleeping
4801 33 has taken a fork
4801 37 is thinking
4801 51 has taken a fork
4801 23 has taken a fork
4801 37 has taken a fork
4801 37 has taken a fork
4801 37 is eating
4801 51 is eating
4801 56 is sleeping
4801 48 is sleeping
4801 3 is thinking
4801 43 is eating
4801 23 has taken a fork
4801 15 has taken a fork
4801 13 has taken a fork
4801 3 has taken a fork
4801 41 has taken a fork
4801 23 is eating
4801 13 has taken a fork
4801 13 is eating
4801 39 is thinking
4801 27 has taken a fork
4801 47 has taken a fork
4801 59 has taken a fork
4801 47 is eating
4801 9 has taken a fork
4801 39 has taken a fork
4801 39 has taken a fork
4801 33 has taken a fork
4801 31 is thinking
4801 194 is eating
4801 7 is thinking
4801 59 is eating
4801 55 has taken a fork
4801 29 has taken a fork
4801 55 has taken a fork
4801 17 has taken a fork
4801 55 is eating
4801 9 has taken a fork
4801 35 has taken a fork
4801 6 is sleeping
4801 29 has taken a fork
4801 33 is eating
4801 61 is thinking
4801 61 has taken a fork
4801 61 has taken a fork
4801 61 is eating
4801 25 has taken a fork
4801 5 has taken a fork
4801 5 has taken a fork
4801 5 is eating
4801 41 has taken a fork
4801 19 is thinking
4801 41 is eating
4801 19 has taken a fork
4801 19 has taken a fork
4801 19 is eating
4801 53 has taken a fork
4801 53 is eating
4801 27 has taken a fork
4801 39 is eating
4801 8 is sleeping
4801 27 is eating
4801 35 is eating
4801 14 is sleeping
4801 21 has taken a fork
4801 21 is eating
4801 15 has taken a fork
4801 57 has taken a fork
4801 15 is eating
4801 9 is eating
4801 57 has taken a fork
4801 29 is eating
4801 63 has taken a fork
4801 191 is sleeping
4801 63 has taken a fork
4801 7 has taken a fork
4801 190 has taken a fork
4801 1 is thinking
4801 192 has taken a fork
4801 49 has taken a fork
4801 192 is eating
4801 31 has taken a fork
4801 49 has taken a fork
4801 57 is eating
4801 28 is sleeping
4801 17 is eating
4801 7 has taken a fork
4801 190 has taken a fork
4801 7 is eating
4801 31 has taken a fork
4801 49 is eating
4801 63 is eating
4801 31 is eating
4801 3 has taken a fork
4801 190 is eating
4801 3 is eating
4801 25 has taken a fork
4801 25 is eating
4801 1 has taken a fork
4801 1 has taken a fork
4801 1 is eating
4802 83 is thinking
4802 110 is sleeping
4802 107 is thinking
4802 77 is thinking
4802 85 is thinking
4802 116 is sleeping
4802 123 is thinking
4802 123 has taken a fork
4802 113 is thinking
4802 113 has taken a fork
4802 68 is sleeping
4802 97 is thinking
4802 122 is sleeping
4802 89 is thinking
4802 130 is sleeping
4802 82 is sleeping
4802 86 is sleeping
4802 70 is sleeping
4802 88 is sleeping
4802 106 is sleeping
4802 78 is sleeping
4802 100 is sleeping
4802 83 has taken a fork
4802 81 is thinking
4802 107 has taken a fork
4802 131 is thinking
4802 131 has taken a fork
4802 127 is thinking
4802 103 is thinking
4802 103 has taken a fork
4802 112 is sleeping
4802 118 is sleeping
4802 111 is thinking
4802 102 is sleeping
4802 111 has taken a fork
4802 111 has taken a fork
4802 111 is eating
4802 71 is thinking
4802 71 has taken a fork
4802 93 is thinking
4802 105 is thinking
4802 89 has taken a fork
4802 89 has taken a fork
4802 89 is eating
4802 90 is sleeping
4802 128 is sleeping
4802 98 is sleeping
4802 87 is thinking
4802 87 has taken a fork
4802 87 has taken a fork
4802 108 is sleeping
4802 115 is thinking
4802 67 is thinking
4802 76 is sleeping
4802 120 is sleeping
4802 94 is sleeping
4802 75 is thinking
4802 79 is thinking
4802 125 is thinking
4802 123 has taken a fork
4802 99 is thinking
4802 99 has taken a fork
4802 87 is eating
4802 107 has taken a fork
4802 66 is sleeping
4802 123 is eating
4802 117 is thinking
4802 126 is sleeping
4802 107 is eating
4802 104 is sleeping
4802 67 has taken a fork
4802 101 is thinking
4802 95 is thinking
4802 101 has taken a fork
4802 101 has taken a fork
4802 83 has taken a fork
4802 101 is eating
4802 127 has taken a fork
4802 92 is sleeping
4802 81 has taken a fork
4802 81 has taken a fork
4802 127 has taken a fork
4802 67 has taken a fork
4802 117 has taken a fork
4802 74 is sleeping
4802 105 has taken a fork
4802 103 has taken a fork
4802 67 is eating
4802 103 is eating
4802 124 is sleeping
4802 99 has taken a fork
4802 81 is eating
4802 72 is sleeping
4802 77 has taken a fork
4802 99 is eating
4802 113 has taken a fork
4802 77 has taken a fork
4802 127 is eating
4802 77 is eating
4802 83 is eating
4802 129 is thinking
4802 85 has taken a fork
4802 125 has taken a fork
4802 129 has taken a fork
4802 105 has taken a fork
4802 85 has taken a fork
4802 75 has taken a fork
4802 109 is thinking
4802 75 has taken a fork
4802 85 is eating
4802 75 is eating
4802 73 is thinking
4802 113 is eating
4802 73 has taken a fork
4802 117 has taken a fork
4802 114 is sleeping
4802 117 is eating
4802 73 has taken a fork
4802 73 is eating
4802 71 has taken a fork
4802 115 has taken a fork
4802 71 is eating
4802 79 has taken a fork
4802 119 is thinking
4802 109 has taken a fork
4802 93 has taken a fork
4802 95 has taken a fork
4802 119 has taken a fork
4802 105 is eating
4802 109 has taken a fork
4802 65 has taken a fork
4802 96 is sleeping
4802 129 has taken a fork
4802 79 has taken a fork
4802 129 is eating
4802 93 has taken a fork
4802 80 is sleeping
4802 93 is eating
4802 79 is eating
4802 125 has taken a fork
4802 125 is eating
4802 97 has taken a fork
4802 69 is thinking
4802 84 is sleeping
4802 65 is eating
4802 95 has taken a fork
4802 69 has taken a fork
4802 109 is eating
4802 95 is eating
4802 97 has taken a fork
4802 97 is eating
4802 115 has taken a fork
4802 91 is thinking
4802 91 has taken a fork
4802 69 has taken a fork
4802 115 is eating
4802 91 has taken a fork
4802 91 is eating
4802 69 is eating
4802 119 has taken a fork
4802 119 is eating
4802 121 is thinking
4802 121 has taken a fork
4802 121 has taken a fork
4802 121 is eating
4803 146 is sleeping
4803 151 is thinking
4803 163 is thinking
4803 147 is thinking
4803 169 is thinking
4803 147 has taken a fork
4803 148 is sleeping
4803 161 is thinking
4803 149 is thinking
4803 165 is thinking
4803 157 is thinking
4803 152 is sleeping
4803 147 has taken a fork
4803 147 is eating
4803 167 is thinking
4803 171 is thinking
4803 145 is thinking
4803 175 is thinking
4803 150 is sleeping
4803 156 is sleeping
4803 155 is thinking
4803 157 has taken a fork
4803 158 is sleeping
4803 151 has taken a fork
4803 175 has taken a fork
4803 142 is sleeping
4803 157 has taken a fork
4803 172 is sleeping
4803 157 is eating
4803 138 is sleeping
4803 143 is thinking
4803 137 is thinking
4803 137 has taken a fork
4803 137 has taken a fork
4803 151 has taken a fork
4803 174 is sleeping
4803 151 is eating
4803 149 has taken a fork
4803 149 has taken a fork
4803 149 is eating
4803 170 is sleeping
4803 136 is sleeping
4803 162 is sleeping
4803 154 is sleeping
4803 168 is sleeping
4803 171 has taken a fork
4803 171 has taken a fork
4803 171 is eating
4803 164 is sleeping
4803 169 has taken a fork
4803 169 has taken a fork
4803 169 is eating
4803 160 is sleeping
4803 155 has taken a fork
4803 155 has taken a fork
4803 155 is eating
4803 133 is thinking
4803 163 has taken a fork
4803 133 has taken a fork
4803 133 has taken a fork
4803 133 is eating
4803 163 has taken a fork
4803 163 is eating
4803 144 is sleeping
4803 165 has taken a fork
4803 165 has taken a fork
4803 165 is eating
4803 139 is thinking
4803 159 is thinking
4803 139 has taken a fork
4803 159 has taken a fork
4803 139 has taken a fork
4803 159 has taken a fork
4803 134 is sleeping
4803 159 is eating
4803 132 is sleeping
4803 140 is sleeping
4803 166 is sleeping
4803 167 has taken a fork
4803 167 has taken a fork
4803 161 has taken a fork
4803 161 has taken a fork
4803 173 is thinking
4803 153 is thinking
4803 153 has taken a fork
4803 153 has taken a fork
4803 153 is eating
4803 139 is eating
4803 141 is thinking
4803 141 has taken a fork
4803 141 has taken a fork
4803 141 is eating
4803 137 is eating
4803 143 has taken a fork
4803 143 has taken a fork
4803 143 is eating
4803 167 is eating
4803 135 is thinking
4803 135 has taken a fork
4803 135 has taken a fork
4803 135 is eating
4803 161 is eating
4803 173 has taken a fork
4803 173 has taken a fork
4803 173 is eating
4803 131 has taken a fork
4803 131 is eating
4803 145 has taken a fork
4803 145 has taken a fork
4803 145 is eating
5000 189 is thinking
5000 184 is sleeping
5000 179 is thinking
5000 177 is thinking
5000 188 is sleeping
5000 187 is thinking
5000 187 has taken a fork
5000 187 has taken a fork
5000 187 is eating
5000 185 is thinking
5000 185 has taken a fork
5000 185 has taken a fork
5000 185 is eating
5000 182 is sleeping
5000 176 is sleeping
5000 175 has taken a fork
5000 186 is sleeping
5000 181 is thinking
5000 181 has taken a fork
5000 181 has taken a fork
5000 181 is eating
5000 180 is sleeping
5000 175 is eating
5000 183 is thinking
5000 189 has taken a fork
5000 183 has taken a fork
5000 183 has taken a fork
5000 183 is eating
5000 178 is sleeping
5000 177 has taken a fork
5000 177 has taken a fork
5000 177 is eating
5000 179 has taken a fork
5000 179 has taken a fork
5000 179 is eating
5001 34 is thinking
5001 35 is sleeping
5001 196 is sleeping
5001 51 is sleeping
5001 193 is thinking
5001 8 is thinking
5001 195 is thinking
5001 28 is thinking
5001 1 is sleeping
5001 5 is sleeping
5001 63 is sleeping
5001 50 is thinking
5001 50 has taken a fork
5001 18 is thinking
5001 34 has taken a fork
5001 198 is sleeping
5001 45 is sleeping
5001 13 is sleeping
5001 15 is sleeping
5001 190 is sleeping
5001 19 is sleeping
5001 31 is sleeping
5001 58 is thinking
5001 30 is thinking
5001 12 is thinking
5001 60 is thinking
5001 41 is sleeping
5001 46 is thinking
5001 55 is sleeping
5001 12 has taken a fork
5001 54 is thinking
5001 38 is thinking
5001 54 has taken a fork
5001 46 has taken a fork
5001 38 has taken a fork
5001 46 has taken a fork
5001 62 is thinking
5001 22 is thinking
5001 62 has taken a fork
5001 46 is eating
5001 25 is sleeping
5001 18 has taken a fork
5001 47 is sleeping
5001 199 is thinking
5001 64 is thinking
5001 18 has taken a fork
5001 18 is eating
5001 11 is sleeping
5001 30 has taken a fork
5001 14 is thinking
5001 30 has taken a fork
5001 14 has taken a fork
5001 23 is sleeping
5001 14 has taken a fork
5001 50 has taken a fork
5001 197 is thinking
5001 36 is thinking
5001 36 has taken a fork
5001 36 has taken a fork
5001 36 is eating
5001 21 is sleeping
5001 192 is sleeping
5001 59 is sleeping
5001 43 is sleeping
5001 17 is sleeping
5001 52 is thinking
5001 52 has taken a fork
5001 52 has taken a fork
5001 52 is eating
5001 6 is thinking
5001 6 has taken a fork
5001 6 has taken a fork
5001 6 is eating
5001 39 is sleeping
5001 48 is thinking
5001 48 has taken a fork
5001 48 has taken a fork
5001 48 is eating
5001 44 is thinking
5001 44 has taken a fork
5001 44 has taken a fork
5001 44 is eating
5001 199 has taken a fork
5001 199 has taken a fork
5001 199 is eating
5001 57 is sleeping
5001 193 has taken a fork
5001 26 is thinking
5001 26 has taken a fork
5001 26 has taken a fork
5001 26 is eating
5001 193 has taken a fork
5001 193 is eating
5001 191 is thinking
5001 37 is sleeping
5001 191 has taken a fork
5001 191 has taken a fork
5001 191 is eating
5001 58 has taken a fork
5001 58 has taken a fork
5001 58 is eating
5001 9 is sleeping
5001 61 is sleeping
5001 29 is sleeping
5001 8 has taken a fork
5001 8 has taken a fork
5001 8 is eating
5001 195 has taken a fork
5001 195 has taken a fork
5001 195 is eating
5001 32 is thinking
5001 32 has taken a fork
5001 32 has taken a fork
5001 32 is eating
5001 33 is sleeping
5001 28 has taken a fork
5001 28 has taken a fork
5001 28 is eating
5001 62 has taken a fork
5001 62 is eating
5001 10 is thinking
5001 10 has taken a fork
5001 10 has taken a fork
5001 10 is eating
5001 16 is thinking
5001 16 has taken a fork
5001 16 has taken a fork
5001 16 is eating
5001 38 has taken a fork
5001 38 is eating
5001 34 has taken a fork
5001 34 is eating
5001 42 is thinking
5001 42 has taken a fork
5001 42 has taken a fork
5001 42 is eating
5001 24 is thinking
5001 24 has taken a fork
5001 24 has taken a fork
5001 24 is eating
5001 20 is thinking
5001 20 has taken a fork
5001 20 has taken a fork
5001 20 is eating
5001 2 is thinking
5001 2 has taken a fork
5001 2 has taken a fork
5001 2 is eating
5001 27 is sleeping
5001 53 is sleeping
5001 12 has taken a fork
5001 12 is eating
5001 7 is sleeping
5001 54 has taken a fork
5001 54 is eating
5001 60 has taken a fork
5001 60 has taken a fork
5001 60 is eating
5001 194 is sleeping
5001 30 is eating
5001 49 is sleeping
5001 14 is eating
5001 4 is thinking
5001 4 has taken a fork
5001 4 has taken a fork
5001 4 is eating
5001 22 has taken a fork
5001 22 has taken a fork
5001 22 is eating
5001 50 is eating
5001 197 has taken a fork
5001 197 has taken a fork
5001 197 is eating
5001 40 is thinking
5001 40 has taken a fork
5001 40 has taken a fork
5001 40 is eating
5001 189 has taken a fork
5001 189 is eating
5001 3 is sleeping
5001 56 is thinking
5001 56 has taken a fork
5001 56 has taken a fork
5001 56 is eating
5002 80 is thinking
5002 98 is thinking
5002 101 is sleeping
5002 69 is sleeping
5002 105 is sleeping
5002 116 is thinking
5002 91 is sleeping
5002 81 is sleeping
5002 103 is sleeping
5002 95 is sleeping
5002 120 is thinking
5002 93 is sleeping
5002 127 is sleeping
5002 92 is thinking
5002 70 is thinking
5002 80 has taken a fork
5002 122 is thinking
5002 92 has taken a fork
5002 96 is thinking
5002 82 is thinking
5002 96 has taken a fork
5002 98 has taken a fork
5002 89 is sleeping
5002 124 is thinking
5002 82 has taken a fork
5002 73 is sleeping
5002 65 is sleeping
5002 68 is thinking
5002 112 is thinking
5002 104 is thinking
5002 104 has taken a fork
5002 87 is sleeping
5002 107 is sleeping
5002 79 is sleeping
5002 100 is thinking
5002 125 is sleeping
5002 98 has taken a fork
5002 129 is sleeping
5002 104 has taken a fork
5002 90 is thinking
5002 88 is thinking
5002 98 is eating
5002 92 has taken a fork
5002 85 is sleeping
5002 124 has taken a fork
5002 71 is sleeping
5002 106 is thinking
5002 70 has taken a fork
5002 100 has taken a fork
5002 100 has taken a fork
5002 90 has taken a fork
5002 70 has taken a fork
5002 70 is eating
5002 75 is sleeping
5002 106 has taken a fork
5002 72 is thinking
5002 122 has taken a fork
5002 82 has taken a fork
5002 100 is eating
5002 83 is sleeping
5002 64 has taken a fork
5002 82 is eating
5002 99 is sleeping
5002 64 has taken a fork
5002 64 is eating
5002 123 is sleeping
5002 96 has taken a fork
5002 80 has taken a fork
5002 80 is eating
5002 110 is thinking
5002 110 has taken a fork
5002 126 is thinking
5002 126 has taken a fork
5002 126 has taken a fork
5002 126 is eating
5002 108 is thinking
5002 122 has taken a fork
5002 122 is eating
5002 124 has taken a fork
5002 86 is thinking
5002 86 has taken a fork
5002 86 has taken a fork
5002 86 is eating
5002 76 is thinking
5002 94 is thinking
5002 94 has taken a fork
5002 128 is thinking
5002 109 is sleeping
5002 124 is eating
5002 108 has taken a fork
5002 108 has taken a fork
5002 115 is sleeping
5002 108 is eating
5002 110 has taken a fork
5002 97 is sleeping
5002 110 is eating
5002 88 has taken a fork
5002 114 is thinking
5002 114 has taken a fork
5002 88 has taken a fork
5002 114 has taken a fork
5002 113 is sleeping
5002 114 is eating
5002 88 is eating
5002 112 has taken a fork
5002 118 is thinking
5002 112 has taken a fork
5002 112 is eating
5002 68 has taken a fork
5002 118 has taken a fork
5002 68 has taken a fork
5002 68 is eating
5002 118 has taken a fork
5002 120 has taken a fork
5002 74 is thinking
5002 117 is sleeping
5002 74 has taken a fork
5002 74 has taken a fork
5002 96 is eating
5002 94 has taken a fork
5002 92 is eating
5002 77 is sleeping
5002 94 is eating
5002 119 is sleeping
5002 76 has taken a fork
5002 76 has taken a fork
5002 76 is eating
5002 111 is sleeping
5002 74 is eating
5002 84 is thinking
5002 72 has taken a fork
5002 118 is eating
5002 72 has taken a fork
5002 130 is thinking
5002 67 is sleeping
5002 106 has taken a fork
5002 120 has taken a fork
5002 106 is eating
5002 121 is sleeping
5002 104 is eating
5002 66 is thinking
5002 128 has taken a fork
5002 66 has taken a fork
5002 66 has taken a fork
5002 128 has taken a fork
5002 84 has taken a fork
5002 90 has taken a fork
5002 90 is eating
5002 72 is eating
5002 128 is eating
5002 120 is eating
5002 66 is eating
5002 84 has taken a fork
5002 84 is eating
5002 78 is thinking
5002 78 has taken a fork
5002 102 is thinking
5002 102 has taken a fork
5002 102 has taken a fork
5002 102 is eating
5002 116 has taken a fork
5002 116 has taken a fork
5002 116 is eating
5002 78 has taken a fork
5002 78 is eating
5003 161 is sleeping
5003 165 is sleeping
5003 172 is thinking
5003 131 is sleeping
5003 156 is thinking
5003 170 is thinking
5003 159 is sleeping
5003 140 is thinking
5003 139 is sleeping
5003 148 is thinking
5003 149 is sleeping
5003 148 has taken a fork
5003 133 is sleeping
5003 152 is thinking
5003 162 is thinking
5003 163 is sleeping
5003 173 is sleeping
5003 146 is thinking
5003 160 is thinking
5003 160 has taken a fork
5003 160 has taken a fork
5003 160 is eating
5003 145 is sleeping
5003 162 has taken a fork
5003 158 is thinking
5003 162 has taken a fork
5003 158 has taken a fork
5003 162 is eating
5003 155 is sleeping
5003 150 is thinking
5003 130 has taken a fork
5003 169 is sleeping
5003 130 has taken a fork
5003 135 is sleeping
5003 137 is sleeping
5003 174 is thinking
5003 172 has taken a fork
5003 171 is sleeping
5003 136 is thinking
5003 172 has taken a fork
5003 136 has taken a fork
5003 154 is thinking
5003 166 is thinking
5003 143 is sleeping
5003 132 is thinking
5003 154 has taken a fork
5003 164 is thinking
5003 150 has taken a fork
5003 150 has taken a fork
5003 150 is eating
5003 170 has taken a fork
5003 170 has taken a fork
5003 170 is eating
5003 130 is eating
5003 144 is thinking
5003 144 has taken a fork
5003 144 has taken a fork
5003 144 is eating
5003 164 has taken a fork
5003 164 has taken a fork
5003 164 is eating
5003 136 has taken a fork
5003 136 is eating
5003 151 is sleeping
5003 132 has taken a fork
5003 138 is thinking
5003 138 has taken a fork
5003 138 has taken a fork
5003 138 is eating
5003 172 is eating
5003 134 is thinking
5003 134 has taken a fork
5003 134 has taken a fork
5003 134 is eating
5003 132 has taken a fork
5003 132 is eating
5003 157 is sleeping
5003 147 is sleeping
5003 156 has taken a fork
5003 146 has taken a fork
5003 146 has taken a fork
5003 146 is eating
5003 158 has taken a fork
5003 156 has taken a fork
5003 168 is thinking
5003 148 has taken a fork
5003 148 is eating
5003 168 has taken a fork
5003 168 has taken a fork
5003 168 is eating
5003 154 has taken a fork
5003 154 is eating
5003 153 is sleeping
5003 156 is eating
5003 158 is eating
5003 142 is thinking
5003 142 has taken a fork
5003 142 has taken a fork
5003 142 is eating
5003 167 is sleeping
5003 141 is sleeping
5003 152 has taken a fork
5003 152 has taken a fork
5003 152 is eating
5003 140 has taken a fork
5003 140 has taken a fork
5003 140 is eating
5003 166 has taken a fork
5003 166 has taken a fork
5003 166 is eating
5200 183 is sleeping
5200 186 is thinking
5200 184 is thinking
5200 179 is sleeping
5200 180 is thinking
5200 184 has taken a fork
5200 184 has taken a fork
5200 184 is eating
5200 180 has taken a fork
5200 180 has taken a fork
5200 180 is eating
5200 174 has taken a fork
5200 174 has taken a fork
5200 174 is eating
5200 175 is sleeping
5200 181 is sleeping
5200 177 is sleeping
5200 187 is sleeping
5200 186 has taken a fork
5200 186 has taken a fork
5200 186 is eating
5200 185 is sleeping
5200 176 is thinking
5200 176 has taken a fork
5200 176 has taken a fork
5200 176 is eating
5200 188 is thinking
5200 178 is thinking
5200 178 has taken a fork
5200 178 has taken a fork
5200 178 is eating
5200 182 is thinking
5200 182 has taken a fork
5200 182 has taken a fork
5200 182 is eating
5201 27 is thinking
5201 43 is thinking
5201 32 is sleeping
5201 9 is thinking
5201 62 is sleeping
5201 15 is thinking
5201 41 is thinking
5201 35 is thinking
5201 58 is sleeping
5201 30 is sleeping
5201 24 is sleeping
5201 15 has taken a fork
5201 46 is sleeping
5201 22 is sleeping
5201 11 is thinking
5201 198 is thinking
5201 34 is sleeping
5201 193 is sleeping
5201 190 is thinking
5201 190 has taken a fork
5201 31 is thinking
5201 31 has taken a fork
5201 47 is thinking
5201 31 has taken a fork
5201 47 has taken a fork
5201 47 has taken a fork
5201 47 is eating
5201 6 is sleeping
5201 21 is thinking
5201 28 is sleeping
5201 31 is eating
5201 50 is sleeping
5201 197 is sleeping
5201 42 is sleeping
5201 53 is thinking
5201 26 is sleeping
5201 60 is sleeping
5201 9 has taken a fork
5201 56 is sleeping
5201 36 is sleeping
5201 49 is thinking
5201 2 is sleeping
5201 29 is thinking
5201 59 is thinking
5201 49 has taken a fork
5201 4 is sleeping
5201 199 is sleeping
5201 43 has taken a fork
5201 191 is sleeping
5201 43 has taken a fork
5201 43 is eating
5201 16 is sleeping
5201 33 is thinking
5201 198 has taken a fork
5201 14 is sleeping
5201 23 is thinking
5201 198 has taken a fork
5201 23 has taken a fork
5201 189 is sleeping
5201 192 is thinking
5201 23 has taken a fork
5201 48 is sleeping
5201 198 is eating
5201 17 is thinking
5201 37 is thinking
5201 41 has taken a fork
5201 17 has taken a fork
5201 196 is thinking
5201 188 has taken a fork
5201 41 has taken a fork
5201 57 is thinking
5201 188 has taken a fork
5201 19 is thinking
5201 61 is thinking
5201 54 is sleeping
5201 15 has taken a fork
5201 61 has taken a fork
5201 188 is eating
5201 15 is eating
5201 25 is thinking
5201 190 has taken a fork
5201 18 is sleeping
5201 52 is sleeping
5201 8 is sleeping
5201 195 is sleeping
5201 39 is thinking
5201 194 is thinking
5201 63 is thinking
5201 44 is sleeping
5201 3 is thinking
5201 13 is thinking
5201 40 is sleeping
5201 63 has taken a fork
5201 20 is sleeping
5201 23 is eating
5201 13 has taken a fork
5201 12 is sleeping
5201 13 has taken a fork
5201 13 is eating
5201 49 has taken a fork
5201 11 has taken a fork
5201 45 is thinking
5201 29 has taken a fork
5201 61 has taken a fork
5201 59 has taken a fork
5201 196 has taken a fork
5201 45 has taken a fork
5201 29 has taken a fork
5201 1 is thinking
5201 33 has taken a fork
5201 29 is eating
5201 33 has taken a fork
5201 55 is thinking
5201 19 has taken a fork
5201 33 is eating
5201 190 is eating
5201 3 has taken a fork
5201 5 is thinking
5201 19 has taken a fork
5201 53 has taken a fork
5201 57 has taken a fork
5201 53 has taken a fork
5201 53 is eating
5201 5 has taken a fork
5201 5 has taken a fork
5201 5 is eating
5201 19 is eating
5201 57 has taken a fork
5201 57 is eating
5201 27 has taken a fork
5201 27 has taken a fork
5201 27 is eating
5201 61 is eating
5201 45 has taken a fork
5201 45 is eating
5201 1 has taken a fork
5201 1 has taken a fork
5201 1 is eating
5201 9 has taken a fork
5201 9 is eating
5201 10 is sleeping
5201 25 has taken a fork
5201 25 has taken a fork
5201 25 is eating
5201 35 has taken a fork
5201 35 has taken a fork
5201 35 is eating
5201 39 has taken a fork
5201 39 has taken a fork
5201 39 is eating
5201 17 has taken a fork
5201 17 is eating
5201 55 has taken a fork
5201 55 has taken a fork
5201 55 is eating
5201 3 has taken a fork
5201 3 is eating
5201 37 has taken a fork
5201 37 has taken a fork
5201 37 is eating
5201 192 has taken a fork
5201 192 has taken a fork
5201 192 is eating
5201 7 is thinking
5201 7 has taken a fork
5201 7 has taken a fork
5201 7 is eating
5201 21 has taken a fork
5201 21 has taken a fork
5201 21 is eating
5201 49 is eating
5201 51 is thinking
5201 51 has taken a fork
5201 51 has taken a fork
5201 51 is eating
5201 38 is sleeping
5201 194 has taken a fork
5201 194 has taken a fork
5201 194 is eating
5201 41 is eating
5201 59 has taken a fork
5201 59 is eating
5201 11 has taken a fork
5201 11 is eating
5201 196 has taken a fork
5201 196 is eating
5202 80 is sleeping
5202 107 is thinking
5202 69 is thinking
5202 105 is thinking
5202 114 is sleeping
5202 86 is sleeping
5202 101 is thinking
5202 96 is sleeping
5202 79 is thinking
5202 124 is sleeping
5202 65 is thinking
5202 120 is sleeping
5202 125 is thinking
5202 108 is sleeping
5202 117 is thinking
5202 125 has taken a fork
5202 78 is sleeping
5202 77 is thinking
5202 68 is sleeping
5202 93 is thinking
5202 70 is sleeping
5202 67 is thinking
5202 81 is thinking
5202 95 is thinking
5202 93 has taken a fork
5202 74 is sleeping
5202 73 is thinking
5202 111 is thinking
5202 127 is thinking
5202 81 has taken a fork
5202 73 has taken a fork
5202 79 has taken a fork
5202 76 is sleeping
5202 84 is sleeping
5202 73 has taken a fork
5202 79 has taken a fork
5202 112 is sleeping
5202 98 is sleeping
5202 107 has taken a fork
5202 121 is thinking
5202 94 is sleeping
5202 99 is thinking
5202 110 is sleeping
5202 93 has taken a fork
5202 87 is thinking
5202 115 is thinking
5202 64 is sleeping
5202 106 is sleeping
5202 107 has taken a fork
5202 87 has taken a fork
5202 79 is eating
5202 67 has taken a fork
5202 109 is thinking
5202 111 has taken a fork
5202 107 is eating
5202 63 has taken a fork
5202 91 is thinking
5202 129 is thinking
5202 109 has taken a fork
5202 118 is sleeping
5202 101 has taken a fork
5202 129 has taken a fork
5202 72 is sleeping
5202 101 has taken a fork
5202 109 has taken a fork
5202 115 has taken a fork
5202 67 has taken a fork
5202 113 is thinking
5202 92 is sleeping
5202 121 has taken a fork
5202 101 is eating
5202 73 is eating
5202 97 is thinking
5202 67 is eating
5202 93 is eating
5202 99 has taken a fork
5202 97 has taken a fork
5202 97 has taken a fork
5202 123 is thinking
5202 123 has taken a fork
5202 116 is sleeping
5202 102 is sleeping
5202 111 has taken a fork
5202 100 is sleeping
5202 69 has taken a fork
5202 125 has taken a fork
5202 89 is thinking
5202 117 has taken a fork
5202 117 has taken a fork
5202 117 is eating
5202 90 is sleeping
5202 97 is eating
5202 69 has taken a fork
5202 125 is eating
5202 121 has taken a fork
5202 128 is sleeping
5202 65 has taken a fork
5202 91 has taken a fork
5202 65 has taken a fork
5202 91 has taken a fork
5202 115 has taken a fork
5202 91 is eating
5202 63 is eating
5202 65 is eating
5202 115 is eating
5202 99 has taken a fork
5202 105 has taken a fork
5202 88 is sleeping
5202 95 has taken a fork
5202 99 is eating
5202 119 is thinking
5202 89 has taken a fork
5202 119 has taken a fork
5202 119 has taken a fork
5202 119 is eating
5202 77 has taken a fork
5202 123 has taken a fork
5202 111 is eating
5202 123 is eating
5202 105 has taken a fork
5202 77 has taken a fork
5202 83 is thinking
5202 103 is thinking
5202 69 is eating
5202 121 is eating
5202 95 has taken a fork
5202 113 has taken a fork
5202 103 has taken a fork
5202 103 has taken a fork
5202 103 is eating
5202 113 has taken a fork
5202 66 is sleeping
5202 122 is sleeping
5202 89 has taken a fork
5202 82 is sleeping
5202 89 is eating
5202 83 has taken a fork
5202 83 has taken a fork
5202 105 is eating
5202 83 is eating
5202 104 is sleeping
5202 71 is thinking
5202 71 has taken a fork
5202 126 is sleeping
5202 95 is eating
5202 71 has taken a fork
5202 85 is thinking
5202 71 is eating
5202 85 has taken a fork
5202 77 is eating
5202 85 has taken a fork
5202 85 is eating
5202 87 has taken a fork
5202 113 is eating
5202 127 has taken a fork
5202 87 is eating
5202 81 has taken a fork
5202 81 is eating
5202 127 has taken a fork
5202 127 is eating
5202 109 is eating
5202 75 is thinking
5202 75 has taken a fork
5202 75 has taken a fork
5202 75 is eating
5203 139 is thinking
5203 139 has taken a fork
5203 167 is thinking
5203 149 is thinking
5203 141 is thinking
5203 166 is sleeping
5203 155 is thinking
5203 145 is thinking
5203 159 is thinking
5203 147 is thinking
5203 147 has taken a fork
5203 173 is thinking
5203 173 has taken a fork
5203 146 is sleeping
5203 142 is sleeping
5203 134 is sleeping
5203 138 is sleeping
5203 163 is thinking
5203 165 is thinking
5203 170 is sleeping
5203 132 is sleeping
5203 172 is sleeping
5203 156 is sleeping
5203 130 is sleeping
5203 160 is sleeping
5203 129 has taken a fork
5203 129 is eating
5203 157 is thinking
5203 157 has taken a fork
5203 167 has taken a fork
5203 153 is thinking
5203 131 is thinking
5203 143 is thinking
5203 145 has taken a fork
5203 164 is sleeping
5203 154 is sleeping
5203 145 has taken a fork
5203 162 is sleeping
5203 143 has taken a fork
5203 145 is eating
5203 140 is sleeping
5203 157 has taken a fork
5203 163 has taken a fork
5203 131 has taken a fork
5203 161 is thinking
5203 152 is sleeping
5203 163 has taken a fork
5203 171 is thinking
5203 144 is sleeping
5203 169 is thinking
5203 155 has taken a fork
5203 143 has taken a fork
5203 141 has taken a fork
5203 169 has taken a fork
5203 133 is thinking
5203 148 is sleeping
5203 136 is sleeping
5203 169 has taken a fork
5203 141 has taken a fork
5203 135 is thinking
5203 167 has taken a fork
5203 143 is eating
5203 135 has taken a fork
5203 171 has taken a fork
5203 155 has taken a fork
5203 159 has taken a fork
5203 158 is sleeping
5203 155 is eating
5203 161 has taken a fork
5203 171 has taken a fork
5203 157 is eating
5203 153 has taken a fork
5203 150 is sleeping
5203 169 is eating
5203 167 is eating
5203 171 is eating
5203 131 has taken a fork
5203 159 has taken a fork
5203 151 is thinking
5203 141 is eating
5203 159 is eating
5203 151 has taken a fork
5203 149 has taken a fork
5203 139 has taken a fork
5203 161 has taken a fork
5203 153 has taken a fork
5203 151 has taken a fork
5203 153 is eating
5203 135 has taken a fork
5203 161 is eating
5203 151 is eating
5203 137 is thinking
5203 135 is eating
5203 137 has taken a fork
5203 168 is sleeping
5203 137 has taken a fork
5203 165 has taken a fork
5203 137 is eating
5203 149 has taken a fork
5203 139 is eating
5203 149 is eating
5203 163 is eating
5203 147 has taken a fork
5203 147 is eating
5203 133 has taken a fork
5203 165 has taken a fork
5203 133 has taken a fork
5203 165 is eating
5203 133 is eating
5203 131 is eating
5400 178 is sleeping
5400 185 is thinking
5400 185 has taken a fork
5400 179 is thinking
5400 179 has taken a fork
5400 184 is sleeping
5400 181 is thinking
5400 187 is thinking
5400 182 is sleeping
5400 183 is thinking
5400 183 has taken a fork
5400 183 has taken a fork
5400 183 is eating
5400 176 is sleeping
5400 177 is thinking
5400 177 has taken a fork
5400 177 has taken a fork
5400 177 is eating
5400 180 is sleeping
5400 175 is thinking
5400 179 has taken a fork
5400 179 is eating
5400 186 is sleeping
5400 181 has taken a fork
5400 181 has taken a fork
5400 181 is eating
5400 187 has taken a fork
5400 185 has taken a fork
5400 185 is eating
5400 174 is sleeping
5400 173 has taken a fork
5400 173 is eating
5400 175 has taken a fork
5400 175 has taken a fork
5400 175 is eating
5401 48 is thinking
5401 194 is sleeping
5401 43 is sleeping
5401 7 is sleeping
5401 55 is sleeping
5401 58 is thinking
5401 46 is thinking
5401 23 is sleeping
5401 25 is sleeping
5401 39 is sleeping
5401 34 is thinking
5401 9 is sleeping
5401 190 is sleeping
5401 51 is sleeping
5401 19 is sleeping
5401 3 is sleeping
5401 49 is sleeping
5401 21 is sleeping
5401 188 is sleeping
5401 1 is sleeping
5401 53 is sleeping
5401 2 is thinking
5401 187 has taken a fork
5401 48 has taken a fork
5401 52 is thinking
5401 16 is thinking
5401 187 is eating
5401 32 is thinking
5401 189 is thinking
5401 191 is thinking
5401 8 is thinking
5401 192 is sleeping
5401 8 has taken a fork
5401 8 has taken a fork
5401 8 is eating
5401 2 has taken a fork
5401 2 has taken a fork
5401 2 is eating
5401 24 is thinking
5401 198 is sleeping
5401 61 is sleeping
5401 189 has taken a fork
5401 33 is sleeping
5401 44 is thinking
5401 13 is sleeping
5401 191 has taken a fork
5401 60 is thinking
5401 60 has taken a fork
5401 11 is sleeping
5401 191 has taken a fork
5401 48 has taken a fork
5401 24 has taken a fork
5401 24 has taken a fork
5401 24 is eating
5401 57 is sleeping
5401 193 is thinking
5401 45 is sleeping
5401 18 is thinking
5401 42 is thinking
5401 193 has taken a fork
5401 15 is sleeping
5401 189 has taken a fork
5401 197 is thinking
5401 5 is sleeping
5401 62 is thinking
5401 6 is thinking
5401 44 has taken a fork
5401 42 has taken a fork
5401 6 has taken a fork
5401 37 is sleeping
5401 35 is sleeping
5401 195 is thinking
5401 48 is eating
5401 32 has taken a fork
5401 28 is thinking
5401 22 is thinking
5401 191 is eating
5401 14 is thinking
5401 31 is sleeping
5401 17 is sleeping
5401 195 has taken a fork
5401 28 has taken a fork
5401 54 is thinking
5401 41 is sleeping
5401 28 has taken a fork
5401 30 is thinking
5401 193 has taken a fork
5401 50 is thinking
5401 29 is sleeping
5401 52 has taken a fork
5401 193 is eating
5401 50 has taken a fork
5401 12 is thinking
5401 59 is sleeping
5401 22 has taken a fork
5401 54 has taken a fork
5401 189 is eating
5401 22 has taken a fork
5401 56 is thinking
5401 10 is thinking
5401 30 has taken a fork
5401 14 has taken a fork
5401 22 is eating
5401 30 has taken a fork
5401 34 has taken a fork
5401 42 has taken a fork
5401 38 is thinking
5401 26 is thinking
5401 44 has taken a fork
5401 195 has taken a fork
5401 34 has taken a fork
5401 42 is eating
5401 60 has taken a fork
5401 195 is eating
5401 58 has taken a fork
5401 27 is sleeping
5401 20 is thinking
5401 26 has taken a fork
5401 10 has taken a fork
5401 54 has taken a fork
5401 197 has taken a fork
5401 196 is sleeping
5401 12 has taken a fork
5401 10 has taken a fork
5401 54 is eating
5401 26 has taken a fork
5401 32 has taken a fork
5401 60 is eating
5401 58 has taken a fork
5401 10 is eating
5401 14 has taken a fork
5401 36 is thinking
5401 6 has taken a fork
5401 14 is eating
5401 6 is eating
5401 30 is eating
5401 36 has taken a fork
5401 50 has taken a fork
5401 52 has taken a fork
5401 32 is eating
5401 58 is eating
5401 199 is thinking
5401 50 is eating
5401 199 has taken a fork
5401 199 has taken a fork
5401 199 is eating
5401 52 is eating
5401 36 has taken a fork
5401 20 has taken a fork
5401 40 is thinking
5401 36 is eating
5401 40 has taken a fork
5401 40 has taken a fork
5401 12 has taken a fork
5401 56 has taken a fork
5401 40 is eating
5401 26 is eating
5401 197 has taken a fork
5401 46 has taken a fork
5401 44 is eating
5401 34 is eating
5401 38 has taken a fork
5401 18 has taken a fork
5401 46 has taken a fork
5401 20 has taken a fork
5401 46 is eating
5401 38 has taken a fork
5401 18 has taken a fork
5401 4 is thinking
5401 20 is eating
5401 12 is eating
5401 28 is eating
5401 56 has taken a fork
5401 16 has taken a fork
5401 18 is eating
5401 197 is eating
5401 16 has taken a fork
5401 16 is eating
5401 56 is eating
5401 4 has taken a fork
5401 4 has taken a fork
5401 4 is eating
5401 38 is eating
5401 47 is sleeping
5402 106 is thinking
5402 79 is sleeping
5402 110 is thinking
5402 66 is thinking
5402 78 is thinking
5402 81 is sleeping
5402 95 is sleeping
5402 72 is thinking
5402 72 has taken a fork
5402 78 has taken a fork
5402 78 has taken a fork
5402 78 is eating
5402 102 is thinking
5402 98 is thinking
5402 64 is thinking
5402 73 is sleeping
5402 118 is thinking
5402 86 is thinking
5402 67 is sleeping
5402 113 is sleeping
5402 77 is sleeping
5402 108 is thinking
5402 121 is sleeping
5402 66 has taken a fork
5402 105 is sleeping
5402 93 is sleeping
5402 92 is thinking
5402 62 has taken a fork
5402 71 is sleeping
5402 94 is thinking
5402 92 has taken a fork
5402 62 has taken a fork
5402 87 is sleeping
5402 97 is sleeping
5402 104 is thinking
5402 128 is thinking
5402 74 is thinking
5402 75 is sleeping
5402 63 is sleeping
5402 104 has taken a fork
5402 94 has taken a fork
5402 122 is thinking
5402 125 is sleeping
5402 104 has taken a fork
5402 76 is thinking
5402 126 is thinking
5402 120 is thinking
5402 80 is thinking
5402 116 is thinking
5402 83 is sleeping
5402 76 has taken a fork
5402 114 is thinking
5402 80 has taken a fork
5402 80 has taken a fork
5402 114 has taken a fork
5402 88 is thinking
5402 84 is thinking
5402 72 has taken a fork
5402 65 is sleeping
5402 115 is sleeping
5402 72 is eating
5402 92 has taken a fork
5402 123 is sleeping
5402 102 has taken a fork
5402 92 is eating
5402 70 is thinking
5402 127 is sleeping
5402 70 has taken a fork
5402 108 has taken a fork
5402 82 is thinking
5402 103 is sleeping
5402 117 is sleeping
5402 82 has taken a fork
5402 126 has taken a fork
5402 119 is sleeping
5402 64 has taken a fork
5402 124 is thinking
5402 116 has taken a fork
5402 64 has taken a fork
5402 101 is sleeping
5402 111 is sleeping
5402 94 has taken a fork
5402 82 has taken a fork
5402 116 has taken a fork
5402 124 has taken a fork
5402 122 has taken a fork
5402 88 has taken a fork
5402 86 has taken a fork
5402 114 has taken a fork
5402 82 is eating
5402 88 has taken a fork
5402 114 is eating
5402 90 is thinking
5402 70 has taken a fork
5402 126 has taken a fork
5402 88 is eating
5402 96 is thinking
5402 68 is thinking
5402 80 is eating
5402 89 is sleeping
5402 110 has taken a fork
5402 90 has taken a fork
5402 126 is eating
5402 69 is sleeping
5402 104 is eating
5402 112 is thinking
5402 110 has taken a fork
5402 112 has taken a fork
5402 62 is eating
5402 122 has taken a fork
5402 110 is eating
5402 100 is thinking
5402 112 has taken a fork
5402 74 has taken a fork
5402 122 is eating
5402 84 has taken a fork
5402 76 has taken a fork
5402 124 has taken a fork
5402 112 is eating
5402 102 has taken a fork
5402 86 has taken a fork
5402 76 is eating
5402 106 has taken a fork
5402 107 is sleeping
5402 91 is sleeping
5402 106 has taken a fork
5402 106 is eating
5402 98 has taken a fork
5402 68 has taken a fork
5402 98 has taken a fork
5402 74 has taken a fork
5402 68 has taken a fork
5402 98 is eating
5402 74 is eating
5402 70 is eating
5402 124 is eating
5402 94 is eating
5402 90 has taken a fork
5402 116 is eating
5402 90 is eating
5402 86 is eating
5402 120 has taken a fork
5402 102 is eating
5402 85 is sleeping
5402 109 is sleeping
5402 66 has taken a fork
5402 68 is eating
5402 100 has taken a fork
5402 100 has taken a fork
5402 118 has taken a fork
5402 99 is sleeping
5402 118 has taken a fork
5402 120 has taken a fork
5402 64 is eating
5402 66 is eating
5402 118 is eating
5402 84 has taken a fork
5402 84 is eating
5402 120 is eating
5402 100 is eating
5402 108 has taken a fork
5402 108 is eating
5402 96 has taken a fork
5402 96 has taken a fork
5402 96 is eating
5403 140 is thinking
5403 135 is sleeping
5403 172 is thinking
5403 171 is sleeping
5403 141 is sleeping
5403 134 is thinking
5403 156 is thinking
5403 146 is thinking
5403 130 is thinking
5403 140 has taken a fork
5403 139 is sleeping
5403 140 has taken a fork
5403 154 is thinking
5403 167 is sleeping
5403 140 is eating
5403 158 is thinking
5403 170 is thinking
5403 168 is thinking
5403 158 has taken a fork
5403 170 has taken a fork
5403 170 has taken a fork
5403 168 has taken a fork
5403 146 has taken a fork
5403 168 has taken a fork
5403 168 is eating
5403 169 is sleeping
5403 162 is thinking
5403 134 has taken a fork
5403 144 is thinking
5403 170 is eating
5403 159 is sleeping
5403 165 is sleeping
5403 166 is thinking
5403 166 has taken a fork
5403 166 has taken a fork
5403 166 is eating
5403 153 is sleeping
5403 147 is sleeping
5403 143 is sleeping
5403 149 is sleeping
5403 148 is thinking
5403 132 is thinking
5403 163 is sleeping
5403 137 is sleeping
5403 129 is sleeping
5403 162 has taken a fork
5403 148 has taken a fork
5403 131 is sleeping
5403 158 has taken a fork
5403 158 is eating
5403 156 has taken a fork
5403 130 has taken a fork
5403 130 has taken a fork
5403 130 is eating
5403 154 has taken a fork
5403 155 is sleeping
5403 156 has taken a fork
5403 156 is eating
5403 157 is sleeping
5403 160 is thinking
5403 145 is sleeping
5403 144 has taken a fork
5403 148 has taken a fork
5403 150 is thinking
5403 144 has taken a fork
5403 144 is eating
5403 142 is thinking
5403 148 is eating
5403 146 has taken a fork
5403 150 has taken a fork
5403 146 is eating
5403 161 is sleeping
5403 150 has taken a fork
5403 160 has taken a fork
5403 150 is eating
5403 152 is thinking
5403 142 has taken a fork
5403 128 has taken a fork
5403 132 has taken a fork
5403 132 has taken a fork
5403 132 is eating
5403 154 has taken a fork
5403 128 has taken a fork
5403 162 has taken a fork
5403 162 is eating
5403 136 is thinking
5403 154 is eating
5403 152 has taken a fork
5403 136 has taken a fork
5403 128 is eating
5403 136 has taken a fork
5403 160 has taken a fork
5403 160 is eating
5403 142 has taken a fork
5403 142 is eating
5403 152 has taken a fork
5403 136 is eating
5403 152 is eating
5403 151 is sleeping
5403 134 has taken a fork
5403 134 is eating
5403 133 is sleeping
5403 164 is thinking
5403 164 has taken a fork
5403 164 has taken a fork
5403 164 is eating
5403 138 is thinking
5403 138 has taken a fork
5403 138 has taken a fork
5403 138 is eating
5600 183 is sleeping
5600 181 is sleeping
5600 177 is sleeping
5600 185 is sleeping
5600 175 is sleeping
5600 180 is thinking
5600 178 is thinking
5600 182 is thinking
5600 182 has taken a fork
5600 182 has taken a fork
5600 182 is eating
5600 186 is thinking
5600 184 is thinking
5600 184 has taken a fork
5600 184 has taken a fork
5600 173 is sleeping
5600 176 is thinking
5600 176 has taken a fork
5600 176 has taken a fork
5600 176 is eating
5600 172 has taken a fork
5600 172 has taken a fork
5600 172 is eating
5600 179 is sleeping
5600 184 is eating
5600 174 is thinking
5600 174 has taken a fork
5600 174 has taken a fork
5600 174 is eating
5600 178 has taken a fork
5600 178 has taken a fork
5600 178 is eating
5600 180 has taken a fork
5600 180 has taken a fork
5600 180 is eating
5601 33 is thinking
5601 31 is thinking
5601 5 is thinking
5601 16 is sleeping
5601 22 is sleeping
5601 192 is thinking
5601 42 is sleeping
5601 24 is sleeping
5601 38 is sleeping
5601 39 is thinking
5601 39 has taken a fork
5601 197 is sleeping
5601 56 is sleeping
5601 36 is sleeping
5601 30 is sleeping
5601 193 is sleeping
5601 10 is sleeping
5601 192 has taken a fork
5601 191 is sleeping
5601 51 is thinking
5601 188 is thinking
5601 61 is thinking
5601 20 is sleeping
5601 192 has taken a fork
5601 192 is eating
5601 187 is sleeping
5601 50 is sleeping
5601 26 is sleeping
5601 7 is thinking
5601 43 is thinking
5601 51 has taken a fork
5601 43 has taken a fork
5601 190 is thinking
5601 35 is thinking
5601 32 is sleeping
5601 55 is thinking
5601 9 is thinking
5601 33 has taken a fork
5601 46 is sleeping
5601 41 is thinking
5601 19 is thinking
5601 57 is thinking
5601 57 has taken a fork
5601 59 is thinking
5601 25 is thinking
5601 25 has taken a fork
5601 25 has taken a fork
5601 25 is eating
5601 29 is thinking
5601 31 has taken a fork
5601 190 has taken a fork
5601 18 is sleeping
5601 47 is thinking
5601 47 has taken a fork
5601 44 is sleeping
5601 15 is thinking
5601 49 is thinking
5601 60 is sleeping
5601 14 is sleeping
5601 43 has taken a fork
5601 2 is sleeping
5601 199 is sleeping
5601 43 is eating
5601 3 is thinking
5601 27 is thinking
5601 21 is thinking
5601 61 has taken a fork
5601 31 has taken a fork
5601 189 is sleeping
5601 21 has taken a fork
5601 31 is eating
5601 7 has taken a fork
5601 1 is thinking
5601 54 is sleeping
5601 7 has taken a fork
5601 196 is thinking
5601 27 has taken a fork
5601 37 is thinking
5601 196 has taken a fork
5601 7 is eating
5601 47 has taken a fork
5601 55 has taken a fork
5601 53 is thinking
5601 52 is sleeping
5601 195 is sleeping
5601 186 has taken a fork
5601 53 has taken a fork
5601 3 has taken a fork
5601 28 is sleeping
5601 3 has taken a fork
5601 19 has taken a fork
5601 58 is sleeping
5601 5 has taken a fork
5601 19 has taken a fork
5601 19 is eating
5601 5 has taken a fork
5601 198 is thinking
5601 13 is thinking
5601 198 has taken a fork
5601 17 is thinking
5601 13 has taken a fork
5601 15 has taken a fork
5601 17 has taken a fork
5601 15 has taken a fork
5601 15 is eating
5601 17 has taken a fork
5601 34 is sleeping
5601 35 has taken a fork
5601 39 has taken a fork
5601 41 has taken a fork
5601 57 has taken a fork
5601 6 is sleeping
5601 57 is eating
5601 48 is sleeping
5601 21 has taken a fork
5601 190 has taken a fork
5601 49 has taken a fork
5601 27 has taken a fork
5601 49 has taken a fork
5601 49 is eating
5601 12 is sleeping
5601 37 has taken a fork
5601 196 has taken a fork
5601 37 has taken a fork
5601 37 is eating
5601 196 is eating
5601 47 is eating
5601 4 is sleeping
5601 11 is thinking
5601 11 has taken a fork
5601 11 has taken a fork
5601 11 is eating
5601 186 has taken a fork
5601 186 is eating
5601 8 is sleeping
5601 53 has taken a fork
5601 59 has taken a fork
5601 59 has taken a fork
5601 59 is eating
5601 23 is thinking
5601 23 has taken a fork
5601 3 is eating
5601 5 is eating
5601 51 has taken a fork
5601 198 has taken a fork
5601 33 has taken a fork
5601 198 is eating
5601 13 has taken a fork
5601 33 is eating
5601 13 is eating
5601 29 has taken a fork
5601 29 has taken a fork
5601 9 has taken a fork
5601 40 is sleeping
5601 35 has taken a fork
5601 41 has taken a fork
5601 39 is eating
5601 35 is eating
5601 41 is eating
5601 1 has taken a fork
5601 1 has taken a fork
5601 190 is eating
5601 53 is eating
5601 23 has taken a fork
5601 51 is eating
5601 23 is eating
5601 17 is eating
5601 29 is eating
5601 9 has taken a fork
5601 9 is eating
5601 188 has taken a fork
5601 21 is eating
5601 194 is thinking
5601 45 is thinking
5601 27 is eating
5601 45 has taken a fork
5601 45 has taken a fork
5601 45 is eating
5601 55 has taken a fork
5601 188 has taken a fork
5601 188 is eating
5601 1 is eating
5601 55 is eating
5601 194 has taken a fork
5601 194 has taken a fork
5601 194 is eating
5602 83 is thinking
5602 118 is sleeping
5602 105 is thinking
5602 89 is thinking
5602 94 is sleeping
5602 89 has taken a fork
5602 71 is thinking
5602 79 is thinking
5602 103 is thinking
5602 114 is sleeping
5602 68 is sleeping
5602 87 is thinking
5602 74 is sleeping
5602 102 is sleeping
5602 103 has taken a fork
5602 99 is thinking
5602 110 is sleeping
5602 91 is thinking
5602 65 is thinking
5602 108 is sleeping
5602 126 is sleeping
5602 127 is thinking
5602 65 has taken a fork
5602 104 is sleeping
5602 90 is sleeping
5602 84 is sleeping
5602 91 has taken a fork
5602 72 is sleeping
5602 76 is sleeping
5602 127 has taken a fork
5602 89 has taken a fork
5602 122 is sleeping
5602 123 is thinking
5602 91 has taken a fork
5602 96 is sleeping
5602 98 is sleeping
5602 64 is sleeping
5602 89 is eating
5602 101 is thinking
5602 119 is thinking
5602 75 is thinking
5602 100 is sleeping
5602 82 is sleeping
5602 95 is thinking
5602 85 is thinking
5602 119 has taken a fork
5602 75 has taken a fork
5602 119 has taken a fork
5602 70 is sleeping
5602 123 has taken a fork
5602 63 is thinking
5602 97 is thinking
5602 119 is eating
5602 109 is thinking
5602 85 has taken a fork
5602 67 is thinking
5602 80 is sleeping
5602 106 is sleeping
5602 109 has taken a fork
5602 111 is thinking
5602 97 has taken a fork
5602 113 is thinking
5602 117 is thinking
5602 111 has taken a fork
5602 115 is thinking
5602 115 has taken a fork
5602 91 is eating
5602 99 has taken a fork
5602 99 has taken a fork
5602 99 is eating
5602 97 has taken a fork
5602 67 has taken a fork
5602 97 is eating
5602 67 has taken a fork
5602 67 is eating
5602 111 has taken a fork
5602 77 is thinking
5602 111 is eating
5602 95 has taken a fork
5602 77 has taken a fork
5602 77 has taken a fork
5602 77 is eating
5602 95 has taken a fork
5602 113 has taken a fork
5602 95 is eating
5602 73 is thinking
5602 66 is sleeping
5602 73 has taken a fork
5602 73 has taken a fork
5602 112 is sleeping
5602 73 is eating
5602 120 is sleeping
5602 125 is thinking
5602 71 has taken a fork
5602 125 has taken a fork
5602 83 has taken a fork
5602 71 has taken a fork
5602 71 is eating
5602 93 is thinking
5602 103 has taken a fork
5602 93 has taken a fork
5602 107 is thinking
5602 88 is sleeping
5602 107 has taken a fork
5602 107 has taken a fork
5602 107 is eating
5602 123 has taken a fork
5602 63 has taken a fork
5602 86 is sleeping
5602 69 is thinking
5602 78 is sleeping
5602 69 has taken a fork
5602 105 has taken a fork
5602 85 has taken a fork
5602 105 has taken a fork
5602 85 is eating
5602 81 is thinking
5602 87 has taken a fork
5602 79 has taken a fork
5602 81 has taken a fork
5602 75 has taken a fork
5602 81 has taken a fork
5602 79 has taken a fork
5602 75 is eating
5602 65 has taken a fork
5602 121 is thinking
5602 113 has taken a fork
5602 92 is sleeping
5602 121 has taken a fork
5602 101 has taken a fork
5602 124 is sleeping
5602 101 has taken a fork
5602 101 is eating
5602 93 has taken a fork
5602 83 has taken a fork
5602 103 is eating
5602 83 is eating
5602 123 is eating
5602 69 has taken a fork
5602 69 is eating
5602 105 is eating
5602 116 is sleeping
5602 115 has taken a fork
5602 115 is eating
5602 79 is eating
5602 65 is eating
5602 62 is sleeping
5602 109 has taken a fork
5602 113 is eating
5602 121 has taken a fork
5602 121 is eating
5602 125 has taken a fork
5602 117 has taken a fork
5602 125 is eating
5602 117 has taken a fork
5602 117 is eating
5602 93 is eating
5602 63 has taken a fork
5602 63 is eating
5602 61 has taken a fork
5602 61 is eating
5602 81 is eating
5602 87 has taken a fork
5602 109 is eating
5602 87 is eating
5603 131 is thinking
5603 135 is thinking
5603 128 is sleeping
5603 138 is sleeping
5603 151 is thinking
5603 127 has taken a fork
5603 127 is eating
5603 133 is thinking
5603 136 is sleeping
5603 162 is sleeping
5603 155 is thinking
5603 159 is thinking
5603 165 is thinking
5603 171 is thinking
5603 163 is thinking
5603 153 is thinking
5603 134 is sleeping
5603 139 is thinking
5603 161 is thinking
5603 159 has taken a fork
5603 149 is thinking
5603 143 is thinking
5603 141 is thinking
5603 154 is sleeping
5603 166 is sleeping
5603 135 has taken a fork
5603 130 is sleeping
5603 133 has taken a fork
5603 135 has taken a fork
5603 167 is thinking
5603 132 is sleeping
5603 156 is sleeping
5603 144 is sleeping
5603 142 is sleeping
5603 141 has taken a fork
5603 140 is sleeping
5603 170 is sleeping
5603 146 is sleeping
5603 150 is sleeping
5603 165 has taken a fork
5603 148 is sleeping
5603 155 has taken a fork
5603 171 has taken a fork
5603 145 is thinking
5603 151 has taken a fork
5603 131 has taken a fork
5603 158 is sleeping
5603 151 has taken a fork
5603 135 is eating
5603 152 is sleeping
5603 129 is thinking
5603 159 has taken a fork
5603 159 is eating
5603 129 has taken a fork
5603 129 has taken a fork
5603 129 is eating
5603 167 has taken a fork
5603 161 has taken a fork
5603 161 has taken a fork
5603 161 is eating
5603 167 has taken a fork
5603 145 has taken a fork
5603 145 has taken a fork
5603 145 is eating
5603 163 has taken a fork
5603 163 has taken a fork
5603 163 is eating
5603 165 has taken a fork
5603 165 is eating
5603 137 is thinking
5603 137 has taken a fork
5603 137 has taken a fork
5603 137 is eating
5603 147 is thinking
5603 147 has taken a fork
5603 141 has taken a fork
5603 147 has taken a fork
5603 141 is eating
5603 147 is eating
5603 168 is sleeping
5603 131 has taken a fork
5603 131 is eating
5603 143 has taken a fork
5603 143 has taken a fork
5603 143 is eating
5603 151 is eating
5603 164 is sleeping
5603 155 has taken a fork
5603 155 is eating
5603 160 is sleeping
5603 133 has taken a fork
5603 133 is eating
5603 139 has taken a fork
5603 139 has taken a fork
5603 139 is eating
5603 167 is eating
5603 149 has taken a fork
5603 149 has taken a fork
5603 149 is eating
5603 153 has taken a fork
5603 153 has taken a fork
5603 153 is eating
5603 157 is thinking
5603 157 has taken a fork
5603 157 has taken a fork
5603 157 is eating
5603 169 is thinking
5603 169 has taken a fork
5603 169 has taken a fork
5603 169 is eating
5800 178 is sleeping
5800 181 is thinking
5800 184 is sleeping
5800 180 is sleeping
5800 179 is thinking
5800 179 has taken a fork
5800 179 has taken a fork
5800 179 is eating
5800 182 is sleeping
5800 177 is thinking
5800 177 has taken a fork
5800 177 has taken a fork
5800 177 is eating
5800 176 is sleeping
5800 172 is sleeping
5800 174 is sleeping
5800 171 has taken a fork
5800 171 is eating
5800 185 is thinking
5800 185 has taken a fork
5800 183 is thinking
5800 183 has taken a fork
5800 183 has taken a fork
5800 183 is eating
5800 175 is thinking
5800 175 has taken a fork
5800 175 has taken a fork
5800 175 is eating
5800 181 has taken a fork
5800 181 has taken a fork
5800 181 is eating
5800 173 is thinking
5800 173 has taken a fork
5800 173 has taken a fork
5800 173 is eating
5801 193 is thinking
5801 40 is thinking
5801 28 is thinking
5801 25 is sleeping
5801 43 is sleeping
5801 38 is thinking
5801 6 is thinking
5801 45 is sleeping
5801 47 is sleeping
5801 60 is thinking
5801 198 is sleeping
5801 188 is sleeping
5801 196 is sleeping
5801 37 is sleeping
5801 195 is thinking
5801 54 is thinking
5801 1 is sleeping
5801 191 is thinking
5801 11 is sleeping
5801 192 is sleeping
5801 193 has taken a fork
5801 20 is thinking
5801 20 has taken a fork
5801 20 has taken a fork
5801 20 is eating
5801 7 is sleeping
5801 189 is thinking
5801 21 is sleeping
5801 6 has taken a fork
5801 39 is sleeping
5801 19 is sleeping
5801 5 is sleeping
5801 197 is thinking
5801 197 has taken a fork
5801 197 has taken a fork
5801 197 is eating
5801 38 has taken a fork
5801 38 has taken a fork
5801 3 is sleeping
5801 16 is thinking
5801 190 is sleeping
5801 59 is sleeping
5801 31 is sleeping
5801 15 is sleeping
5801 14 is thinking
5801 46 is thinking
5801 46 has taken a fork
5801 42 is thinking
5801 17 is sleeping
5801 14 has taken a fork
5801 57 is sleeping
5801 16 has taken a fork
5801 27 is sleeping
5801 24 is thinking
5801 54 has taken a fork
5801 32 is thinking
5801 187 is thinking
5801 58 is thinking
5801 51 is sleeping
5801 189 has taken a fork
5801 191 has taken a fork
5801 34 is thinking
5801 191 has taken a fork
5801 38 is eating
5801 199 is thinking
5801 46 has taken a fork
5801 199 has taken a fork
5801 199 has taken a fork
5801 50 is thinking
5801 55 is sleeping
5801 26 is thinking
5801 29 is sleeping
5801 2 is thinking
5801 16 has taken a fork
5801 8 is thinking
5801 16 is eating
5801 49 is sleeping
5801 58 has taken a fork
5801 189 has taken a fork
5801 189 is eating
5801 6 has taken a fork
5801 48 is thinking
5801 46 is eating
5801 199 is eating
5801 40 has taken a fork
5801 40 has taken a fork
5801 40 is eating
5801 50 has taken a fork
5801 26 has taken a fork
5801 14 has taken a fork
5801 28 has taken a fork
5801 2 has taken a fork
5801 14 is eating
5801 28 has taken a fork
5801 22 is thinking
5801 24 has taken a fork
5801 58 has taken a fork
5801 41 is sleeping
5801 44 is thinking
5801 18 is thinking
5801 56 is thinking
5801 56 has taken a fork
5801 44 has taken a fork
5801 53 is sleeping
5801 56 has taken a fork
5801 36 is thinking
5801 26 has taken a fork
5801 56 is eating
5801 4 is thinking
5801 194 is sleeping
5801 33 is sleeping
5801 195 has taken a fork
5801 195 has taken a fork
5801 195 is eating
5801 18 has taken a fork
5801 8 has taken a fork
5801 32 has taken a fork
5801 52 is thinking
5801 54 has taken a fork
5801 8 has taken a fork
5801 18 has taken a fork
5801 52 has taken a fork
5801 12 is thinking
5801 191 is eating
5801 8 is eating
5801 35 is sleeping
5801 18 is eating
5801 58 is eating
5801 36 has taken a fork
5801 36 has taken a fork
5801 36 is eating
5801 24 has taken a fork
5801 24 is eating
5801 6 is eating
5801 23 is sleeping
5801 42 has taken a fork
5801 42 has taken a fork
5801 42 is eating
5801 28 is eating
5801 12 has taken a fork
5801 12 has taken a fork
5801 12 is eating
5801 26 is eating
5801 9 is sleeping
5801 54 is eating
5801 30 is thinking
5801 30 has taken a fork
5801 30 has taken a fork
5801 30 is eating
5801 52 has taken a fork
5801 52 is eating
5801 48 has taken a fork
5801 48 has taken a fork
5801 48 is eating
5801 22 has taken a fork
5801 22 has taken a fork
5801 22 is eating
5801 13 is sleeping
5801 2 has taken a fork
5801 2 is eating
5801 10 is thinking
5801 10 has taken a fork
5801 10 has taken a fork
5801 10 is eating
5801 32 has taken a fork
5801 32 is eating
5801 4 has taken a fork
5801 4 has taken a fork
5801 4 is eating
5801 193 has taken a fork
5801 193 is eating
5801 34 has taken a fork
5801 34 has taken a fork
5801 34 is eating
5801 44 has taken a fork
5801 44 is eating
5801 50 has taken a fork
5801 50 is eating
5801 186 is sleeping
5801 185 has taken a fork
5801 185 is eating
5801 187 has taken a fork
5801 187 has taken a fork
5801 187 is eating
5802 94 is thinking
5802 117 is sleeping
5802 105 is sleeping
5802 88 is thinking
5802 99 is sleeping
5802 111 is sleeping
5802 75 is sleeping
5802 66 is thinking
5802 82 is thinking
5802 78 is thinking
5802 118 is thinking
5802 103 is sleeping
5802 95 is sleeping
5802 62 is thinking
5802 125 is sleeping
5802 108 is thinking
5802 115 is sleeping
5802 61 is sleeping
5802 65 is sleeping
5802 80 is thinking
5802 97 is sleeping
5802 60 has taken a fork
5802 124 is thinking
5802 102 is thinking
5802 88 has taken a fork
5802 88 has taken a fork
5802 88 is eating
5802 124 has taken a fork
5802 60 has taken a fork
5802 81 is sleeping
5802 87 is sleeping
5802 93 is sleeping
5802 89 is sleeping
5802 94 has taken a fork
5802 82 has taken a fork
5802 112 is thinking
5802 80 has taken a fork
5802 60 is eating
5802 121 is sleeping
5802 92 is thinking
5802 96 is thinking
5802 92 has taken a fork
5802 96 has taken a fork
5802 94 has taken a fork
5802 77 is sleeping
5802 83 is sleeping
5802 94 is eating
5802 91 is sleeping
5802 120 is thinking
5802 120 has taken a fork
5802 102 has taken a fork
5802 92 has taken a fork
5802 64 is thinking
5802 96 has taken a fork
5802 64 has taken a fork
5802 96 is eating
5802 82 has taken a fork
5802 82 is eating
5802 92 is eating
5802 114 is thinking
5802 114 has taken a fork
5802 107 is sleeping
5802 68 is thinking
5802 90 is thinking
5802 90 has taken a fork
5802 68 has taken a fork
5802 66 has taken a fork
5802 66 has taken a fork
5802 109 is sleeping
5802 71 is sleeping
5802 113 is sleeping
5802 110 is thinking
5802 112 has taken a fork
5802 98 is thinking
5802 122 is thinking
5802 110 has taken a fork
5802 112 has taken a fork
5802 110 has taken a fork
5802 98 has taken a fork
5802 110 is eating
5802 126 is thinking
5802 69 is sleeping
5802 73 is sleeping
5802 116 is thinking
5802 116 has taken a fork
5802 85 is sleeping
5802 116 has taken a fork
5802 122 has taken a fork
5802 84 is thinking
5802 118 has taken a fork
5802 114 has taken a fork
5802 116 is eating
5802 100 is thinking
5802 72 is thinking
5802 72 has taken a fork
5802 72 has taken a fork
5802 120 has taken a fork
5802 68 has taken a fork
5802 114 is eating
5802 63 is sleeping
5802 102 has taken a fork
5802 74 is thinking
5802 118 has taken a fork
5802 102 is eating
5802 119 is sleeping
5802 124 has taken a fork
5802 74 has taken a fork
5802 67 is sleeping
5802 98 has taken a fork
5802 74 has taken a fork
5802 112 is eating
5802 123 is sleeping
5802 86 is thinking
5802 90 has taken a fork
5802 72 is eating
5802 70 is thinking
5802 84 has taken a fork
5802 106 is thinking
5802 70 has taken a fork
5802 98 is eating
5802 104 is thinking
5802 64 has taken a fork
5802 120 is eating
5802 106 has taken a fork
5802 106 has taken a fork
5802 76 is thinking
5802 66 is eating
5802 122 has taken a fork
5802 76 has taken a fork
5802 76 has taken a fork
5802 76 is eating
5802 64 is eating
5802 118 is eating
5802 78 has taken a fork
5802 78 has taken a fork
5802 78 is eating
5802 90 is eating
5802 70 has taken a fork
5802 70 is eating
5802 106 is eating
5802 108 has taken a fork
5802 108 has taken a fork
5802 108 is eating
5802 122 is eating
5802 80 has taken a fork
5802 80 is eating
5802 74 is eating
5802 86 has taken a fork
5802 86 has taken a fork
5802 86 is eating
5802 62 has taken a fork
5802 62 has taken a fork
5802 62 is eating
5802 84 has taken a fork
5802 84 is eating
5802 124 is eating
5802 104 has taken a fork
5802 104 has taken a fork
5802 104 is eating
5802 79 is sleeping
5802 100 has taken a fork
5802 100 has taken a fork
5802 100 is eating
5802 68 is eating
5802 101 is sleeping
5803 133 is sleeping
5803 145 is sleeping
5803 164 is thinking
5803 166 is thinking
5803 137 is sleeping
5803 168 is thinking
5803 143 is sleeping
5803 139 is sleeping
5803 131 is sleeping
5803 129 is sleeping
5803 140 is thinking
5803 157 is sleeping
5803 164 has taken a fork
5803 134 is thinking
5803 142 is thinking
5803 142 has taken a fork
5803 160 is thinking
5803 165 is sleeping
5803 144 is thinking
5803 144 has taken a fork
5803 144 has taken a fork
5803 144 is eating
5803 153 is sleeping
5803 147 is sleeping
5803 130 is thinking
5803 163 is sleeping
5803 159 is sleeping
5803 170 is thinking
5803 135 is sleeping
5803 155 is sleeping
5803 167 is sleeping
5803 151 is sleeping
5803 168 has taken a fork
5803 168 has taken a fork
5803 164 has taken a fork
5803 168 is eating
5803 128 is thinking
5803 128 has taken a fork
5803 162 is thinking
5803 150 is thinking
5803 149 is sleeping
5803 164 is eating
5803 162 has taken a fork
5803 150 has taken a fork
5803 154 is thinking
5803 132 is thinking
5803 140 has taken a fork
5803 146 is thinking
5803 169 is sleeping
5803 154 has taken a fork
5803 136 is thinking
5803 156 is thinking
5803 158 is thinking
5803 154 has taken a fork
5803 130 has taken a fork
5803 141 is sleeping
5803 130 has taken a fork
5803 154 is eating
5803 148 is thinking
5803 126 has taken a fork
5803 127 is sleeping
5803 136 has taken a fork
5803 162 has taken a fork
5803 138 is thinking
5803 150 has taken a fork
5803 161 is sleeping
5803 162 is eating
5803 130 is eating
5803 150 is eating
5803 134 has taken a fork
5803 146 has taken a fork
5803 136 has taken a fork
5803 132 has taken a fork
5803 146 has taken a fork
5803 126 has taken a fork
5803 148 has taken a fork
5803 156 has taken a fork
5803 132 has taken a fork
5803 126 is eating
5803 152 is thinking
5803 160 has taken a fork
5803 148 has taken a fork
5803 136 is eating
5803 138 has taken a fork
5803 158 has taken a fork
5803 148 is eating
5803 156 has taken a fork
5803 158 has taken a fork
5803 156 is eating
5803 158 is eating
5803 152 has taken a fork
5803 146 is eating
5803 132 is eating
5803 142 has taken a fork
5803 128 has taken a fork
5803 142 is eating
5803 166 has taken a fork
5803 134 has taken a fork
5803 166 has taken a fork
5803 160 has taken a fork
5803 152 has taken a fork
5803 138 has taken a fork
5803 152 is eating
5803 128 is eating
5803 138 is eating
5803 160 is eating
5803 140 has taken a fork
5803 140 is eating
5803 134 is eating
5803 166 is eating
6000 183 is sleeping
6000 184 is thinking
6000 175 is sleeping
6000 177 is sleeping
6000 172 is thinking
6000 174 is thinking
6000 174 has taken a fork
6000 182 is thinking
6000 176 is thinking
6000 170 has taken a fork
6000 170 has taken a fork
6000 170 is eating
6000 182 has taken a fork
6000 182 has taken a fork
6000 182 is eating
6000 176 has taken a fork
6000 171 is sleeping
6000 178 is thinking
6000 181 is sleeping
6000 173 is sleeping
6000 174 has taken a fork
6000 174 is eating
6000 180 is thinking
6000 180 has taken a fork
6000 176 has taken a fork
6000 176 is eating
6000 172 has taken a fork
6000 172 has taken a fork
6000 172 is eating
6000 179 is sleeping
6000 178 has taken a fork
6000 178 has taken a fork
6000 178 is eating
6000 180 has taken a fork
6000 180 is eating
6001 194 is thinking
6001 40 is sleeping
6001 45 is thinking
6001 45 has taken a fork
6001 187 is sleeping
6001 189 is sleeping
6001 26 is sleeping
6001 44 is sleeping
6001 49 is thinking
6001 190 is thinking
6001 15 is thinking
6001 9 is thinking
6001 47 is thinking
6001 18 is sleeping
6001 6 is sleeping
6001 193 is sleeping
6001 27 is thinking
6001 27 has taken a fork
6001 11 is thinking
6001 17 is thinking
6001 37 is thinking
6001 35 is thinking
6001 29 is thinking
6001 31 is thinking
6001 30 is sleeping
6001 31 has taken a fork
6001 1 is thinking
6001 191 is sleeping
6001 50 is sleeping
6001 39 is thinking
6001 188 is thinking
6001 188 has taken a fork
6001 20 is sleeping
6001 23 is thinking
6001 188 has taken a fork
6001 188 is eating
6001 55 is thinking
6001 48 is sleeping
6001 5 is thinking
6001 198 is thinking
6001 57 is thinking
6001 59 is thinking
6001 5 has taken a fork
6001 12 is sleeping
6001 186 is thinking
6001 5 has taken a fork
6001 52 is sleeping
6001 184 has taken a fork
6001 186 has taken a fork
6001 5 is eating
6001 184 has taken a fork
6001 184 is eating
6001 59 has taken a fork
6001 25 is thinking
6001 196 is thinking
6001 32 is sleeping
6001 190 has taken a fork
6001 194 has taken a fork
6001 194 has taken a fork
6001 17 has taken a fork
6001 17 has taken a fork
6001 17 is eating
6001 190 has taken a fork
6001 190 is eating
6001 10 is sleeping
6001 194 is eating
6001 24 is sleeping
6001 53 is thinking
6001 2 is sleeping
6001 53 has taken a fork
6001 33 is thinking
6001 33 has taken a fork
6001 33 has taken a fork
6001 33 is eating
6001 53 has taken a fork
6001 53 is eating
6001 25 has taken a fork
6001 25 has taken a fork
6001 25 is eating
6001 4 is sleeping
6001 185 is sleeping
6001 41 is thinking
6001 41 has taken a fork
6001 41 has taken a fork
6001 41 is eating
6001 58 is sleeping
6001 51 is thinking
6001 51 has taken a fork
6001 51 has taken a fork
6001 51 is eating
6001 42 is sleeping
6001 199 is sleeping
6001 22 is sleeping
6001 13 is thinking
6001 13 has taken a fork
6001 13 has taken a fork
6001 13 is eating
6001 56 is sleeping
6001 16 is sleeping
6001 19 is thinking
6001 19 has taken a fork
6001 19 has taken a fork
6001 19 is eating
6001 3 is thinking
6001 3 has taken a fork
6001 3 has taken a fork
6001 3 is eating
6001 39 has taken a fork
6001 39 has taken a fork
6001 39 is eating
6001 43 is thinking
6001 43 has taken a fork
6001 43 has taken a fork
6001 43 is eating
6001 8 is sleeping
6001 192 is thinking
6001 192 has taken a fork
6001 192 has taken a fork
6001 192 is eating
6001 195 is sleeping
6001 198 has taken a fork
6001 198 has taken a fork
6001 198 is eating
6001 11 has taken a fork
6001 11 has taken a fork
6001 11 is eating
6001 49 has taken a fork
6001 49 has taken a fork
6001 49 is eating
6001 7 is thinking
6001 7 has taken a fork
6001 7 has taken a fork
6001 7 is eating
6001 34 is sleeping
6001 55 has taken a fork
6001 197 is sleeping
6001 1 has taken a fork
6001 55 has taken a fork
6001 1 has taken a fork
6001 1 is eating
6001 55 is eating
6001 54 is sleeping
6001 27 has taken a fork
6001 23 has taken a fork
6001 23 has taken a fork
6001 23 is eating
6001 38 is sleeping
6001 196 has taken a fork
6001 196 has taken a fork
6001 21 is thinking
6001 21 has taken a fork
6001 21 has taken a fork
6001 21 is eating
6001 31 has taken a fork
6001 14 is sleeping
6001 46 is sleeping
6001 37 has taken a fork
6001 45 has taken a fork
6001 35 has taken a fork
6001 47 has taken a fork
6001 35 has taken a fork
6001 35 is eating
6001 47 has taken a fork
6001 47 is eating
6001 15 has taken a fork
6001 15 has taken a fork
6001 15 is eating
6001 28 is sleeping
6001 36 is sleeping
6001 57 has taken a fork
6001 9 has taken a fork
6001 57 has taken a fork
6001 9 has taken a fork
6001 57 is eating
6001 27 is eating
6001 31 is eating
6001 37 has taken a fork
6001 196 is eating
6001 45 is eating
6001 9 is eating
6001 37 is eating
6001 29 has taken a fork
6001 29 has taken a fork
6001 29 is eating
6001 186 has taken a fork
6001 186 is eating
6002 83 is thinking
6002 83 has taken a fork
6002 60 is sleeping
6002 59 has taken a fork
6002 59 is eating
6002 82 is sleeping
6002 85 is thinking
6002 108 is sleeping
6002 63 is thinking
6002 79 is thinking
6002 79 has taken a fork
6002 79 has taken a fork
6002 96 is sleeping
6002 89 is thinking
6002 66 is sleeping
6002 77 is thinking
6002 92 is sleeping
6002 84 is sleeping
6002 78 is sleeping
6002 106 is sleeping
6002 95 is thinking
6002 67 is thinking
6002 102 is sleeping
6002 83 has taken a fork
6002 83 is eating
6002 99 is thinking
6002 67 has taken a fork
6002 101 is thinking
6002 87 is thinking
6002 98 is sleeping
6002 73 is thinking
6002 104 is sleeping
6002 68 is sleeping
6002 90 is sleeping
6002 73 has taken a fork
6002 81 is thinking
6002 105 is thinking
6002 109 is thinking
6002 113 is thinking
6002 105 has taken a fork
6002 81 has taken a fork
6002 75 is thinking
6002 109 has taken a fork
6002 105 has taken a fork
6002 105 is eating
6002 99 has taken a fork
6002 81 has taken a fork
6002 107 is thinking
6002 110 is sleeping
6002 81 is eating
6002 103 is thinking
6002 107 has taken a fork
6002 103 has taken a fork
6002 85 has taken a fork
6002 111 is thinking
6002 124 is sleeping
6002 77 has taken a fork
6002 125 is thinking
6002 123 is thinking
6002 86 is sleeping
6002 69 is thinking
6002 123 has taken a fork
6002 93 is thinking
6002 119 is thinking
6002 76 is sleeping
6002 123 has taken a fork
6002 123 is eating
6002 77 has taken a fork
6002 61 is thinking
6002 87 has taken a fork
6002 112 is sleeping
6002 77 is eating
6002 109 has taken a fork
6002 70 is sleeping
6002 61 has taken a fork
6002 71 is thinking
6002 74 is sleeping
6002 67 has taken a fork
6002 111 has taken a fork
6002 67 is eating
6002 118 is sleeping
6002 120 is sleeping
6002 111 has taken a fork
6002 85 has taken a fork
6002 103 has taken a fork
6002 125 has taken a fork
6002 113 has taken a fork
6002 103 is eating
6002 72 is sleeping
6002 111 is eating
6002 73 has taken a fork
6002 107 has taken a fork
6002 93 has taken a fork
6002 62 is sleeping
6002 115 is thinking
6002 119 has taken a fork
6002 63 has taken a fork
6002 85 is eating
6002 122 is sleeping
6002 107 is eating
6002 63 has taken a fork
6002 116 is sleeping
6002 87 has taken a fork
6002 79 is eating
6002 64 is sleeping
6002 100 is sleeping
6002 71 has taken a fork
6002 119 has taken a fork
6002 71 has taken a fork
6002 87 is eating
6002 119 is eating
6002 97 is thinking
6002 69 has taken a fork
6002 73 is eating
6002 117 is thinking
6002 69 has taken a fork
6002 101 has taken a fork
6002 121 is thinking
6002 69 is eating
6002 121 has taken a fork
6002 101 has taken a fork
6002 101 is eating
6002 71 is eating
6002 91 is thinking
6002 109 is eating
6002 91 has taken a fork
6002 99 has taken a fork
6002 121 has taken a fork
6002 99 is eating
6002 88 is sleeping
6002 113 has taken a fork
6002 75 has taken a fork
6002 97 has taken a fork
6002 61 has taken a fork
6002 115 has taken a fork
6002 114 is sleeping
6002 89 has taken a fork
6002 63 is eating
6002 89 has taken a fork
6002 89 is eating
6002 80 is sleeping
6002 65 is thinking
6002 75 has taken a fork
6002 75 is eating
6002 97 has taken a fork
6002 115 has taken a fork
6002 91 has taken a fork
6002 121 is eating
6002 91 is eating
6002 117 has taken a fork
6002 65 has taken a fork
6002 93 has taken a fork
6002 117 has taken a fork
6002 95 has taken a fork
6002 117 is eating
6002 95 has taken a fork
6002 97 is eating
6002 95 is eating
6002 61 is eating
6002 115 is eating
6002 94 is sleeping
6002 93 is eating
6002 113 is eating
6002 65 has taken a fork
6002 65 is eating
6003 168 is sleeping
6003 149 is thinking
6003 142 is sleeping
6003 150 is sleeping
6003 143 is thinking
6003 143 has taken a fork
6003 154 is sleeping
6003 155 is thinking
6003 147 is thinking
6003 135 is thinking
6003 156 is sleeping
6003 133 is thinking
6003 155 has taken a fork
6003 155 has taken a fork
6003 155 is eating
6003 138 is sleeping
6003 157 is thinking
6003 157 has taken a fork
6003 160 is sleeping
6003 145 is thinking
6003 148 is sleeping
6003 126 is sleeping
6003 152 is sleeping
6003 143 has taken a fork
6003 125 has taken a fork
6003 143 is eating
6003 157 has taken a fork
6003 157 is eating
6003 125 is eating
6003 158 is sleeping
6003 145 has taken a fork
6003 167 is thinking
6003 131 is thinking
6003 128 is sleeping
6003 167 has taken a fork
6003 127 is thinking
6003 149 has taken a fork
6003 127 has taken a fork
6003 127 has taken a fork
6003 167 has taken a fork
6003 127 is eating
6003 164 is sleeping
6003 149 has taken a fork
6003 149 is eating
6003 133 has taken a fork
6003 169 is thinking
6003 169 has taken a fork
6003 166 is sleeping
6003 167 is eating
6003 161 is thinking
6003 141 is thinking
6003 134 is sleeping
6003 144 is sleeping
6003 141 has taken a fork
6003 141 has taken a fork
6003 139 is thinking
6003 145 has taken a fork
6003 137 is thinking
6003 162 is sleeping
6003 145 is eating
6003 161 has taken a fork
6003 140 is sleeping
6003 146 is sleeping
6003 141 is eating
6003 163 is thinking
6003 163 has taken a fork
6003 136 is sleeping
6003 151 is thinking
6003 147 has taken a fork
6003 139 has taken a fork
6003 137 has taken a fork
6003 151 has taken a fork
6003 133 has taken a fork
6003 163 has taken a fork
6003 151 has taken a fork
6003 163 is eating
6003 135 has taken a fork
6003 161 has taken a fork
6003 130 is sleeping
6003 161 is eating
6003 137 has taken a fork
6003 139 has taken a fork
6003 135 has taken a fork
6003 131 has taken a fork
6003 139 is eating
6003 131 has taken a fork
6003 151 is eating
6003 131 is eating
6003 129 is thinking
6003 132 is sleeping
6003 129 has taken a fork
6003 137 is eating
6003 153 is thinking
6003 159 is thinking
6003 165 is thinking
6003 147 has taken a fork
6003 159 has taken a fork
6003 135 is eating
6003 147 is eating
6003 159 has taken a fork
6003 129 has taken a fork
6003 133 is eating
6003 153 has taken a fork
6003 129 is eating
6003 153 has taken a fork
6003 165 has taken a fork
6003 159 is eating
6003 165 has taken a fork
6003 165 is eating
6003 153 is eating
6200 174 is sleeping
6200 170 is sleeping
6200 169 has taken a fork
6200 169 is eating
6200 175 is thinking
6200 175 has taken a fork
6200 176 is sleeping
6200 175 has taken a fork
6200 183 is thinking
6200 183 has taken a fork
6200 177 is thinking
6200 177 has taken a fork
6200 175 is eating
6200 182 is sleeping
6200 180 is sleeping
6200 179 is thinking
6200 172 is sleeping
6200 181 is thinking
6200 181 has taken a fork
6200 181 has taken a fork
6200 181 is eating
6200 171 is thinking
6200 171 has taken a fork
6200 173 is thinking
6200 173 has taken a fork
6200 173 has taken a fork
6200 173 is eating
6200 171 has taken a fork
6200 171 is eating
6200 178 is sleeping
6200 177 has taken a fork
6200 177 is eating
6200 179 has taken a fork
6200 179 has taken a fork
6200 179 is eating
6201 51 is sleeping
6201 48 is thinking
6201 34 is thinking
6201 25 is sleeping
6201 11 is sleeping
6201 24 is thinking
6201 24 has taken a fork
6201 24 has taken a fork
6201 24 is eating
6201 28 is thinking
6201 12 is thinking
6201 23 is sleeping
6201 52 is thinking
6201 187 is thinking
6201 2 is thinking
6201 57 is sleeping
6201 26 is thinking
6201 48 has taken a fork
6201 199 is thinking
6201 19 is sleeping
6201 5 is sleeping
6201 42 is thinking
6201 186 is sleeping
6201 3 is sleeping
6201 44 is thinking
6201 2 has taken a fork
6201 41 is sleeping
6201 12 has taken a fork
6201 12 has taken a fork
6201 12 is eating
6201 2 has taken a fork
6201 2 is eating
6201 193 is thinking
6201 8 is thinking
6201 9 is sleeping
6201 193 has taken a fork
6201 8 has taken a fork
6201 28 has taken a fork
6201 196 is sleeping
6201 54 is thinking
6201 52 has taken a fork
6201 52 has taken a fork
6201 52 is eating
6201 37 is sleeping
6201 54 has taken a fork
6201 43 is sleeping
6201 197 is thinking
6201 34 has taken a fork
6201 40 is thinking
6201 54 has taken a fork
6201 34 has taken a fork
6201 197 has taken a fork
6201 36 is thinking
6201 7 is sleeping
6201 183 has taken a fork
6201 194 is sleeping
6201 36 has taken a fork
6201 29 is sleeping
6201 183 is eating
6201 1 is sleeping
6201 187 has taken a fork
6201 13 is sleeping
6201 35 is sleeping
6201 17 is sleeping
6201 21 is sleeping
6201 32 is thinking
6201 32 has taken a fork
6201 32 has taken a fork
6201 32 is eating
6201 46 is thinking
6201 46 has taken a fork
6201 46 has taken a fork
6201 46 is eating
6201 185 is thinking
6201 185 has taken a fork
6201 185 has taken a fork
6201 185 is eating
6201 48 has taken a fork
6201 48 is eating
6201 189 is thinking
6201 189 has taken a fork
6201 189 has taken a fork
6201 189 is eating
6201 30 is thinking
6201 30 has taken a fork
6201 30 has taken a fork
6201 30 is eating
6201 45 is sleeping
6201 4 is thinking
6201 4 has taken a fork
6201 4 has taken a fork
6201 4 is eating
6201 44 has taken a fork
6201 44 has taken a fork
6201 44 is eating
6201 31 is sleeping
6201 56 is thinking
6201 56 has taken a fork
6201 56 has taken a fork
6201 56 is eating
6201 55 is sleeping
6201 15 is sleeping
6201 49 is sleeping
6201 28 has taken a fork
6201 28 is eating
6201 8 has taken a fork
6201 8 is eating
6201 195 is thinking
6201 195 has taken a fork
6201 195 has taken a fork
6201 195 is eating
6201 26 has taken a fork
6201 26 has taken a fork
6201 26 is eating
6201 42 has taken a fork
6201 42 has taken a fork
6201 42 is eating
6201 40 has taken a fork
6201 40 has taken a fork
6201 40 is eating
6201 33 is sleeping
6201 54 is eating
6201 50 is thinking
6201 50 has taken a fork
6201 50 has taken a fork
6201 50 is eating
6201 34 is eating
6201 190 is sleeping
6201 22 is thinking
6201 22 has taken a fork
6201 22 has taken a fork
6201 22 is eating
6201 18 is thinking
6201 18 has taken a fork
6201 18 has taken a fork
6201 18 is eating
6201 193 has taken a fork
6201 193 is eating
6201 36 has taken a fork
6201 36 is eating
6201 187 has taken a fork
6201 187 is eating
6201 39 is sleeping
6201 191 is thinking
6201 191 has taken a fork
6201 191 has taken a fork
6201 191 is eating
6201 16 is thinking
6201 16 has taken a fork
6201 16 has taken a fork
6201 16 is eating
6201 20 is thinking
6201 20 has taken a fork
6201 20 has taken a fork
6201 20 is eating
6201 198 is sleeping
6201 10 is thinking
6201 10 has taken a fork
6201 10 has taken a fork
6201 10 is eating
6201 58 is thinking
6201 38 is thinking
6201 38 has taken a fork
6201 38 has taken a fork
6201 38 is eating
6201 47 is sleeping
6201 199 has taken a fork
6201 199 has taken a fork
6201 199 is eating
6201 27 is sleeping
6201 188 is sleeping
6201 53 is sleeping
6201 192 is sleeping
6201 184 is sleeping
6201 197 has taken a fork
6201 197 is eating
6201 14 is thinking
6201 6 is thinking
6201 6 has taken a fork
6201 6 has taken a fork
6201 6 is eating
6201 14 has taken a fork
6201 14 has taken a fork
6201 14 is eating
6202 107 is sleeping
6202 93 is sleeping
6202 78 is thinking
6202 113 is sleeping
6202 78 has taken a fork
6202 78 has taken a fork
6202 78 is eating
6202 115 is sleeping
6202 108 is thinking
6202 108 has taken a fork
6202 108 has taken a fork
6202 108 is eating
6202 101 is sleeping
6202 61 is sleeping
6202 64 is thinking
6202 64 has taken a fork
6202 70 is thinking
6202 64 has taken a fork
6202 64 is eating
6202 124 is thinking
6202 110 is thinking
6202 60 is thinking
6202 60 has taken a fork
6202 60 has taken a fork
6202 60 is eating
6202 86 is thinking
6202 111 is sleeping
6202 86 has taken a fork
6202 86 has taken a fork
6202 86 is eating
6202 74 is thinking
6202 82 is thinking
6202 112 is thinking
6202 112 has taken a fork
6202 112 has taken a fork
6202 112 is eating
6202 99 is sleeping
6202 80 is thinking
6202 80 has taken a fork
6202 80 has taken a fork
6202 80 is eating
6202 119 is sleeping
6202 98 is thinking
6202 98 has taken a fork
6202 98 has taken a fork
6202 98 is eating
6202 62 is thinking
6202 103 is sleeping
6202 59 is sleeping
6202 88 is thinking
6202 88 has taken a fork
6202 88 has taken a fork
6202 89 is sleeping
6202 88 is eating
6202 90 is thinking
6202 90 has taken a fork
6202 81 is sleeping
6202 90 has taken a fork
6202 90 is eating
6202 75 is sleeping
6202 79 is sleeping
6202 114 is thinking
6202 114 has taken a fork
6202 114 has taken a fork
6202 114 is eating
6202 77 is sleeping
6202 73 is sleeping
6202 84 is thinking
6202 118 is thinking
6202 84 has taken a fork
6202 84 has taken a fork
6202 84 is eating
6202 91 is sleeping
6202 96 is thinking
6202 96 has taken a fork
6202 96 has taken a fork
6202 96 is eating
6202 109 is sleeping
6202 63 is sleeping
6202 83 is sleeping
6202 117 is sleeping
6202 95 is sleeping
6202 120 is thinking
6202 120 has taken a fork
6202 120 has taken a fork
6202 120 is eating
6202 69 is sleeping
6202 72 is thinking
6202 72 has taken a fork
6202 72 has taken a fork
6202 72 is eating
6202 71 is sleeping
6202 116 is thinking
6202 116 has taken a fork
6202 116 has taken a fork
6202 116 is eating
6202 102 is thinking
6202 102 has taken a fork
6202 68 is thinking
6202 102 has taken a fork
6202 102 is eating
6202 68 has taken a fork
6202 68 has taken a fork
6202 68 is eating
6202 123 is sleeping
6202 105 is sleeping
6202 122 is thinking
6202 122 has taken a fork
6202 122 has taken a fork
6202 122 is eating
6202 87 is sleeping
6202 94 is thinking
6202 94 has taken a fork
6202 94 has taken a fork
6202 94 is eating
6202 58 has taken a fork
6202 58 has taken a fork
6202 58 is eating
6202 70 has taken a fork
6202 70 has taken a fork
6202 70 is eating
6202 100 is thinking
6202 100 has taken a fork
6202 100 has taken a fork
6202 100 is eating
6202 110 has taken a fork
6202 110 has taken a fork
6202 110 is eating
6202 92 is thinking
6202 92 has taken a fork
6202 92 has taken a fork
6202 92 is eating
6202 82 has taken a fork
6202 82 has taken a fork
6202 82 is eating
6202 74 has taken a fork
6202 74 has taken a fork
6202 74 is eating
6202 66 is thinking
6202 66 has taken a fork
6202 66 has taken a fork
6202 66 is eating
6202 62 has taken a fork
6202 62 has taken a fork
6202 62 is eating
6202 76 is thinking
6202 76 has taken a fork
6202 76 has taken a fork
6202 76 is eating
6202 65 is sleeping
6202 121 is sleeping
6202 104 is thinking
6202 104 has taken a fork
6202 104 has taken a fork
6202 104 is eating
6202 118 has taken a fork
6202 118 has taken a fork
6202 118 is eating
6202 106 is thinking
6202 106 has taken a fork
6202 106 has taken a fork
6202 106 is eating
6202 67 is sleeping
6202 97 is sleeping
6202 85 is sleeping
6203 132 is thinking
6203 144 is thinking
6203 156 is thinking
6203 140 is thinking
6203 151 is sleeping
6203 164 is thinking
6203 167 is sleeping
6203 142 is thinking
6203 150 is thinking
6203 139 is sleeping
6203 165 is sleeping
6203 166 is thinking
6203 150 has taken a fork
6203 131 is sleeping
6203 143 is sleeping
6203 166 has taken a fork
6203 158 is thinking
6203 164 has taken a fork
6203 135 is sleeping
6203 157 is sleeping
6203 149 is sleeping
6203 164 has taken a fork
6203 142 has taken a fork
6203 141 is sleeping
6203 146 is thinking
6203 164 is eating
6203 142 has taken a fork
6203 138 is thinking
6203 152 is thinking
6203 133 is sleeping
6203 162 is thinking
6203 163 is sleeping
6203 154 is thinking
6203 161 is sleeping
6203 156 has taken a fork
6203 158 has taken a fork
6203 166 has taken a fork
6203 154 has taken a fork
6203 150 has taken a fork
6203 154 has taken a fork
6203 137 is sleeping
6203 140 has taken a fork
6203 155 is sleeping
6203 142 is eating
6203 154 is eating
6203 153 is sleeping
6203 132 has taken a fork
6203 132 has taken a fork
6203 144 has taken a fork
6203 132 is eating
6203 146 has taken a fork
6203 144 has taken a fork
6203 146 has taken a fork
6203 134 is thinking
6203 147 is sleeping
6203 144 is eating
6203 159 is sleeping
6203 124 has taken a fork
6203 158 has taken a fork
6203 148 is thinking
6203 166 is eating
6203 124 has taken a fork
6203 158 is eating
6203 148 has taken a fork
6203 126 is thinking
6203 148 has taken a fork
6203 138 has taken a fork
6203 129 is sleeping
6203 162 has taken a fork
6203 148 is eating
6203 138 has taken a fork
6203 145 is sleeping
6203 162 has taken a fork
6203 162 is eating
6203 138 is eating
6203 168 is thinking
6203 152 has taken a fork
6203 127 is sleeping
6203 156 has taken a fork
6203 150 is eating
6203 156 is eating
6203 124 is eating
6203 126 has taken a fork
6203 125 is sleeping
6203 140 has taken a fork
6203 126 has taken a fork
6203 130 is thinking
6203 130 has taken a fork
6203 130 has taken a fork
6203 130 is eating
6203 128 is thinking
6203 128 has taken a fork
6203 128 has taken a fork
6203 128 is eating
6203 126 is eating
6203 140 is eating
6203 146 is eating
6203 134 has taken a fork
6203 134 has taken a fork
6203 134 is eating
6203 160 is thinking
6203 160 has taken a fork
6203 160 has taken a fork
6203 160 is eating
6203 152 has taken a fork
6203 152 is eating
6203 136 is thinking
6203 136 has taken a fork
6203 136 has taken a fork
6203 136 is eating
6400 176 is thinking
6400 182 is thinking
6400 176 has taken a fork
6400 177 is sleeping
6400 172 is thinking
6400 170 is thinking
6400 179 is sleeping
6400 169 is sleeping
6400 180 is thinking
6400 168 has taken a fork
6400 168 has taken a fork
6400 168 is eating
6400 173 is sleeping
6400 175 is sleeping
6400 172 has taken a fork
6400 171 is sleeping
6400 174 is thinking
6400 172 has taken a fork
6400 180 has taken a fork
6400 181 is sleeping
6400 176 has taken a fork
6400 180 has taken a fork
6400 180 is eating
6400 176 is eating
6400 170 has taken a fork
6400 174 has taken a fork
6400 172 is eating
6400 174 has taken a fork
6400 174 is eating
6400 170 has taken a fork
6400 170 is eating
6400 178 is thinking
6400 178 has taken a fork
6400 178 has taken a fork
6400 178 is eating
6401 56 is sleeping
6401 199 is sleeping
6401 183 is sleeping
6401 194 is thinking
6401 41 is thinking
6401 26 is sleeping
6401 49 is thinking
6401 40 is sleeping
6401 182 has taken a fork
6401 182 has taken a fork
6401 182 is eating
6401 51 is thinking
6401 41 has taken a fork
6401 20 is sleeping
6401 197 is sleeping
6401 30 is sleeping
6401 7 is thinking
6401 35 is thinking
6401 2 is sleeping
6401 39 is thinking
6401 9 is thinking
6401 44 is sleeping
6401 54 is sleeping
6401 190 is thinking
6401 43 is thinking
6401 187 is sleeping
6401 19 is thinking
6401 28 is sleeping
6401 198 is thinking
6401 186 is thinking
6401 198 has taken a fork
6401 191 is sleeping
6401 33 is thinking
6401 193 is sleeping
6401 4 is sleeping
6401 11 is thinking
6401 52 is sleeping
6401 186 has taken a fork
6401 31 is thinking
6401 195 is sleeping
6401 57 is thinking
6401 21 is thinking
6401 57 has taken a fork
6401 8 is sleeping
6401 21 has taken a fork
6401 37 is thinking
6401 37 has taken a fork
6401 32 is sleeping
6401 14 is sleeping
6401 198 has taken a fork
6401 189 is sleeping
6401 53 is thinking
6401 13 is thinking
6401 198 is eating
6401 24 is sleeping
6401 184 is thinking
6401 6 is sleeping
6401 17 is thinking
6401 194 has taken a fork
6401 194 has taken a fork
6401 35 has taken a fork
6401 13 has taken a fork
6401 13 has taken a fork
6401 43 has taken a fork
6401 7 has taken a fork
6401 55 is thinking
6401 49 has taken a fork
6401 43 has taken a fork
6401 1 is thinking
6401 55 has taken a fork
6401 49 has taken a fork
6401 1 has taken a fork
6401 1 has taken a fork
6401 55 has taken a fork
6401 5 is thinking
6401 18 is sleeping
6401 15 is thinking
6401 37 has taken a fork
6401 25 is thinking
6401 21 has taken a fork
6401 5 has taken a fork
6401 29 is thinking
6401 15 has taken a fork
6401 37 is eating
6401 5 has taken a fork
6401 21 is eating
6401 53 has taken a fork
6401 190 has taken a fork
6401 15 has taken a fork
6401 53 has taken a fork
6401 184 has taken a fork
6401 19 has taken a fork
6401 25 has taken a fork
6401 41 has taken a fork
6401 19 has taken a fork
6401 45 is thinking
6401 41 is eating
6401 25 has taken a fork
6401 17 has taken a fork
6401 13 is eating
6401 45 has taken a fork
6401 185 is sleeping
6401 11 has taken a fork
6401 194 is eating
6401 7 has taken a fork
6401 1 is eating
6401 11 has taken a fork
6401 38 is sleeping
6401 11 is eating
6401 23 is thinking
6401 33 has taken a fork
6401 51 has taken a fork
6401 23 has taken a fork
6401 46 is sleeping
6401 23 has taken a fork
6401 39 has taken a fork
6401 3 is thinking
6401 23 is eating
6401 22 is sleeping
6401 48 is sleeping
6401 3 has taken a fork
6401 5 is eating
6401 3 has taken a fork
6401 42 is sleeping
6401 196 is thinking
6401 34 is sleeping
6401 3 is eating
6401 190 has taken a fork
6401 190 is eating
6401 19 is eating
6401 17 has taken a fork
6401 17 is eating
6401 12 is sleeping
6401 25 is eating
6401 45 has taken a fork
6401 45 is eating
6401 184 has taken a fork
6401 184 is eating
6401 35 has taken a fork
6401 35 is eating
6401 188 is thinking
6401 188 has taken a fork
6401 188 has taken a fork
6401 188 is eating
6401 7 is eating
6401 49 is eating
6401 36 is sleeping
6401 55 is eating
6401 33 has taken a fork
6401 33 is eating
6401 51 has taken a fork
6401 51 is eating
6401 39 has taken a fork
6401 39 is eating
6401 186 has taken a fork
6401 186 is eating
6401 192 is thinking
6401 192 has taken a fork
6401 192 has taken a fork
6401 192 is eating
6401 29 has taken a fork
6401 29 has taken a fork
6401 29 is eating
6401 16 is sleeping
6401 50 is sleeping
6401 196 has taken a fork
6401 196 has taken a fork
6401 196 is eating
6401 27 is thinking
6401 27 has taken a fork
6401 27 has taken a fork
6401 27 is eating
6401 43 is eating
6401 31 has taken a fork
6401 31 has taken a fork
6401 31 is eating
6401 9 has taken a fork
6401 9 has taken a fork
6401 9 is eating
6401 53 is eating
6401 47 is thinking
6401 47 has taken a fork
6401 47 has taken a fork
6401 47 is eating
6401 15 is eating
6401 10 is sleeping
6402 74 is sleeping
6402 113 is thinking
6402 103 is thinking
6402 116 is sleeping
6402 102 is sleeping
6402 79 is thinking
6402 63 is thinking
6402 103 has taken a fork
6402 76 is sleeping
6402 96 is sleeping
6402 103 has taken a fork
6402 97 is thinking
6402 63 has taken a fork
6402 110 is sleeping
6402 59 is thinking
6402 67 is thinking
6402 103 is eating
6402 58 is sleeping
6402 91 is thinking
6402 83 is thinking
6402 122 is sleeping
6402 78 is sleeping
6402 60 is sleeping
6402 95 is thinking
6402 83 has taken a fork
6402 107 is thinking
6402 86 is sleeping
6402 70 is sleeping
6402 73 is thinking
6402 62 is sleeping
6402 109 is thinking
6402 92 is sleeping
6402 71 is thinking
6402 112 is sleeping
6402 77 is thinking
6402 71 has taken a fork
6402 77 has taken a fork
6402 80 is sleeping
6402 66 is sleeping
6402 101 is thinking
6402 75 is thinking
6402 71 has taken a fork
6402 89 is thinking
6402 105 is thinking
6402 101 has taken a fork
6402 89 has taken a fork
6402 93 is thinking
6402 105 has taken a fork
6402 113 has taken a fork
6402 69 is thinking
6402 99 is thinking
6402 85 is thinking
6402 82 is sleeping
6402 75 has taken a fork
6402 75 has taken a fork
6402 65 is thinking
6402 99 has taken a fork
6402 111 is thinking
6402 77 has taken a fork
6402 100 is sleeping
6402 120 is sleeping
6402 59 has taken a fork
6402 121 is thinking
6402 118 is sleeping
6402 111 has taken a fork
6402 119 is thinking
6402 117 is thinking
6402 121 has taken a fork
6402 106 is sleeping
6402 108 is sleeping
6402 121 has taken a fork
6402 79 has taken a fork
6402 67 has taken a fork
6402 121 is eating
6402 61 is thinking
6402 87 is thinking
6402 87 has taken a fork
6402 87 has taken a fork
6402 87 is eating
6402 77 is eating
6402 88 is sleeping
6402 107 has taken a fork
6402 94 is sleeping
6402 90 is sleeping
6402 113 has taken a fork
6402 115 is thinking
6402 113 is eating
6402 67 has taken a fork
6402 68 is sleeping
6402 117 has taken a fork
6402 115 has taken a fork
6402 89 has taken a fork
6402 73 has taken a fork
6402 84 is sleeping
6402 117 has taken a fork
6402 111 has taken a fork
6402 101 has taken a fork
6402 107 has taken a fork
6402 85 has taken a fork
6402 75 is eating
6402 101 is eating
6402 114 is sleeping
6402 93 has taken a fork
6402 69 has taken a fork
6402 81 is thinking
6402 104 is sleeping
6402 79 has taken a fork
6402 95 has taken a fork
6402 79 is eating
6402 97 has taken a fork
6402 97 has taken a fork
6402 97 is eating
6402 93 has taken a fork
6402 81 has taken a fork
6402 61 has taken a fork
6402 81 has taken a fork
6402 69 has taken a fork
6402 81 is eating
6402 69 is eating
6402 98 is sleeping
6402 99 has taken a fork
6402 71 is eating
6402 123 is thinking
6402 65 has taken a fork
6402 65 has taken a fork
6402 95 has taken a fork
6402 65 is eating
6402 72 is sleeping
6402 95 is eating
6402 107 is eating
6402 59 has taken a fork
6402 59 is eating
6402 111 is eating
6402 73 has taken a fork
6402 73 is eating
6402 115 has taken a fork
6402 115 is eating
6402 85 has taken a fork
6402 85 is eating
6402 57 has taken a fork
6402 57 is eating
6402 83 has taken a fork
6402 83 is eating
6402 117 is eating
6402 93 is eating
6402 64 is sleeping
6402 61 has taken a fork
6402 61 is eating
6402 119 has taken a fork
6402 119 has taken a fork
6402 119 is eating
6402 99 is eating
6402 123 has taken a fork
6402 63 has taken a fork
6402 63 is eating
6402 109 has taken a fork
6402 109 has taken a fork
6402 109 is eating
6402 105 has taken a fork
6402 105 is eating
6402 67 is eating
6402 91 has taken a fork
6402 91 has taken a fork
6402 91 is eating
6402 89 is eating
6403 164 is sleeping
6403 167 is thinking
6403 134 is sleeping
6403 147 is thinking
6403 124 is sleeping
6403 123 has taken a fork
6403 123 is eating
6403 133 is thinking
6403 139 is thinking
6403 128 is sleeping
6403 130 is sleeping
6403 136 is sleeping
6403 140 is sleeping
6403 166 is sleeping
6403 143 is thinking
6403 153 is thinking
6403 145 is thinking
6403 135 is thinking
6403 159 is thinking
6403 153 has taken a fork
6403 158 is sleeping
6403 135 has taken a fork
6403 141 is thinking
6403 132 is sleeping
6403 157 is thinking
6403 133 has taken a fork
6403 126 is sleeping
6403 141 has taken a fork
6403 153 has taken a fork
6403 165 is thinking
6403 150 is sleeping
6403 160 is sleeping
6403 163 is thinking
6403 153 is eating
6403 156 is sleeping
6403 165 has taken a fork
6403 154 is sleeping
6403 125 is thinking
6403 149 is thinking
6403 146 is sleeping
6403 125 has taken a fork
6403 125 has taken a fork
6403 137 is thinking
6403 135 has taken a fork
6403 155 is thinking
6403 161 is thinking
6403 147 has taken a fork
6403 145 has taken a fork
6403 125 is eating
6403 127 is thinking
6403 151 is thinking
6403 155 has taken a fork
6403 159 has taken a fork
6403 167 has taken a fork
6403 127 has taken a fork
6403 151 has taken a fork
6403 142 is sleeping
6403 155 has taken a fork
6403 127 has taken a fork
6403 148 is sleeping
6403 127 is eating
6403 131 is thinking
6403 129 is thinking
6403 152 is sleeping
6403 144 is sleeping
6403 141 has taken a fork
6403 141 is eating
6403 133 has taken a fork
6403 165 has taken a fork
6403 133 is eating
6403 129 has taken a fork
6403 165 is eating
6403 149 has taken a fork
6403 143 has taken a fork
6403 155 is eating
6403 149 has taken a fork
6403 131 has taken a fork
6403 143 has taken a fork
6403 161 has taken a fork
6403 131 has taken a fork
6403 131 is eating
6403 161 has taken a fork
6403 143 is eating
6403 137 has taken a fork
6403 163 has taken a fork
6403 157 has taken a fork
6403 137 has taken a fork
6403 151 has taken a fork
6403 137 is eating
6403 147 has taken a fork
6403 135 is eating
6403 159 has taken a fork
6403 138 is sleeping
6403 162 is sleeping
6403 159 is eating
6403 151 is eating
6403 163 has taken a fork
6403 129 has taken a fork
6403 129 is eating
6403 161 is eating
6403 163 is eating
6403 147 is eating
6403 157 has taken a fork
6403 139 has taken a fork
6403 157 is eating
6403 139 has taken a fork
6403 139 is eating
6403 149 is eating
6403 145 has taken a fork
6403 145 is eating
6600 174 is sleeping
6600 180 is sleeping
6600 175 is thinking
6600 175 has taken a fork
6600 171 is thinking
6600 178 is sleeping
6600 172 is sleeping
6600 170 is sleeping
6600 181 is thinking
6600 181 has taken a fork
6600 171 has taken a fork
6600 171 has taken a fork
6600 171 is eating
6600 176 is sleeping
6600 177 is thinking
6600 177 has taken a fork
6600 177 has taken a fork
6600 177 is eating
6600 175 has taken a fork
6600 175 is eating
6600 168 is sleeping
6600 179 is thinking
6600 167 has taken a fork
6600 167 is eating
6600 173 is thinking
6600 173 has taken a fork
6600 173 has taken a fork
6600 173 is eating
6600 179 has taken a fork
6600 179 has taken a fork
6600 179 is eating
6600 169 is thinking
6600 169 has taken a fork
6600 169 has taken a fork
6600 169 is eating
6601 10 is thinking
6601 7 is sleeping
6601 185 is thinking
6601 190 is sleeping
6601 185 has taken a fork
6601 42 is thinking
6601 49 is sleeping
6601 192 is sleeping
6601 6 is thinking
6601 182 is sleeping
6601 11 is sleeping
6601 188 is sleeping
6601 38 is thinking
6601 33 is sleeping
6601 14 is thinking
6601 186 is sleeping
6601 14 has taken a fork
6601 14 has taken a fork
6601 14 is eating
6601 41 is sleeping
6601 17 is sleeping
6601 56 is thinking
6601 10 has taken a fork
6601 44 is thinking
6601 10 has taken a fork
6601 10 is eating
6601 44 has taken a fork
6601 43 is sleeping
6601 44 has taken a fork
6601 40 is thinking
6601 40 has taken a fork
6601 44 is eating
6601 197 is thinking
6601 51 is sleeping
6601 197 has taken a fork
6601 197 has taken a fork
6601 197 is eating
6601 187 is thinking
6601 196 is sleeping
6601 15 is sleeping
6601 36 is thinking
6601 8 is thinking
6601 55 is sleeping
6601 34 is thinking
6601 8 has taken a fork
6601 36 has taken a fork
6601 8 has taken a fork
6601 36 has taken a fork
6601 185 has taken a fork
6601 8 is eating
6601 36 is eating
6601 195 is thinking
6601 27 is sleeping
6601 50 is thinking
6601 24 is thinking
6601 48 is thinking
6601 26 is thinking
6601 24 has taken a fork
6601 39 is sleeping
6601 37 is sleeping
6601 12 is thinking
6601 50 has taken a fork
6601 189 is thinking
6601 38 has taken a fork
6601 12 has taken a fork
6601 47 is sleeping
6601 50 has taken a fork
6601 12 has taken a fork
6601 31 is sleeping
6601 40 has taken a fork
6601 46 is thinking
6601 198 is sleeping
6601 12 is eating
6601 5 is sleeping
6601 13 is sleeping
6601 32 is thinking
6601 16 is thinking
6601 6 has taken a fork
6601 30 is thinking
6601 16 has taken a fork
6601 181 has taken a fork
6601 30 has taken a fork
6601 9 is sleeping
6601 181 is eating
6601 42 has taken a fork
6601 193 is thinking
6601 18 is thinking
6601 199 is thinking
6601 52 is thinking
6601 21 is sleeping
6601 34 has taken a fork
6601 52 has taken a fork
6601 191 is thinking
6601 34 has taken a fork
6601 29 is sleeping
6601 187 has taken a fork
6601 195 has taken a fork
6601 23 is sleeping
6601 187 has taken a fork
6601 34 is eating
6601 53 is sleeping
6601 24 has taken a fork
6601 20 is thinking
6601 26 has taken a fork
6601 19 is sleeping
6601 189 has taken a fork
6601 26 has taken a fork
6601 26 is eating
6601 38 has taken a fork
6601 38 is eating
6601 6 has taken a fork
6601 6 is eating
6601 16 has taken a fork
6601 16 is eating
6601 35 is sleeping
6601 3 is sleeping
6601 28 is thinking
6601 28 has taken a fork
6601 28 has taken a fork
6601 28 is eating
6601 30 has taken a fork
6601 30 is eating
6601 46 has taken a fork
6601 46 has taken a fork
6601 46 is eating
6601 193 has taken a fork
6601 193 has taken a fork
6601 193 is eating
6601 2 is thinking
6601 2 has taken a fork
6601 2 has taken a fork
6601 2 is eating
6601 25 is sleeping
6601 42 has taken a fork
6601 42 is eating
6601 199 has taken a fork
6601 199 has taken a fork
6601 199 is eating
6601 184 is sleeping
6601 4 is thinking
6601 4 has taken a fork
6601 4 has taken a fork
6601 4 is eating
6601 52 has taken a fork
6601 52 is eating
6601 185 is eating
6601 18 has taken a fork
6601 18 has taken a fork
6601 18 is eating
6601 183 is thinking
6601 183 has taken a fork
6601 183 has taken a fork
6601 183 is eating
6601 191 has taken a fork
6601 191 has taken a fork
6601 191 is eating
6601 195 has taken a fork
6601 195 is eating
6601 187 is eating
6601 1 is sleeping
6601 48 has taken a fork
6601 48 has taken a fork
6601 48 is eating
6601 24 is eating
6601 45 is sleeping
6601 50 is eating
6601 20 has taken a fork
6601 20 has taken a fork
6601 20 is eating
6601 189 has taken a fork
6601 189 is eating
6601 40 is eating
6601 54 is thinking
6601 54 has taken a fork
6601 54 has taken a fork
6601 54 is eating
6601 32 has taken a fork
6601 32 has taken a fork
6601 32 is eating
6601 194 is sleeping
6601 22 is thinking
6601 22 has taken a fork
6601 22 has taken a fork
6601 22 is eating
6602 69 is sleeping
6602 74 is thinking
6602 114 is thinking
6602 122 is thinking
6602 89 is sleeping
6602 99 is sleeping
6602 93 is sleeping
6602 118 is thinking
6602 62 is thinking
6602 110 is thinking
6602 62 has taken a fork
6602 113 is sleeping
6602 110 has taken a fork
6602 62 has taken a fork
6602 66 is thinking
6602 66 has taken a fork
6602 110 has taken a fork
6602 62 is eating
6602 84 is thinking
6602 110 is eating
6602 111 is sleeping
6602 58 is thinking
6602 94 is thinking
6602 114 has taken a fork
6602 94 has taken a fork
6602 94 has taken a fork
6602 114 has taken a fork
6602 101 is sleeping
6602 108 is thinking
6602 114 is eating
6602 102 is thinking
6602 57 is sleeping
6602 70 is thinking
6602 70 has taken a fork
6602 70 has taken a fork
6602 70 is eating
6602 96 is thinking
6602 96 has taken a fork
6602 98 is thinking
6602 56 has taken a fork
6602 61 is sleeping
6602 106 is thinking
6602 120 is thinking
6602 106 has taken a fork
6602 106 has taken a fork
6602 120 has taken a fork
6602 120 has taken a fork
6602 120 is eating
6602 71 is sleeping
6602 97 is sleeping
6602 80 is thinking
6602 80 has taken a fork
6602 80 has taken a fork
6602 90 is thinking
6602 80 is eating
6602 116 is thinking
6602 90 has taken a fork
6602 63 is sleeping
6602 87 is sleeping
6602 90 has taken a fork
6602 115 is sleeping
6602 104 is thinking
6602 104 has taken a fork
6602 104 has taken a fork
6602 68 is thinking
6602 104 is eating
6602 68 has taken a fork
6602 107 is sleeping
6602 68 has taken a fork
6602 82 is thinking
6602 81 is sleeping
6602 82 has taken a fork
6602 76 is thinking
6602 82 has taken a fork
6602 121 is sleeping
6602 76 has taken a fork
6602 82 is eating
6602 76 has taken a fork
6602 76 is eating
6602 79 is sleeping
6602 103 is sleeping
6602 92 is thinking
6602 118 has taken a fork
6602 91 is sleeping
6602 118 has taken a fork
6602 73 is sleeping
6602 83 is sleeping
6602 84 has taken a fork
6602 75 is sleeping
6602 84 has taken a fork
6602 58 has taken a fork
6602 64 is thinking
6602 94 is eating
6602 86 is thinking
6602 86 has taken a fork
6602 86 has taken a fork
6602 86 is eating
6602 108 has taken a fork
6602 78 is thinking
6602 108 has taken a fork
6602 108 is eating
6602 78 has taken a fork
6602 78 has taken a fork
6602 78 is eating
6602 100 is thinking
6602 100 has taken a fork
6602 96 has taken a fork
6602 100 has taken a fork
6602 119 is sleeping
6602 100 is eating
6602 56 has taken a fork
6602 106 is eating
6602 74 has taken a fork
6602 116 has taken a fork
6602 74 has taken a fork
6602 116 has taken a fork
6602 90 is eating
6602 112 is thinking
6602 85 is sleeping
6602 112 has taken a fork
6602 112 has taken a fork
6602 112 is eating
6602 68 is eating
6602 65 is sleeping
6602 67 is sleeping
6602 95 is sleeping
6602 77 is sleeping
6602 92 has taken a fork
6602 66 has taken a fork
6602 66 is eating
6602 118 is eating
6602 105 is sleeping
6602 59 is sleeping
6602 84 is eating
6602 58 has taken a fork
6602 64 has taken a fork
6602 117 is sleeping
6602 64 has taken a fork
6602 72 is thinking
6602 64 is eating
6602 72 has taken a fork
6602 96 is eating
6602 72 has taken a fork
6602 72 is eating
6602 56 is eating
6602 116 is eating
6602 88 is thinking
6602 88 has taken a fork
6602 88 has taken a fork
6602 88 is eating
6602 74 is eating
6602 58 is eating
6602 102 has taken a fork
6602 102 has taken a fork
6602 102 is eating
6602 98 has taken a fork
6602 98 has taken a fork
6602 98 is eating
6602 109 is sleeping
6602 60 is thinking
6602 60 has taken a fork
6602 60 has taken a fork
6602 60 is eating
6602 92 has taken a fork
6602 92 is eating
6603 136 is thinking
6603 132 is thinking
6603 156 is thinking
6603 166 is thinking
6603 137 is sleeping
6603 129 is sleeping
6603 164 is thinking
6603 127 is sleeping
6603 146 is thinking
6603 125 is sleeping
6603 133 is sleeping
6603 152 is thinking
6603 140 is thinking
6603 143 is sleeping
6603 138 is thinking
6603 130 is thinking
6603 144 is thinking
6603 145 is sleeping
6603 131 is sleeping
6603 159 is sleeping
6603 165 is sleeping
6603 136 has taken a fork
6603 132 has taken a fork
6603 124 is thinking
6603 160 is thinking
6603 153 is sleeping
6603 136 has taken a fork
6603 151 is sleeping
6603 164 has taken a fork
6603 164 has taken a fork
6603 164 is eating
6603 150 is thinking
6603 150 has taken a fork
6603 150 has taken a fork
6603 141 is sleeping
6603 139 is sleeping
6603 150 is eating
6603 123 is sleeping
6603 135 is sleeping
6603 138 has taken a fork
6603 136 is eating
6603 140 has taken a fork
6603 132 has taken a fork
6603 140 has taken a fork
6603 140 is eating
6603 132 is eating
6603 130 has taken a fork
6603 130 has taken a fork
6603 130 is eating
6603 161 is sleeping
6603 128 is thinking
6603 128 has taken a fork
6603 128 has taken a fork
6603 158 is thinking
6603 158 has taken a fork
6603 158 has taken a fork
6603 158 is eating
6603 152 has taken a fork
6603 124 has taken a fork
6603 124 has taken a fork
6603 124 is eating
6603 126 is thinking
6603 154 is thinking
6603 154 has taken a fork
6603 154 has taken a fork
6603 154 is eating
6603 157 is sleeping
6603 149 is sleeping
6603 147 is sleeping
6603 156 has taken a fork
6603 156 has taken a fork
6603 156 is eating
6603 163 is sleeping
6603 146 has taken a fork
6603 146 has taken a fork
6603 146 is eating
6603 162 is thinking
6603 162 has taken a fork
6603 162 has taken a fork
6603 162 is eating
6603 142 is thinking
6603 142 has taken a fork
6603 142 has taken a fork
6603 142 is eating
6603 122 has taken a fork
6603 122 has taken a fork
6603 122 is eating
6603 155 is sleeping
6603 138 has taken a fork
6603 138 is eating
6603 134 is thinking
6603 134 has taken a fork
6603 134 has taken a fork
6603 134 is eating
6603 148 is thinking
6603 148 has taken a fork
6603 148 has taken a fork
6603 148 is eating
6603 128 is eating
6603 144 has taken a fork
6603 144 has taken a fork
6603 144 is eating
6603 152 has taken a fork
6603 152 is eating
6603 126 has taken a fork
6603 126 has taken a fork
6603 126 is eating
6603 160 has taken a fork
6603 160 has taken a fork
6603 160 is eating
6800 180 is thinking
6800 178 is thinking
6800 174 is thinking
6800 176 is thinking
6800 169 is sleeping
6800 172 is thinking
6800 171 is sleeping
6800 168 is thinking
6800 168 has taken a fork
6800 173 is sleeping
6800 177 is sleeping
6800 167 is sleeping
6800 166 has taken a fork
6800 166 has taken a fork
6800 166 is eating
6800 176 has taken a fork
6800 168 has taken a fork
6800 168 is eating
6800 172 has taken a fork
6800 172 has taken a fork
6800 172 is eating
6800 175 is sleeping
6800 174 has taken a fork
6800 176 has taken a fork
6800 176 is eating
6800 170 is thinking
6800 170 has taken a fork
6800 179 is sleeping
6800 174 has taken a fork
6800 174 is eating
6800 178 has taken a fork
6800 178 has taken a fork
6800 178 is eating
6800 170 has taken a fork
6800 170 is eating
6801 196 is thinking
6801 26 is sleeping
6801 6 is sleeping
6801 51 is thinking
6801 197 is sleeping
6801 43 is thinking
6801 11 is thinking
6801 198 is thinking
6801 55 is thinking
6801 182 is thinking
6801 1 is thinking
6801 196 has taken a fork
6801 17 is thinking
6801 5 is thinking
6801 32 is sleeping
6801 184 is thinking
6801 13 is thinking
6801 194 is thinking
6801 47 is thinking
6801 194 has taken a fork
6801 194 has taken a fork
6801 194 is eating
6801 183 is sleeping
6801 45 is thinking
6801 16 is sleeping
6801 182 has taken a fork
6801 45 has taken a fork
6801 182 has taken a fork
6801 182 is eating
6801 30 is sleeping
6801 189 is sleeping
6801 187 is sleeping
6801 34 is sleeping
6801 24 is sleeping
6801 23 is thinking
6801 40 is sleeping
6801 199 is sleeping
6801 29 is thinking
6801 28 is sleeping
6801 36 is sleeping
6801 33 is thinking
6801 15 is thinking
6801 50 is sleeping
6801 15 has taken a fork
6801 53 is thinking
6801 2 is sleeping
6801 33 has taken a fork
6801 42 is sleeping
6801 46 is sleeping
6801 33 has taken a fork
6801 39 is thinking
6801 33 is eating
6801 31 is thinking
6801 38 is sleeping
6801 54 is sleeping
6801 39 has taken a fork
6801 1 has taken a fork
6801 9 is thinking
6801 51 has taken a fork
6801 20 is sleeping
6801 9 has taken a fork
6801 1 has taken a fork
6801 185 is sleeping
6801 198 has taken a fork
6801 1 is eating
6801 35 is thinking
6801 190 is thinking
6801 180 has taken a fork
6801 180 has taken a fork
6801 180 is eating
6801 8 is sleeping
6801 48 is sleeping
6801 4 is sleeping
6801 19 is thinking
6801 19 has taken a fork
6801 19 has taken a fork
6801 19 is eating
6801 49 is thinking
6801 49 has taken a fork
6801 49 has taken a fork
6801 49 is eating
6801 15 has taken a fork
6801 15 is eating
6801 7 is thinking
6801 7 has taken a fork
6801 7 has taken a fork
6801 7 is eating
6801 14 is sleeping
6801 181 is sleeping
6801 192 is thinking
6801 192 has taken a fork
6801 192 has taken a fork
6801 192 is eating
6801 31 has taken a fork
6801 31 has taken a fork
6801 31 is eating
6801 39 has taken a fork
6801 39 is eating
6801 41 is thinking
6801 41 has taken a fork
6801 41 has taken a fork
6801 41 is eating
6801 44 is sleeping
6801 191 is sleeping
6801 196 has taken a fork
6801 196 is eating
6801 186 is thinking
6801 186 has taken a fork
6801 186 has taken a fork
6801 186 is eating
6801 193 is sleeping
6801 17 has taken a fork
6801 17 has taken a fork
6801 17 is eating
6801 9 has taken a fork
6801 9 is eating
6801 45 has taken a fork
6801 45 is eating
6801 37 is thinking
6801 37 has taken a fork
6801 37 has taken a fork
6801 37 is eating
6801 11 has taken a fork
6801 11 has taken a fork
6801 11 is eating
6801 3 is thinking
6801 3 has taken a fork
6801 3 has taken a fork
6801 3 is eating
6801 198 has taken a fork
6801 198 is eating
6801 47 has taken a fork
6801 47 has taken a fork
6801 47 is eating
6801 12 is sleeping
6801 184 has taken a fork
6801 184 has taken a fork
6801 184 is eating
6801 18 is sleeping
6801 10 is sleeping
6801 55 has taken a fork
6801 43 has taken a fork
6801 43 has taken a fork
6801 43 is eating
6801 188 is thinking
6801 188 has taken a fork
6801 188 has taken a fork
6801 188 is eating
6801 13 has taken a fork
6801 13 has taken a fork
6801 13 is eating
6801 5 has taken a fork
6801 5 has taken a fork
6801 5 is eating
6801 195 is sleeping
6801 35 has taken a fork
6801 35 has taken a fork
6801 35 is eating
6801 190 has taken a fork
6801 190 has taken a fork
6801 190 is eating
6801 21 is thinking
6801 21 has taken a fork
6801 21 has taken a fork
6801 21 is eating
6801 25 is thinking
6801 25 has taken a fork
6801 25 has taken a fork
6801 25 is eating
6801 29 has taken a fork
6801 29 has taken a fork
6801 29 is eating
6801 22 is sleeping
6801 52 is sleeping
6801 51 has taken a fork
6801 51 is eating
6801 53 has taken a fork
6801 53 has taken a fork
6801 53 is eating
6801 27 is thinking
6801 27 has taken a fork
6801 27 has taken a fork
6801 27 is eating
6801 23 has taken a fork
6801 23 has taken a fork
6801 23 is eating
6802 73 is thinking
6802 119 is thinking
6802 94 is sleeping
6802 93 is thinking
6802 63 is thinking
6802 78 is sleeping
6802 113 is thinking
6802 79 is thinking
6802 79 has taken a fork
6802 64 is sleeping
6802 98 is sleeping
6802 121 is thinking
6802 70 is sleeping
6802 105 is thinking
6802 90 is sleeping
6802 115 is thinking
6802 62 is sleeping
6802 109 is thinking
6802 82 is sleeping
6802 63 has taken a fork
6802 63 has taken a fork
6802 71 is thinking
6802 75 is thinking
6802 63 is eating
6802 80 is sleeping
6802 113 has taken a fork
6802 112 is sleeping
6802 100 is sleeping
6802 79 has taken a fork
6802 79 is eating
6802 83 is thinking
6802 73 has taken a fork
6802 114 is sleeping
6802 71 has taken a fork
6802 113 has taken a fork
6802 113 is eating
6802 115 has taken a fork
6802 71 has taken a fork
6802 77 is thinking
6802 83 has taken a fork
6802 58 is sleeping
6802 72 is sleeping
6802 71 is eating
6802 99 is thinking
6802 99 has taken a fork
6802 99 has taken a fork
6802 99 is eating
6802 69 is thinking
6802 89 is thinking
6802 88 is sleeping
6802 103 is thinking
6802 89 has taken a fork
6802 69 has taken a fork
6802 118 is sleeping
6802 86 is sleeping
6802 85 is thinking
6802 96 is sleeping
6802 76 is sleeping
6802 68 is sleeping
6802 57 is thinking
6802 106 is sleeping
6802 104 is sleeping
6802 59 is thinking
6802 66 is sleeping
6802 102 is sleeping
6802 59 has taken a fork
6802 87 is thinking
6802 84 is sleeping
6802 93 has taken a fork
6802 91 is thinking
6802 91 has taken a fork
6802 91 has taken a fork
6802 56 is sleeping
6802 97 is thinking
6802 91 is eating
6802 55 has taken a fork
6802 97 has taken a fork
6802 97 has taken a fork
6802 97 is eating
6802 55 is eating
6802 121 has taken a fork
6802 93 has taken a fork
6802 111 is thinking
6802 107 is thinking
6802 59 has taken a fork
6802 83 has taken a fork
6802 115 has taken a fork
6802 59 is eating
6802 110 is sleeping
6802 67 is thinking
6802 115 is eating
6802 65 is thinking
6802 117 is thinking
6802 89 has taken a fork
6802 65 has taken a fork
6802 65 has taken a fork
6802 87 has taken a fork
6802 117 has taken a fork
6802 87 has taken a fork
6802 87 is eating
6802 75 has taken a fork
6802 69 has taken a fork
6802 67 has taken a fork
6802 69 is eating
6802 57 has taken a fork
6802 60 is sleeping
6802 67 has taken a fork
6802 116 is sleeping
6802 67 is eating
6802 103 has taken a fork
6802 93 is eating
6802 108 is sleeping
6802 119 has taken a fork
6802 119 has taken a fork
6802 119 is eating
6802 85 has taken a fork
6802 83 is eating
6802 111 has taken a fork
6802 77 has taken a fork
6802 74 is sleeping
6802 107 has taken a fork
6802 111 has taken a fork
6802 65 is eating
6802 107 has taken a fork
6802 111 is eating
6802 117 has taken a fork
6802 107 is eating
6802 120 is sleeping
6802 75 has taken a fork
6802 117 is eating
6802 89 is eating
6802 101 is thinking
6802 103 has taken a fork
6802 101 has taken a fork
6802 101 has taken a fork
6802 103 is eating
6802 109 has taken a fork
6802 101 is eating
6802 95 is thinking
6802 105 has taken a fork
6802 109 has taken a fork
6802 85 has taken a fork
6802 105 has taken a fork
6802 92 is sleeping
6802 105 is eating
6802 75 is eating
6802 109 is eating
6802 81 is thinking
6802 81 has taken a fork
6802 85 is eating
6802 73 has taken a fork
6802 95 has taken a fork
6802 73 is eating
6802 81 has taken a fork
6802 81 is eating
6802 95 has taken a fork
6802 77 has taken a fork
6802 61 is thinking
6802 61 has taken a fork
6802 61 has taken a fork
6802 61 is eating
6802 77 is eating
6802 95 is eating
6802 57 has taken a fork
6802 57 is eating
6803 134 is sleeping
6803 143 is thinking
6803 138 is sleeping
6803 152 is sleeping
6803 155 is thinking
6803 137 is thinking
6803 136 is sleeping
6803 137 has taken a fork
6803 163 is thinking
6803 160 is sleeping
6803 137 has taken a fork
6803 144 is sleeping
6803 130 is sleeping
6803 148 is sleeping
6803 149 is thinking
6803 151 is thinking
6803 149 has taken a fork
6803 153 is thinking
6803 123 is thinking
6803 153 has taken a fork
6803 137 is eating
6803 139 is thinking
6803 139 has taken a fork
6803 156 is sleeping
6803 158 is sleeping
6803 161 is thinking
6803 161 has taken a fork
6803 157 is thinking
6803 129 is thinking
6803 124 is sleeping
6803 157 has taken a fork
6803 140 is sleeping
6803 157 has taken a fork
6803 145 is thinking
6803 132 is sleeping
6803 165 is thinking
6803 141 is thinking
6803 133 is thinking
6803 135 is thinking
6803 139 has taken a fork
6803 145 has taken a fork
6803 142 is sleeping
6803 147 is thinking
6803 126 is sleeping
6803 145 has taken a fork
6803 151 has taken a fork
6803 122 is sleeping
6803 153 has taken a fork
6803 133 has taken a fork
6803 128 is sleeping
6803 127 is thinking
6803 153 is eating
6803 133 has taken a fork
6803 129 has taken a fork
6803 163 has taken a fork
6803 159 is thinking
6803 146 is sleeping
6803 165 has taken a fork
6803 129 has taken a fork
6803 121 has taken a fork
6803 149 has taken a fork
6803 163 has taken a fork
6803 155 has taken a fork
6803 121 is eating
6803 127 has taken a fork
6803 131 is thinking
6803 129 is eating
6803 133 is eating
6803 162 is sleeping
6803 131 has taken a fork
6803 157 is eating
6803 139 is eating
6803 147 has taken a fork
6803 164 is sleeping
6803 159 has taken a fork
6803 135 has taken a fork
6803 131 has taken a fork
6803 135 has taken a fork
6803 151 has taken a fork
6803 123 has taken a fork
6803 127 has taken a fork
6803 135 is eating
6803 155 has taken a fork
6803 141 has taken a fork
6803 127 is eating
6803 145 is eating
6803 150 is sleeping
6803 151 is eating
6803 155 is eating
6803 123 has taken a fork
6803 123 is eating
6803 143 has taken a fork
6803 143 has taken a fork
6803 143 is eating
6803 159 has taken a fork
6803 159 is eating
6803 141 has taken a fork
6803 141 is eating
6803 125 is thinking
6803 125 has taken a fork
6803 125 has taken a fork
6803 125 is eating
6803 131 is eating
6803 163 is eating
6803 161 has taken a fork
6803 161 is eating
6803 147 has taken a fork
6803 147 is eating
6803 154 is sleeping
6803 149 is eating
7000 175 is thinking
7000 167 is thinking
7000 177 is thinking
7000 178 is sleeping
7000 174 is sleeping
7000 168 is sleeping
7000 173 is thinking
7000 175 has taken a fork
7000 166 is sleeping
7000 169 is thinking
7000 169 has taken a fork
7000 173 has taken a fork
7000 173 has taken a fork
7000 173 is eating
7000 167 has taken a fork
7000 167 has taken a fork
7000 167 is eating
7000 170 is sleeping
7000 171 is thinking
7000 179 is thinking
7000 179 has taken a fork
7000 165 has taken a fork
7000 165 is eating
7000 176 is sleeping
7000 177 has taken a fork
7000 177 has taken a fork
7000 177 is eating
7000 169 has taken a fork
7000 169 is eating
7000 172 is sleeping
7000 171 has taken a fork
7000 171 has taken a fork
7000 171 is eating
7000 175 has taken a fork
7000 175 is eating
7001 42 is thinking
7001 49 is sleeping
7001 183 is thinking
7001 26 is thinking
7001 18 is thinking
7001 197 is thinking
7001 9 is sleeping
7001 36 is thinking
7001 29 is sleeping
7001 33 is sleeping
7001 32 is thinking
7001 32 has taken a fork
7001 25 is sleeping
7001 53 is sleeping
7001 1 is sleeping
7001 15 is sleeping
7001 16 is thinking
7001 48 is thinking
7001 2 is thinking
7001 12 is thinking
7001 6 is thinking
7001 26 has taken a fork
7001 182 is sleeping
7001 195 is thinking
7001 24 is thinking
7001 192 is sleeping
7001 35 is sleeping
7001 11 is sleeping
7001 4 is thinking
7001 48 has taken a fork
7001 24 has taken a fork
7001 183 has taken a fork
7001 30 is thinking
7001 27 is sleeping
7001 44 is thinking
7001 18 has taken a fork
7001 26 has taken a fork
7001 19 is sleeping
7001 26 is eating
7001 187 is thinking
7001 199 is thinking
7001 38 is thinking
7001 198 is sleeping
7001 184 is sleeping
7001 14 is thinking
7001 14 has taken a fork
7001 28 is thinking
7001 51 is sleeping
7001 7 is sleeping
7001 50 is thinking
7001 28 has taken a fork
7001 28 has taken a fork
7001 3 is sleeping
7001 191 is thinking
7001 183 has taken a fork
7001 40 is thinking
7001 191 has taken a fork
7001 191 has taken a fork
7001 183 is eating
7001 40 has taken a fork
7001 41 is sleeping
7001 191 is eating
7001 193 is thinking
7001 199 has taken a fork
7001 2 has taken a fork
7001 2 has taken a fork
7001 2 is eating
7001 8 is thinking
7001 193 has taken a fork
7001 180 is sleeping
7001 190 is sleeping
7001 17 is sleeping
7001 23 is sleeping
7001 197 has taken a fork
7001 22 is thinking
7001 22 has taken a fork
7001 197 has taken a fork
7001 197 is eating
7001 10 is thinking
7001 34 is thinking
7001 196 is sleeping
7001 199 has taken a fork
7001 12 has taken a fork
7001 13 is sleeping
7001 43 is sleeping
7001 4 has taken a fork
7001 4 has taken a fork
7001 50 has taken a fork
7001 199 is eating
7001 193 has taken a fork
7001 42 has taken a fork
7001 193 is eating
7001 187 has taken a fork
7001 54 is thinking
7001 187 has taken a fork
7001 4 is eating
7001 187 is eating
7001 185 is thinking
7001 16 has taken a fork
7001 185 has taken a fork
7001 16 has taken a fork
7001 185 has taken a fork
7001 16 is eating
7001 185 is eating
7001 52 is thinking
7001 39 is sleeping
7001 52 has taken a fork
7001 12 has taken a fork
7001 18 has taken a fork
7001 186 is sleeping
7001 18 is eating
7001 188 is sleeping
7001 181 is thinking
7001 8 has taken a fork
7001 194 is sleeping
7001 8 has taken a fork
7001 6 has taken a fork
7001 8 is eating
7001 47 is sleeping
7001 20 is thinking
7001 31 is sleeping
7001 195 has taken a fork
7001 195 has taken a fork
7001 195 is eating
7001 10 has taken a fork
7001 24 has taken a fork
7001 30 has taken a fork
7001 24 is eating
7001 22 has taken a fork
7001 22 is eating
7001 46 is thinking
7001 46 has taken a fork
7001 46 has taken a fork
7001 46 is eating
7001 42 has taken a fork
7001 42 is eating
7001 189 is thinking
7001 189 has taken a fork
7001 189 has taken a fork
7001 189 is eating
7001 45 is sleeping
7001 5 is sleeping
7001 14 has taken a fork
7001 14 is eating
7001 44 has taken a fork
7001 44 has taken a fork
7001 44 is eating
7001 50 has taken a fork
7001 50 is eating
7001 40 has taken a fork
7001 40 is eating
7001 28 is eating
7001 52 has taken a fork
7001 52 is eating
7001 48 has taken a fork
7001 48 is eating
7001 12 is eating
7001 38 has taken a fork
7001 38 has taken a fork
7001 38 is eating
7001 181 has taken a fork
7001 181 has taken a fork
7001 181 is eating
7001 6 has taken a fork
7001 6 is eating
7001 20 has taken a fork
7001 20 has taken a fork
7001 20 is eating
7001 179 has taken a fork
7001 179 is eating
7001 37 is sleeping
7001 10 has taken a fork
7001 10 is eating
7001 21 is sleeping
7001 30 has taken a fork
7001 30 is eating
7001 32 has taken a fork
7001 32 is eating
7001 36 has taken a fork
7001 36 has taken a fork
7001 36 is eating
7001 34 has taken a fork
7001 34 has taken a fork
7001 34 is eating
7002 62 is thinking
7002 90 is thinking
7002 89 is sleeping
7002 72 is thinking
7002 111 is sleeping
7002 97 is sleeping
7002 88 is thinking
7002 88 has taken a fork
7002 64 is thinking
7002 106 is thinking
7002 93 is sleeping
7002 80 is thinking
7002 57 is sleeping
7002 92 is thinking
7002 92 has taken a fork
7002 85 is sleeping
7002 104 is thinking
7002 56 is thinking
7002 59 is sleeping
7002 110 is thinking
7002 75 is sleeping
7002 76 is thinking
7002 98 is thinking
7002 102 is thinking
7002 109 is sleeping
7002 102 has taken a fork
7002 68 is thinking
7002 77 is sleeping
7002 118 is thinking
7002 63 is sleeping
7002 94 is thinking
7002 101 is sleeping
7002 102 has taken a fork
7002 55 is sleeping
7002 61 is sleeping
7002 112 is thinking
7002 87 is sleeping
7002 74 is thinking
7002 62 has taken a fork
7002 116 is thinking
7002 100 is thinking
7002 100 has taken a fork
7002 56 has taken a fork
7002 74 has taken a fork
7002 58 is thinking
7002 118 has taken a fork
7002 108 is thinking
7002 103 is sleeping
7002 64 has taken a fork
7002 110 has taken a fork
7002 108 has taken a fork
7002 117 is sleeping
7002 69 is sleeping
7002 54 has taken a fork
7002 108 has taken a fork
7002 64 has taken a fork
7002 107 is sleeping
7002 72 has taken a fork
7002 106 has taken a fork
7002 70 is thinking
7002 64 is eating
7002 88 has taken a fork
7002 88 is eating
7002 56 has taken a fork
7002 71 is sleeping
7002 84 is thinking
7002 115 is sleeping
7002 104 has taken a fork
7002 84 has taken a fork
7002 118 has taken a fork
7002 110 has taken a fork
7002 54 has taken a fork
7002 104 has taken a fork
7002 86 is thinking
7002 118 is eating
7002 104 is eating
7002 119 is sleeping
7002 72 has taken a fork
7002 86 has taken a fork
7002 86 has taken a fork
7002 98 has taken a fork
7002 99 is sleeping
7002 72 is eating
7002 78 is thinking
7002 66 is thinking
7002 65 is sleeping
7002 70 has taken a fork
7002 58 has taken a fork
7002 110 is eating
7002 54 is eating
7002 58 has taken a fork
7002 58 is eating
7002 83 is sleeping
7002 98 has taken a fork
7002 98 is eating
7002 60 is thinking
7002 108 is eating
7002 90 has taken a fork
7002 96 is thinking
7002 70 has taken a fork
7002 90 has taken a fork
7002 112 has taken a fork
7002 62 has taken a fork
7002 74 has taken a fork
7002 70 is eating
7002 68 has taken a fork
7002 113 is sleeping
7002 76 has taken a fork
7002 56 is eating
7002 79 is sleeping
7002 76 has taken a fork
7002 116 has taken a fork
7002 112 has taken a fork
7002 74 is eating
7002 62 is eating
7002 67 is sleeping
7002 76 is eating
7002 66 has taken a fork
7002 86 is eating
7002 60 has taken a fork
7002 106 has taken a fork
7002 90 is eating
7002 91 is sleeping
7002 92 has taken a fork
7002 112 is eating
7002 102 is eating
7002 84 has taken a fork
7002 116 has taken a fork
7002 92 is eating
7002 116 is eating
7002 114 is thinking
7002 114 has taken a fork
7002 114 has taken a fork
7002 114 is eating
7002 68 has taken a fork
7002 68 is eating
7002 60 has taken a fork
7002 60 is eating
7002 95 is sleeping
7002 84 is eating
7002 120 is thinking
7002 94 has taken a fork
7002 94 has taken a fork
7002 94 is eating
7002 66 has taken a fork
7002 66 is eating
7002 78 has taken a fork
7002 78 has taken a fork
7002 78 is eating
7002 73 is sleeping
7002 82 is thinking
7002 82 has taken a fork
7002 82 has taken a fork
7002 82 is eating
7002 105 is sleeping
7002 106 is eating
7002 96 has taken a fork
7002 96 has taken a fork
7002 96 is eating
7002 81 is sleeping
7002 100 has taken a fork
7002 100 is eating
7002 80 has taken a fork
7002 80 has taken a fork
7002 80 is eating
7003 129 is sleeping
7003 154 is thinking
7003 128 is thinking
7003 131 is sleeping
7003 147 is sleeping
7003 128 has taken a fork
7003 135 is sleeping
7003 133 is sleeping
7003 156 is thinking
7003 160 is thinking
7003 146 is thinking
7003 136 is thinking
7003 151 is sleeping
7003 153 is sleeping
7003 121 is sleeping
7003 164 is thinking
7003 123 is sleeping
7003 161 is sleeping
7003 158 is thinking
7003 128 has taken a fork
7003 141 is sleeping
7003 124 is thinking
7003 126 is thinking
7003 139 is sleeping
7003 134 is thinking
7003 152 is thinking
7003 122 is thinking
7003 149 is sleeping
7003 126 has taken a fork
7003 152 has taken a fork
7003 134 has taken a fork
7003 144 is thinking
7003 126 has taken a fork
7003 134 has taken a fork
7003 132 is thinking
7003 122 has taken a fork
7003 142 is thinking
7003 157 is sleeping
7003 146 has taken a fork
7003 156 has taken a fork
7003 132 has taken a fork
7003 162 is thinking
7003 146 has taken a fork
7003 136 has taken a fork
7003 156 has taken a fork
7003 122 has taken a fork
7003 146 is eating
7003 156 is eating
7003 136 has taken a fork
7003 137 is sleeping
7003 125 is sleeping
7003 122 is eating
7003 163 is sleeping
7003 158 has taken a fork
7003 148 is thinking
7003 126 is eating
7003 128 is eating
7003 152 has taken a fork
7003 124 has taken a fork
7003 142 has taken a fork
7003 152 is eating
7003 124 has taken a fork
7003 127 is sleeping
7003 132 has taken a fork
7003 136 is eating
7003 160 has taken a fork
7003 134 is eating
7003 120 has taken a fork
7003 120 has taken a fork
7003 120 is eating
7003 144 has taken a fork
7003 159 is sleeping
7003 138 is thinking
7003 138 has taken a fork
7003 154 has taken a fork
7003 150 is thinking
7003 154 has taken a fork
7003 142 has taken a fork
7003 143 is sleeping
7003 150 has taken a fork
7003 142 is eating
7003 150 has taken a fork
7003 150 is eating
7003 158 has taken a fork
7003 124 is eating
7003 155 is sleeping
7003 145 is sleeping
7003 162 has taken a fork
7003 148 has taken a fork
7003 162 has taken a fork
7003 138 has taken a fork
7003 162 is eating
7003 138 is eating
7003 154 is eating
7003 140 is thinking
7003 132 is eating
7003 140 has taken a fork
7003 140 has taken a fork
7003 140 is eating
7003 158 is eating
7003 130 is thinking
7003 144 has taken a fork
7003 144 is eating
7003 160 has taken a fork
7003 148 has taken a fork
7003 148 is eating
7003 130 has taken a fork
7003 130 has taken a fork
7003 130 is eating
7003 160 is eating
7200 168 is thinking
7200 172 is thinking
7200 174 is thinking
7200 170 is thinking
7200 166 is thinking
7200 171 is sleeping
7200 165 is sleeping
7200 170 has taken a fork
7200 177 is sleeping
7200 173 is sleeping
7200 175 is sleeping
7200 174 has taken a fork
7200 167 is sleeping
7200 164 has taken a fork
7200 166 has taken a fork
7200 169 is sleeping
7200 166 has taken a fork
7200 174 has taken a fork
7200 166 is eating
7200 172 has taken a fork
7200 172 has taken a fork
7200 172 is eating
7200 164 has taken a fork
7200 178 is thinking
7200 174 is eating
7200 176 is thinking
7200 176 has taken a fork
7200 168 has taken a fork
7200 164 is eating
7200 168 has taken a fork
7200 168 is eating
7200 170 has taken a fork
7200 170 is eating
7200 176 has taken a fork
7200 176 is eating
7201 37 is thinking
7201 4 is sleeping
7201 195 is sleeping
7201 193 is sleeping
7201 184 is thinking
7201 192 is thinking
7201 14 is sleeping
7201 192 has taken a fork
7201 192 has taken a fork
7201 192 is eating
7201 35 is thinking
7201 21 is thinking
7201 35 has taken a fork
7201 32 is sleeping
7201 179 is sleeping
7201 50 is sleeping
7201 196 is thinking
7201 178 has taken a fork
7201 178 has taken a fork
7201 178 is eating
7201 196 has taken a fork
7201 180 is thinking
7201 180 has taken a fork
7201 196 has taken a fork
7201 16 is sleeping
7201 180 has taken a fork
7201 44 is sleeping
7201 180 is eating
7201 11 is thinking
7201 199 is sleeping
7201 49 is thinking
7201 45 is thinking
7201 15 is thinking
7201 15 has taken a fork
7201 49 has taken a fork
7201 45 has taken a fork
7201 15 has taken a fork
7201 15 is eating
7201 49 has taken a fork
7201 22 is sleeping
7201 49 is eating
7201 189 is sleeping
7201 36 is sleeping
7201 186 is thinking
7201 186 has taken a fork
7201 31 is thinking
7201 24 is sleeping
7201 27 is thinking
7201 39 is thinking
7201 40 is sleeping
7201 197 is sleeping
7201 27 has taken a fork
7201 47 is thinking
7201 191 is sleeping
7201 19 is thinking
7201 42 is sleeping
7201 28 is sleeping
7201 53 is thinking
7201 46 is sleeping
7201 53 has taken a fork
7201 6 is sleeping
7201 8 is sleeping
7201 25 is thinking
7201 25 has taken a fork
7201 25 has taken a fork
7201 37 has taken a fork
7201 188 is thinking
7201 25 is eating
7201 5 is thinking
7201 3 is thinking
7201 188 has taken a fork
7201 188 has taken a fork
7201 188 is eating
7201 5 has taken a fork
7201 48 is sleeping
7201 45 has taken a fork
7201 52 is sleeping
7201 5 has taken a fork
7201 23 is thinking
7201 196 is eating
7201 43 is thinking
7201 26 is sleeping
7201 23 has taken a fork
7201 23 has taken a fork
7201 38 is sleeping
7201 17 is thinking
7201 39 has taken a fork
7201 198 is thinking
7201 198 has taken a fork
7201 9 is thinking
7201 183 is sleeping
7201 45 is eating
7201 27 has taken a fork
7201 2 is sleeping
7201 190 is thinking
7201 3 has taken a fork
7201 27 is eating
7201 3 has taken a fork
7201 39 has taken a fork
7201 39 is eating
7201 18 is sleeping
7201 3 is eating
7201 17 has taken a fork
7201 17 has taken a fork
7201 17 is eating
7201 41 is thinking
7201 41 has taken a fork
7201 41 has taken a fork
7201 185 is sleeping
7201 41 is eating
7201 182 is thinking
7201 198 has taken a fork
7201 182 has taken a fork
7201 198 is eating
7201 182 has taken a fork
7201 20 is sleeping
7201 34 is sleeping
7201 182 is eating
7201 187 is sleeping
7201 19 has taken a fork
7201 33 is thinking
7201 19 has taken a fork
7201 19 is eating
7201 9 has taken a fork
7201 37 has taken a fork
7201 21 has taken a fork
7201 37 is eating
7201 184 has taken a fork
7201 47 has taken a fork
7201 47 has taken a fork
7201 181 is sleeping
7201 184 has taken a fork
7201 184 is eating
7201 31 has taken a fork
7201 21 has taken a fork
7201 31 has taken a fork
7201 31 is eating
7201 47 is eating
7201 35 has taken a fork
7201 30 is sleeping
7201 35 is eating
7201 29 is thinking
7201 23 is eating
7201 5 is eating
7201 21 is eating
7201 33 has taken a fork
7201 194 is thinking
7201 194 has taken a fork
7201 194 has taken a fork
7201 186 has taken a fork
7201 194 is eating
7201 186 is eating
7201 29 has taken a fork
7201 1 is thinking
7201 1 has taken a fork
7201 1 has taken a fork
7201 1 is eating
7201 29 has taken a fork
7201 29 is eating
7201 33 has taken a fork
7201 33 is eating
7201 43 has taken a fork
7201 43 has taken a fork
7201 43 is eating
7201 12 is sleeping
7201 190 has taken a fork
7201 190 has taken a fork
7201 190 is eating
7201 51 is thinking
7201 51 has taken a fork
7201 51 has taken a fork
7201 51 is eating
7201 13 is thinking
7201 13 has taken a fork
7201 13 has taken a fork
7201 13 is eating
7201 7 is thinking
7201 7 has taken a fork
7201 7 has taken a fork
7201 7 is eating
7201 10 is sleeping
7201 11 has taken a fork
7201 11 has taken a fork
7201 11 is eating
7201 9 has taken a fork
7201 9 is eating
7202 115 is thinking
7202 76 is sleeping
7202 75 is thinking
7202 88 is sleeping
7202 64 is sleeping
7202 99 is thinking
7202 83 is thinking
7202 56 is sleeping
7202 105 is thinking
7202 57 is thinking
7202 57 has taken a fork
7202 57 has taken a fork
7202 57 is eating
7202 99 has taken a fork
7202 68 is sleeping
7202 92 is sleeping
7202 108 is sleeping
7202 89 is thinking
7202 89 has taken a fork
7202 112 is sleeping
7202 104 is sleeping
7202 66 is sleeping
7202 82 is sleeping
7202 65 is thinking
7202 65 has taken a fork
7202 109 is thinking
7202 65 has taken a fork
7202 60 is sleeping
7202 58 is sleeping
7202 54 is sleeping
7202 87 is thinking
7202 81 is thinking
7202 101 is thinking
7202 107 is thinking
7202 90 is sleeping
7202 110 is sleeping
7202 91 is thinking
7202 107 has taken a fork
7202 73 is thinking
7202 71 is thinking
7202 93 is thinking
7202 86 is sleeping
7202 73 has taken a fork
7202 71 has taken a fork
7202 113 is thinking
7202 87 has taken a fork
7202 78 is sleeping
7202 59 is thinking
7202 71 has taken a fork
7202 53 has taken a fork
7202 98 is sleeping
7202 114 is sleeping
7202 59 has taken a fork
7202 53 is eating
7202 118 is sleeping
7202 59 has taken a fork
7202 59 is eating
7202 83 has taken a fork
7202 105 has taken a fork
7202 96 is sleeping
7202 102 is sleeping
7202 117 is thinking
7202 85 is thinking
7202 105 has taken a fork
7202 117 has taken a fork
7202 117 has taken a fork
7202 117 is eating
7202 89 has taken a fork
7202 109 has taken a fork
7202 89 is eating
7202 74 is sleeping
7202 72 is sleeping
7202 107 has taken a fork
7202 111 is thinking
7202 87 has taken a fork
7202 87 is eating
7202 75 has taken a fork
7202 63 is thinking
7202 62 is sleeping
7202 107 is eating
7202 73 has taken a fork
7202 73 is eating
7202 81 has taken a fork
7202 63 has taken a fork
7202 81 has taken a fork
7202 63 has taken a fork
7202 63 is eating
7202 81 is eating
7202 113 has taken a fork
7202 119 is thinking
7202 84 is sleeping
7202 94 is sleeping
7202 65 is eating
7202 85 has taken a fork
7202 119 has taken a fork
7202 101 has taken a fork
7202 97 is thinking
7202 101 has taken a fork
7202 101 is eating
7202 67 is thinking
7202 79 is thinking
7202 109 has taken a fork
7202 67 has taken a fork
7202 79 has taken a fork
7202 79 has taken a fork
7202 79 is eating
7202 67 has taken a fork
7202 93 has taken a fork
7202 80 is sleeping
7202 70 is sleeping
7202 106 is sleeping
7202 93 has taken a fork
7202 93 is eating
7202 91 has taken a fork
7202 95 is thinking
7202 91 has taken a fork
7202 91 is eating
7202 95 has taken a fork
7202 83 has taken a fork
7202 71 is eating
7202 95 has taken a fork
7202 99 has taken a fork
7202 95 is eating
7202 99 is eating
7202 100 is sleeping
7202 116 is sleeping
7202 105 is eating
7202 61 is thinking
7202 97 has taken a fork
7202 77 is thinking
7202 97 has taken a fork
7202 97 is eating
7202 85 has taken a fork
7202 77 has taken a fork
7202 83 is eating
7202 113 has taken a fork
7202 111 has taken a fork
7202 111 has taken a fork
7202 111 is eating
7202 85 is eating
7202 109 is eating
7202 113 is eating
7202 61 has taken a fork
7202 61 has taken a fork
7202 61 is eating
7202 103 is thinking
7202 103 has taken a fork
7202 103 has taken a fork
7202 103 is eating
7202 75 has taken a fork
7202 75 is eating
7202 77 has taken a fork
7202 77 is eating
7202 67 is eating
7202 55 is thinking
7202 55 has taken a fork
7202 55 has taken a fork
7202 55 is eating
7202 69 is thinking
7202 69 has taken a fork
7202 69 has taken a fork
7202 69 is eating
7202 115 has taken a fork
7202 115 has taken a fork
7202 115 is eating
7203 156 is sleeping
7203 138 is sleeping
7203 132 is sleeping
7203 148 is sleeping
7203 142 is sleeping
7203 146 is sleeping
7203 133 is thinking
7203 160 is sleeping
7203 133 has taken a fork
7203 129 is thinking
7203 143 is thinking
7203 128 is sleeping
7203 129 has taken a fork
7203 143 has taken a fork
7203 155 is thinking
7203 137 is thinking
7203 149 is thinking
7203 149 has taken a fork
7203 140 is sleeping
7203 125 is thinking
7203 150 is sleeping
7203 126 is sleeping
7203 145 is thinking
7203 149 has taken a fork
7203 149 is eating
7203 141 is thinking
7203 141 has taken a fork
7203 141 has taken a fork
7203 137 has taken a fork
7203 137 has taken a fork
7203 141 is eating
7203 137 is eating
7203 162 is sleeping
7203 120 is sleeping
7203 157 is thinking
7203 157 has taken a fork
7203 157 has taken a fork
7203 157 is eating
7203 158 is sleeping
7203 136 is sleeping
7203 134 is sleeping
7203 131 is thinking
7203 123 is thinking
7203 144 is sleeping
7203 145 has taken a fork
7203 145 has taken a fork
7203 145 is eating
7203 151 is thinking
7203 130 is sleeping
7203 151 has taken a fork
7203 151 has taken a fork
7203 151 is eating
7203 129 has taken a fork
7203 131 has taken a fork
7203 163 is thinking
7203 163 has taken a fork
7203 154 is sleeping
7203 131 has taken a fork
7203 161 is thinking
7203 155 has taken a fork
7203 155 has taken a fork
7203 155 is eating
7203 139 is thinking
7203 152 is sleeping
7203 129 is eating
7203 131 is eating
7203 124 is sleeping
7203 161 has taken a fork
7203 153 is thinking
7203 127 is thinking
7203 127 has taken a fork
7203 125 has taken a fork
7203 161 has taken a fork
7203 133 has taken a fork
7203 161 is eating
7203 127 has taken a fork
7203 127 is eating
7203 133 is eating
7203 153 has taken a fork
7203 153 has taken a fork
7203 153 is eating
7203 139 has taken a fork
7203 125 has taken a fork
7203 125 is eating
7203 139 has taken a fork
7203 139 is eating
7203 143 has taken a fork
7203 143 is eating
7203 121 is thinking
7203 121 has taken a fork
7203 135 is thinking
7203 135 has taken a fork
7203 135 has taken a fork
7203 135 is eating
7203 122 is sleeping
7203 121 has taken a fork
7203 121 is eating
7203 123 has taken a fork
7203 123 has taken a fork
7203 123 is eating
7203 159 is thinking
7203 159 has taken a fork
7203 159 has taken a fork
7203 159 is eating
7203 119 has taken a fork
7203 119 is eating
7203 147 is thinking
7203 147 has taken a fork
7203 147 has taken a fork
7203 147 is eating
7400 173 is thinking
7400 174 is sleeping
7400 177 is thinking
7400 165 is thinking
7400 171 is thinking
7400 172 is sleeping
7400 167 is thinking
7400 169 is thinking
7400 175 is thinking
7400 166 is sleeping
7400 175 has taken a fork
7400 175 has taken a fork
7400 168 is sleeping
7400 167 has taken a fork
7400 167 has taken a fork
7400 167 is eating
7400 164 is sleeping
7400 173 has taken a fork
7400 175 is eating
7400 163 has taken a fork
7400 163 is eating
7400 177 has taken a fork
7400 173 has taken a fork
7400 173 is eating
7400 170 is sleeping
7400 176 is sleeping
7400 169 has taken a fork
7400 169 has taken a fork
7400 171 has taken a fork
7400 171 has taken a fork
7400 171 is eating
7400 165 has taken a fork
7400 165 has taken a fork
7400 165 is eating
7400 169 is eating
7401 40 is thinking
7401 8 is thinking
7401 4 is thinking
7401 177 has taken a fork
7401 4 has taken a fork
7401 177 is eating
7401 197 is thinking
7401 4 has taken a fork
7401 4 is eating
7401 178 is sleeping
7401 190 is sleeping
7401 26 is thinking
7401 30 is thinking
7401 12 is thinking
7401 15 is sleeping
7401 39 is sleeping
7401 182 is sleeping
7401 28 is thinking
7401 3 is sleeping
7401 193 is thinking
7401 11 is sleeping
7401 183 is thinking
7401 183 has taken a fork
7401 189 is thinking
7401 24 is thinking
7401 5 is sleeping
7401 194 is sleeping
7401 179 is thinking
7401 179 has taken a fork
7401 1 is sleeping
7401 34 is thinking
7401 50 is thinking
7401 22 is thinking
7401 191 is thinking
7401 191 has taken a fork
7401 36 is thinking
7401 48 is thinking
7401 10 is thinking
7401 16 is thinking
7401 10 has taken a fork
7401 31 is sleeping
7401 197 has taken a fork
7401 33 is sleeping
7401 37 is sleeping
7401 21 is sleeping
7401 13 is sleeping
7401 20 is thinking
7401 20 has taken a fork
7401 188 is sleeping
7401 185 is thinking
7401 45 is sleeping
7401 43 is sleeping
7401 12 has taken a fork
7401 199 is thinking
7401 36 has taken a fork
7401 2 is thinking
7401 12 has taken a fork
7401 48 has taken a fork
7401 198 is sleeping
7401 199 has taken a fork
7401 192 is sleeping
7401 36 has taken a fork
7401 34 has taken a fork
7401 42 is thinking
7401 180 is sleeping
7401 18 is thinking
7401 27 is sleeping
7401 40 has taken a fork
7401 40 has taken a fork
7401 40 is eating
7401 36 is eating
7401 2 has taken a fork
7401 44 is thinking
7401 2 has taken a fork
7401 42 has taken a fork
7401 2 is eating
7401 18 has taken a fork
7401 179 has taken a fork
7401 20 has taken a fork
7401 18 has taken a fork
7401 179 is eating
7401 18 is eating
7401 10 has taken a fork
7401 34 has taken a fork
7401 10 is eating
7401 199 has taken a fork
7401 199 is eating
7401 46 is thinking
7401 181 is thinking
7401 46 has taken a fork
7401 46 has taken a fork
7401 181 has taken a fork
7401 46 is eating
7401 181 has taken a fork
7401 38 is thinking
7401 181 is eating
7401 14 is thinking
7401 47 is sleeping
7401 14 has taken a fork
7401 24 has taken a fork
7401 49 is sleeping
7401 24 has taken a fork
7401 24 is eating
7401 35 is sleeping
7401 26 has taken a fork
7401 26 has taken a fork
7401 29 is sleeping
7401 195 is thinking
7401 195 has taken a fork
7401 195 has taken a fork
7401 195 is eating
7401 12 is eating
7401 30 has taken a fork
7401 30 has taken a fork
7401 30 is eating
7401 189 has taken a fork
7401 189 has taken a fork
7401 189 is eating
7401 17 is sleeping
7401 197 has taken a fork
7401 197 is eating
7401 50 has taken a fork
7401 50 has taken a fork
7401 50 is eating
7401 196 is sleeping
7401 191 has taken a fork
7401 191 is eating
7401 19 is sleeping
7401 16 has taken a fork
7401 16 has taken a fork
7401 16 is eating
7401 9 is sleeping
7401 25 is sleeping
7401 184 is sleeping
7401 48 has taken a fork
7401 48 is eating
7401 193 has taken a fork
7401 193 has taken a fork
7401 193 is eating
7401 185 has taken a fork
7401 185 has taken a fork
7401 185 is eating
7401 28 has taken a fork
7401 28 has taken a fork
7401 28 is eating
7401 41 is sleeping
7401 7 is sleeping
7401 183 has taken a fork
7401 183 is eating
7401 44 has taken a fork
7401 44 has taken a fork
7401 44 is eating
7401 42 has taken a fork
7401 42 is eating
7401 20 is eating
7401 32 is thinking
7401 32 has taken a fork
7401 32 has taken a fork
7401 32 is eating
7401 22 has taken a fork
7401 22 has taken a fork
7401 22 is eating
7401 34 is eating
7401 8 has taken a fork
7401 8 has taken a fork
7401 8 is eating
7401 51 is sleeping
7401 186 is sleeping
7401 23 is sleeping
7401 38 has taken a fork
7401 38 has taken a fork
7401 38 is eating
7401 14 has taken a fork
7401 14 is eating
7401 187 is thinking
7401 187 has taken a fork
7401 187 has taken a fork
7401 187 is eating
7401 52 is thinking
7401 26 is eating
7401 6 is thinking
7401 6 has taken a fork
7401 6 has taken a fork
7401 6 is eating
7402 73 is sleeping
7402 72 is thinking
7402 72 has taken a fork
7402 102 is thinking
7402 67 is sleeping
7402 103 is sleeping
7402 116 is thinking
7402 61 is sleeping
7402 104 is thinking
7402 88 is thinking
7402 96 is thinking
7402 82 is thinking
7402 102 has taken a fork
7402 109 is sleeping
7402 77 is sleeping
7402 65 is sleeping
7402 114 is thinking
7402 118 is thinking
7402 62 is thinking
7402 62 has taken a fork
7402 62 has taken a fork
7402 107 is sleeping
7402 106 is thinking
7402 60 is thinking
7402 59 is sleeping
7402 92 is thinking
7402 55 is sleeping
7402 101 is sleeping
7402 113 is sleeping
7402 60 has taken a fork
7402 94 is thinking
7402 94 has taken a fork
7402 63 is sleeping
7402 60 has taken a fork
7402 60 is eating
7402 71 is sleeping
7402 102 has taken a fork
7402 76 is thinking
7402 76 has taken a fork
7402 76 has taken a fork
7402 78 is thinking
7402 102 is eating
7402 85 is sleeping
7402 105 is sleeping
7402 76 is eating
7402 81 is sleeping
7402 78 has taken a fork
7402 96 has taken a fork
7402 56 is thinking
7402 87 is sleeping
7402 78 has taken a fork
7402 83 is sleeping
7402 84 is thinking
7402 98 is thinking
7402 97 is sleeping
7402 78 is eating
7402 86 is thinking
7402 84 has taken a fork
7402 94 has taken a fork
7402 98 has taken a fork
7402 104 has taken a fork
7402 94 is eating
7402 57 is sleeping
7402 72 has taken a fork
7402 106 has taken a fork
7402 110 is thinking
7402 53 is sleeping
7402 96 has taken a fork
7402 64 is thinking
7402 114 has taken a fork
7402 114 has taken a fork
7402 114 is eating
7402 91 is sleeping
7402 92 has taken a fork
7402 92 has taken a fork
7402 92 is eating
7402 54 is thinking
7402 54 has taken a fork
7402 54 has taken a fork
7402 54 is eating
7402 82 has taken a fork
7402 82 has taken a fork
7402 82 is eating
7402 86 has taken a fork
7402 86 has taken a fork
7402 86 is eating
7402 84 has taken a fork
7402 84 is eating
7402 70 is thinking
7402 70 has taken a fork
7402 70 has taken a fork
7402 70 is eating
7402 111 is sleeping
7402 112 is thinking
7402 112 has taken a fork
7402 112 has taken a fork
7402 112 is eating
7402 79 is sleeping
7402 74 is thinking
7402 74 has taken a fork
7402 74 has taken a fork
7402 74 is eating
7402 72 is eating
7402 80 is thinking
7402 80 has taken a fork
7402 80 has taken a fork
7402 80 is eating
7402 106 has taken a fork
7402 106 is eating
7402 95 is sleeping
7402 104 has taken a fork
7402 104 is eating
7402 62 is eating
7402 100 is thinking
7402 100 has taken a fork
7402 100 has taken a fork
7402 100 is eating
7402 96 is eating
7402 116 has taken a fork
7402 116 has taken a fork
7402 116 is eating
7402 99 is sleeping
7402 108 is thinking
7402 108 has taken a fork
7402 108 has taken a fork
7402 108 is eating
7402 64 has taken a fork
7402 64 has taken a fork
7402 64 is eating
7402 75 is sleeping
7402 68 is thinking
7402 68 has taken a fork
7402 68 has taken a fork
7402 68 is eating
7402 69 is sleeping
7402 66 is thinking
7402 66 has taken a fork
7402 66 has taken a fork
7402 66 is eating
7402 52 has taken a fork
7402 52 has taken a fork
7402 52 is eating
7402 117 is sleeping
7402 58 is thinking
7402 58 has taken a fork
7402 58 has taken a fork
7402 58 is eating
7402 88 has taken a fork
7402 88 has taken a fork
7402 88 is eating
7402 98 has taken a fork
7402 98 is eating
7402 115 is sleeping
7402 89 is sleeping
7402 90 is thinking
7402 90 has taken a fork
7402 90 has taken a fork
7402 90 is eating
7402 110 has taken a fork
7402 110 has taken a fork
7402 110 is eating
7402 93 is sleeping
7402 56 has taken a fork
7402 56 has taken a fork
7402 56 is eating
7403 135 is sleeping
7403 124 is thinking
7403 136 is thinking
7403 158 is thinking
7403 137 is sleeping
7403 133 is sleeping
7403 119 is sleeping
7403 124 has taken a fork
7403 161 is sleeping
7403 146 is thinking
7403 152 is thinking
7403 125 is sleeping
7403 126 is thinking
7403 122 is thinking
7403 136 has taken a fork
7403 160 is thinking
7403 141 is sleeping
7403 143 is sleeping
7403 129 is sleeping
7403 152 has taken a fork
7403 153 is sleeping
7403 128 is thinking
7403 146 has taken a fork
7403 157 is sleeping
7403 160 has taken a fork
7403 128 has taken a fork
7403 156 is thinking
7403 156 has taken a fork
7403 154 is thinking
7403 118 has taken a fork
7403 118 has taken a fork
7403 118 is eating
7403 132 is thinking
7403 136 has taken a fork
7403 139 is sleeping
7403 140 is thinking
7403 140 has taken a fork
7403 140 has taken a fork
7403 140 is eating
7403 147 is sleeping
7403 136 is eating
7403 132 has taken a fork
7403 144 is thinking
7403 130 is thinking
7403 121 is sleeping
7403 150 is thinking
7403 155 is sleeping
7403 162 is thinking
7403 134 is thinking
7403 134 has taken a fork
7403 134 has taken a fork
7403 156 has taken a fork
7403 134 is eating
7403 156 is eating
7403 127 is sleeping
7403 159 is sleeping
7403 144 has taken a fork
7403 120 is thinking
7403 120 has taken a fork
7403 120 has taken a fork
7403 120 is eating
7403 138 is thinking
7403 126 has taken a fork
7403 142 is thinking
7403 128 has taken a fork
7403 160 has taken a fork
7403 142 has taken a fork
7403 148 is thinking
7403 142 has taken a fork
7403 160 is eating
7403 138 has taken a fork
7403 138 has taken a fork
7403 144 has taken a fork
7403 126 has taken a fork
7403 144 is eating
7403 128 is eating
7403 126 is eating
7403 138 is eating
7403 158 has taken a fork
7403 154 has taken a fork
7403 146 has taken a fork
7403 154 has taken a fork
7403 146 is eating
7403 154 is eating
7403 142 is eating
7403 158 has taken a fork
7403 158 is eating
7403 145 is sleeping
7403 131 is sleeping
7403 132 has taken a fork
7403 132 is eating
7403 123 is sleeping
7403 151 is sleeping
7403 152 has taken a fork
7403 152 is eating
7403 130 has taken a fork
7403 130 has taken a fork
7403 130 is eating
7403 122 has taken a fork
7403 122 has taken a fork
7403 122 is eating
7403 124 has taken a fork
7403 124 is eating
7403 150 has taken a fork
7403 150 has taken a fork
7403 150 is eating
7403 148 has taken a fork
7403 148 has taken a fork
7403 148 is eating
7403 149 is sleeping
7600 169 is sleeping
7600 170 is thinking
7600 172 is thinking
7600 176 is thinking
7600 167 is sleeping
7600 165 is sleeping
7600 168 is thinking
7600 168 has taken a fork
7600 164 is thinking
7600 175 is sleeping
7600 173 is sleeping
7600 164 has taken a fork
7600 164 has taken a fork
7600 164 is eating
7600 162 has taken a fork
7600 162 has taken a fork
7600 162 is eating
7600 163 is sleeping
7600 172 has taken a fork
7600 171 is sleeping
7600 170 has taken a fork
7600 172 has taken a fork
7600 172 is eating
7600 170 has taken a fork
7600 170 is eating
7600 168 has taken a fork
7600 168 is eating
7600 174 is thinking
7600 174 has taken a fork
7600 174 has taken a fork
7600 174 is eating
7600 166 is thinking
7600 166 has taken a fork
7600 166 has taken a fork
7600 166 is eating
7601 192 is thinking
7601 3 is thinking
7601 177 is sleeping
7601 199 is sleeping
7601 198 is thinking
7601 198 has taken a fork
7601 33 is thinking
7601 37 is thinking
7601 22 is sleeping
7601 189 is sleeping
7601 2 is sleeping
7601 191 is sleeping
7601 21 is thinking
7601 182 is thinking
7601 176 has taken a fork
7601 24 is sleeping
7601 9 is thinking
7601 3 has taken a fork
7601 178 is thinking
7601 186 is thinking
7601 180 is thinking
7601 193 is sleeping
7601 196 is thinking
7601 46 is sleeping
7601 26 is sleeping
7601 20 is sleeping
7601 192 has taken a fork
7601 23 is thinking
7601 34 is sleeping
7601 192 has taken a fork
7601 192 is eating
7601 48 is sleeping
7601 49 is thinking
7601 30 is sleeping
7601 49 has taken a fork
7601 21 has taken a fork
7601 41 is thinking
7601 183 is sleeping
7601 182 has taken a fork
7601 176 has taken a fork
7601 23 has taken a fork
7601 176 is eating
7601 23 has taken a fork
7601 23 is eating
7601 21 has taken a fork
7601 21 is eating
7601 184 is thinking
7601 44 is sleeping
7601 13 is thinking
7601 4 is sleeping
7601 15 is thinking
7601 179 is sleeping
7601 19 is thinking
7601 25 is thinking
7601 25 has taken a fork
7601 32 is sleeping
7601 19 has taken a fork
7601 17 is thinking
7601 35 is thinking
7601 38 is sleeping
7601 12 is sleeping
7601 11 is thinking
7601 29 is thinking
7601 3 has taken a fork
7601 3 is eating
7601 9 has taken a fork
7601 43 is thinking
7601 43 has taken a fork
7601 19 has taken a fork
7601 178 has taken a fork
7601 188 is thinking
7601 43 has taken a fork
7601 1 is thinking
7601 33 has taken a fork
7601 8 is sleeping
7601 178 has taken a fork
7601 16 is sleeping
7601 19 is eating
7601 13 has taken a fork
7601 47 is thinking
7601 42 is sleeping
7601 33 has taken a fork
7601 49 has taken a fork
7601 49 is eating
7601 194 is thinking
7601 7 is thinking
7601 31 is thinking
7601 1 has taken a fork
7601 184 has taken a fork
7601 31 has taken a fork
7601 1 has taken a fork
7601 197 is sleeping
7601 190 is thinking
7601 31 has taken a fork
7601 184 has taken a fork
7601 190 has taken a fork
7601 195 is sleeping
7601 28 is sleeping
7601 1 is eating
7601 25 has taken a fork
7601 11 has taken a fork
7601 11 has taken a fork
7601 11 is eating
7601 6 is sleeping
7601 10 is sleeping
7601 190 has taken a fork
7601 190 is eating
7601 25 is eating
7601 27 is thinking
7601 180 has taken a fork
7601 194 has taken a fork
7601 180 has taken a fork
7601 36 is sleeping
7601 5 is thinking
7601 196 has taken a fork
7601 182 has taken a fork
7601 194 has taken a fork
7601 5 has taken a fork
7601 181 is sleeping
7601 35 has taken a fork
7601 5 has taken a fork
7601 37 has taken a fork
7601 47 has taken a fork
7601 45 is thinking
7601 45 has taken a fork
7601 5 is eating
7601 194 is eating
7601 35 has taken a fork
7601 180 is eating
7601 198 has taken a fork
7601 198 is eating
7601 178 is eating
7601 51 is thinking
7601 51 has taken a fork
7601 45 has taken a fork
7601 45 is eating
7601 29 has taken a fork
7601 29 has taken a fork
7601 29 is eating
7601 187 is sleeping
7601 43 is eating
7601 39 is thinking
7601 39 has taken a fork
7601 39 has taken a fork
7601 39 is eating
7601 33 is eating
7601 184 is eating
7601 35 is eating
7601 18 is sleeping
7601 188 has taken a fork
7601 188 has taken a fork
7601 188 is eating
7601 186 has taken a fork
7601 186 has taken a fork
7601 186 is eating
7601 185 is sleeping
7601 40 is sleeping
7601 27 has taken a fork
7601 27 has taken a fork
7601 27 is eating
7601 14 is sleeping
7601 13 has taken a fork
7601 13 is eating
7601 17 has taken a fork
7601 17 has taken a fork
7601 17 is eating
7601 41 has taken a fork
7601 41 has taken a fork
7601 41 is eating
7601 50 is sleeping
7601 31 is eating
7601 196 has taken a fork
7601 196 is eating
7601 37 has taken a fork
7601 37 is eating
7601 15 has taken a fork
7601 7 has taken a fork
7601 15 has taken a fork
7601 15 is eating
7601 7 has taken a fork
7601 7 is eating
7601 9 has taken a fork
7601 9 is eating
7601 47 has taken a fork
7601 47 is eating
7601 182 is eating
7602 85 is thinking
7602 83 is thinking
7602 89 is thinking
7602 61 is thinking
7602 106 is sleeping
7602 55 is thinking
7602 103 is thinking
7602 97 is thinking
7602 71 is thinking
7602 90 is sleeping
7602 93 is thinking
7602 70 is sleeping
7602 69 is thinking
7602 59 is thinking
7602 67 is thinking
7602 62 is sleeping
7602 86 is sleeping
7602 108 is sleeping
7602 84 is sleeping
7602 80 is sleeping
7602 91 is thinking
7602 71 has taken a fork
7602 57 is thinking
7602 85 has taken a fork
7602 98 is sleeping
7602 79 is thinking
7602 112 is sleeping
7602 71 has taken a fork
7602 79 has taken a fork
7602 85 has taken a fork
7602 79 has taken a fork
7602 60 is sleeping
7602 79 is eating
7602 72 is sleeping
7602 92 is sleeping
7602 116 is sleeping
7602 85 is eating
7602 71 is eating
7602 75 is thinking
7602 99 is thinking
7602 93 has taken a fork
7602 96 is sleeping
7602 105 is thinking
7602 75 has taken a fork
7602 64 is sleeping
7602 107 is thinking
7602 88 is sleeping
7602 59 has taken a fork
7602 109 is thinking
7602 91 has taken a fork
7602 107 has taken a fork
7602 89 has taken a fork
7602 99 has taken a fork
7602 75 has taken a fork
7602 95 is thinking
7602 56 is sleeping
7602 104 is sleeping
7602 68 is sleeping
7602 97 has taken a fork
7602 111 is thinking
7602 97 has taken a fork
7602 52 is sleeping
7602 111 has taken a fork
7602 66 is sleeping
7602 57 has taken a fork
7602 63 is thinking
7602 58 is sleeping
7602 67 has taken a fork
7602 101 is thinking
7602 111 has taken a fork
7602 63 has taken a fork
7602 65 is thinking
7602 82 is sleeping
7602 63 has taken a fork
7602 87 is thinking
7602 59 has taken a fork
7602 101 has taken a fork
7602 114 is sleeping
7602 77 is thinking
7602 63 is eating
7602 51 has taken a fork
7602 75 is eating
7602 51 is eating
7602 78 is sleeping
7602 53 is thinking
7602 110 is sleeping
7602 102 is sleeping
7602 53 has taken a fork
7602 99 has taken a fork
7602 97 is eating
7602 59 is eating
7602 91 has taken a fork
7602 67 has taken a fork
7602 113 is thinking
7602 100 is sleeping
7602 83 has taken a fork
7602 115 is thinking
7602 93 has taken a fork
7602 55 has taken a fork
7602 87 has taken a fork
7602 115 has taken a fork
7602 74 is sleeping
7602 57 has taken a fork
7602 55 has taken a fork
7602 89 has taken a fork
7602 109 has taken a fork
7602 69 has taken a fork
7602 91 is eating
7602 109 has taken a fork
7602 101 has taken a fork
7602 105 has taken a fork
7602 77 has taken a fork
7602 93 is eating
7602 83 has taken a fork
7602 101 is eating
7602 109 is eating
7602 83 is eating
7602 117 is thinking
7602 99 is eating
7602 115 has taken a fork
7602 54 is sleeping
7602 113 has taken a fork
7602 89 is eating
7602 53 has taken a fork
7602 113 has taken a fork
7602 111 is eating
7602 117 has taken a fork
7602 105 has taken a fork
7602 115 is eating
7602 94 is sleeping
7602 105 is eating
7602 57 is eating
7602 73 is thinking
7602 73 has taken a fork
7602 73 has taken a fork
7602 73 is eating
7602 69 has taken a fork
7602 69 is eating
7602 103 has taken a fork
7602 103 has taken a fork
7602 103 is eating
7602 76 is sleeping
7602 95 has taken a fork
7602 95 has taken a fork
7602 95 is eating
7602 65 has taken a fork
7602 65 has taken a fork
7602 65 is eating
7602 61 has taken a fork
7602 61 has taken a fork
7602 61 is eating
7602 107 has taken a fork
7602 107 is eating
7602 87 has taken a fork
7602 87 is eating
7602 53 is eating
7602 81 is thinking
7602 81 has taken a fork
7602 81 has taken a fork
7602 81 is eating
7602 77 has taken a fork
7602 67 is eating
7602 77 is eating
7602 113 is eating
7602 55 is eating
7603 127 is thinking
7603 138 is sleeping
7603 125 is thinking
7603 119 is thinking
7603 158 is sleeping
7603 136 is sleeping
7603 157 is thinking
7603 143 is thinking
7603 137 is thinking
7603 134 is sleeping
7603 131 is thinking
7603 137 has taken a fork
7603 139 is thinking
7603 133 is thinking
7603 149 is thinking
7603 139 has taken a fork
7603 152 is sleeping
7603 154 is sleeping
7603 150 is sleeping
7603 159 is thinking
7603 155 is thinking
7603 141 is thinking
7603 151 is thinking
7603 122 is sleeping
7603 128 is sleeping
7603 133 has taken a fork
7603 148 is sleeping
7603 125 has taken a fork
7603 146 is sleeping
7603 145 is thinking
7603 119 has taken a fork
7603 132 is sleeping
7603 145 has taken a fork
7603 119 has taken a fork
7603 145 has taken a fork
7603 120 is sleeping
7603 161 is thinking
7603 145 is eating
7603 129 is thinking
7603 129 has taken a fork
7603 160 is sleeping
7603 124 is sleeping
7603 140 is sleeping
7603 129 has taken a fork
7603 142 is sleeping
7603 130 is sleeping
7603 147 is thinking
7603 141 has taken a fork
7603 125 has taken a fork
7603 149 has taken a fork
7603 133 has taken a fork
7603 126 is sleeping
7603 141 has taken a fork
7603 127 has taken a fork
7603 151 has taken a fork
7603 161 has taken a fork
7603 153 is thinking
7603 127 has taken a fork
7603 119 is eating
7603 121 is thinking
7603 153 has taken a fork
7603 149 has taken a fork
7603 127 is eating
7603 143 has taken a fork
7603 147 has taken a fork
7603 121 has taken a fork
7603 153 has taken a fork
7603 118 is sleeping
7603 143 has taken a fork
7603 151 has taken a fork
7603 159 has taken a fork
7603 129 is eating
7603 153 is eating
7603 143 is eating
7603 125 is eating
7603 155 has taken a fork
7603 144 is sleeping
7603 131 has taken a fork
7603 139 has taken a fork
7603 151 is eating
7603 135 is thinking
7603 139 is eating
7603 117 has taken a fork
7603 149 is eating
7603 135 has taken a fork
7603 147 has taken a fork
7603 131 has taken a fork
7603 131 is eating
7603 135 has taken a fork
7603 121 has taken a fork
7603 147 is eating
7603 137 has taken a fork
7603 117 is eating
7603 137 is eating
7603 159 has taken a fork
7603 141 is eating
7603 159 is eating
7603 121 is eating
7603 133 is eating
7603 135 is eating
7603 155 has taken a fork
7603 157 has taken a fork
7603 156 is sleeping
7603 157 has taken a fork
7603 157 is eating
7603 155 is eating
7603 123 is thinking
7603 123 has taken a fork
7603 123 has taken a fork
7603 123 is eating
7800 172 is sleeping
7800 173 is thinking
7800 173 has taken a fork
7800 165 is thinking
7800 174 is sleeping
7800 166 is sleeping
7800 173 has taken a fork
7800 173 is eating
7800 171 is thinking
7800 164 is sleeping
7800 169 is thinking
7800 175 is thinking
7800 175 has taken a fork
7800 163 is thinking
7800 165 has taken a fork
7800 165 has taken a fork
7800 165 is eating
7800 168 is sleeping
7800 170 is sleeping
7800 171 has taken a fork
7800 171 has taken a fork
7800 171 is eating
7800 167 is thinking
7800 162 is sleeping
7800 167 has taken a fork
7800 167 has taken a fork
7800 161 has taken a fork
7800 169 has taken a fork
7800 169 has taken a fork
7800 169 is eating
7800 163 has taken a fork
7800 163 has taken a fork
7800 163 is eating
7800 167 is eating
7800 161 is eating
7801 39 is sleeping
7801 27 is sleeping
7801 23 is sleeping
7801 45 is sleeping
7801 12 is thinking
7801 12 has taken a fork
7801 193 is thinking
7801 199 is thinking
7801 199 has taken a fork
7801 16 is thinking
7801 11 is sleeping
7801 3 is sleeping
7801 49 is sleeping
7801 12 has taken a fork
7801 176 is sleeping
7801 1 is sleeping
7801 12 is eating
7801 175 has taken a fork
7801 194 is sleeping
7801 22 is thinking
7801 43 is sleeping
7801 7 is sleeping
7801 22 has taken a fork
7801 197 is thinking
7801 199 has taken a fork
7801 29 is sleeping
7801 199 is eating
7801 181 is thinking
7801 13 is sleeping
7801 198 is sleeping
7801 50 is thinking
7801 15 is sleeping
7801 177 is thinking
7801 20 is thinking
7801 177 has taken a fork
7801 41 is sleeping
7801 19 is sleeping
7801 6 is thinking
7801 175 is eating
7801 187 is thinking
7801 32 is thinking
7801 40 is thinking
7801 40 has taken a fork
7801 40 has taken a fork
7801 40 is eating
7801 6 has taken a fork
7801 34 is thinking
7801 25 is sleeping
7801 37 is sleeping
7801 185 is thinking
7801 4 is thinking
7801 179 is thinking
7801 33 is sleeping
7801 46 is thinking
7801 196 is sleeping
7801 30 is thinking
7801 188 is sleeping
7801 14 is thinking
7801 14 has taken a fork
7801 14 has taken a fork
7801 9 is sleeping
7801 34 has taken a fork
7801 5 is sleeping
7801 44 is thinking
7801 34 has taken a fork
7801 180 is sleeping
7801 44 has taken a fork
7801 47 is sleeping
7801 10 is thinking
7801 10 has taken a fork
7801 10 has taken a fork
7801 10 is eating
7801 30 has taken a fork
7801 21 is sleeping
7801 191 is thinking
7801 30 has taken a fork
7801 191 has taken a fork
7801 192 is sleeping
7801 191 has taken a fork
7801 30 is eating
7801 46 has taken a fork
7801 46 has taken a fork
7801 182 is sleeping
7801 191 is eating
7801 26 is thinking
7801 190 is sleeping
7801 183 is thinking
7801 24 is thinking
7801 35 is sleeping
7801 22 has taken a fork
7801 38 is thinking
7801 36 is thinking
7801 183 has taken a fork
7801 183 has taken a fork
7801 183 is eating
7801 28 is thinking
7801 22 is eating
7801 36 has taken a fork
7801 28 has taken a fork
7801 28 has taken a fork
7801 4 has taken a fork
7801 18 is thinking
7801 16 has taken a fork
7801 189 is thinking
7801 4 has taken a fork
7801 16 has taken a fork
7801 16 is eating
7801 31 is sleeping
7801 193 has taken a fork
7801 179 has taken a fork
7801 179 has taken a fork
7801 4 is eating
7801 24 has taken a fork
7801 38 has taken a fork
7801 24 has taken a fork
7801 44 has taken a fork
7801 46 is eating
7801 24 is eating
7801 186 is sleeping
7801 44 is eating
7801 38 has taken a fork
7801 38 is eating
7801 187 has taken a fork
7801 181 has taken a fork
7801 48 is thinking
7801 179 is eating
7801 181 has taken a fork
7801 14 is eating
7801 193 has taken a fork
7801 8 is thinking
7801 197 has taken a fork
7801 193 is eating
7801 177 has taken a fork
7801 197 has taken a fork
7801 177 is eating
7801 187 has taken a fork
7801 42 is thinking
7801 187 is eating
7801 2 is thinking
7801 42 has taken a fork
7801 42 has taken a fork
7801 42 is eating
7801 32 has taken a fork
7801 6 has taken a fork
7801 34 is eating
7801 6 is eating
7801 189 has taken a fork
7801 195 is thinking
7801 197 is eating
7801 32 has taken a fork
7801 181 is eating
7801 195 has taken a fork
7801 36 has taken a fork
7801 26 has taken a fork
7801 195 has taken a fork
7801 36 is eating
7801 178 is sleeping
7801 20 has taken a fork
7801 195 is eating
7801 20 has taken a fork
7801 2 has taken a fork
7801 189 has taken a fork
7801 189 is eating
7801 28 is eating
7801 2 has taken a fork
7801 2 is eating
7801 26 has taken a fork
7801 184 is sleeping
7801 17 is sleeping
7801 20 is eating
7801 32 is eating
7801 26 is eating
7801 185 has taken a fork
7801 185 has taken a fork
7801 185 is eating
7801 48 has taken a fork
7801 48 has taken a fork
7801 48 is eating
7801 8 has taken a fork
7801 8 has taken a fork
7801 8 is eating
7801 18 has taken a fork
7801 18 has taken a fork
7801 18 is eating
7802 88 is thinking
7802 106 is thinking
7802 51 is sleeping
7802 75 is sleeping
7802 77 is sleeping
7802 57 is sleeping
7802 50 has taken a fork
7802 115 is sleeping
7802 78 is thinking
7802 56 is thinking
7802 106 has taken a fork
7802 106 has taken a fork
7802 106 is eating
7802 112 is thinking
7802 112 has taken a fork
7802 112 has taken a fork
7802 50 has taken a fork
7802 112 is eating
7802 50 is eating
7802 97 is sleeping
7802 64 is thinking
7802 110 is thinking
7802 71 is sleeping
7802 114 is thinking
7802 114 has taken a fork
7802 114 has taken a fork
7802 114 is eating
7802 85 is sleeping
7802 61 is sleeping
7802 86 is thinking
7802 102 is thinking
7802 86 has taken a fork
7802 63 is sleeping
7802 102 has taken a fork
7802 54 is thinking
7802 59 is sleeping
7802 81 is sleeping
7802 88 has taken a fork
7802 83 is sleeping
7802 74 is thinking
7802 88 has taken a fork
7802 88 is eating
7802 100 is thinking
7802 108 is thinking
7802 103 is sleeping
7802 87 is sleeping
7802 66 is thinking
7802 99 is sleeping
7802 68 is thinking
7802 95 is sleeping
7802 68 has taken a fork
7802 56 has taken a fork
7802 113 is sleeping
7802 111 is sleeping
7802 82 is thinking
7802 82 has taken a fork
7802 110 has taken a fork
7802 82 has taken a fork
7802 82 is eating
7802 104 is thinking
7802 76 is thinking
7802 76 has taken a fork
7802 89 is sleeping
7802 86 has taken a fork
7802 92 is thinking
7802 69 is sleeping
7802 86 is eating
7802 98 is thinking
7802 98 has taken a fork
7802 98 has taken a fork
7802 90 is thinking
7802 109 is sleeping
7802 90 has taken a fork
7802 70 is thinking
7802 73 is sleeping
7802 62 is thinking
7802 90 has taken a fork
7802 98 is eating
7802 70 has taken a fork
7802 55 is sleeping
7802 93 is sleeping
7802 70 has taken a fork
7802 70 is eating
7802 105 is sleeping
7802 79 is sleeping
7802 54 has taken a fork
7802 104 has taken a fork
7802 80 is thinking
7802 66 has taken a fork
7802 54 has taken a fork
7802 80 has taken a fork
7802 80 has taken a fork
7802 56 has taken a fork
7802 64 has taken a fork
7802 104 has taken a fork
7802 104 is eating
7802 107 is sleeping
7802 108 has taken a fork
7802 91 is sleeping
7802 116 is thinking
7802 52 is thinking
7802 96 is thinking
7802 108 has taken a fork
7802 108 is eating
7802 52 has taken a fork
7802 96 has taken a fork
7802 54 is eating
7802 60 is thinking
7802 96 has taken a fork
7802 80 is eating
7802 100 has taken a fork
7802 96 is eating
7802 100 has taken a fork
7802 100 is eating
7802 65 is sleeping
7802 84 is thinking
7802 72 is thinking
7802 84 has taken a fork
7802 62 has taken a fork
7802 101 is sleeping
7802 66 has taken a fork
7802 84 has taken a fork
7802 72 has taken a fork
7802 66 is eating
7802 84 is eating
7802 52 has taken a fork
7802 58 is thinking
7802 52 is eating
7802 67 is sleeping
7802 102 has taken a fork
7802 60 has taken a fork
7802 78 has taken a fork
7802 60 has taken a fork
7802 60 is eating
7802 76 has taken a fork
7802 56 is eating
7802 92 has taken a fork
7802 74 has taken a fork
7802 90 is eating
7802 74 has taken a fork
7802 74 is eating
7802 92 has taken a fork
7802 62 has taken a fork
7802 92 is eating
7802 110 has taken a fork
7802 94 is thinking
7802 62 is eating
7802 58 has taken a fork
7802 102 is eating
7802 78 has taken a fork
7802 72 has taken a fork
7802 58 has taken a fork
7802 58 is eating
7802 72 is eating
7802 78 is eating
7802 64 has taken a fork
7802 64 is eating
7802 68 has taken a fork
7802 53 is sleeping
7802 76 is eating
7802 94 has taken a fork
7802 94 has taken a fork
7802 94 is eating
7802 110 is eating
7802 68 is eating
7803 124 is thinking
7803 152 is thinking
7803 156 is thinking
7803 139 is sleeping
7803 134 is thinking
7803 119 is sleeping
7803 121 is sleeping
7803 149 is sleeping
7803 145 is sleeping
7803 148 is thinking
7803 118 is thinking
7803 118 has taken a fork
7803 151 is sleeping
7803 123 is sleeping
7803 148 has taken a fork
7803 133 is sleeping
7803 144 is thinking
7803 144 has taken a fork
7803 126 is thinking
7803 118 has taken a fork
7803 116 has taken a fork
7803 116 has taken a fork
7803 116 is eating
7803 118 is eating
7803 117 is sleeping
7803 140 is thinking
7803 160 is thinking
7803 122 is thinking
7803 128 is thinking
7803 122 has taken a fork
7803 122 has taken a fork
7803 122 is eating
7803 148 has taken a fork
7803 148 is eating
7803 141 is sleeping
7803 134 has taken a fork
7803 134 has taken a fork
7803 134 is eating
7803 158 is thinking
7803 158 has taken a fork
7803 158 has taken a fork
7803 158 is eating
7803 157 is sleeping
7803 140 has taken a fork
7803 140 has taken a fork
7803 140 is eating
7803 125 is sleeping
7803 130 is thinking
7803 138 is thinking
7803 130 has taken a fork
7803 138 has taken a fork
7803 138 has taken a fork
7803 138 is eating
7803 130 has taken a fork
7803 130 is eating
7803 159 is sleeping
7803 137 is sleeping
7803 156 has taken a fork
7803 156 has taken a fork
7803 156 is eating
7803 150 is thinking
7803 150 has taken a fork
7803 150 has taken a fork
7803 150 is eating
7803 129 is sleeping
7803 155 is sleeping
7803 153 is sleeping
7803 132 is thinking
7803 132 has taken a fork
7803 132 has taken a fork
7803 132 is eating
7803 127 is sleeping
7803 120 is thinking
7803 120 has taken a fork
7803 120 has taken a fork
7803 120 is eating
7803 128 has taken a fork
7803 128 has taken a fork
7803 128 is eating
7803 143 is sleeping
7803 152 has taken a fork
7803 152 has taken a fork
7803 152 is eating
7803 142 is thinking
7803 142 has taken a fork
7803 142 has taken a fork
7803 142 is eating
7803 126 has taken a fork
7803 126 has taken a fork
7803 126 is eating
7803 135 is sleeping
7803 136 is thinking
7803 136 has taken a fork
7803 136 has taken a fork
7803 136 is eating
7803 147 is sleeping
7803 124 has taken a fork
7803 124 has taken a fork
7803 124 is eating
7803 131 is sleeping
7803 144 has taken a fork
7803 144 is eating
7803 146 is thinking
7803 146 has taken a fork
7803 146 has taken a fork
7803 146 is eating
7803 154 is thinking
7803 154 has taken a fork
7803 154 has taken a fork
7803 154 is eating
8000 164 is thinking
8000 166 is thinking
8000 165 is sleeping
8000 164 has taken a fork
8000 171 is sleeping
8000 172 is thinking
8000 170 is thinking
8000 170 has taken a fork
8000 167 is sleeping
8000 169 is sleeping
8000 162 is thinking
8000 162 has taken a fork
8000 163 is sleeping
8000 170 has taken a fork
8000 170 is eating
8000 164 has taken a fork
8000 164 is eating
8000 174 is thinking
8000 173 is sleeping
8000 172 has taken a fork
8000 172 has taken a fork
8000 172 is eating
8000 166 has taken a fork
8000 166 has taken a fork
8000 166 is eating
8000 161 is sleeping
8000 160 has taken a fork
8000 160 has taken a fork
8000 162 has taken a fork
8000 162 is eating
8000 160 is eating
8000 168 is thinking
8000 168 has taken a fork
8000 168 has taken a fork
8000 168 is eating
8001 36 is sleeping
8001 23 is thinking
8001 190 is thinking
8001 180 is thinking
8001 179 is sleeping
8001 18 is sleeping
8001 5 is thinking
8001 11 is thinking
8001 195 is sleeping
8001 33 is thinking
8001 15 is thinking
8001 48 is sleeping
8001 20 is sleeping
8001 49 is thinking
8001 49 has taken a fork
8001 40 is sleeping
8001 184 is thinking
8001 198 is thinking
8001 10 is sleeping
8001 11 has taken a fork
8001 42 is sleeping
8001 31 is thinking
8001 13 is thinking
8001 47 is thinking
8001 191 is sleeping
8001 13 has taken a fork
8001 175 is sleeping
8001 6 is sleeping
8001 174 has taken a fork
8001 174 has taken a fork
8001 183 is sleeping
8001 193 is sleeping
8001 181 is sleeping
8001 177 is sleeping
8001 43 is thinking
8001 27 is thinking
8001 28 is sleeping
8001 194 is thinking
8001 43 has taken a fork
8001 43 has taken a fork
8001 27 has taken a fork
8001 194 has taken a fork
8001 176 is thinking
8001 7 is thinking
8001 176 has taken a fork
8001 189 is sleeping
8001 194 has taken a fork
8001 27 has taken a fork
8001 187 is sleeping
8001 176 has taken a fork
8001 44 is sleeping
8001 2 is sleeping
8001 21 is thinking
8001 194 is eating
8001 186 is thinking
8001 41 is thinking
8001 41 has taken a fork
8001 21 has taken a fork
8001 34 is sleeping
8001 186 has taken a fork
8001 25 is thinking
8001 41 has taken a fork
8001 26 is sleeping
8001 3 is thinking
8001 35 is thinking
8001 197 is sleeping
8001 188 is thinking
8001 35 has taken a fork
8001 35 has taken a fork
8001 1 is thinking
8001 35 is eating
8001 1 has taken a fork
8001 1 has taken a fork
8001 1 is eating
8001 21 has taken a fork
8001 21 is eating
8001 41 is eating
8001 11 has taken a fork
8001 11 is eating
8001 43 is eating
8001 38 is sleeping
8001 29 is thinking
8001 198 has taken a fork
8001 16 is sleeping
8001 196 is thinking
8001 198 has taken a fork
8001 199 is sleeping
8001 198 is eating
8001 174 is eating
8001 47 has taken a fork
8001 24 is sleeping
8001 32 is sleeping
8001 25 has taken a fork
8001 37 is thinking
8001 33 has taken a fork
8001 37 has taken a fork
8001 33 has taken a fork
8001 37 has taken a fork
8001 15 has taken a fork
8001 37 is eating
8001 39 is thinking
8001 184 has taken a fork
8001 185 is sleeping
8001 184 has taken a fork
8001 190 has taken a fork
8001 17 is thinking
8001 190 has taken a fork
8001 17 has taken a fork
8001 13 has taken a fork
8001 190 is eating
8001 13 is eating
8001 182 is thinking
8001 30 is sleeping
8001 182 has taken a fork
8001 182 has taken a fork
8001 4 is sleeping
8001 176 is eating
8001 31 has taken a fork
8001 23 has taken a fork
8001 31 has taken a fork
8001 186 has taken a fork
8001 23 has taken a fork
8001 186 is eating
8001 3 has taken a fork
8001 23 is eating
8001 46 is sleeping
8001 45 is thinking
8001 45 has taken a fork
8001 178 is thinking
8001 180 has taken a fork
8001 178 has taken a fork
8001 196 has taken a fork
8001 14 is sleeping
8001 7 has taken a fork
8001 47 has taken a fork
8001 25 has taken a fork
8001 7 has taken a fork
8001 8 is sleeping
8001 188 has taken a fork
8001 188 has taken a fork
8001 188 is eating
8001 184 is eating
8001 17 has taken a fork
8001 17 is eating
8001 27 is eating
8001 5 has taken a fork
8001 5 has taken a fork
8001 5 is eating
8001 182 is eating
8001 22 is sleeping
8001 192 is thinking
8001 192 has taken a fork
8001 192 has taken a fork
8001 192 is eating
8001 31 is eating
8001 3 has taken a fork
8001 3 is eating
8001 29 has taken a fork
8001 29 has taken a fork
8001 29 is eating
8001 12 is sleeping
8001 45 has taken a fork
8001 45 is eating
8001 180 has taken a fork
8001 180 is eating
8001 178 has taken a fork
8001 178 is eating
8001 196 has taken a fork
8001 196 is eating
8001 47 is eating
8001 7 is eating
8001 25 is eating
8001 33 is eating
8001 15 has taken a fork
8001 15 is eating
8001 39 has taken a fork
8001 39 has taken a fork
8001 39 is eating
8001 9 is thinking
8001 9 has taken a fork
8001 9 has taken a fork
8001 9 is eating
8001 19 is thinking
8001 19 has taken a fork
8001 19 has taken a fork
8001 19 is eating
8002 83 is thinking
8002 80 is sleeping
8002 81 is thinking
8002 65 is thinking
8002 98 is sleeping
8002 63 is thinking
8002 104 is sleeping
8002 86 is sleeping
8002 99 is thinking
8002 97 is thinking
8002 60 is sleeping
8002 103 is thinking
8002 61 is thinking
8002 61 has taken a fork
8002 96 is sleeping
8002 89 is thinking
8002 81 has taken a fork
8002 103 has taken a fork
8002 103 has taken a fork
8002 103 is eating
8002 113 is thinking
8002 113 has taken a fork
8002 94 is sleeping
8002 68 is sleeping
8002 113 has taken a fork
8002 113 is eating
8002 112 is sleeping
8002 107 is thinking
8002 78 is sleeping
8002 79 is thinking
8002 75 is thinking
8002 62 is sleeping
8002 110 is sleeping
8002 51 is thinking
8002 64 is sleeping
8002 50 is sleeping
8002 105 is thinking
8002 70 is sleeping
8002 51 has taken a fork
8002 106 is sleeping
8002 92 is sleeping
8002 85 is thinking
8002 51 has taken a fork
8002 77 is thinking
8002 115 is thinking
8002 67 is thinking
8002 71 is thinking
8002 74 is sleeping
8002 55 is thinking
8002 67 has taken a fork
8002 105 has taken a fork
8002 85 has taken a fork
8002 109 is thinking
8002 55 has taken a fork
8002 97 has taken a fork
8002 85 has taken a fork
8002 85 is eating
8002 58 is sleeping
8002 109 has taken a fork
8002 75 has taken a fork
8002 97 has taken a fork
8002 102 is sleeping
8002 101 is thinking
8002 97 is eating
8002 79 has taken a fork
8002 56 is sleeping
8002 65 has taken a fork
8002 65 has taken a fork
8002 63 has taken a fork
8002 63 has taken a fork
8002 63 is eating
8002 49 has taken a fork
8002 81 has taken a fork
8002 49 is eating
8002 81 is eating
8002 115 has taken a fork
8002 89 has taken a fork
8002 89 has taken a fork
8002 89 is eating
8002 67 has taken a fork
8002 67 is eating
8002 87 is thinking
8002 87 has taken a fork
8002 87 has taken a fork
8002 87 is eating
8002 107 has taken a fork
8002 107 has taken a fork
8002 107 is eating
8002 105 has taken a fork
8002 105 is eating
8002 84 is sleeping
8002 109 has taken a fork
8002 109 is eating
8002 99 has taken a fork
8002 99 has taken a fork
8002 99 is eating
8002 95 is thinking
8002 95 has taken a fork
8002 95 has taken a fork
8002 95 is eating
8002 69 is thinking
8002 69 has taken a fork
8002 69 has taken a fork
8002 69 is eating
8002 53 is thinking
8002 53 has taken a fork
8002 53 has taken a fork
8002 53 is eating
8002 91 is thinking
8002 91 has taken a fork
8002 91 has taken a fork
8002 91 is eating
8002 52 is sleeping
8002 66 is sleeping
8002 79 has taken a fork
8002 79 is eating
8002 108 is sleeping
8002 65 is eating
8002 88 is sleeping
8002 51 is eating
8002 100 is sleeping
8002 111 is thinking
8002 111 has taken a fork
8002 111 has taken a fork
8002 111 is eating
8002 114 is sleeping
8002 93 is thinking
8002 93 has taken a fork
8002 93 has taken a fork
8002 93 is eating
8002 83 has taken a fork
8002 83 has taken a fork
8002 83 is eating
8002 90 is sleeping
8002 61 has taken a fork
8002 61 is eating
8002 59 is thinking
8002 59 has taken a fork
8002 57 is thinking
8002 57 has taken a fork
8002 82 is sleeping
8002 76 is sleeping
8002 72 is sleeping
8002 71 has taken a fork
8002 71 has taken a fork
8002 71 is eating
8002 73 is thinking
8002 73 has taken a fork
8002 73 has taken a fork
8002 101 has taken a fork
8002 73 is eating
8002 101 has taken a fork
8002 101 is eating
8002 54 is sleeping
8002 57 has taken a fork
8002 59 has taken a fork
8002 57 is eating
8002 75 has taken a fork
8002 59 is eating
8002 75 is eating
8002 55 has taken a fork
8002 55 is eating
8002 77 has taken a fork
8002 77 has taken a fork
8002 77 is eating
8003 133 is thinking
8003 141 is thinking
8003 140 is sleeping
8003 124 is sleeping
8003 135 is thinking
8003 145 is thinking
8003 129 is thinking
8003 138 is sleeping
8003 118 is sleeping
8003 129 has taken a fork
8003 154 is sleeping
8003 131 is thinking
8003 119 is thinking
8003 149 is thinking
8003 136 is sleeping
8003 119 has taken a fork
8003 119 has taken a fork
8003 149 has taken a fork
8003 152 is sleeping
8003 119 is eating
8003 146 is sleeping
8003 158 is sleeping
8003 143 is thinking
8003 142 is sleeping
8003 121 is thinking
8003 121 has taken a fork
8003 155 is thinking
8003 137 is thinking
8003 116 is sleeping
8003 135 has taken a fork
8003 145 has taken a fork
8003 115 has taken a fork
8003 137 has taken a fork
8003 137 has taken a fork
8003 159 is thinking
8003 143 has taken a fork
8003 120 is sleeping
8003 115 is eating
8003 130 is sleeping
8003 126 is sleeping
8003 143 has taken a fork
8003 134 is sleeping
8003 144 is sleeping
8003 132 is sleeping
8003 125 is thinking
8003 153 is thinking
8003 135 has taken a fork
8003 123 is thinking
8003 155 has taken a fork
8003 125 has taken a fork
8003 153 has taken a fork
8003 153 has taken a fork
8003 153 is eating
8003 143 is eating
8003 139 is thinking
8003 139 has taken a fork
8003 151 is thinking
8003 125 has taken a fork
8003 145 has taken a fork
8003 141 has taken a fork
8003 135 is eating
8003 125 is eating
8003 128 is sleeping
8003 117 is thinking
8003 133 has taken a fork
8003 149 has taken a fork
8003 149 is eating
8003 137 is eating
8003 133 has taken a fork
8003 133 is eating
8003 151 has taken a fork
8003 151 has taken a fork
8003 151 is eating
8003 139 has taken a fork
8003 122 is sleeping
8003 121 has taken a fork
8003 117 has taken a fork
8003 123 has taken a fork
8003 159 has taken a fork
8003 123 has taken a fork
8003 117 has taken a fork
8003 157 is thinking
8003 139 is eating
8003 141 has taken a fork
8003 141 is eating
8003 117 is eating
8003 129 has taken a fork
8003 150 is sleeping
8003 131 has taken a fork
8003 131 has taken a fork
8003 131 is eating
8003 123 is eating
8003 148 is sleeping
8003 129 is eating
8003 147 is thinking
8003 147 has taken a fork
8003 147 has taken a fork
8003 147 is eating
8003 127 is thinking
8003 121 is eating
8003 156 is sleeping
8003 157 has taken a fork
8003 157 has taken a fork
8003 157 is eating
8003 145 is eating
8003 155 has taken a fork
8003 155 is eating
8003 127 has taken a fork
8003 127 has taken a fork
8003 127 is eating
8200 167 is thinking
8200 163 is thinking
8200 161 is thinking
8200 167 has taken a fork
8200 168 is sleeping
8200 167 has taken a fork
8200 167 is eating
8200 165 is thinking
8200 170 is sleeping
8200 166 is sleeping
8200 173 is thinking
8200 164 is sleeping
8200 165 has taken a fork
8200 165 has taken a fork
8200 165 is eating
8200 162 is sleeping
8200 163 has taken a fork
8200 163 has taken a fork
8200 163 is eating
8200 171 is thinking
8200 171 has taken a fork
8200 169 is thinking
8200 169 has taken a fork
8200 169 has taken a fork
8200 169 is eating
8200 160 is sleeping
8200 161 has taken a fork
8200 159 has taken a fork
8200 172 is sleeping
8200 159 is eating
8200 161 has taken a fork
8200 171 has taken a fork
8200 171 is eating
8200 161 is eating
8200 173 has taken a fork
8201 35 is sleeping
8201 185 is thinking
8201 198 is sleeping
8201 182 is sleeping
8201 36 is thinking
8201 46 is thinking
8201 13 is sleeping
8201 30 is thinking
8201 31 is sleeping
8201 11 is sleeping
8201 192 is sleeping
8201 30 has taken a fork
8201 8 is thinking
8201 191 is thinking
8201 7 is sleeping
8201 1 is sleeping
8201 199 is thinking
8201 32 is thinking
8201 19 is sleeping
8201 178 is sleeping
8201 194 is sleeping
8201 18 is thinking
8201 18 has taken a fork
8201 177 is thinking
8201 42 is thinking
8201 39 is sleeping
8201 199 has taken a fork
8201 199 has taken a fork
8201 199 is eating
8201 41 is sleeping
8201 180 is sleeping
8201 188 is sleeping
8201 179 is thinking
8201 179 has taken a fork
8201 179 has taken a fork
8201 183 is thinking
8201 183 has taken a fork
8201 195 is thinking
8201 195 has taken a fork
8201 40 is thinking
8201 40 has taken a fork
8201 47 is sleeping
8201 179 is eating
8201 44 is thinking
8201 6 is thinking
8201 6 has taken a fork
8201 26 is thinking
8201 38 is thinking
8201 46 has taken a fork
8201 38 has taken a fork
8201 21 is sleeping
8201 22 is thinking
8201 25 is sleeping
8201 24 is thinking
8201 24 has taken a fork
8201 15 is sleeping
8201 17 is sleeping
8201 174 is sleeping
8201 33 is sleeping
8201 40 has taken a fork
8201 18 has taken a fork
8201 2 is thinking
8201 44 has taken a fork
8201 40 is eating
8201 38 has taken a fork
8201 18 is eating
8201 29 is sleeping
8201 193 is thinking
8201 197 is thinking
8201 193 has taken a fork
8201 9 is sleeping
8201 45 is sleeping
8201 197 has taken a fork
8201 173 has taken a fork
8201 8 has taken a fork
8201 8 has taken a fork
8201 5 is sleeping
8201 173 is eating
8201 26 has taken a fork
8201 34 is thinking
8201 38 is eating
8201 6 has taken a fork
8201 175 is thinking
8201 34 has taken a fork
8201 181 is thinking
8201 181 has taken a fork
8201 6 is eating
8201 14 is thinking
8201 175 has taken a fork
8201 44 has taken a fork
8201 8 is eating
8201 27 is sleeping
8201 22 has taken a fork
8201 23 is sleeping
8201 22 has taken a fork
8201 20 is thinking
8201 48 is thinking
8201 26 has taken a fork
8201 20 has taken a fork
8201 14 has taken a fork
8201 46 has taken a fork
8201 20 has taken a fork
8201 189 is thinking
8201 190 is sleeping
8201 12 is thinking
8201 46 is eating
8201 197 has taken a fork
8201 14 has taken a fork
8201 197 is eating
8201 44 is eating
8201 12 has taken a fork
8201 26 is eating
8201 28 is thinking
8201 189 has taken a fork
8201 24 has taken a fork
8201 186 is sleeping
8201 196 is sleeping
8201 177 has taken a fork
8201 189 has taken a fork
8201 14 is eating
8201 191 has taken a fork
8201 191 has taken a fork
8201 191 is eating
8201 177 has taken a fork
8201 36 has taken a fork
8201 181 has taken a fork
8201 195 has taken a fork
8201 195 is eating
8201 36 has taken a fork
8201 36 is eating
8201 187 is thinking
8201 37 is sleeping
8201 187 has taken a fork
8201 187 has taken a fork
8201 187 is eating
8201 20 is eating
8201 189 is eating
8201 34 has taken a fork
8201 28 has taken a fork
8201 184 is sleeping
8201 24 is eating
8201 177 is eating
8201 42 has taken a fork
8201 42 has taken a fork
8201 42 is eating
8201 181 is eating
8201 4 is thinking
8201 3 is sleeping
8201 16 is thinking
8201 22 is eating
8201 16 has taken a fork
8201 16 has taken a fork
8201 16 is eating
8201 183 has taken a fork
8201 43 is sleeping
8201 183 is eating
8201 176 is sleeping
8201 175 has taken a fork
8201 2 has taken a fork
8201 193 has taken a fork
8201 32 has taken a fork
8201 193 is eating
8201 32 has taken a fork
8201 12 has taken a fork
8201 32 is eating
8201 12 is eating
8201 28 has taken a fork
8201 28 is eating
8201 2 has taken a fork
8201 10 is thinking
8201 10 has taken a fork
8201 10 has taken a fork
8201 10 is eating
8201 34 is eating
8201 2 is eating
8201 175 is eating
8201 185 has taken a fork
8201 185 has taken a fork
8201 185 is eating
8201 4 has taken a fork
8201 4 has taken a fork
8201 4 is eating
8201 30 has taken a fork
8201 30 is eating
8202 61 is sleeping
8202 66 is thinking
8202 93 is sleeping
8202 60 is thinking
8202 104 is thinking
8202 77 is sleeping
8202 91 is sleeping
8202 82 is thinking
8202 82 has taken a fork
8202 110 is thinking
8202 98 is thinking
8202 82 has taken a fork
8202 86 is thinking
8202 112 is thinking
8202 82 is eating
8202 86 has taken a fork
8202 111 is sleeping
8202 80 is thinking
8202 81 is sleeping
8202 88 is thinking
8202 87 is sleeping
8202 50 is thinking
8202 86 has taken a fork
8202 86 is eating
8202 78 is thinking
8202 80 has taken a fork
8202 95 is sleeping
8202 58 is thinking
8202 60 has taken a fork
8202 104 has taken a fork
8202 71 is sleeping
8202 57 is sleeping
8202 53 is sleeping
8202 85 is sleeping
8202 68 is thinking
8202 70 is thinking
8202 70 has taken a fork
8202 97 is sleeping
8202 98 has taken a fork
8202 55 is sleeping
8202 90 is thinking
8202 98 has taken a fork
8202 98 is eating
8202 75 is sleeping
8202 54 is thinking
8202 89 is sleeping
8202 67 is sleeping
8202 64 is thinking
8202 101 is sleeping
8202 54 has taken a fork
8202 54 has taken a fork
8202 66 has taken a fork
8202 83 is sleeping
8202 100 is thinking
8202 88 has taken a fork
8202 54 is eating
8202 72 is thinking
8202 100 has taken a fork
8202 103 is sleeping
8202 79 is sleeping
8202 100 has taken a fork
8202 88 has taken a fork
8202 80 has taken a fork
8202 80 is eating
8202 73 is sleeping
8202 84 is thinking
8202 59 is sleeping
8202 106 is thinking
8202 109 is sleeping
8202 104 has taken a fork
8202 99 is sleeping
8202 104 is eating
8202 60 has taken a fork
8202 110 has taken a fork
8202 114 is thinking
8202 64 has taken a fork
8202 113 is sleeping
8202 60 is eating
8202 63 is sleeping
8202 56 is thinking
8202 66 has taken a fork
8202 76 is thinking
8202 56 has taken a fork
8202 66 is eating
8202 107 is sleeping
8202 88 is eating
8202 69 is sleeping
8202 96 is thinking
8202 112 has taken a fork
8202 49 is sleeping
8202 94 is thinking
8202 78 has taken a fork
8202 51 is sleeping
8202 78 has taken a fork
8202 94 has taken a fork
8202 94 has taken a fork
8202 84 has taken a fork
8202 56 has taken a fork
8202 105 is sleeping
8202 56 is eating
8202 58 has taken a fork
8202 76 has taken a fork
8202 48 has taken a fork
8202 65 is sleeping
8202 76 has taken a fork
8202 106 has taken a fork
8202 92 is thinking
8202 78 is eating
8202 76 is eating
8202 92 has taken a fork
8202 112 has taken a fork
8202 102 is thinking
8202 94 is eating
8202 112 is eating
8202 74 is thinking
8202 108 is thinking
8202 58 has taken a fork
8202 74 has taken a fork
8202 108 has taken a fork
8202 58 is eating
8202 68 has taken a fork
8202 48 has taken a fork
8202 68 has taken a fork
8202 50 has taken a fork
8202 48 is eating
8202 64 has taken a fork
8202 96 has taken a fork
8202 102 has taken a fork
8202 108 has taken a fork
8202 74 has taken a fork
8202 84 has taken a fork
8202 108 is eating
8202 64 is eating
8202 50 has taken a fork
8202 50 is eating
8202 96 has taken a fork
8202 96 is eating
8202 62 is thinking
8202 62 has taken a fork
8202 62 has taken a fork
8202 62 is eating
8202 102 has taken a fork
8202 102 is eating
8202 72 has taken a fork
8202 72 has taken a fork
8202 72 is eating
8202 74 is eating
8202 106 has taken a fork
8202 106 is eating
8202 68 is eating
8202 90 has taken a fork
8202 90 has taken a fork
8202 90 is eating
8202 84 is eating
8202 52 is thinking
8202 52 has taken a fork
8202 52 has taken a fork
8202 52 is eating
8202 92 has taken a fork
8202 92 is eating
8202 110 has taken a fork
8202 110 is eating
8202 100 is eating
8202 70 has taken a fork
8202 70 is eating
8203 117 is sleeping
8203 122 is thinking
8203 118 is thinking
8203 149 is sleeping
8203 147 is sleeping
8203 158 is thinking
8203 137 is sleeping
8203 139 is sleeping
8203 133 is sleeping
8203 153 is sleeping
8203 129 is sleeping
8203 132 is thinking
8203 140 is thinking
8203 132 has taken a fork
8203 121 is sleeping
8203 138 is thinking
8203 123 is sleeping
8203 138 has taken a fork
8203 151 is sleeping
8203 122 has taken a fork
8203 122 has taken a fork
8203 122 is eating
8203 125 is sleeping
8203 124 is thinking
8203 124 has taken a fork
8203 138 has taken a fork
8203 138 is eating
8203 124 has taken a fork
8203 124 is eating
8203 155 is sleeping
8203 148 is thinking
8203 154 is thinking
8203 144 is thinking
8203 130 is thinking
8203 134 is thinking
8203 127 is sleeping
8203 141 is sleeping
8203 134 has taken a fork
8203 142 is thinking
8203 118 has taken a fork
8203 134 has taken a fork
8203 134 is eating
8203 142 has taken a fork
8203 142 has taken a fork
8203 142 is eating
8203 148 has taken a fork
8203 118 has taken a fork
8203 136 is thinking
8203 146 is thinking
8203 154 has taken a fork
8203 148 has taken a fork
8203 118 is eating
8203 144 has taken a fork
8203 136 has taken a fork
8203 146 has taken a fork
8203 146 has taken a fork
8203 146 is eating
8203 140 has taken a fork
8203 128 is thinking
8203 152 is thinking
8203 136 has taken a fork
8203 143 is sleeping
8203 150 is thinking
8203 128 has taken a fork
8203 131 is sleeping
8203 145 is sleeping
8203 157 is sleeping
8203 128 has taken a fork
8203 126 is thinking
8203 120 is thinking
8203 150 has taken a fork
8203 119 is sleeping
8203 136 is eating
8203 120 has taken a fork
8203 152 has taken a fork
8203 120 has taken a fork
8203 132 has taken a fork
8203 126 has taken a fork
8203 148 is eating
8203 132 is eating
8203 150 has taken a fork
8203 114 has taken a fork
8203 126 has taken a fork
8203 150 is eating
8203 152 has taken a fork
8203 140 has taken a fork
8203 114 has taken a fork
8203 140 is eating
8203 128 is eating
8203 120 is eating
8203 154 has taken a fork
8203 154 is eating
8203 144 has taken a fork
8203 144 is eating
8203 114 is eating
8203 152 is eating
8203 116 is thinking
8203 116 has taken a fork
8203 116 has taken a fork
8203 116 is eating
8203 135 is sleeping
8203 130 has taken a fork
8203 130 has taken a fork
8203 130 is eating
8203 115 is sleeping
8203 156 is thinking
8203 156 has taken a fork
8203 156 has taken a fork
8203 156 is eating
8203 126 is eating
8400 169 is sleeping
8400 164 is thinking
8400 162 is thinking
8400 161 is sleeping
8400 159 is sleeping
8400 171 is sleeping
8400 158 has taken a fork
8400 172 is thinking
8400 166 is thinking
8400 165 is sleeping
8400 158 has taken a fork
8400 158 is eating
8400 163 is sleeping
8400 160 is thinking
8400 160 has taken a fork
8400 160 has taken a fork
8400 160 is eating
8400 164 has taken a fork
8400 162 has taken a fork
8400 170 is thinking
8400 170 has taken a fork
8400 170 has taken a fork
8400 170 is eating
8400 162 has taken a fork
8400 162 is eating
8400 164 has taken a fork
8400 164 is eating
8400 167 is sleeping
8400 168 is thinking
8400 168 has taken a fork
8400 168 has taken a fork
8400 166 has taken a fork
8400 168 is eating
8400 166 has taken a fork
8400 166 is eating
8401 18 is sleeping
8401 39 is thinking
8401 188 is thinking
8401 45 is thinking
8401 176 is thinking
8401 44 is sleeping
8401 7 is thinking
8401 45 has taken a fork
8401 177 is sleeping
8401 187 is sleeping
8401 28 is sleeping
8401 35 is thinking
8401 199 is sleeping
8401 185 is sleeping
8401 173 is sleeping
8401 182 is thinking
8401 182 has taken a fork
8401 10 is sleeping
8401 42 is sleeping
8401 174 is thinking
8401 180 is thinking
8401 46 is sleeping
8401 6 is sleeping
8401 40 is sleeping
8401 30 is sleeping
8401 17 is thinking
8401 31 is thinking
8401 17 has taken a fork
8401 20 is sleeping
8401 45 has taken a fork
8401 3 is thinking
8401 175 is sleeping
8401 17 has taken a fork
8401 45 is eating
8401 9 is thinking
8401 17 is eating
8401 15 is thinking
8401 181 is sleeping
8401 34 is sleeping
8401 19 is thinking
8401 19 has taken a fork
8401 19 has taken a fork
8401 1 is thinking
8401 189 is sleeping
8401 19 is eating
8401 172 has taken a fork
8401 195 is sleeping
8401 8 is sleeping
8401 1 has taken a fork
8401 41 is thinking
8401 179 is sleeping
8401 192 is thinking
8401 192 has taken a fork
8401 172 has taken a fork
8401 14 is sleeping
8401 41 has taken a fork
8401 194 is thinking
8401 29 is thinking
8401 194 has taken a fork
8401 194 has taken a fork
8401 194 is eating
8401 188 has taken a fork
8401 29 has taken a fork
8401 23 is thinking
8401 22 is sleeping
8401 174 has taken a fork
8401 188 has taken a fork
8401 39 has taken a fork
8401 23 has taken a fork
8401 188 is eating
8401 174 has taken a fork
8401 182 has taken a fork
8401 193 is sleeping
8401 9 has taken a fork
8401 15 has taken a fork
8401 39 has taken a fork
8401 182 is eating
8401 3 has taken a fork
8401 36 is sleeping
8401 38 is sleeping
8401 31 has taken a fork
8401 33 is thinking
8401 196 is thinking
8401 25 is thinking
8401 39 is eating
8401 4 is sleeping
8401 33 has taken a fork
8401 186 is thinking
8401 9 has taken a fork
8401 33 has taken a fork
8401 184 is thinking
8401 15 has taken a fork
8401 198 is thinking
8401 184 has taken a fork
8401 21 is thinking
8401 33 is eating
8401 198 has taken a fork
8401 12 is sleeping
8401 172 is eating
8401 184 has taken a fork
8401 184 is eating
8401 35 has taken a fork
8401 183 is sleeping
8401 47 is thinking
8401 197 is sleeping
8401 47 has taken a fork
8401 29 has taken a fork
8401 186 has taken a fork
8401 180 has taken a fork
8401 25 has taken a fork
8401 190 is thinking
8401 43 is thinking
8401 23 has taken a fork
8401 9 is eating
8401 31 has taken a fork
8401 43 has taken a fork
8401 174 is eating
8401 23 is eating
8401 15 is eating
8401 11 is thinking
8401 21 has taken a fork
8401 24 is sleeping
8401 43 has taken a fork
8401 43 is eating
8401 35 has taken a fork
8401 29 is eating
8401 21 has taken a fork
8401 21 is eating
8401 37 is thinking
8401 186 has taken a fork
8401 37 has taken a fork
8401 3 has taken a fork
8401 191 is sleeping
8401 3 is eating
8401 13 is thinking
8401 186 is eating
8401 13 has taken a fork
8401 31 is eating
8401 180 has taken a fork
8401 16 is sleeping
8401 7 has taken a fork
8401 27 is thinking
8401 5 is thinking
8401 37 has taken a fork
8401 35 is eating
8401 37 is eating
8401 41 has taken a fork
8401 2 is sleeping
8401 192 has taken a fork
8401 32 is sleeping
8401 5 has taken a fork
8401 192 is eating
8401 176 has taken a fork
8401 176 has taken a fork
8401 178 is thinking
8401 176 is eating
8401 180 is eating
8401 7 has taken a fork
8401 11 has taken a fork
8401 7 is eating
8401 11 has taken a fork
8401 5 has taken a fork
8401 190 has taken a fork
8401 190 has taken a fork
8401 190 is eating
8401 26 is sleeping
8401 178 has taken a fork
8401 25 has taken a fork
8401 41 is eating
8401 1 has taken a fork
8401 5 is eating
8401 25 is eating
8401 198 has taken a fork
8401 27 has taken a fork
8401 178 has taken a fork
8401 178 is eating
8401 11 is eating
8401 196 has taken a fork
8401 196 has taken a fork
8401 196 is eating
8401 27 has taken a fork
8401 27 is eating
8401 1 is eating
8401 198 is eating
8401 13 has taken a fork
8401 13 is eating
8402 73 is thinking
8402 100 is sleeping
8402 54 is sleeping
8402 103 is thinking
8402 80 is sleeping
8402 101 is thinking
8402 109 is thinking
8402 97 is thinking
8402 97 has taken a fork
8402 97 has taken a fork
8402 109 has taken a fork
8402 97 is eating
8402 99 is thinking
8402 78 is sleeping
8402 99 has taken a fork
8402 75 is thinking
8402 50 is sleeping
8402 75 has taken a fork
8402 75 has taken a fork
8402 61 is thinking
8402 96 is sleeping
8402 75 is eating
8402 64 is sleeping
8402 66 is sleeping
8402 84 is sleeping
8402 104 is sleeping
8402 101 has taken a fork
8402 48 is sleeping
8402 93 is thinking
8402 55 is thinking
8402 59 is thinking
8402 91 is thinking
8402 89 is thinking
8402 89 has taken a fork
8402 95 is thinking
8402 52 is sleeping
8402 70 is sleeping
8402 53 is thinking
8402 92 is sleeping
8402 105 is thinking
8402 62 is sleeping
8402 111 is thinking
8402 93 has taken a fork
8402 93 has taken a fork
8402 93 is eating
8402 72 is sleeping
8402 76 is sleeping
8402 108 is sleeping
8402 86 is sleeping
8402 103 has taken a fork
8402 59 has taken a fork
8402 73 has taken a fork
8402 95 has taken a fork
8402 59 has taken a fork
8402 95 has taken a fork
8402 95 is eating
8402 57 is thinking
8402 73 has taken a fork
8402 87 is thinking
8402 49 is thinking
8402 73 is eating
8402 82 is sleeping
8402 89 has taken a fork
8402 49 has taken a fork
8402 61 has taken a fork
8402 49 has taken a fork
8402 89 is eating
8402 61 has taken a fork
8402 98 is sleeping
8402 63 is thinking
8402 83 is thinking
8402 65 is thinking
8402 91 has taken a fork
8402 99 has taken a fork
8402 55 has taken a fork
8402 79 is thinking
8402 71 is thinking
8402 55 has taken a fork
8402 79 has taken a fork
8402 53 has taken a fork
8402 110 is sleeping
8402 79 has taken a fork
8402 53 has taken a fork
8402 85 is thinking
8402 79 is eating
8402 111 has taken a fork
8402 85 has taken a fork
8402 88 is sleeping
8402 102 is sleeping
8402 74 is sleeping
8402 58 is sleeping
8402 103 has taken a fork
8402 59 is eating
8402 103 is eating
8402 109 has taken a fork
8402 90 is sleeping
8402 77 is thinking
8402 87 has taken a fork
8402 113 is thinking
8402 107 is thinking
8402 113 has taken a fork
8402 87 has taken a fork
8402 61 is eating
8402 87 is eating
8402 63 has taken a fork
8402 112 is sleeping
8402 63 has taken a fork
8402 83 has taken a fork
8402 49 is eating
8402 63 is eating
8402 106 is sleeping
8402 99 is eating
8402 51 is thinking
8402 51 has taken a fork
8402 47 has taken a fork
8402 51 has taken a fork
8402 55 is eating
8402 71 has taken a fork
8402 53 is eating
8402 71 has taken a fork
8402 71 is eating
8402 101 has taken a fork
8402 111 has taken a fork
8402 101 is eating
8402 69 is thinking
8402 69 has taken a fork
8402 109 is eating
8402 94 is sleeping
8402 69 has taken a fork
8402 77 has taken a fork
8402 69 is eating
8402 77 has taken a fork
8402 57 has taken a fork
8402 56 is sleeping
8402 83 has taken a fork
8402 91 has taken a fork
8402 83 is eating
8402 91 is eating
8402 47 is eating
8402 51 is eating
8402 60 is sleeping
8402 105 has taken a fork
8402 111 is eating
8402 105 has taken a fork
8402 105 is eating
8402 85 has taken a fork
8402 68 is sleeping
8402 85 is eating
8402 67 is thinking
8402 77 is eating
8402 107 has taken a fork
8402 81 is thinking
8402 107 has taken a fork
8402 107 is eating
8402 57 has taken a fork
8402 67 has taken a fork
8402 57 is eating
8402 65 has taken a fork
8402 67 has taken a fork
8402 65 has taken a fork
8402 81 has taken a fork
8402 67 is eating
8402 81 has taken a fork
8402 81 is eating
8402 65 is eating
8403 120 is sleeping
8403 155 is thinking
8403 128 is sleeping
8403 142 is sleeping
8403 138 is sleeping
8403 141 is thinking
8403 137 is thinking
8403 115 is thinking
8403 126 is sleeping
8403 143 is thinking
8403 121 is thinking
8403 129 is thinking
8403 151 is thinking
8403 127 is thinking
8403 143 has taken a fork
8403 121 has taken a fork
8403 140 is sleeping
8403 148 is sleeping
8403 145 is thinking
8403 131 is thinking
8403 150 is sleeping
8403 154 is sleeping
8403 151 has taken a fork
8403 153 is thinking
8403 113 has taken a fork
8403 122 is sleeping
8403 141 has taken a fork
8403 118 is sleeping
8403 134 is sleeping
8403 130 is sleeping
8403 113 is eating
8403 116 is sleeping
8403 153 has taken a fork
8403 153 has taken a fork
8403 153 is eating
8403 127 has taken a fork
8403 127 has taken a fork
8403 127 is eating
8403 141 has taken a fork
8403 141 is eating
8403 123 is thinking
8403 123 has taken a fork
8403 123 has taken a fork
8403 123 is eating
8403 115 has taken a fork
8403 115 has taken a fork
8403 115 is eating
8403 124 is sleeping
8403 137 has taken a fork
8403 137 has taken a fork
8403 137 is eating
8403 155 has taken a fork
8403 155 has taken a fork
8403 155 is eating
8403 132 is sleeping
8403 147 is thinking
8403 147 has taken a fork
8403 147 has taken a fork
8403 147 is eating
8403 114 is sleeping
8403 151 has taken a fork
8403 151 is eating
8403 129 has taken a fork
8403 129 has taken a fork
8403 129 is eating
8403 135 is thinking
8403 135 has taken a fork
8403 135 has taken a fork
8403 135 is eating
8403 157 is thinking
8403 157 has taken a fork
8403 152 is sleeping
8403 146 is sleeping
8403 156 is sleeping
8403 144 is sleeping
8403 117 is thinking
8403 117 has taken a fork
8403 117 has taken a fork
8403 117 is eating
8403 143 has taken a fork
8403 143 is eating
8403 136 is sleeping
8403 131 has taken a fork
8403 131 has taken a fork
8403 131 is eating
8403 133 is thinking
8403 133 has taken a fork
8403 133 has taken a fork
8403 133 is eating
8403 149 is thinking
8403 149 has taken a fork
8403 149 has taken a fork
8403 149 is eating
8403 145 has taken a fork
8403 145 has taken a fork
8403 145 is eating
8404 121 has taken a fork
8404 121 is eating
8404 139 is thinking
8404 139 has taken a fork
8404 139 has taken a fork
8404 139 is eating
8404 125 is thinking
8404 125 has taken a fork
8404 125 has taken a fork
8404 125 is eating
8404 119 is thinking
8404 119 has taken a fork
8404 119 has taken a fork
8404 119 is eating
8600 168 is sleeping
8600 163 is thinking
8600 158 is sleeping
8600 159 is thinking
8600 157 has taken a fork
8600 157 is eating
8600 159 has taken a fork
8600 165 is thinking
8600 164 is sleeping
8600 160 is sleeping
8600 167 is thinking
8600 171 is thinking
8600 159 has taken a fork
8600 162 is sleeping
8600 171 has taken a fork
8600 165 has taken a fork
8600 159 is eating
8600 170 is sleeping
8600 165 has taken a fork
8600 165 is eating
8600 166 is sleeping
8600 163 has taken a fork
8600 161 is thinking
8600 163 has taken a fork
8600 167 has taken a fork
8600 167 has taken a fork
8600 163 is eating
8600 169 is thinking
8600 161 has taken a fork
8600 169 has taken a fork
8600 169 has taken a fork
8600 169 is eating
8600 167 is eating
8600 161 has taken a fork
8600 161 is eating
8601 183 is thinking
8601 1 is sleeping
8601 186 is sleeping
8601 192 is sleeping
8601 172 is sleeping
8601 9 is sleeping
8601 171 has taken a fork
8601 171 is eating
8601 198 is sleeping
8601 37 is sleeping
8601 190 is sleeping
8601 12 is thinking
8601 28 is thinking
8601 176 is sleeping
8601 33 is sleeping
8601 199 is thinking
8601 39 is sleeping
8601 41 is sleeping
8601 184 is sleeping
8601 199 has taken a fork
8601 199 has taken a fork
8601 199 is eating
8601 17 is sleeping
8601 29 is sleeping
8601 197 is thinking
8601 27 is sleeping
8601 177 is thinking
8601 10 is thinking
8601 2 is thinking
8601 177 has taken a fork
8601 177 has taken a fork
8601 180 is sleeping
8601 5 is sleeping
8601 177 is eating
8601 32 is thinking
8601 35 is sleeping
8601 174 is sleeping
8601 196 is sleeping
8601 19 is sleeping
8601 16 is thinking
8601 23 is sleeping
8601 197 has taken a fork
8601 188 is sleeping
8601 197 has taken a fork
8601 14 is thinking
8601 6 is thinking
8601 21 is sleeping
8601 182 is sleeping
8601 10 has taken a fork
8601 187 is thinking
8601 178 is sleeping
8601 185 is thinking
8601 187 has taken a fork
8601 185 has taken a fork
8601 46 is thinking
8601 8 is thinking
8601 2 has taken a fork
8601 185 has taken a fork
8601 2 has taken a fork
8601 40 is thinking
8601 8 has taken a fork
8601 36 is thinking
8601 40 has taken a fork
8601 31 is sleeping
8601 8 has taken a fork
8601 12 has taken a fork
8601 8 is eating
8601 36 has taken a fork
8601 36 has taken a fork
8601 36 is eating
8601 189 is thinking
8601 189 has taken a fork
8601 189 has taken a fork
8601 189 is eating
8601 30 is thinking
8601 30 has taken a fork
8601 30 has taken a fork
8601 30 is eating
8601 11 is sleeping
8601 32 has taken a fork
8601 32 has taken a fork
8601 32 is eating
8601 45 is sleeping
8601 175 is thinking
8601 175 has taken a fork
8601 175 has taken a fork
8601 175 is eating
8601 15 is sleeping
8601 16 has taken a fork
8601 16 has taken a fork
8601 16 is eating
8601 22 is thinking
8601 22 has taken a fork
8601 22 has taken a fork
8601 22 is eating
8601 197 is eating
8601 173 is thinking
8601 173 has taken a fork
8601 173 has taken a fork
8601 173 is eating
8601 7 is sleeping
8601 6 has taken a fork
8601 6 has taken a fork
8601 6 is eating
8601 14 has taken a fork
8601 14 has taken a fork
8601 14 is eating
8601 44 is thinking
8601 44 has taken a fork
8601 44 has taken a fork
8601 44 is eating
8601 183 has taken a fork
8601 183 has taken a fork
8601 183 is eating
8601 24 is thinking
8601 24 has taken a fork
8601 24 has taken a fork
8601 24 is eating
8601 3 is sleeping
8601 4 is thinking
8601 4 has taken a fork
8601 4 has taken a fork
8601 4 is eating
8601 187 has taken a fork
8601 187 is eating
8601 191 is thinking
8601 191 has taken a fork
8601 191 has taken a fork
8601 191 is eating
8601 10 has taken a fork
8601 10 is eating
8601 181 is thinking
8601 181 has taken a fork
8601 181 has taken a fork
8601 181 is eating
8601 195 is thinking
8601 195 has taken a fork
8601 195 has taken a fork
8601 195 is eating
8601 38 is thinking
8601 38 has taken a fork
8601 38 has taken a fork
8601 38 is eating
8601 2 is eating
8601 185 is eating
8601 13 is sleeping
8601 26 is thinking
8601 26 has taken a fork
8601 26 has taken a fork
8601 26 is eating
8601 179 is thinking
8601 179 has taken a fork
8601 179 has taken a fork
8601 179 is eating
8601 20 is thinking
8601 20 has taken a fork
8601 20 has taken a fork
8601 20 is eating
8601 40 has taken a fork
8601 40 is eating
8601 193 is thinking
8601 193 has taken a fork
8601 193 has taken a fork
8601 193 is eating
8601 18 is thinking
8601 18 has taken a fork
8601 18 has taken a fork
8601 18 is eating
8601 12 has taken a fork
8601 12 is eating
8601 42 is thinking
8601 42 has taken a fork
8601 42 has taken a fork
8601 42 is eating
8601 25 is sleeping
8601 43 is sleeping
8601 28 has taken a fork
8601 28 has taken a fork
8601 28 is eating
8601 34 is thinking
8601 34 has taken a fork
8601 34 has taken a fork
8601 34 is eating
8601 194 is sleeping
8602 94 is thinking
8602 49 is sleeping
8602 111 is sleeping
8602 63 is sleeping
8602 87 is sleeping
8602 58 is thinking
8602 75 is sleeping
8602 71 is sleeping
8602 74 is thinking
8602 50 is thinking
8602 92 is thinking
8602 93 is sleeping
8602 92 has taken a fork
8602 74 has taken a fork
8602 61 is sleeping
8602 85 is sleeping
8602 56 is thinking
8602 69 is sleeping
8602 108 is thinking
8602 104 is thinking
8602 48 is thinking
8602 48 has taken a fork
8602 106 is thinking
8602 76 is thinking
8602 109 is sleeping
8602 106 has taken a fork
8602 78 is thinking
8602 57 is sleeping
8602 108 has taken a fork
8602 59 is sleeping
8602 83 is sleeping
8602 99 is sleeping
8602 72 is thinking
8602 86 is thinking
8602 86 has taken a fork
8602 86 has taken a fork
8602 112 is thinking
8602 95 is sleeping
8602 100 is thinking
8602 97 is sleeping
8602 86 is eating
8602 110 is thinking
8602 82 is thinking
8602 103 is sleeping
8602 55 is sleeping
8602 84 is thinking
8602 77 is sleeping
8602 81 is sleeping
8602 94 has taken a fork
8602 108 has taken a fork
8602 47 is sleeping
8602 58 has taken a fork
8602 84 has taken a fork
8602 108 is eating
8602 62 is thinking
8602 60 is thinking
8602 84 has taken a fork
8602 107 is sleeping
8602 58 has taken a fork
8602 62 has taken a fork
8602 58 is eating
8602 48 has taken a fork
8602 66 is thinking
8602 53 is sleeping
8602 84 is eating
8602 104 has taken a fork
8602 96 is thinking
8602 82 has taken a fork
8602 48 is eating
8602 76 has taken a fork
8602 76 has taken a fork
8602 82 has taken a fork
8602 82 is eating
8602 104 has taken a fork
8602 104 is eating
8602 60 has taken a fork
8602 60 has taken a fork
8602 60 is eating
8602 96 has taken a fork
8602 70 is thinking
8602 70 has taken a fork
8602 88 is thinking
8602 88 has taken a fork
8602 88 has taken a fork
8602 88 is eating
8602 65 is sleeping
8602 105 is sleeping
8602 46 has taken a fork
8602 46 has taken a fork
8602 46 is eating
8602 110 has taken a fork
8602 110 has taken a fork
8602 110 is eating
8602 72 has taken a fork
8602 72 has taken a fork
8602 72 is eating
8602 76 is eating
8602 90 is thinking
8602 90 has taken a fork
8602 90 has taken a fork
8602 90 is eating
8602 67 is sleeping
8602 92 has taken a fork
8602 92 is eating
8602 101 is sleeping
8602 94 has taken a fork
8602 94 is eating
8602 80 is thinking
8602 80 has taken a fork
8602 80 has taken a fork
8602 80 is eating
8602 64 is thinking
8602 64 has taken a fork
8602 64 has taken a fork
8602 64 is eating
8602 79 is sleeping
8602 56 has taken a fork
8602 56 has taken a fork
8602 56 is eating
8602 100 has taken a fork
8602 100 has taken a fork
8602 100 is eating
8602 51 is sleeping
8602 98 is thinking
8602 98 has taken a fork
8602 98 has taken a fork
8602 98 is eating
8602 91 is sleeping
8602 66 has taken a fork
8602 66 has taken a fork
8602 66 is eating
8602 73 is sleeping
8602 54 is thinking
8602 54 has taken a fork
8602 54 has taken a fork
8602 54 is eating
8602 50 has taken a fork
8602 50 has taken a fork
8602 50 is eating
8602 102 is thinking
8602 102 has taken a fork
8602 102 has taken a fork
8602 102 is eating
8602 78 has taken a fork
8602 78 has taken a fork
8602 78 is eating
8602 106 has taken a fork
8602 106 is eating
8602 68 is thinking
8602 68 has taken a fork
8602 68 has taken a fork
8602 68 is eating
8602 74 has taken a fork
8602 74 is eating
8602 62 has taken a fork
8602 62 is eating
8602 96 has taken a fork
8602 96 is eating
8602 70 has taken a fork
8602 70 is eating
8602 52 is thinking
8602 52 has taken a fork
8602 52 has taken a fork
8602 52 is eating
8602 89 is sleeping
8603 134 is thinking
8603 145 is sleeping
8603 135 is sleeping
8603 134 has taken a fork
8603 130 is thinking
8603 132 is thinking
8603 151 is sleeping
8603 123 is sleeping
8603 153 is sleeping
8603 115 is sleeping
8603 143 is sleeping
8603 117 is sleeping
8603 149 is sleeping
8603 142 is thinking
8603 126 is thinking
8603 142 has taken a fork
8603 114 is thinking
8603 126 has taken a fork
8603 140 is thinking
8603 138 is thinking
8603 144 is thinking
8603 146 is thinking
8603 148 is thinking
8603 136 is thinking
8603 148 has taken a fork
8603 144 has taken a fork
8603 128 is thinking
8603 142 has taken a fork
8603 124 is thinking
8603 154 is thinking
8603 148 has taken a fork
8603 113 is sleeping
8603 142 is eating
8603 130 has taken a fork
8603 148 is eating
8603 128 has taken a fork
8603 140 has taken a fork
8603 131 is sleeping
8603 128 has taken a fork
8603 146 has taken a fork
8603 144 has taken a fork
8603 128 is eating
8603 120 is thinking
8603 144 is eating
8603 118 is thinking
8603 155 is sleeping
8603 147 is sleeping
8603 112 has taken a fork
8603 136 has taken a fork
8603 136 has taken a fork
8603 136 is eating
8603 141 is sleeping
8603 150 is thinking
8603 150 has taken a fork
8603 150 has taken a fork
8603 150 is eating
8603 114 has taken a fork
8603 127 is sleeping
8603 114 has taken a fork
8603 122 is thinking
8603 134 has taken a fork
8603 130 has taken a fork
8603 114 is eating
8603 134 is eating
8603 122 has taken a fork
8603 130 is eating
8603 154 has taken a fork
8603 112 has taken a fork
8603 146 has taken a fork
8603 146 is eating
8603 116 is thinking
8603 112 is eating
8603 133 is sleeping
8603 152 is thinking
8603 137 is sleeping
8603 154 has taken a fork
8603 154 is eating
8603 132 has taken a fork
8603 129 is sleeping
8603 132 has taken a fork
8603 132 is eating
8603 152 has taken a fork
8603 152 has taken a fork
8603 152 is eating
8603 156 is thinking
8603 116 has taken a fork
8603 116 has taken a fork
8603 116 is eating
8604 139 is sleeping
8604 140 has taken a fork
8604 140 is eating
8604 119 is sleeping
8604 138 has taken a fork
8604 138 has taken a fork
8604 138 is eating
8604 125 is sleeping
8604 120 has taken a fork
8604 121 is sleeping
8604 124 has taken a fork
8604 124 has taken a fork
8604 122 has taken a fork
8604 122 is eating
8604 124 is eating
8604 120 has taken a fork
8604 120 is eating
8604 118 has taken a fork
8604 118 has taken a fork
8604 118 is eating
8604 126 has taken a fork
8604 126 is eating
8800 162 is thinking
8800 169 is sleeping
8800 166 is thinking
8800 164 is thinking
8800 159 is sleeping
8800 157 is sleeping
8800 168 is thinking
8800 168 has taken a fork
8800 156 has taken a fork
8800 156 has taken a fork
8800 156 is eating
8800 167 is sleeping
8800 163 is sleeping
8800 168 has taken a fork
8800 162 has taken a fork
8800 166 has taken a fork
8800 165 is sleeping
8800 161 is sleeping
8800 164 has taken a fork
8800 164 has taken a fork
8800 164 is eating
8800 166 has taken a fork
8800 162 has taken a fork
8800 162 is eating
8800 158 is thinking
8800 158 has taken a fork
8800 158 has taken a fork
8800 158 is eating
8800 166 is eating
8800 168 is eating
8800 160 is thinking
8800 160 has taken a fork
8800 160 has taken a fork
8800 160 is eating
8800 170 is thinking
8801 194 is thinking
8801 1 is thinking
8801 176 is thinking
8801 20 is sleeping
8801 40 is sleeping
8801 171 is sleeping
8801 36 is sleeping
8801 29 is thinking
8801 170 has taken a fork
8801 170 has taken a fork
8801 170 is eating
8801 31 is thinking
8801 198 is thinking
8801 35 is thinking
8801 197 is sleeping
8801 33 is thinking
8801 26 is sleeping
8801 173 is sleeping
8801 182 is thinking
8801 30 is sleeping
8801 13 is thinking
8801 175 is sleeping
8801 174 is thinking
8801 174 has taken a fork
8801 187 is sleeping
8801 4 is sleeping
8801 10 is sleeping
8801 23 is thinking
8801 186 is thinking
8801 196 is thinking
8801 38 is sleeping
8801 14 is sleeping
8801 183 is sleeping
8801 17 is thinking
8801 11 is thinking
8801 11 has taken a fork
8801 22 is sleeping
8801 178 is thinking
8801 21 is thinking
8801 184 is thinking
8801 189 is sleeping
8801 18 is sleeping
8801 27 is thinking
8801 199 is sleeping
8801 172 is thinking
8801 172 has taken a fork
8801 172 has taken a fork
8801 172 is eating
8801 179 is sleeping
8801 193 is sleeping
8801 177 is sleeping
8801 44 is sleeping
8801 34 is sleeping
8801 6 is sleeping
8801 178 has taken a fork
8801 178 has taken a fork
8801 178 is eating
8801 7 is thinking
8801 43 is thinking
8801 3 is thinking
8801 5 is thinking
8801 3 has taken a fork
8801 7 has taken a fork
8801 3 has taken a fork
8801 17 has taken a fork
8801 31 has taken a fork
8801 198 has taken a fork
8801 186 has taken a fork
8801 17 has taken a fork
8801 196 has taken a fork
8801 9 is thinking
8801 11 has taken a fork
8801 9 has taken a fork
8801 9 has taken a fork
8801 9 is eating
8801 11 is eating
8801 5 has taken a fork
8801 198 has taken a fork
8801 5 has taken a fork
8801 5 is eating
8801 32 is sleeping
8801 17 is eating
8801 191 is sleeping
8801 25 is thinking
8801 41 is thinking
8801 19 is thinking
8801 41 has taken a fork
8801 41 has taken a fork
8801 19 has taken a fork
8801 41 is eating
8801 19 has taken a fork
8801 28 is sleeping
8801 31 has taken a fork
8801 190 is thinking
8801 31 is eating
8801 37 is thinking
8801 3 is eating
8801 176 has taken a fork
8801 192 is thinking
8801 174 has taken a fork
8801 43 has taken a fork
8801 174 is eating
8801 24 is sleeping
8801 16 is sleeping
8801 15 is thinking
8801 15 has taken a fork
8801 15 has taken a fork
8801 181 is sleeping
8801 15 is eating
8801 33 has taken a fork
8801 33 has taken a fork
8801 182 has taken a fork
8801 21 has taken a fork
8801 182 has taken a fork
8801 21 has taken a fork
8801 35 has taken a fork
8801 45 is thinking
8801 21 is eating
8801 27 has taken a fork
8801 45 has taken a fork
8801 7 has taken a fork
8801 184 has taken a fork
8801 7 is eating
8801 184 has taken a fork
8801 195 is sleeping
8801 184 is eating
8801 196 has taken a fork
8801 196 is eating
8801 180 is thinking
8801 198 is eating
8801 13 has taken a fork
8801 13 has taken a fork
8801 13 is eating
8801 1 has taken a fork
8801 1 has taken a fork
8801 1 is eating
8801 19 is eating
8801 39 is thinking
8801 39 has taken a fork
8801 39 has taken a fork
8801 39 is eating
8801 190 has taken a fork
8801 190 has taken a fork
8801 190 is eating
8801 37 has taken a fork
8801 37 has taken a fork
8801 37 is eating
8801 29 has taken a fork
8801 29 has taken a fork
8801 29 is eating
8801 176 has taken a fork
8801 176 is eating
8801 192 has taken a fork
8801 192 has taken a fork
8801 192 is eating
8801 43 has taken a fork
8801 43 is eating
8801 2 is sleeping
8801 185 is sleeping
8801 33 is eating
8801 8 is sleeping
8801 182 is eating
8801 35 has taken a fork
8801 35 is eating
8801 186 has taken a fork
8801 186 is eating
8801 27 has taken a fork
8801 27 is eating
8801 188 is thinking
8801 188 has taken a fork
8801 188 has taken a fork
8801 188 is eating
8801 194 has taken a fork
8801 194 has taken a fork
8801 194 is eating
8801 23 has taken a fork
8801 23 has taken a fork
8801 23 is eating
8801 12 is sleeping
8801 180 has taken a fork
8801 180 has taken a fork
8801 180 is eating
8801 42 is sleeping
8801 25 has taken a fork
8801 25 has taken a fork
8801 25 is eating
8802 102 is sleeping
8802 70 is sleeping
8802 77 is thinking
8802 94 is sleeping
8802 80 is sleeping
8802 65 is thinking
8802 54 is sleeping
8802 67 is thinking
8802 79 is thinking
8802 92 is sleeping
8802 68 is sleeping
8802 105 is thinking
8802 95 is thinking
8802 107 is thinking
8802 93 is thinking
8802 61 is thinking
8802 56 is sleeping
8802 53 is thinking
8802 95 has taken a fork
8802 58 is sleeping
8802 72 is sleeping
8802 59 is thinking
8802 101 is thinking
8802 85 is thinking
8802 71 is thinking
8802 99 is thinking
8802 59 has taken a fork
8802 51 is thinking
8802 87 is thinking
8802 106 is sleeping
8802 82 is sleeping
8802 83 is thinking
8802 51 has taken a fork
8802 87 has taken a fork
8802 47 is thinking
8802 83 has taken a fork
8802 52 is sleeping
8802 91 is thinking
8802 76 is sleeping
8802 90 is sleeping
8802 95 has taken a fork
8802 95 is eating
8802 110 is sleeping
8802 108 is sleeping
8802 62 is sleeping
8802 96 is sleeping
8802 53 has taken a fork
8802 66 is sleeping
8802 53 has taken a fork
8802 48 is sleeping
8802 64 is sleeping
8802 104 is sleeping
8802 71 has taken a fork
8802 109 is thinking
8802 103 is thinking
8802 97 is thinking
8802 53 is eating
8802 107 has taken a fork
8802 73 is thinking
8802 97 has taken a fork
8802 105 has taken a fork
8802 105 has taken a fork
8802 105 is eating
8802 98 is sleeping
8802 57 is thinking
8802 81 is thinking
8802 69 is thinking
8802 71 has taken a fork
8802 55 is thinking
8802 69 has taken a fork
8802 71 is eating
8802 78 is sleeping
8802 91 has taken a fork
8802 99 has taken a fork
8802 47 has taken a fork
8802 91 has taken a fork
8802 100 is sleeping
8802 81 has taken a fork
8802 47 has taken a fork
8802 77 has taken a fork
8802 46 is sleeping
8802 91 is eating
8802 77 has taken a fork
8802 86 is sleeping
8802 51 has taken a fork
8802 93 has taken a fork
8802 97 has taken a fork
8802 73 has taken a fork
8802 93 has taken a fork
8802 65 has taken a fork
8802 57 has taken a fork
8802 73 has taken a fork
8802 109 has taken a fork
8802 47 is eating
8802 79 has taken a fork
8802 50 is sleeping
8802 67 has taken a fork
8802 74 is sleeping
8802 73 is eating
8802 55 has taken a fork
8802 89 is thinking
8802 55 has taken a fork
8802 97 is eating
8802 88 is sleeping
8802 49 is thinking
8802 107 has taken a fork
8802 109 has taken a fork
8802 55 is eating
8802 51 is eating
8802 45 has taken a fork
8802 109 is eating
8802 81 has taken a fork
8802 87 has taken a fork
8802 65 has taken a fork
8802 107 is eating
8802 87 is eating
8802 79 has taken a fork
8802 93 is eating
8802 111 is thinking
8802 45 is eating
8802 79 is eating
8802 67 has taken a fork
8802 101 has taken a fork
8802 67 is eating
8802 89 has taken a fork
8802 77 is eating
8802 89 has taken a fork
8802 89 is eating
8802 57 has taken a fork
8802 65 is eating
8802 57 is eating
8802 111 has taken a fork
8802 49 has taken a fork
8802 49 has taken a fork
8802 49 is eating
8802 103 has taken a fork
8802 103 has taken a fork
8802 103 is eating
8802 63 is thinking
8802 63 has taken a fork
8802 63 has taken a fork
8802 63 is eating
8802 99 has taken a fork
8802 99 is eating
8802 81 is eating
8802 69 has taken a fork
8802 69 is eating
8802 60 is sleeping
8802 101 has taken a fork
8802 101 is eating
8802 59 has taken a fork
8802 59 is eating
8802 61 has taken a fork
8802 61 has taken a fork
8802 61 is eating
8802 75 is thinking
8802 75 has taken a fork
8802 75 has taken a fork
8802 75 is eating
8802 84 is sleeping
8802 83 has taken a fork
8802 83 is eating
8802 85 has taken a fork
8802 85 has taken a fork
8802 85 is eating
8803 148 is sleeping
8803 123 is thinking
8803 152 is sleeping
8803 143 is thinking
8803 155 is thinking
8803 153 is thinking
8803 129 is thinking
8803 117 is thinking
8803 134 is sleeping
8803 150 is sleeping
8803 129 has taken a fork
8803 136 is sleeping
8803 114 is sleeping
8803 137 is thinking
8803 151 is thinking
8803 127 is thinking
8803 130 is sleeping
8803 144 is sleeping
8803 151 has taken a fork
8803 151 has taken a fork
8803 129 has taken a fork
8803 151 is eating
8803 132 is sleeping
8803 137 has taken a fork
8803 153 has taken a fork
8803 147 is thinking
8803 141 is thinking
8803 129 is eating
8803 128 is sleeping
8803 135 is thinking
8803 135 has taken a fork
8803 135 has taken a fork
8803 135 is eating
8803 149 is thinking
8803 133 is thinking
8803 133 has taken a fork
8803 133 has taken a fork
8803 145 is thinking
8803 112 is sleeping
8803 149 has taken a fork
8803 111 has taken a fork
8803 113 is thinking
8803 149 has taken a fork
8803 131 is thinking
8803 111 is eating
8803 115 is thinking
8803 113 has taken a fork
8803 154 is sleeping
8803 146 is sleeping
8803 145 has taken a fork
8803 113 has taken a fork
8803 143 has taken a fork
8803 113 is eating
8803 143 has taken a fork
8803 143 is eating
8803 153 has taken a fork
8803 115 has taken a fork
8803 145 has taken a fork
8803 115 has taken a fork
8803 115 is eating
8803 117 has taken a fork
8803 133 is eating
8803 142 is sleeping
8803 147 has taken a fork
8803 147 has taken a fork
8803 147 is eating
8803 149 is eating
8803 116 is sleeping
8803 155 has taken a fork
8803 131 has taken a fork
8803 153 is eating
8803 145 is eating
8803 131 has taken a fork
8803 131 is eating
8804 139 is thinking
8804 122 is sleeping
8804 121 is thinking
8804 123 has taken a fork
8804 118 is sleeping
8804 117 has taken a fork
8804 117 is eating
8804 126 is sleeping
8804 127 has taken a fork
8804 127 has taken a fork
8804 127 is eating
8804 125 is thinking
8804 119 is thinking
8804 138 is sleeping
8804 120 is sleeping
8804 140 is sleeping
8804 124 is sleeping
8804 119 has taken a fork
8804 123 has taken a fork
8804 137 has taken a fork
8804 123 is eating
8804 119 has taken a fork
8804 141 has taken a fork
8804 141 has taken a fork
8804 141 is eating
8804 119 is eating
8804 125 has taken a fork
8804 121 has taken a fork
8804 137 is eating
8804 121 has taken a fork
8804 121 is eating
8804 125 has taken a fork
8804 125 is eating
8804 139 has taken a fork
8804 139 has taken a fork
8804 139 is eating
9000 158 is sleeping
9000 159 is thinking
9000 167 is thinking
9000 157 is thinking
9000 161 is thinking
9000 156 is sleeping
9000 157 has taken a fork
9000 157 has taken a fork
9000 155 has taken a fork
9000 155 is eating
9000 164 is sleeping
9000 166 is sleeping
9000 165 is thinking
9000 169 is thinking
9000 165 has taken a fork
9000 165 has taken a fork
9000 165 is eating
9000 160 is sleeping
9000 169 has taken a fork
9000 157 is eating
9000 163 is thinking
9000 167 has taken a fork
9000 167 has taken a fork
9000 161 has taken a fork
9000 162 is sleeping
9000 159 has taken a fork
9000 163 has taken a fork
9000 163 has taken a fork
9000 167 is eating
9000 168 is sleeping
9000 159 has taken a fork
9000 161 has taken a fork
9000 163 is eating
9000 161 is eating
9000 159 is eating
9001 174 is sleeping
9001 190 is sleeping
9001 189 is thinking
9001 31 is sleeping
9001 9 is sleeping
9001 22 is thinking
9001 197 is thinking
9001 12 is thinking
9001 197 has taken a fork
9001 183 is thinking
9001 183 has taken a fork
9001 197 has taken a fork
9001 184 is sleeping
9001 43 is sleeping
9001 197 is eating
9001 42 is thinking
9001 30 is thinking
9001 173 is thinking
9001 173 has taken a fork
9001 173 has taken a fork
9001 173 is eating
9001 42 has taken a fork
9001 30 has taken a fork
9001 170 is sleeping
9001 14 is thinking
9001 187 is thinking
9001 30 has taken a fork
9001 30 is eating
9001 29 is sleeping
9001 177 is thinking
9001 13 is sleeping
9001 194 is sleeping
9001 34 is thinking
9001 177 has taken a fork
9001 39 is sleeping
9001 28 is thinking
9001 11 is sleeping
9001 186 is sleeping
9001 38 is thinking
9001 5 is sleeping
9001 28 has taken a fork
9001 175 is thinking
9001 38 has taken a fork
9001 38 has taken a fork
9001 198 is sleeping
9001 175 has taken a fork
9001 193 is thinking
9001 187 has taken a fork
9001 21 is sleeping
9001 175 has taken a fork
9001 193 has taken a fork
9001 23 is sleeping
9001 187 has taken a fork
9001 193 has taken a fork
9001 189 has taken a fork
9001 27 is sleeping
9001 191 is thinking
9001 181 is thinking
9001 187 is eating
9001 185 is thinking
9001 196 is sleeping
9001 191 has taken a fork
9001 181 has taken a fork
9001 32 is thinking
9001 17 is sleeping
9001 2 is thinking
9001 40 is thinking
9001 199 is thinking
9001 2 has taken a fork
9001 7 is sleeping
9001 25 is sleeping
9001 172 is sleeping
9001 24 is thinking
9001 183 has taken a fork
9001 22 has taken a fork
9001 4 is thinking
9001 185 has taken a fork
9001 44 is thinking
9001 38 is eating
9001 4 has taken a fork
9001 6 is thinking
9001 10 is thinking
9001 195 is thinking
9001 4 has taken a fork
9001 10 has taken a fork
9001 171 is thinking
9001 6 has taken a fork
9001 6 has taken a fork
9001 10 has taken a fork
9001 195 has taken a fork
9001 195 has taken a fork
9001 195 is eating
9001 19 is sleeping
9001 40 has taken a fork
9001 10 is eating
9001 35 is sleeping
9001 193 is eating
9001 40 has taken a fork
9001 189 has taken a fork
9001 32 has taken a fork
9001 191 has taken a fork
9001 15 is sleeping
9001 189 is eating
9001 192 is sleeping
9001 32 has taken a fork
9001 37 is sleeping
9001 199 has taken a fork
9001 181 has taken a fork
9001 32 is eating
9001 18 is thinking
9001 1 is sleeping
9001 177 has taken a fork
9001 199 has taken a fork
9001 18 has taken a fork
9001 14 has taken a fork
9001 177 is eating
9001 181 is eating
9001 188 is sleeping
9001 40 is eating
9001 199 is eating
9001 14 has taken a fork
9001 14 is eating
9001 180 is sleeping
9001 22 has taken a fork
9001 182 is sleeping
9001 22 is eating
9001 179 is thinking
9001 42 has taken a fork
9001 34 has taken a fork
9001 175 is eating
9001 179 has taken a fork
9001 42 is eating
9001 34 has taken a fork
9001 179 has taken a fork
9001 178 is sleeping
9001 179 is eating
9001 24 has taken a fork
9001 169 has taken a fork
9001 183 is eating
9001 176 is sleeping
9001 20 is thinking
9001 20 has taken a fork
9001 20 has taken a fork
9001 20 is eating
9001 171 has taken a fork
9001 171 has taken a fork
9001 4 is eating
9001 171 is eating
9001 12 has taken a fork
9001 12 has taken a fork
9001 12 is eating
9001 26 is thinking
9001 2 has taken a fork
9001 8 is thinking
9001 191 is eating
9001 3 is sleeping
9001 2 is eating
9001 6 is eating
9001 36 is thinking
9001 33 is sleeping
9001 16 is thinking
9001 36 has taken a fork
9001 8 has taken a fork
9001 34 is eating
9001 41 is sleeping
9001 8 has taken a fork
9001 18 has taken a fork
9001 26 has taken a fork
9001 36 has taken a fork
9001 36 is eating
9001 185 has taken a fork
9001 26 has taken a fork
9001 24 has taken a fork
9001 169 is eating
9001 16 has taken a fork
9001 16 has taken a fork
9001 16 is eating
9001 18 is eating
9001 24 is eating
9001 26 is eating
9001 8 is eating
9001 185 is eating
9001 28 has taken a fork
9001 28 is eating
9002 73 is sleeping
9002 86 is thinking
9002 75 is sleeping
9002 58 is thinking
9002 106 is thinking
9002 91 is sleeping
9002 59 is sleeping
9002 79 is sleeping
9002 58 has taken a fork
9002 58 has taken a fork
9002 58 is eating
9002 69 is sleeping
9002 98 is thinking
9002 66 is thinking
9002 98 has taken a fork
9002 98 has taken a fork
9002 52 is thinking
9002 98 is eating
9002 45 is sleeping
9002 52 has taken a fork
9002 52 has taken a fork
9002 52 is eating
9002 54 is thinking
9002 51 is sleeping
9002 109 is sleeping
9002 82 is thinking
9002 82 has taken a fork
9002 90 is thinking
9002 96 is thinking
9002 71 is sleeping
9002 96 has taken a fork
9002 49 is sleeping
9002 108 is thinking
9002 83 is sleeping
9002 65 is sleeping
9002 77 is sleeping
9002 94 is thinking
9002 107 is sleeping
9002 76 is thinking
9002 50 is thinking
9002 85 is sleeping
9002 44 has taken a fork
9002 55 is sleeping
9002 46 is thinking
9002 50 has taken a fork
9002 44 has taken a fork
9002 100 is thinking
9002 104 is thinking
9002 44 is eating
9002 110 is thinking
9002 99 is sleeping
9002 76 has taken a fork
9002 93 is sleeping
9002 106 has taken a fork
9002 97 is sleeping
9002 82 has taken a fork
9002 76 has taken a fork
9002 106 has taken a fork
9002 68 is thinking
9002 76 is eating
9002 82 is eating
9002 106 is eating
9002 61 is sleeping
9002 87 is sleeping
9002 74 is thinking
9002 95 is sleeping
9002 80 is thinking
9002 62 is thinking
9002 54 has taken a fork
9002 66 has taken a fork
9002 80 has taken a fork
9002 108 has taken a fork
9002 72 is thinking
9002 80 has taken a fork
9002 63 is sleeping
9002 90 has taken a fork
9002 64 is thinking
9002 80 is eating
9002 108 has taken a fork
9002 64 has taken a fork
9002 54 has taken a fork
9002 50 has taken a fork
9002 100 has taken a fork
9002 96 has taken a fork
9002 54 is eating
9002 100 has taken a fork
9002 103 is sleeping
9002 60 is thinking
9002 57 is sleeping
9002 60 has taken a fork
9002 60 has taken a fork
9002 60 is eating
9002 90 has taken a fork
9002 70 is thinking
9002 102 is thinking
9002 56 is thinking
9002 102 has taken a fork
9002 102 has taken a fork
9002 86 has taken a fork
9002 100 is eating
9002 67 is sleeping
9002 66 has taken a fork
9002 102 is eating
9002 90 is eating
9002 72 has taken a fork
9002 78 is thinking
9002 64 has taken a fork
9002 88 is thinking
9002 78 has taken a fork
9002 96 is eating
9002 108 is eating
9002 78 has taken a fork
9002 88 has taken a fork
9002 101 is sleeping
9002 88 has taken a fork
9002 92 is thinking
9002 68 has taken a fork
9002 46 has taken a fork
9002 46 has taken a fork
9002 88 is eating
9002 46 is eating
9002 92 has taken a fork
9002 68 has taken a fork
9002 53 is sleeping
9002 92 has taken a fork
9002 68 is eating
9002 72 has taken a fork
9002 89 is sleeping
9002 72 is eating
9002 50 is eating
9002 86 has taken a fork
9002 105 is sleeping
9002 104 has taken a fork
9002 48 is thinking
9002 104 has taken a fork
9002 62 has taken a fork
9002 48 has taken a fork
9002 48 has taken a fork
9002 62 has taken a fork
9002 70 has taken a fork
9002 64 is eating
9002 74 has taken a fork
9002 92 is eating
9002 70 has taken a fork
9002 74 has taken a fork
9002 84 is thinking
9002 74 is eating
9002 84 has taken a fork
9002 86 is eating
9002 104 is eating
9002 84 has taken a fork
9002 94 has taken a fork
9002 84 is eating
9002 62 is eating
9002 66 is eating
9002 48 is eating
9002 47 is sleeping
9002 78 is eating
9002 56 has taken a fork
9002 56 has taken a fork
9002 56 is eating
9002 70 is eating
9002 81 is sleeping
9002 94 has taken a fork
9002 94 is eating
9003 128 is thinking
9003 112 is thinking
9003 154 is thinking
9003 152 is thinking
9003 111 is sleeping
9003 134 is thinking
9003 110 has taken a fork
9003 110 has taken a fork
9003 110 is eating
9003 115 is sleeping
9003 144 is thinking
9003 131 is sleeping
9003 132 is thinking
9003 151 is sleeping
9003 147 is sleeping
9003 150 is thinking
9003 153 is sleeping
9003 150 has taken a fork
9003 142 is thinking
9003 148 is thinking
9003 133 is sleeping
9003 128 has taken a fork
9003 152 has taken a fork
9003 145 is sleeping
9003 136 is thinking
9003 143 is sleeping
9003 144 has taken a fork
9003 144 has taken a fork
9003 113 is sleeping
9003 142 has taken a fork
9003 144 is eating
9003 152 has taken a fork
9003 152 is eating
9003 134 has taken a fork
9003 114 is thinking
9003 134 has taken a fork
9003 134 is eating
9003 149 is sleeping
9003 135 is sleeping
9003 116 is thinking
9003 148 has taken a fork
9003 132 has taken a fork
9003 148 has taken a fork
9003 132 has taken a fork
9003 130 is thinking
9003 148 is eating
9003 130 has taken a fork
9003 132 is eating
9003 112 has taken a fork
9003 129 is sleeping
9003 112 has taken a fork
9003 146 is thinking
9003 150 has taken a fork
9003 146 has taken a fork
9003 150 is eating
9003 146 has taken a fork
9003 112 is eating
9003 130 has taken a fork
9003 130 is eating
9003 114 has taken a fork
9003 114 has taken a fork
9003 114 is eating
9003 146 is eating
9004 122 is thinking
9004 117 is sleeping
9004 116 has taken a fork
9004 116 has taken a fork
9004 140 is thinking
9004 118 is thinking
9004 125 is sleeping
9004 123 is sleeping
9004 121 is sleeping
9004 122 has taken a fork
9004 122 has taken a fork
9004 128 has taken a fork
9004 124 is thinking
9004 120 is thinking
9004 124 has taken a fork
9004 120 has taken a fork
9004 124 has taken a fork
9004 124 is eating
9004 116 is eating
9004 127 is sleeping
9004 119 is sleeping
9004 137 is sleeping
9004 118 has taken a fork
9004 118 has taken a fork
9004 120 has taken a fork
9004 118 is eating
9004 128 is eating
9004 136 has taken a fork
9004 126 is thinking
9004 138 is thinking
9004 126 has taken a fork
9004 122 is eating
9004 136 has taken a fork
9004 120 is eating
9004 126 has taken a fork
9004 126 is eating
9004 136 is eating
9004 141 is sleeping
9004 139 is sleeping
9004 140 has taken a fork
9004 138 has taken a fork
9004 138 has taken a fork
9004 138 is eating
9004 142 has taken a fork
9004 142 is eating
9004 140 has taken a fork
9004 140 is eating
9200 158 is thinking
9200 159 is sleeping
9200 167 is sleeping
9200 166 is thinking
9200 166 has taken a fork
9200 157 is sleeping
9200 158 has taken a fork
9200 158 has taken a fork
9200 158 is eating
9200 160 is thinking
9200 164 is thinking
9200 156 is thinking
9200 156 has taken a fork
9200 162 is thinking
9200 162 has taken a fork
9200 163 is sleeping
9200 155 is sleeping
9200 154 has taken a fork
9200 154 has taken a fork
9200 154 is eating
9200 156 has taken a fork
9200 156 is eating
9200 168 is thinking
9200 161 is sleeping
9200 160 has taken a fork
9200 162 has taken a fork
9200 160 has taken a fork
9200 162 is eating
9200 165 is sleeping
9200 166 has taken a fork
9200 164 has taken a fork
9200 166 is eating
9200 160 is eating
9200 164 has taken a fork
9200 164 is eating
9201 175 is sleeping
9201 186 is thinking
9201 182 is thinking
9201 9 is thinking
9201 34 is sleeping
9201 168 has taken a fork
9201 168 has taken a fork
9201 4 is sleeping
9201 36 is sleeping
9201 10 is sleeping
9201 13 is thinking
9201 194 is thinking
9201 27 is thinking
9201 168 is eating
9201 193 is sleeping
9201 28 is sleeping
9201 29 is thinking
9201 40 is sleeping
9201 29 has taken a fork
9201 173 is sleeping
9201 183 is sleeping
9201 42 is sleeping
9201 199 is sleeping
9201 17 is thinking
9201 17 has taken a fork
9201 23 is thinking
9201 182 has taken a fork
9201 169 is sleeping
9201 14 is sleeping
9201 22 is sleeping
9201 185 is sleeping
9201 23 has taken a fork
9201 180 is thinking
9201 189 is sleeping
9201 43 is thinking
9201 191 is sleeping
9201 6 is sleeping
9201 17 has taken a fork
9201 43 has taken a fork
9201 18 is sleeping
9201 170 is thinking
9201 19 is thinking
9201 17 is eating
9201 21 is thinking
9201 21 has taken a fork
9201 3 is thinking
9201 19 has taken a fork
9201 19 has taken a fork
9201 33 is thinking
9201 31 is thinking
9201 30 is sleeping
9201 31 has taken a fork
9201 16 is sleeping
9201 26 is sleeping
9201 171 is sleeping
9201 192 is thinking
9201 192 has taken a fork
9201 192 has taken a fork
9201 3 has taken a fork
9201 39 is thinking
9201 29 has taken a fork
9201 170 has taken a fork
9201 13 has taken a fork
9201 21 has taken a fork
9201 31 has taken a fork
9201 33 has taken a fork
9201 187 is sleeping
9201 25 is thinking
9201 192 is eating
9201 39 has taken a fork
9201 39 has taken a fork
9201 39 is eating
9201 3 has taken a fork
9201 3 is eating
9201 31 is eating
9201 188 is thinking
9201 188 has taken a fork
9201 172 is thinking
9201 174 is thinking
9201 174 has taken a fork
9201 184 is thinking
9201 172 has taken a fork
9201 172 has taken a fork
9201 172 is eating
9201 177 is sleeping
9201 179 is sleeping
9201 11 is thinking
9201 195 is sleeping
9201 41 is thinking
9201 11 has taken a fork
9201 11 has taken a fork
9201 32 is sleeping
9201 41 has taken a fork
9201 41 has taken a fork
9201 41 is eating
9201 9 has taken a fork
9201 170 has taken a fork
9201 181 is sleeping
9201 27 has taken a fork
9201 186 has taken a fork
9201 182 has taken a fork
9201 186 has taken a fork
9201 180 has taken a fork
9201 182 is eating
9201 186 is eating
9201 29 is eating
9201 20 is sleeping
9201 2 is sleeping
9201 38 is sleeping
9201 188 has taken a fork
9201 188 is eating
9201 35 is thinking
9201 33 has taken a fork
9201 35 has taken a fork
9201 35 has taken a fork
9201 33 is eating
9201 35 is eating
9201 25 has taken a fork
9201 25 has taken a fork
9201 7 is thinking
9201 23 has taken a fork
9201 7 has taken a fork
9201 176 is thinking
9201 178 is thinking
9201 21 is eating
9201 198 is thinking
9201 8 is sleeping
9201 5 is thinking
9201 178 has taken a fork
9201 198 has taken a fork
9201 5 has taken a fork
9201 194 has taken a fork
9201 198 has taken a fork
9201 198 is eating
9201 5 has taken a fork
9201 194 has taken a fork
9201 176 has taken a fork
9201 176 has taken a fork
9201 176 is eating
9201 1 is thinking
9201 7 has taken a fork
9201 7 is eating
9201 194 is eating
9201 1 has taken a fork
9201 1 has taken a fork
9201 1 is eating
9201 5 is eating
9201 180 has taken a fork
9201 180 is eating
9201 196 is thinking
9201 13 has taken a fork
9201 170 is eating
9201 25 is eating
9201 13 is eating
9201 184 has taken a fork
9201 23 is eating
9201 11 is eating
9201 178 has taken a fork
9201 184 has taken a fork
9201 190 is thinking
9201 178 is eating
9201 19 is eating
9201 190 has taken a fork
9201 190 has taken a fork
9201 37 is thinking
9201 197 is sleeping
9201 190 is eating
9201 37 has taken a fork
9201 37 has taken a fork
9201 24 is sleeping
9201 37 is eating
9201 12 is sleeping
9201 196 has taken a fork
9201 174 has taken a fork
9201 27 has taken a fork
9201 9 has taken a fork
9201 15 is thinking
9201 9 is eating
9201 27 is eating
9201 196 has taken a fork
9201 196 is eating
9201 174 is eating
9201 15 has taken a fork
9201 15 has taken a fork
9201 15 is eating
9201 184 is eating
9202 62 is sleeping
9202 77 is thinking
9202 59 is thinking
9202 45 is thinking
9202 67 is thinking
9202 70 is sleeping
9202 96 is sleeping
9202 87 is thinking
9202 75 is thinking
9202 65 is thinking
9202 46 is sleeping
9202 105 is thinking
9202 52 is sleeping
9202 73 is thinking
9202 56 is sleeping
9202 82 is sleeping
9202 106 is sleeping
9202 95 is thinking
9202 86 is sleeping
9202 48 is sleeping
9202 78 is sleeping
9202 99 is thinking
9202 90 is sleeping
9202 100 is sleeping
9202 72 is sleeping
9202 103 is thinking
9202 54 is sleeping
9202 108 is sleeping
9202 81 is thinking
9202 84 is sleeping
9202 101 is thinking
9202 88 is sleeping
9202 91 is thinking
9202 49 is thinking
9202 87 has taken a fork
9202 68 is sleeping
9202 61 is thinking
9202 69 is thinking
9202 93 is thinking
9202 87 has taken a fork
9202 58 is sleeping
9202 93 has taken a fork
9202 91 has taken a fork
9202 57 is thinking
9202 99 has taken a fork
9202 99 has taken a fork
9202 69 has taken a fork
9202 67 has taken a fork
9202 102 is sleeping
9202 89 is thinking
9202 51 is thinking
9202 103 has taken a fork
9202 89 has taken a fork
9202 69 has taken a fork
9202 87 is eating
9202 98 is sleeping
9202 89 has taken a fork
9202 73 has taken a fork
9202 81 has taken a fork
9202 91 has taken a fork
9202 55 is thinking
9202 91 is eating
9202 104 is sleeping
9202 79 is thinking
9202 69 is eating
9202 71 is thinking
9202 109 is thinking
9202 49 has taken a fork
9202 79 has taken a fork
9202 103 has taken a fork
9202 83 is thinking
9202 50 is sleeping
9202 83 has taken a fork
9202 83 has taken a fork
9202 83 is eating
9202 49 has taken a fork
9202 47 is thinking
9202 49 is eating
9202 47 has taken a fork
9202 105 has taken a fork
9202 109 has taken a fork
9202 99 is eating
9202 71 has taken a fork
9202 103 is eating
9202 79 has taken a fork
9202 101 has taken a fork
9202 79 is eating
9202 57 has taken a fork
9202 92 is sleeping
9202 76 is sleeping
9202 67 has taken a fork
9202 53 is thinking
9202 67 is eating
9202 53 has taken a fork
9202 53 has taken a fork
9202 53 is eating
9202 77 has taken a fork
9202 74 is sleeping
9202 77 has taken a fork
9202 77 is eating
9202 97 is thinking
9202 97 has taken a fork
9202 94 is sleeping
9202 61 has taken a fork
9202 61 has taken a fork
9202 75 has taken a fork
9202 80 is sleeping
9202 75 has taken a fork
9202 63 is thinking
9202 75 is eating
9202 65 has taken a fork
9202 55 has taken a fork
9202 44 is sleeping
9202 85 is thinking
9202 55 has taken a fork
9202 85 has taken a fork
9202 85 has taken a fork
9202 85 is eating
9202 55 is eating
9202 59 has taken a fork
9202 43 has taken a fork
9202 43 is eating
9202 51 has taken a fork
9202 47 has taken a fork
9202 51 has taken a fork
9202 105 has taken a fork
9202 71 has taken a fork
9202 105 is eating
9202 101 has taken a fork
9202 71 is eating
9202 107 is thinking
9202 101 is eating
9202 107 has taken a fork
9202 107 has taken a fork
9202 107 is eating
9202 95 has taken a fork
9202 66 is sleeping
9202 95 has taken a fork
9202 95 is eating
9202 97 has taken a fork
9202 61 is eating
9202 64 is sleeping
9202 63 has taken a fork
9202 63 has taken a fork
9202 63 is eating
9202 65 has taken a fork
9202 81 has taken a fork
9202 65 is eating
9202 81 is eating
9202 45 has taken a fork
9202 59 has taken a fork
9202 60 is sleeping
9202 59 is eating
9202 47 is eating
9202 57 has taken a fork
9202 51 is eating
9202 73 has taken a fork
9202 57 is eating
9202 73 is eating
9202 97 is eating
9202 93 has taken a fork
9202 89 is eating
9202 93 is eating
9202 45 has taken a fork
9202 45 is eating
9203 130 is sleeping
9203 145 is thinking
9203 110 is sleeping
9203 113 is thinking
9203 148 is sleeping
9203 109 has taken a fork
9203 150 is sleeping
9203 143 is thinking
9203 109 is eating
9203 133 is thinking
9203 144 is sleeping
9203 135 is thinking
9203 115 is thinking
9203 129 is thinking
9203 135 has taken a fork
9203 145 has taken a fork
9203 152 is sleeping
9203 134 is sleeping
9203 146 is sleeping
9203 115 has taken a fork
9203 131 is thinking
9203 131 has taken a fork
9203 112 is sleeping
9203 147 is thinking
9203 145 has taken a fork
9203 145 is eating
9203 147 has taken a fork
9203 132 is sleeping
9203 147 has taken a fork
9203 131 has taken a fork
9203 133 has taken a fork
9203 114 is sleeping
9203 149 is thinking
9203 131 is eating
9203 113 has taken a fork
9203 133 has taken a fork
9203 113 has taken a fork
9203 133 is eating
9203 113 is eating
9203 153 is thinking
9203 153 has taken a fork
9203 149 has taken a fork
9203 149 has taken a fork
9203 149 is eating
9203 147 is eating
9203 111 is thinking
9203 111 has taken a fork
9203 111 has taken a fork
9203 111 is eating
9203 151 is thinking
9203 151 has taken a fork
9203 151 has taken a fork
9203 151 is eating
9204 118 is sleeping
9204 125 is thinking
9204 123 is thinking
9204 120 is sleeping
9204 140 is sleeping
9204 139 is thinking
9204 121 is thinking
9204 121 has taken a fork
9204 142 is sleeping
9204 127 is thinking
9204 128 is sleeping
9204 137 is thinking
9204 129 has taken a fork
9204 116 is sleeping
9204 126 is sleeping
9204 141 is thinking
9204 122 is sleeping
9204 129 has taken a fork
9204 138 is sleeping
9204 121 has taken a fork
9204 135 has taken a fork
9204 137 has taken a fork
9204 139 has taken a fork
9204 119 is thinking
9204 139 has taken a fork
9204 121 is eating
9204 119 has taken a fork
9204 129 is eating
9204 123 has taken a fork
9204 123 has taken a fork
9204 139 is eating
9204 117 is thinking
9204 115 has taken a fork
9204 135 is eating
9204 127 has taken a fork
9204 136 is sleeping
9204 117 has taken a fork
9204 117 has taken a fork
9204 117 is eating
9204 143 has taken a fork
9204 143 has taken a fork
9204 143 is eating
9204 119 has taken a fork
9204 119 is eating
9204 137 has taken a fork
9204 137 is eating
9204 127 has taken a fork
9204 127 is eating
9204 125 has taken a fork
9204 125 has taken a fork
9204 125 is eating
9204 124 is sleeping
9204 115 is eating
9204 123 is eating
9204 141 has taken a fork
9204 141 has taken a fork
9204 141 is eating
9400 159 is thinking
9400 165 is thinking
9400 158 is sleeping
9400 156 is sleeping
9400 167 is thinking
9400 163 is thinking
9400 155 is thinking
9400 162 is sleeping
9400 157 is thinking
9400 157 has taken a fork
9400 157 has taken a fork
9400 157 is eating
9400 164 is sleeping
9400 163 has taken a fork
9400 163 has taken a fork
9400 163 is eating
9400 154 is sleeping
9400 159 has taken a fork
9400 159 has taken a fork
9400 160 is sleeping
9400 153 has taken a fork
9400 153 is eating
9400 155 has taken a fork
9400 155 has taken a fork
9400 155 is eating
9400 166 is sleeping
9400 167 has taken a fork
9400 159 is eating
9400 161 is thinking
9400 161 has taken a fork
9400 161 has taken a fork
9400 161 is eating
9400 165 has taken a fork
9400 165 has taken a fork
9400 165 is eating
9401 10 is thinking
9401 40 is thinking
9401 180 is sleeping
9401 187 is thinking
9401 181 is thinking
9401 34 is thinking
9401 195 is thinking
9401 181 has taken a fork
9401 30 is thinking
9401 9 is sleeping
9401 20 is thinking
9401 11 is sleeping
9401 190 is sleeping
9401 10 has taken a fork
9401 10 has taken a fork
9401 10 is eating
9401 191 is thinking
9401 177 is thinking
9401 191 has taken a fork
9401 189 is thinking
9401 174 is sleeping
9401 35 is sleeping
9401 15 is sleeping
9401 198 is sleeping
9401 171 is thinking
9401 16 is thinking
9401 32 is thinking
9401 26 is thinking
9401 199 is thinking
9401 199 has taken a fork
9401 22 is thinking
9401 197 is thinking
9401 36 is thinking
9401 34 has taken a fork
9401 28 is thinking
9401 24 is thinking
9401 5 is sleeping
9401 175 is thinking
9401 7 is sleeping
9401 196 is sleeping
9401 175 has taken a fork
9401 175 has taken a fork
9401 42 is thinking
9401 175 is eating
9401 18 is thinking
9401 21 is sleeping
9401 183 is thinking
9401 38 is thinking
9401 172 is sleeping
9401 182 is sleeping
9401 20 has taken a fork
9401 25 is sleeping
9401 14 is thinking
9401 173 is thinking
9401 12 is thinking
9401 170 is sleeping
9401 197 has taken a fork
9401 13 is sleeping
9401 171 has taken a fork
9401 173 has taken a fork
9401 26 has taken a fork
9401 171 has taken a fork
9401 197 has taken a fork
9401 8 is thinking
9401 19 is sleeping
9401 37 is sleeping
9401 26 has taken a fork
9401 17 is sleeping
9401 20 has taken a fork
9401 18 has taken a fork
9401 26 is eating
9401 24 has taken a fork
9401 1 is sleeping
9401 184 is sleeping
9401 183 has taken a fork
9401 193 is thinking
9401 30 has taken a fork
9401 20 is eating
9401 14 has taken a fork
9401 40 has taken a fork
9401 183 has taken a fork
9401 18 has taken a fork
9401 18 is eating
9401 197 is eating
9401 183 is eating
9401 27 is sleeping
9401 38 has taken a fork
9401 39 is sleeping
9401 171 is eating
9401 14 has taken a fork
9401 178 is sleeping
9401 8 has taken a fork
9401 185 is thinking
9401 14 is eating
9401 199 has taken a fork
9401 199 is eating
9401 186 is sleeping
9401 6 is thinking
9401 31 is sleeping
9401 41 is sleeping
9401 185 has taken a fork
9401 23 is sleeping
9401 36 has taken a fork
9401 38 has taken a fork
9401 167 has taken a fork
9401 2 is thinking
9401 36 has taken a fork
9401 3 is sleeping
9401 8 has taken a fork
9401 187 has taken a fork
9401 185 has taken a fork
9401 167 is eating
9401 4 is thinking
9401 187 has taken a fork
9401 8 is eating
9401 40 has taken a fork
9401 34 has taken a fork
9401 16 has taken a fork
9401 32 has taken a fork
9401 179 is thinking
9401 40 is eating
9401 187 is eating
9401 32 has taken a fork
9401 32 is eating
9401 168 is sleeping
9401 185 is eating
9401 29 is sleeping
9401 28 has taken a fork
9401 195 has taken a fork
9401 179 has taken a fork
9401 28 has taken a fork
9401 28 is eating
9401 189 has taken a fork
9401 189 has taken a fork
9401 189 is eating
9401 191 has taken a fork
9401 191 is eating
9401 173 has taken a fork
9401 173 is eating
9401 30 has taken a fork
9401 30 is eating
9401 12 has taken a fork
9401 12 has taken a fork
9401 12 is eating
9401 16 has taken a fork
9401 16 is eating
9401 34 is eating
9401 24 has taken a fork
9401 24 is eating
9401 36 is eating
9401 195 has taken a fork
9401 195 is eating
9401 169 is thinking
9401 169 has taken a fork
9401 169 has taken a fork
9401 169 is eating
9401 176 is sleeping
9401 181 has taken a fork
9401 181 is eating
9401 38 is eating
9401 6 has taken a fork
9401 6 has taken a fork
9401 6 is eating
9401 192 is sleeping
9401 179 has taken a fork
9401 179 is eating
9401 188 is sleeping
9401 194 is sleeping
9401 33 is sleeping
9401 22 has taken a fork
9401 22 has taken a fork
9401 22 is eating
9401 2 has taken a fork
9401 2 has taken a fork
9401 2 is eating
9401 193 has taken a fork
9401 193 has taken a fork
9401 193 is eating
9401 4 has taken a fork
9401 4 has taken a fork
9401 4 is eating
9401 177 has taken a fork
9401 177 has taken a fork
9401 177 is eating
9402 71 is sleeping
9402 76 is thinking
9402 87 is sleeping
9402 65 is sleeping
9402 64 is thinking
9402 64 has taken a fork
9402 107 is sleeping
9402 90 is thinking
9402 63 is sleeping
9402 94 is thinking
9402 64 has taken a fork
9402 78 is thinking
9402 64 is eating
9402 56 is thinking
9402 82 is thinking
9402 69 is sleeping
9402 88 is thinking
9402 57 is sleeping
9402 74 is thinking
9402 102 is thinking
9402 56 has taken a fork
9402 51 is sleeping
9402 93 is sleeping
9402 66 is thinking
9402 85 is sleeping
9402 97 is sleeping
9402 55 is sleeping
9402 98 is thinking
9402 105 is sleeping
9402 56 has taken a fork
9402 68 is thinking
9402 43 is sleeping
9402 62 is thinking
9402 56 is eating
9402 61 is sleeping
9402 68 has taken a fork
9402 54 is thinking
9402 62 has taken a fork
9402 44 is thinking
9402 54 has taken a fork
9402 62 has taken a fork
9402 103 is sleeping
9402 52 is thinking
9402 42 has taken a fork
9402 72 is thinking
9402 75 is sleeping
9402 58 is thinking
9402 100 is thinking
9402 74 has taken a fork
9402 50 is thinking
9402 45 is sleeping
9402 50 has taken a fork
9402 42 has taken a fork
9402 46 is thinking
9402 102 has taken a fork
9402 42 is eating
9402 62 is eating
9402 44 has taken a fork
9402 44 has taken a fork
9402 44 is eating
9402 81 is sleeping
9402 80 is thinking
9402 84 is thinking
9402 80 has taken a fork
9402 84 has taken a fork
9402 48 is thinking
9402 60 is thinking
9402 52 has taken a fork
9402 49 is sleeping
9402 60 has taken a fork
9402 48 has taken a fork
9402 89 is sleeping
9402 67 is sleeping
9402 53 is sleeping
9402 86 is thinking
9402 72 has taken a fork
9402 74 has taken a fork
9402 74 is eating
9402 88 has taken a fork
9402 88 has taken a fork
9402 83 is sleeping
9402 91 is sleeping
9402 99 is sleeping
9402 79 is sleeping
9402 46 has taken a fork
9402 86 has taken a fork
9402 46 has taken a fork
9402 86 has taken a fork
9402 108 is thinking
9402 66 has taken a fork
9402 101 is sleeping
9402 46 is eating
9402 82 has taken a fork
9402 106 is thinking
9402 66 has taken a fork
9402 100 has taken a fork
9402 82 has taken a fork
9402 54 has taken a fork
9402 100 has taken a fork
9402 80 has taken a fork
9402 47 is sleeping
9402 60 has taken a fork
9402 52 has taken a fork
9402 98 has taken a fork
9402 59 is sleeping
9402 60 is eating
9402 50 has taken a fork
9402 98 has taken a fork
9402 68 has taken a fork
9402 106 has taken a fork
9402 92 is thinking
9402 106 has taken a fork
9402 104 is thinking
9402 68 is eating
9402 92 has taken a fork
9402 58 has taken a fork
9402 102 has taken a fork
9402 92 has taken a fork
9402 58 has taken a fork
9402 58 is eating
9402 52 is eating
9402 102 is eating
9402 73 is sleeping
9402 78 has taken a fork
9402 48 has taken a fork
9402 80 is eating
9402 98 is eating
9402 50 is eating
9402 66 is eating
9402 48 is eating
9402 96 is thinking
9402 96 has taken a fork
9402 86 is eating
9402 92 is eating
9402 54 is eating
9402 100 is eating
9402 84 has taken a fork
9402 84 is eating
9402 82 is eating
9402 88 is eating
9402 90 has taken a fork
9402 90 has taken a fork
9402 90 is eating
9402 106 is eating
9402 95 is sleeping
9402 104 has taken a fork
9402 104 has taken a fork
9402 104 is eating
9402 77 is sleeping
9402 70 is thinking
9402 70 has taken a fork
9402 70 has taken a fork
9402 70 is eating
9402 96 has taken a fork
9402 96 is eating
9402 94 has taken a fork
9402 94 has taken a fork
9402 94 is eating
9402 76 has taken a fork
9402 76 has taken a fork
9402 76 is eating
9402 72 has taken a fork
9402 72 is eating
9402 78 has taken a fork
9402 78 is eating
9403 152 is thinking
9403 133 is sleeping
9403 130 is thinking
9403 150 is thinking
9403 134 is thinking
9403 131 is sleeping
9403 114 is thinking
9403 109 is sleeping
9403 130 has taken a fork
9403 146 is thinking
9403 110 is thinking
9403 144 is thinking
9403 108 has taken a fork
9403 148 is thinking
9403 108 has taken a fork
9403 108 is eating
9403 112 is thinking
9403 111 is sleeping
9403 146 has taken a fork
9403 149 is sleeping
9403 110 has taken a fork
9403 147 is sleeping
9403 148 has taken a fork
9403 151 is sleeping
9403 110 has taken a fork
9403 110 is eating
9403 150 has taken a fork
9403 150 has taken a fork
9403 150 is eating
9403 148 has taken a fork
9403 148 is eating
9403 132 is thinking
9403 132 has taken a fork
9403 132 has taken a fork
9403 132 is eating
9403 113 is sleeping
9403 145 is sleeping
9403 112 has taken a fork
9403 112 has taken a fork
9403 144 has taken a fork
9403 112 is eating
9403 146 has taken a fork
9403 146 is eating
9404 128 is thinking
9404 126 is thinking
9404 140 is thinking
9404 143 is sleeping
9404 144 has taken a fork
9404 144 is eating
9404 115 is sleeping
9404 114 has taken a fork
9404 114 has taken a fork
9404 114 is eating
9404 118 is thinking
9404 124 is thinking
9404 123 is sleeping
9404 142 is thinking
9404 127 is sleeping
9404 137 is sleeping
9404 126 has taken a fork
9404 119 is sleeping
9404 122 is thinking
9404 122 has taken a fork
9404 122 has taken a fork
9404 128 has taken a fork
9404 117 is sleeping
9404 129 is sleeping
9404 142 has taken a fork
9404 128 has taken a fork
9404 128 is eating
9404 118 has taken a fork
9404 122 is eating
9404 135 is sleeping
9404 139 is sleeping
9404 130 has taken a fork
9404 130 is eating
9404 142 has taken a fork
9404 142 is eating
9404 138 is thinking
9404 138 has taken a fork
9404 138 has taken a fork
9404 138 is eating
9404 116 is thinking
9404 116 has taken a fork
9404 116 has taken a fork
9404 116 is eating
9404 136 is thinking
9404 136 has taken a fork
9404 136 has taken a fork
9404 136 is eating
9404 125 is sleeping
9404 126 has taken a fork
9404 124 has taken a fork
9404 124 has taken a fork
9404 126 is eating
9404 124 is eating
9404 134 has taken a fork
9404 121 is sleeping
9404 134 has taken a fork
9404 118 has taken a fork
9404 118 is eating
9404 141 is sleeping
9404 120 is thinking
9404 140 has taken a fork
9404 134 is eating
9404 140 has taken a fork
9404 140 is eating
9404 120 has taken a fork
9404 120 has taken a fork
9404 120 is eating
9600 158 is thinking
9600 157 is sleeping
9600 155 is sleeping
9600 165 is sleeping
9600 156 is thinking
9600 156 has taken a fork
9600 156 has taken a fork
9600 156 is eating
9600 164 is thinking
9600 164 has taken a fork
9600 160 is thinking
9600 166 is thinking
9600 154 is thinking
9600 154 has taken a fork
9600 159 is sleeping
9600 158 has taken a fork
9600 158 has taken a fork
9600 158 is eating
9600 162 is thinking
9600 153 is sleeping
9600 152 has taken a fork
9600 152 has taken a fork
9600 152 is eating
9600 162 has taken a fork
9600 164 has taken a fork
9600 164 is eating
9600 154 has taken a fork
9600 154 is eating
9600 161 is sleeping
9600 163 is sleeping
9600 162 has taken a fork
9600 162 is eating
9600 160 has taken a fork
9600 160 has taken a fork
9600 160 is eating
9601 180 is thinking
9601 188 is thinking
9601 183 is sleeping
9601 13 is thinking
9601 179 is sleeping
9601 27 is thinking
9601 197 is sleeping
9601 168 is thinking
9601 26 is sleeping
9601 33 is thinking
9601 36 is sleeping
9601 174 is thinking
9601 193 is sleeping
9601 167 is sleeping
9601 190 is thinking
9601 27 has taken a fork
9601 166 has taken a fork
9601 25 is thinking
9601 184 is thinking
9601 196 is thinking
9601 190 has taken a fork
9601 184 has taken a fork
9601 189 is sleeping
9601 184 has taken a fork
9601 184 is eating
9601 25 has taken a fork
9601 190 has taken a fork
9601 7 is thinking
9601 31 is thinking
9601 3 is thinking
9601 186 is thinking
9601 29 is thinking
9601 1 is thinking
9601 31 has taken a fork
9601 29 has taken a fork
9601 29 has taken a fork
9601 29 is eating
9601 190 is eating
9601 175 is sleeping
9601 31 has taken a fork
9601 1 has taken a fork
9601 169 is sleeping
9601 11 is thinking
9601 31 is eating
9601 27 has taken a fork
9601 11 has taken a fork
9601 7 has taken a fork
9601 191 is sleeping
9601 11 has taken a fork
9601 23 is thinking
9601 12 is sleeping
9601 11 is eating
9601 23 has taken a fork
9601 16 is sleeping
9601 35 is thinking
9601 188 has taken a fork
9601 38 is sleeping
9601 23 has taken a fork
9601 23 is eating
9601 15 is thinking
9601 199 is sleeping
9601 41 is thinking
9601 30 is sleeping
9601 187 is sleeping
9601 41 has taken a fork
9601 188 has taken a fork
9601 186 has taken a fork
9601 8 is sleeping
9601 186 has taken a fork
9601 40 is sleeping
9601 185 is sleeping
9601 24 is sleeping
9601 28 is sleeping
9601 34 is sleeping
9601 20 is sleeping
9601 168 has taken a fork
9601 178 is thinking
9601 39 is thinking
9601 168 has taken a fork
9601 178 has taken a fork
9601 39 has taken a fork
9601 39 has taken a fork
9601 2 is sleeping
9601 194 is thinking
9601 178 has taken a fork
9601 196 has taken a fork
9601 3 has taken a fork
9601 198 is thinking
9601 3 has taken a fork
9601 33 has taken a fork
9601 3 is eating
9601 1 has taken a fork
9601 33 has taken a fork
9601 195 is sleeping
9601 21 is thinking
9601 19 is thinking
9601 27 is eating
9601 19 has taken a fork
9601 9 is thinking
9601 37 is thinking
9601 9 has taken a fork
9601 9 has taken a fork
9601 37 has taken a fork
9601 14 is sleeping
9601 177 is sleeping
9601 173 is sleeping
9601 7 has taken a fork
9601 170 is thinking
9601 7 is eating
9601 13 has taken a fork
9601 192 is thinking
9601 13 has taken a fork
9601 15 has taken a fork
9601 13 is eating
9601 18 is sleeping
9601 15 has taken a fork
9601 15 is eating
9601 188 is eating
9601 5 is thinking
9601 6 is sleeping
9601 181 is sleeping
9601 168 is eating
9601 32 is sleeping
9601 39 is eating
9601 186 is eating
9601 171 is sleeping
9601 196 has taken a fork
9601 196 is eating
9601 176 is thinking
9601 176 has taken a fork
9601 176 has taken a fork
9601 22 is sleeping
9601 174 has taken a fork
9601 178 is eating
9601 174 has taken a fork
9601 174 is eating
9601 10 is sleeping
9601 17 is thinking
9601 194 has taken a fork
9601 166 has taken a fork
9601 194 has taken a fork
9601 194 is eating
9601 166 is eating
9601 1 is eating
9601 33 is eating
9601 182 is thinking
9601 4 is sleeping
9601 182 has taken a fork
9601 182 has taken a fork
9601 21 has taken a fork
9601 19 has taken a fork
9601 182 is eating
9601 21 has taken a fork
9601 19 is eating
9601 9 is eating
9601 35 has taken a fork
9601 192 has taken a fork
9601 170 has taken a fork
9601 5 has taken a fork
9601 172 is thinking
9601 170 has taken a fork
9601 192 has taken a fork
9601 5 has taken a fork
9601 172 has taken a fork
9601 170 is eating
9601 192 is eating
9601 25 has taken a fork
9601 25 is eating
9601 180 has taken a fork
9601 5 is eating
9601 180 has taken a fork
9601 180 is eating
9601 21 is eating
9601 37 has taken a fork
9601 37 is eating
9601 198 has taken a fork
9601 198 has taken a fork
9601 198 is eating
9601 17 has taken a fork
9601 172 has taken a fork
9601 172 is eating
9601 35 has taken a fork
9601 176 is eating
9601 17 has taken a fork
9601 17 is eating
9601 35 is eating
9602 105 is thinking
9602 104 is sleeping
9602 59 is thinking
9602 67 is thinking
9602 54 is sleeping
9602 95 is thinking
9602 66 is sleeping
9602 67 has taken a fork
9602 100 is sleeping
9602 53 is thinking
9602 107 is thinking
9602 85 is thinking
9602 85 has taken a fork
9602 107 has taken a fork
9602 85 has taken a fork
9602 98 is sleeping
9602 99 is thinking
9602 61 is thinking
9602 73 is thinking
9602 105 has taken a fork
9602 89 is thinking
9602 42 is sleeping
9602 82 is sleeping
9602 61 has taken a fork
9602 52 is sleeping
9602 95 has taken a fork
9602 55 is thinking
9602 90 is sleeping
9602 55 has taken a fork
9602 55 has taken a fork
9602 55 is eating
9602 92 is sleeping
9602 83 is thinking
9602 84 is sleeping
9602 83 has taken a fork
9602 83 has taken a fork
9602 83 is eating
9602 41 has taken a fork
9602 80 is sleeping
9602 44 is sleeping
9602 41 is eating
9602 77 is thinking
9602 87 is thinking
9602 94 is sleeping
9602 87 has taken a fork
9602 102 is sleeping
9602 46 is sleeping
9602 87 has taken a fork
9602 87 is eating
9602 56 is sleeping
9602 106 is sleeping
9602 53 has taken a fork
9602 81 is thinking
9602 81 has taken a fork
9602 53 has taken a fork
9602 81 has taken a fork
9602 53 is eating
9602 81 is eating
9602 57 is thinking
9602 78 is sleeping
9602 88 is sleeping
9602 105 has taken a fork
9602 105 is eating
9602 60 is sleeping
9602 103 is thinking
9602 63 is thinking
9602 103 has taken a fork
9602 103 has taken a fork
9602 103 is eating
9602 74 is sleeping
9602 49 is thinking
9602 71 is thinking
9602 97 is thinking
9602 85 is eating
9602 57 has taken a fork
9602 89 has taken a fork
9602 89 has taken a fork
9602 86 is sleeping
9602 89 is eating
9602 99 has taken a fork
9602 99 has taken a fork
9602 99 is eating
9602 51 is thinking
9602 47 is thinking
9602 47 has taken a fork
9602 72 is sleeping
9602 65 is thinking
9602 61 has taken a fork
9602 50 is sleeping
9602 76 is sleeping
9602 64 is sleeping
9602 61 is eating
9602 69 is thinking
9602 63 has taken a fork
9602 57 has taken a fork
9602 62 is sleeping
9602 57 is eating
9602 73 has taken a fork
9602 70 is sleeping
9602 73 has taken a fork
9602 77 has taken a fork
9602 73 is eating
9602 77 has taken a fork
9602 77 is eating
9602 71 has taken a fork
9602 43 is thinking
9602 68 is sleeping
9602 63 has taken a fork
9602 91 is thinking
9602 91 has taken a fork
9602 71 has taken a fork
9602 59 has taken a fork
9602 51 has taken a fork
9602 65 has taken a fork
9602 59 has taken a fork
9602 65 has taken a fork
9602 51 has taken a fork
9602 65 is eating
9602 43 has taken a fork
9602 69 has taken a fork
9602 43 has taken a fork
9602 45 is thinking
9602 69 has taken a fork
9602 45 has taken a fork
9602 59 is eating
9602 45 has taken a fork
9602 69 is eating
9602 63 is eating
9602 51 is eating
9602 43 is eating
9602 101 is thinking
9602 67 has taken a fork
9602 101 has taken a fork
9602 101 has taken a fork
9602 101 is eating
9602 45 is eating
9602 71 is eating
9602 67 is eating
9602 91 has taken a fork
9602 91 is eating
9602 58 is sleeping
9602 79 is thinking
9602 79 has taken a fork
9602 79 has taken a fork
9602 79 is eating
9602 93 is thinking
9602 95 has taken a fork
9602 95 is eating
9602 97 has taken a fork
9602 93 has taken a fork
9602 96 is sleeping
9602 48 is sleeping
9602 93 has taken a fork
9602 93 is eating
9602 75 is thinking
9602 49 has taken a fork
9602 75 has taken a fork
9602 49 has taken a fork
9602 49 is eating
9602 75 has taken a fork
9602 75 is eating
9602 97 has taken a fork
9602 97 is eating
9602 47 has taken a fork
9602 47 is eating
9603 131 is thinking
9603 146 is sleeping
9603 147 is thinking
9603 147 has taken a fork
9603 112 is sleeping
9603 113 is thinking
9603 151 is thinking
9603 107 has taken a fork
9603 133 is thinking
9603 149 is thinking
9603 133 has taken a fork
9603 108 is sleeping
9603 132 is sleeping
9603 109 is thinking
9603 109 has taken a fork
9603 109 has taken a fork
9603 109 is eating
9603 151 has taken a fork
9603 145 is thinking
9603 107 is eating
9603 110 is sleeping
9603 150 is sleeping
9603 113 has taken a fork
9603 148 is sleeping
9603 147 has taken a fork
9603 147 is eating
9603 149 has taken a fork
9603 149 has taken a fork
9603 149 is eating
9603 111 is thinking
9603 111 has taken a fork
9603 111 has taken a fork
9603 111 is eating
9604 120 is sleeping
9604 117 is thinking
9604 122 is sleeping
9604 118 is sleeping
9604 137 is thinking
9604 138 is sleeping
9604 141 is thinking
9604 135 is thinking
9604 134 is sleeping
9604 130 is sleeping
9604 119 is thinking
9604 135 has taken a fork
9604 128 is sleeping
9604 119 has taken a fork
9604 140 is sleeping
9604 131 has taken a fork
9604 142 is sleeping
9604 123 is thinking
9604 119 has taken a fork
9604 129 is thinking
9604 114 is sleeping
9604 113 has taken a fork
9604 116 is sleeping
9604 141 has taken a fork
9604 115 is thinking
9604 115 has taken a fork
9604 117 has taken a fork
9604 115 has taken a fork
9604 145 has taken a fork
9604 119 is eating
9604 141 has taken a fork
9604 145 has taken a fork
9604 143 is thinking
9604 115 is eating
9604 145 is eating
9604 133 has taken a fork
9604 133 is eating
9604 129 has taken a fork
9604 125 is thinking
9604 125 has taken a fork
9604 129 has taken a fork
9604 143 has taken a fork
9604 125 has taken a fork
9604 129 is eating
9604 124 is sleeping
9604 125 is eating
9604 143 has taken a fork
9604 131 has taken a fork
9604 117 has taken a fork
9604 113 is eating
9604 123 has taken a fork
9604 131 is eating
9604 137 has taken a fork
9604 126 is sleeping
9604 143 is eating
9604 137 has taken a fork
9604 139 is thinking
9604 117 is eating
9604 139 has taken a fork
9604 137 is eating
9604 127 is thinking
9604 127 has taken a fork
9604 127 has taken a fork
9604 144 is sleeping
9604 121 is thinking
9604 136 is sleeping
9604 121 has taken a fork
9604 121 has taken a fork
9604 121 is eating
9604 135 has taken a fork
9604 135 is eating
9604 127 is eating
9604 139 has taken a fork
9604 139 is eating
9604 141 is eating
9604 123 has taken a fork
9604 123 is eating
9800 164 is sleeping
9800 162 is sleeping
9800 158 is sleeping
9800 152 is sleeping
9800 151 has taken a fork
9800 151 is eating
9800 156 is sleeping
9800 155 is thinking
9800 159 is thinking
9800 159 has taken a fork
9800 159 has taken a fork
9800 159 is eating
9800 153 is thinking
9800 153 has taken a fork
9800 157 is thinking
9800 157 has taken a fork
9800 157 has taken a fork
9800 157 is eating
9800 160 is sleeping
9800 163 is thinking
9800 163 has taken a fork
9800 163 has taken a fork
9800 163 is eating
9800 154 is sleeping
9800 153 has taken a fork
9800 161 is thinking
9800 155 has taken a fork
9800 161 has taken a fork
9800 161 has taken a fork
9800 161 is eating
9800 153 is eating
9800 165 is thinking
9800 155 has taken a fork
9800 155 is eating
9800 165 has taken a fork
9801 28 is thinking
9801 187 is thinking
9801 180 is sleeping
9801 8 is thinking
9801 20 is thinking
9801 9 is sleeping
9801 185 is thinking
9801 30 is thinking
9801 191 is thinking
9801 194 is sleeping
9801 176 is sleeping
9801 199 is thinking
9801 196 is sleeping
9801 166 is sleeping
9801 170 is sleeping
9801 5 is sleeping
9801 10 is thinking
9801 174 is sleeping
9801 32 is thinking
9801 184 is sleeping
9801 175 is thinking
9801 172 is sleeping
9801 188 is sleeping
9801 32 has taken a fork
9801 169 is thinking
9801 35 is sleeping
9801 4 is thinking
9801 38 is thinking
9801 40 is thinking
9801 2 is thinking
9801 14 is thinking
9801 36 is thinking
9801 33 is sleeping
9801 2 has taken a fork
9801 7 is sleeping
9801 25 is sleeping
9801 4 has taken a fork
9801 198 is sleeping
9801 192 is sleeping
9801 173 is thinking
9801 4 has taken a fork
9801 175 has taken a fork
9801 1 is sleeping
9801 195 is thinking
9801 175 has taken a fork
9801 4 is eating
9801 195 has taken a fork
9801 195 has taken a fork
9801 6 is thinking
9801 26 is thinking
9801 30 has taken a fork
9801 195 is eating
9801 190 is sleeping
9801 181 is thinking
9801 30 has taken a fork
9801 167 is thinking
9801 167 has taken a fork
9801 36 has taken a fork
9801 182 is sleeping
9801 30 is eating
9801 179 is thinking
9801 183 is thinking
9801 175 is eating
9801 39 is sleeping
9801 186 is sleeping
9801 23 is sleeping
9801 18 is thinking
9801 11 is sleeping
9801 10 has taken a fork
9801 18 has taken a fork
9801 12 is thinking
9801 12 has taken a fork
9801 12 has taken a fork
9801 12 is eating
9801 179 has taken a fork
9801 179 has taken a fork
9801 179 is eating
9801 193 is thinking
9801 193 has taken a fork
9801 193 has taken a fork
9801 193 is eating
9801 28 has taken a fork
9801 28 has taken a fork
9801 28 is eating
9801 197 is thinking
9801 197 has taken a fork
9801 197 has taken a fork
9801 197 is eating
9801 10 has taken a fork
9801 10 is eating
9801 16 is thinking
9801 16 has taken a fork
9801 16 has taken a fork
9801 16 is eating
9801 191 has taken a fork
9801 191 has taken a fork
9801 191 is eating
9801 36 has taken a fork
9801 36 is eating
9801 31 is sleeping
9801 34 is thinking
9801 34 has taken a fork
9801 34 has taken a fork
9801 34 is eating
9801 37 is sleeping
9801 181 has taken a fork
9801 181 has taken a fork
9801 181 is eating
9801 27 is sleeping
9801 3 is sleeping
9801 21 is sleeping
9801 8 has taken a fork
9801 8 has taken a fork
9801 8 is eating
9801 6 has taken a fork
9801 6 has taken a fork
9801 6 is eating
9801 2 has taken a fork
9801 2 is eating
9801 199 has taken a fork
9801 165 has taken a fork
9801 165 is eating
9801 199 has taken a fork
9801 22 is thinking
9801 199 is eating
9801 22 has taken a fork
9801 22 has taken a fork
9801 22 is eating
9801 171 is thinking
9801 183 has taken a fork
9801 187 has taken a fork
9801 38 has taken a fork
9801 187 has taken a fork
9801 187 is eating
9801 38 has taken a fork
9801 38 is eating
9801 178 is sleeping
9801 18 has taken a fork
9801 18 is eating
9801 19 is sleeping
9801 26 has taken a fork
9801 26 has taken a fork
9801 26 is eating
9801 189 is thinking
9801 13 is sleeping
9801 189 has taken a fork
9801 189 has taken a fork
9801 189 is eating
9801 24 is thinking
9801 24 has taken a fork
9801 24 has taken a fork
9801 24 is eating
9801 185 has taken a fork
9801 185 has taken a fork
9801 185 is eating
9801 29 is sleeping
9801 168 is sleeping
9801 177 is thinking
9801 177 has taken a fork
9801 177 has taken a fork
9801 177 is eating
9801 20 has taken a fork
9801 20 has taken a fork
9801 20 is eating
9801 167 has taken a fork
9801 167 is eating
9801 169 has taken a fork
9801 169 has taken a fork
9801 169 is eating
9801 32 has taken a fork
9801 32 is eating
9801 171 has taken a fork
9801 171 has taken a fork
9801 171 is eating
9801 183 has taken a fork
9801 183 is eating
9801 14 has taken a fork
9801 14 has taken a fork
9801 14 is eating
9801 17 is sleeping
9801 173 has taken a fork
9801 173 has taken a fork
9801 173 is eating
9801 15 is sleeping
9802 50 is thinking
9802 46 is thinking
9802 42 is thinking
9802 97 is sleeping
9802 66 is thinking
9802 71 is sleeping
9802 61 is sleeping
9802 88 is thinking
9802 91 is sleeping
9802 69 is sleeping
9802 77 is sleeping
9802 58 is thinking
9802 73 is sleeping
9802 55 is sleeping
9802 82 is thinking
9802 70 is thinking
9802 63 is sleeping
9802 58 has taken a fork
9802 100 is thinking
9802 96 is thinking
9802 43 is sleeping
9802 64 is thinking
9802 102 is thinking
9802 40 has taken a fork
9802 87 is sleeping
9802 68 is thinking
9802 40 has taken a fork
9802 42 has taken a fork
9802 105 is sleeping
9802 98 is thinking
9802 84 is thinking
9802 57 is sleeping
9802 86 is thinking
9802 93 is sleeping
9802 45 is sleeping
9802 65 is sleeping
9802 42 has taken a fork
9802 86 has taken a fork
9802 49 is sleeping
9802 42 is eating
9802 99 is sleeping
9802 62 is thinking
9802 90 is thinking
9802 92 is thinking
9802 104 is thinking
9802 62 has taken a fork
9802 95 is sleeping
9802 92 has taken a fork
9802 46 has taken a fork
9802 78 is thinking
9802 53 is sleeping
9802 104 has taken a fork
9802 89 is sleeping
9802 64 has taken a fork
9802 60 is thinking
9802 40 is eating
9802 64 has taken a fork
9802 79 is sleeping
9802 80 is thinking
9802 48 is thinking
9802 54 is thinking
9802 67 is sleeping
9802 88 has taken a fork
9802 48 has taken a fork
9802 54 has taken a fork
9802 81 is sleeping
9802 54 has taken a fork
9802 85 is sleeping
9802 83 is sleeping
9802 66 has taken a fork
9802 96 has taken a fork
9802 82 has taken a fork
9802 54 is eating
9802 76 is thinking
9802 76 has taken a fork
9802 76 has taken a fork
9802 76 is eating
9802 59 is sleeping
9802 64 is eating
9802 72 is thinking
9802 72 has taken a fork
9802 72 has taken a fork
9802 72 is eating
9802 48 has taken a fork
9802 48 is eating
9802 51 is sleeping
9802 75 is sleeping
9802 80 has taken a fork
9802 80 has taken a fork
9802 80 is eating
9802 58 has taken a fork
9802 58 is eating
9802 96 has taken a fork
9802 96 is eating
9802 82 has taken a fork
9802 82 is eating
9802 46 has taken a fork
9802 46 is eating
9802 47 is sleeping
9802 98 has taken a fork
9802 98 has taken a fork
9802 98 is eating
9802 70 has taken a fork
9802 70 has taken a fork
9802 70 is eating
9802 78 has taken a fork
9802 78 has taken a fork
9802 78 is eating
9802 68 has taken a fork
9802 68 has taken a fork
9802 68 is eating
9802 94 is thinking
9802 94 has taken a fork
9802 94 has taken a fork
9802 94 is eating
9802 44 is thinking
9802 44 has taken a fork
9802 44 has taken a fork
9802 44 is eating
9802 50 has taken a fork
9802 50 has taken a fork
9802 50 is eating
9802 74 is thinking
9802 74 has taken a fork
9802 74 has taken a fork
9802 74 is eating
9802 86 has taken a fork
9802 86 is eating
9802 66 has taken a fork
9802 66 is eating
9802 92 has taken a fork
9802 92 is eating
9802 88 has taken a fork
9802 88 is eating
9802 102 has taken a fork
9802 62 has taken a fork
9802 62 is eating
9802 102 has taken a fork
9802 102 is eating
9802 84 has taken a fork
9802 84 has taken a fork
9802 84 is eating
9802 103 is sleeping
9802 106 is thinking
9802 90 has taken a fork
9802 90 has taken a fork
9802 90 is eating
9802 41 is sleeping
9802 52 is thinking
9802 52 has taken a fork
9802 52 has taken a fork
9802 52 is eating
9802 101 is sleeping
9802 104 has taken a fork
9802 104 is eating
9802 100 has taken a fork
9802 100 has taken a fork
9802 100 is eating
9802 56 is thinking
9802 56 has taken a fork
9802 56 has taken a fork
9802 56 is eating
9802 60 has taken a fork
9802 60 has taken a fork
9802 60 is eating
9803 146 is thinking
9803 109 is sleeping
9803 150 is thinking
9803 111 is sleeping
9803 132 is thinking
9803 107 is sleeping
9803 108 is thinking
9803 108 has taken a fork
9803 108 has taken a fork
9803 112 is thinking
9803 106 has taken a fork
9803 106 has taken a fork
9803 106 is eating
9803 149 is sleeping
9803 147 is sleeping
9803 108 is eating
9803 146 has taken a fork
9803 110 is thinking
9803 110 has taken a fork
9803 110 has taken a fork
9803 110 is eating
9803 148 is thinking
9803 148 has taken a fork
9803 148 has taken a fork
9803 148 is eating
9804 142 is thinking
9804 124 is thinking
9804 130 is thinking
9804 127 is sleeping
9804 117 is sleeping
9804 132 has taken a fork
9804 145 is sleeping
9804 143 is sleeping
9804 120 is thinking
9804 120 has taken a fork
9804 133 is sleeping
9804 130 has taken a fork
9804 146 has taken a fork
9804 130 has taken a fork
9804 130 is eating
9804 146 is eating
9804 135 is sleeping
9804 114 is thinking
9804 113 is sleeping
9804 114 has taken a fork
9804 114 has taken a fork
9804 114 is eating
9804 140 is thinking
9804 115 is sleeping
9804 140 has taken a fork
9804 129 is sleeping
9804 140 has taken a fork
9804 140 is eating
9804 118 is thinking
9804 119 is sleeping
9804 137 is sleeping
9804 125 is sleeping
9804 126 is thinking
9804 126 has taken a fork
9804 126 has taken a fork
9804 126 is eating
9804 116 is thinking
9804 112 has taken a fork
9804 116 has taken a fork
9804 112 has taken a fork
9804 112 is eating
9804 116 has taken a fork
9804 116 is eating
9804 142 has taken a fork
9804 136 is thinking
9804 122 is thinking
9804 122 has taken a fork
9804 122 has taken a fork
9804 136 has taken a fork
9804 122 is eating
9804 131 is sleeping
9804 136 has taken a fork
9804 136 is eating
9804 141 is sleeping
9804 121 is sleeping
9804 139 is sleeping
9804 124 has taken a fork
9804 124 has taken a fork
9804 124 is eating
9804 128 is thinking
9804 128 has taken a fork
9804 128 has taken a fork
9804 142 has taken a fork
9804 132 has taken a fork
9804 138 is thinking
9804 132 is eating
9804 11